Run directory: D:\finance\model\Timefilter\TimeFilter\outputs\SP500_2026_10_08_02_07
Args in experiment:
Basic Config
  Task Name:          long_term_forecast  Is Training:        1                   
  Model ID:           SP500_eod5_16_1     Model:              TimeFilter          

Data Loader
  Data:               SP500               Root Path:          D:\finance\model\Timefilter\TimeFilter\stockmixer_dataset\SP500
  Data Path:          SP500.npy           Features:           M                   
  Target:             OT                  Freq:               d                   
  Checkpoints:        ./checkpoints/      

Forecasting Task
  Seq Len:            16                  Label Len:          0                   
  Pred Len:           1                   Seasonal Patterns:  Monthly             
  Inverse:            0                   

Model Parameters
  Top k:              5                   Num Kernels:        6                   
  Enc In:             474                 Dec In:             474                 
  C Out:              474                 d model:            256                 
  n heads:            4                   e layers:           1                   
  d layers:           1                   d FF:               1024                
  Moving Avg:         25                  Factor:             1                   
  Distil:             1                   Dropout:            0.1                 
  Embed:              timeF               Activation:         gelu                
  Output Attention:   0                   

Run Parameters
  Num Workers:        0                   Itr:                1                   
  Train Epochs:       100                 Batch Size:         4                   
  Patience:           3                   Learning Rate:      0.0001              
  Des:                test                Loss:               MSE                 
  Lradj:              cosine              Use Amp:            0                   

GPU
  Use GPU:            1                   GPU:                0                   
  Use Multi GPU:      0                   Devices:            0,1,2,3             

De-stationary Projector Params
  P Hidden Dims:      128, 128            P Hidden Layers:    2                   

Financial protocol | seed=2021 patch_len=8 input=eod5 norm=False rank_weight=10.0 alpha=0.2 moe_aux_weight=0.005 selection=validation:stockmixer_val_loss selection_rank_weight=0.1 optimizer=adamw weight_decay=0.0001 grad_clip_norm=1.0 test_each_epoch=True validation_only=False
Finance adaptation | {"enabled": true, "graph": {"strict_masked_softmax": true}, "input_adapter": {"enabled": true, "indicator_mixer": {"enabled": true, "hidden_dim": 16}, "input_layernorm": true, "temporal_mixer": {"enabled": true, "hidden_dim": 16}}, "loss": {"ic_weight": 0.01}, "positional_encoding": {"mode": "patch_only"}}
Use GPU: cuda:0
>>>>>>>start training : long_term_forecast_SP500_eod5_16_1_TimeFilter_SP500_ftM_sl16_ll0_pl1_dm256_nh4_el1_dl1_df1024_fc1_ebtimeF_dtTrue_test_0>>>>>>>>>>>>>>>>>>>>>>>>>>
train 990
val 253
test 352
Financial reports: D:\finance\model\Timefilter\TimeFilter\outputs\SP500_2026_10_08_02_07\results\long_term_forecast_SP500_eod5_16_1_TimeFilter_SP500_ftM_sl16_ll0_pl1_dm256_nh4_el1_dl1_df1024_fc1_ebtimeF_dtTrue_test_0\financial
[Gradient Diagnostic] stage=pretrain epoch=0 batch_size=8 train_indices=0|141|282|423|565|706|847|989 (weighted gradients, before clipping)
  Grad norm | MSE: 6.41165  Rank: 0.0686692  IC: 0.0244723  MoE: 0.512241
  / MSE     | Rank: 0.01071  IC: 0.003817  MoE: 0.07989
  Weights   | MSE: 1  Rank: 10  IC: 0.01  MoE: 0.005
  Saved: D:\finance\model\Timefilter\TimeFilter\outputs\SP500_2026_10_08_02_07\results\long_term_forecast_SP500_eod5_16_1_TimeFilter_SP500_ftM_sl16_ll0_pl1_dm256_nh4_el1_dl1_df1024_fc1_ebtimeF_dtTrue_test_0\financial\gradient_diagnostics.csv
	iters: 100, epoch: 1 | loss: 0.0252955
	speed: 0.0599s/iter; left time: 1479.9157s
	iters: 200, epoch: 1 | loss: 0.0228942
	speed: 0.0381s/iter; left time: 937.6073s
Epoch   1/100 [####################] 248/248 | used 00:09 | left 00:00 | total 00:09 | ETA 15:21
Epoch: 1 cost time: 9.315999746322632
Epoch: 1, Steps: 248 | Train Loss: 0.0409051 Vali Loss: 0.0022317 StockMixer Select Loss: 0.0022529 Test Loss: 0.0011590
Val Financial | IC: 0.002307 RIC: 0.012933 RankIC: 0.010486 Precision@10: 0.516601 SR(top5): 1.866790
Test Financial | IC: 0.003233 RIC: 0.023849 RankIC: 0.002580 Precision@10: 0.524432 SR(top5): 0.909174
Train components | MSE: 0.00609718 Rank: 0.00026255 weighted Rank: 0.00262550 MoE: 4.44042113 weighted MoE: 0.02220211
Train IC loss: 0.99803631 weighted IC loss: 0.00998036
New Best | epoch 1 | validation stockmixer_val_loss=0.00225294 | saved best.pth
Updating learning rate to 9.997532801828658e-05
[Gradient Diagnostic] stage=post_epoch epoch=1 batch_size=8 train_indices=0|141|282|423|565|706|847|989 (weighted gradients, before clipping)
  Grad norm | MSE: 1.32465  Rank: 0.0877354  IC: 0.1219  MoE: 0.00146459
  / MSE     | Rank: 0.06623  IC: 0.09202  MoE: 0.001106
  Weights   | MSE: 1  Rank: 10  IC: 0.01  MoE: 0.005
  Saved: D:\finance\model\Timefilter\TimeFilter\outputs\SP500_2026_10_08_02_07\results\long_term_forecast_SP500_eod5_16_1_TimeFilter_SP500_ftM_sl16_ll0_pl1_dm256_nh4_el1_dl1_df1024_fc1_ebtimeF_dtTrue_test_0\financial\gradient_diagnostics.csv
	iters: 100, epoch: 2 | loss: 0.0220553
	speed: 0.0909s/iter; left time: 2223.6047s
	iters: 200, epoch: 2 | loss: 0.0220152
	speed: 0.0377s/iter; left time: 918.5572s
Epoch   2/100 [####################] 248/248 | used 00:09 | left 00:00 | total 00:22 | ETA 18:07
Epoch: 2 cost time: 9.391736030578613
Epoch: 2, Steps: 248 | Train Loss: 0.0226355 Vali Loss: 0.0028422 StockMixer Select Loss: 0.0028651 Test Loss: 0.0019605
Val Financial | IC: -0.011934 RIC: -0.067445 RankIC: -0.004842 Precision@10: 0.507905 SR(top5): 1.336288
Test Financial | IC: 0.001928 RIC: 0.011885 RankIC: 0.003090 Precision@10: 0.511080 SR(top5): 0.390097
Train components | MSE: 0.00139315 Rank: 0.00012403 weighted Rank: 0.00124029 MoE: 2.00300987 weighted MoE: 0.01001505
Train IC loss: 0.99869988 weighted IC loss: 0.00998700
Updating learning rate to 9.990133642141359e-05
	iters: 100, epoch: 3 | loss: 0.0210720
	speed: 0.0901s/iter; left time: 2180.6449s
	iters: 200, epoch: 3 | loss: 0.0223146
	speed: 0.0382s/iter; left time: 919.9404s
Epoch   3/100 [####################] 248/248 | used 00:09 | left 00:00 | total 00:35 | ETA 18:52
Epoch: 3 cost time: 9.473841905593872
Epoch: 3, Steps: 248 | Train Loss: 0.0219382 Vali Loss: 0.0019539 StockMixer Select Loss: 0.0019691 Test Loss: 0.0009467
Val Financial | IC: 0.009387 RIC: 0.055309 RankIC: 0.003187 Precision@10: 0.520949 SR(top5): 1.443047
Test Financial | IC: 0.005966 RIC: 0.039523 RankIC: 0.004768 Precision@10: 0.522159 SR(top5): 1.163020
Train components | MSE: 0.00100776 Rank: 0.00009857 weighted Rank: 0.00098570 MoE: 2.00129741 weighted MoE: 0.01000649
Train IC loss: 0.99382522 weighted IC loss: 0.00993825
New Best | epoch 3 | validation stockmixer_val_loss=0.00196914 | saved best.pth
Updating learning rate to 9.977809823015401e-05
	iters: 100, epoch: 4 | loss: 0.0200012
	speed: 0.0893s/iter; left time: 2140.5244s
	iters: 200, epoch: 4 | loss: 0.0217843
	speed: 0.0383s/iter; left time: 914.6660s
Epoch   4/100 [####################] 248/248 | used 00:09 | left 00:00 | total 00:47 | ETA 19:07
Epoch: 4 cost time: 9.53358244895935
Epoch: 4, Steps: 248 | Train Loss: 0.0217354 Vali Loss: 0.0017534 StockMixer Select Loss: 0.0017749 Test Loss: 0.0006098
Val Financial | IC: -0.002101 RIC: -0.010371 RankIC: -0.006648 Precision@10: 0.509486 SR(top5): 1.151540
Test Financial | IC: -0.003246 RIC: -0.018205 RankIC: -0.003268 Precision@10: 0.516193 SR(top5): 0.509708
Train components | MSE: 0.00093236 Rank: 0.00008972 weighted Rank: 0.00089720 MoE: 2.00094722 weighted MoE: 0.01000474
Train IC loss: 0.99010644 weighted IC loss: 0.00990106
New Best | epoch 4 | validation stockmixer_val_loss=0.00177486 | saved best.pth
Updating learning rate to 9.96057350657239e-05
	iters: 100, epoch: 5 | loss: 0.0218056
	speed: 0.0919s/iter; left time: 2177.7981s
	iters: 200, epoch: 5 | loss: 0.0230822
	speed: 0.0384s/iter; left time: 905.4568s
Epoch   5/100 [####################] 248/248 | used 00:09 | left 00:00 | total 01:00 | ETA 19:15
Epoch: 5 cost time: 9.503977537155151
Epoch: 5, Steps: 248 | Train Loss: 0.0214285 Vali Loss: 0.0016100 StockMixer Select Loss: 0.0016230 Test Loss: 0.0007041
Val Financial | IC: 0.006069 RIC: 0.040280 RankIC: 0.007052 Precision@10: 0.506324 SR(top5): 1.328304
Test Financial | IC: -0.010077 RIC: -0.070788 RankIC: -0.015667 Precision@10: 0.507955 SR(top5): 0.173986
Train components | MSE: 0.00070032 Rank: 0.00008581 weighted Rank: 0.00085813 MoE: 2.00085356 weighted MoE: 0.01000427
Train IC loss: 0.98657676 weighted IC loss: 0.00986577
New Best | epoch 5 | validation stockmixer_val_loss=0.00162302 | saved best.pth
Updating learning rate to 9.938441702975689e-05
[Gradient Diagnostic] stage=post_epoch epoch=5 batch_size=8 train_indices=0|141|282|423|565|706|847|989 (weighted gradients, before clipping)
  Grad norm | MSE: 0.776672  Rank: 0.0371854  IC: 0.235994  MoE: 1.66494e-05
  / MSE     | Rank: 0.04788  IC: 0.3039  MoE: 2.144e-05
  Weights   | MSE: 1  Rank: 10  IC: 0.01  MoE: 0.005
  Saved: D:\finance\model\Timefilter\TimeFilter\outputs\SP500_2026_10_08_02_07\results\long_term_forecast_SP500_eod5_16_1_TimeFilter_SP500_ftM_sl16_ll0_pl1_dm256_nh4_el1_dl1_df1024_fc1_ebtimeF_dtTrue_test_0\financial\gradient_diagnostics.csv
	iters: 100, epoch: 6 | loss: 0.0234592
	speed: 0.0924s/iter; left time: 2167.3463s
	iters: 200, epoch: 6 | loss: 0.0208004
	speed: 0.0379s/iter; left time: 885.2339s
Epoch   6/100 [####################] 248/248 | used 00:09 | left 00:00 | total 01:13 | ETA 19:16
Epoch: 6 cost time: 9.426624059677124
Epoch: 6, Steps: 248 | Train Loss: 0.0214500 Vali Loss: 0.0016479 StockMixer Select Loss: 0.0016656 Test Loss: 0.0006484
Val Financial | IC: 0.016000 RIC: 0.078431 RankIC: 0.018758 Precision@10: 0.503953 SR(top5): 1.848498
Test Financial | IC: 0.002411 RIC: 0.013503 RankIC: 0.001601 Precision@10: 0.513636 SR(top5): 0.452576
Train components | MSE: 0.00083988 Rank: 0.00007461 weighted Rank: 0.00074608 MoE: 2.00079452 weighted MoE: 0.01000397
Train IC loss: 0.98600918 weighted IC loss: 0.00986009
Updating learning rate to 9.911436253643445e-05
	iters: 100, epoch: 7 | loss: 0.0214464
	speed: 0.0904s/iter; left time: 2098.3970s
	iters: 200, epoch: 7 | loss: 0.0200763
	speed: 0.0398s/iter; left time: 919.8711s
Epoch   7/100 [####################] 248/248 | used 00:09 | left 00:00 | total 01:26 | ETA 19:14
Epoch: 7 cost time: 9.754516124725342
Epoch: 7, Steps: 248 | Train Loss: 0.0213135 Vali Loss: 0.0023483 StockMixer Select Loss: 0.0023661 Test Loss: 0.0013907
Val Financial | IC: 0.005175 RIC: 0.025643 RankIC: -0.002186 Precision@10: 0.512253 SR(top5): 1.819372
Test Financial | IC: 0.004881 RIC: 0.025759 RankIC: 0.002718 Precision@10: 0.514205 SR(top5): 0.780421
Train components | MSE: 0.00072672 Rank: 0.00007265 weighted Rank: 0.00072653 MoE: 2.00076151 weighted MoE: 0.01000381
Train IC loss: 0.98564024 weighted IC loss: 0.00985640
Updating learning rate to 9.879583809693738e-05
	iters: 100, epoch: 8 | loss: 0.0201539
	speed: 0.0902s/iter; left time: 2070.7141s
	iters: 200, epoch: 8 | loss: 0.0196159
	speed: 0.0383s/iter; left time: 874.7334s
Epoch   8/100 [####################] 248/248 | used 00:09 | left 00:00 | total 01:39 | ETA 19:06
Epoch: 8 cost time: 9.46259069442749
Epoch: 8, Steps: 248 | Train Loss: 0.0212990 Vali Loss: 0.0015475 StockMixer Select Loss: 0.0015635 Test Loss: 0.0006676
Val Financial | IC: 0.016093 RIC: 0.087209 RankIC: 0.003376 Precision@10: 0.519763 SR(top5): 2.042516
Test Financial | IC: 0.012506 RIC: 0.082600 RankIC: 0.007181 Precision@10: 0.526136 SR(top5): 1.108639
Train components | MSE: 0.00069853 Rank: 0.00007168 weighted Rank: 0.00071685 MoE: 2.00073481 weighted MoE: 0.01000367
Train IC loss: 0.98799284 weighted IC loss: 0.00987993
New Best | epoch 8 | validation stockmixer_val_loss=0.00156355 | saved best.pth
Updating learning rate to 9.842915805643155e-05
	iters: 100, epoch: 9 | loss: 0.0216413
	speed: 0.0905s/iter; left time: 2055.1979s
	iters: 200, epoch: 9 | loss: 0.0209983
	speed: 0.0377s/iter; left time: 852.7327s
Epoch   9/100 [####################] 248/248 | used 00:09 | left 00:00 | total 01:52 | ETA 18:57
Epoch: 9 cost time: 9.370450735092163
Epoch: 9, Steps: 248 | Train Loss: 0.0211961 Vali Loss: 0.0016375 StockMixer Select Loss: 0.0016561 Test Loss: 0.0006602
Val Financial | IC: -0.008747 RIC: -0.038168 RankIC: -0.002162 Precision@10: 0.510277 SR(top5): 0.941721
Test Financial | IC: -0.003953 RIC: -0.019110 RankIC: -0.004176 Precision@10: 0.500852 SR(top5): 0.383237
Train components | MSE: 0.00063023 Rank: 0.00006977 weighted Rank: 0.00069766 MoE: 2.00072983 weighted MoE: 0.01000365
Train IC loss: 0.98645205 weighted IC loss: 0.00986452
Updating learning rate to 9.801468428384716e-05
	iters: 100, epoch: 10 | loss: 0.0213630
	speed: 0.0879s/iter; left time: 1974.4013s
	iters: 200, epoch: 10 | loss: 0.0202009
	speed: 0.0377s/iter; left time: 844.1856s
Epoch  10/100 [####################] 248/248 | used 00:09 | left 00:00 | total 02:05 | ETA 18:45
Epoch: 10 cost time: 9.403235673904419
Epoch: 10, Steps: 248 | Train Loss: 0.0212051 Vali Loss: 0.0039726 StockMixer Select Loss: 0.0039869 Test Loss: 0.0029727
Val Financial | IC: 0.000029 RIC: 0.000158 RankIC: -0.009988 Precision@10: 0.508696 SR(top5): 1.607626
Test Financial | IC: 0.011611 RIC: 0.065580 RankIC: 0.009637 Precision@10: 0.509943 SR(top5): 0.708348
Train components | MSE: 0.00070243 Rank: 0.00006356 weighted Rank: 0.00063563 MoE: 2.00071489 weighted MoE: 0.01000357
Train IC loss: 0.98634824 weighted IC loss: 0.00986348
Updating learning rate to 9.755282581475769e-05
	iters: 100, epoch: 11 | loss: 0.0207343
	speed: 0.0905s/iter; left time: 2010.2037s
	iters: 200, epoch: 11 | loss: 0.0229286
	speed: 0.0388s/iter; left time: 857.4121s
Epoch  11/100 [####################] 248/248 | used 00:09 | left 00:00 | total 02:18 | ETA 18:37
Epoch: 11 cost time: 9.598579406738281
Epoch: 11, Steps: 248 | Train Loss: 0.0212686 Vali Loss: 0.0013817 StockMixer Select Loss: 0.0013932 Test Loss: 0.0005101
Val Financial | IC: 0.003284 RIC: 0.022579 RankIC: 0.000800 Precision@10: 0.519368 SR(top5): 1.264714
Test Financial | IC: 0.004736 RIC: 0.034640 RankIC: 0.004817 Precision@10: 0.517330 SR(top5): 1.208161
Train components | MSE: 0.00080066 Rank: 0.00006215 weighted Rank: 0.00062151 MoE: 2.00071149 weighted MoE: 0.01000356
Train IC loss: 0.98428652 weighted IC loss: 0.00984287
New Best | epoch 11 | validation stockmixer_val_loss=0.00139316 | saved best.pth
Updating learning rate to 9.704403844771128e-05
	iters: 100, epoch: 12 | loss: 0.0211622
	speed: 0.0907s/iter; left time: 1993.0729s
	iters: 200, epoch: 12 | loss: 0.0217293
	speed: 0.0771s/iter; left time: 1686.6910s
Epoch  12/100 [####################] 248/248 | used 00:15 | left 00:00 | total 02:36 | ETA 19:08
Epoch: 12 cost time: 15.110904455184937
Epoch: 12, Steps: 248 | Train Loss: 0.0210472 Vali Loss: 0.0019088 StockMixer Select Loss: 0.0019218 Test Loss: 0.0009983
Val Financial | IC: -0.008163 RIC: -0.042666 RankIC: -0.006781 Precision@10: 0.510672 SR(top5): 1.049762
Test Financial | IC: 0.004434 RIC: 0.024655 RankIC: 0.003423 Precision@10: 0.514773 SR(top5): 0.790261
Train components | MSE: 0.00062370 Rank: 0.00006176 weighted Rank: 0.00061765 MoE: 2.00070645 weighted MoE: 0.01000353
Train IC loss: 0.98023241 weighted IC loss: 0.00980232
Updating learning rate to 9.648882429441257e-05
	iters: 100, epoch: 13 | loss: 0.0206162
	speed: 0.1662s/iter; left time: 3610.0428s
	iters: 200, epoch: 13 | loss: 0.0210059
	speed: 0.0689s/iter; left time: 1489.4288s
Epoch  13/100 [####################] 248/248 | used 00:18 | left 00:00 | total 02:59 | ETA 20:03
Epoch: 13 cost time: 18.353463888168335
Epoch: 13, Steps: 248 | Train Loss: 0.0210748 Vali Loss: 0.0014597 StockMixer Select Loss: 0.0014730 Test Loss: 0.0004857
Val Financial | IC: 0.000225 RIC: 0.001215 RankIC: 0.001328 Precision@10: 0.516601 SR(top5): 1.437802
Test Financial | IC: -0.007238 RIC: -0.049419 RankIC: -0.011401 Precision@10: 0.502841 SR(top5): -0.064910
Train components | MSE: 0.00060460 Rank: 0.00006202 weighted Rank: 0.00062022 MoE: 2.00070508 weighted MoE: 0.01000353
Train IC loss: 0.98464640 weighted IC loss: 0.00984646
Updating learning rate to 9.588773128419906e-05
	iters: 100, epoch: 14 | loss: 0.0222124
	speed: 0.1633s/iter; left time: 3506.7598s
	iters: 200, epoch: 14 | loss: 0.0212791
	speed: 0.0773s/iter; left time: 1653.0615s
Epoch  14/100 [####################] 248/248 | used 00:18 | left 00:00 | total 03:24 | ETA 20:54
Epoch: 14 cost time: 18.45486330986023
Epoch: 14, Steps: 248 | Train Loss: 0.0210475 Vali Loss: 0.0020955 StockMixer Select Loss: 0.0021124 Test Loss: 0.0010372
Val Financial | IC: -0.005957 RIC: -0.028602 RankIC: -0.010613 Precision@10: 0.504348 SR(top5): 0.927234
Test Financial | IC: 0.001627 RIC: 0.008132 RankIC: 0.001328 Precision@10: 0.498295 SR(top5): 0.517846
Train components | MSE: 0.00063045 Rank: 0.00005982 weighted Rank: 0.00059820 MoE: 2.00070497 weighted MoE: 0.01000352
Train IC loss: 0.98153067 weighted IC loss: 0.00981531
Updating learning rate to 9.524135262330098e-05
	iters: 100, epoch: 15 | loss: 0.0207524
	speed: 0.1722s/iter; left time: 3654.7202s
	iters: 200, epoch: 15 | loss: 0.0205354
	speed: 0.0704s/iter; left time: 1488.1422s
Epoch  15/100 [####################] 248/248 | used 00:18 | left 00:00 | total 03:48 | ETA 21:32
Epoch: 15 cost time: 18.1922869682312
Epoch: 15, Steps: 248 | Train Loss: 0.0210934 Vali Loss: 0.0016167 StockMixer Select Loss: 0.0016284 Test Loss: 0.0007549
Val Financial | IC: 0.011078 RIC: 0.067077 RankIC: -0.004168 Precision@10: 0.522134 SR(top5): 2.072457
Test Financial | IC: 0.006259 RIC: 0.042102 RankIC: 0.004883 Precision@10: 0.504545 SR(top5): 1.263277
Train components | MSE: 0.00078784 Rank: 0.00005555 weighted Rank: 0.00055547 MoE: 2.00070430 weighted MoE: 0.01000352
Train IC loss: 0.97465762 weighted IC loss: 0.00974658
Updating learning rate to 9.45503262094184e-05
	iters: 100, epoch: 16 | loss: 0.0207192
	speed: 0.1656s/iter; left time: 3475.0067s
	iters: 200, epoch: 16 | loss: 0.0224307
	speed: 0.0758s/iter; left time: 1583.7879s
Epoch  16/100 [####################] 248/248 | used 00:20 | left 00:00 | total 04:14 | ETA 22:16
Epoch: 16 cost time: 20.527885675430298
Epoch: 16, Steps: 248 | Train Loss: 0.0210339 Vali Loss: 0.0013895 StockMixer Select Loss: 0.0014010 Test Loss: 0.0004447
Val Financial | IC: 0.010360 RIC: 0.059030 RankIC: -0.006534 Precision@10: 0.522134 SR(top5): 1.835265
Test Financial | IC: 0.010090 RIC: 0.065138 RankIC: 0.012804 Precision@10: 0.502273 SR(top5): -0.045297
Train components | MSE: 0.00064807 Rank: 0.00005477 weighted Rank: 0.00054774 MoE: 2.00070393 weighted MoE: 0.01000352
Train IC loss: 0.98345455 weighted IC loss: 0.00983455
Updating learning rate to 9.381533400219318e-05
	iters: 100, epoch: 17 | loss: 0.0198548
	speed: 0.2589s/iter; left time: 5368.4394s
	iters: 200, epoch: 17 | loss: 0.0201237
	speed: 0.1104s/iter; left time: 2277.6141s
Epoch  17/100 [####################] 248/248 | used 00:29 | left 00:00 | total 04:52 | ETA 23:46
Epoch: 17 cost time: 29.468743324279785
Epoch: 17, Steps: 248 | Train Loss: 0.0210585 Vali Loss: 0.0015131 StockMixer Select Loss: 0.0015257 Test Loss: 0.0005589
Val Financial | IC: 0.023165 RIC: 0.129182 RankIC: 0.015747 Precision@10: 0.527668 SR(top5): 2.152637
Test Financial | IC: 0.006121 RIC: 0.041451 RankIC: 0.006798 Precision@10: 0.518466 SR(top5): 1.306831
Train components | MSE: 0.00075723 Rank: 0.00005217 weighted Rank: 0.00052167 MoE: 2.00070348 weighted MoE: 0.01000352
Train IC loss: 0.97761222 weighted IC loss: 0.00977612
Updating learning rate to 9.30371013501972e-05
	iters: 100, epoch: 18 | loss: 0.0213040
	speed: 0.2694s/iter; left time: 5518.2378s
	iters: 200, epoch: 18 | loss: 0.0208421
	speed: 0.1191s/iter; left time: 2428.7780s
Epoch  18/100 [####################] 248/248 | used 00:29 | left 00:00 | total 05:29 | ETA 25:02
Epoch: 18 cost time: 29.54282236099243
Epoch: 18, Steps: 248 | Train Loss: 0.0208853 Vali Loss: 0.0015401 StockMixer Select Loss: 0.0015522 Test Loss: 0.0006609
Val Financial | IC: 0.026158 RIC: 0.130127 RankIC: 0.015266 Precision@10: 0.516996 SR(top5): 2.648850
Test Financial | IC: 0.012781 RIC: 0.068234 RankIC: 0.012695 Precision@10: 0.522727 SR(top5): 1.520371
Train components | MSE: 0.00060602 Rank: 0.00005468 weighted Rank: 0.00054675 MoE: 2.00070372 weighted MoE: 0.01000352
Train IC loss: 0.97290362 weighted IC loss: 0.00972904
Updating learning rate to 9.221639627510076e-05
	iters: 100, epoch: 19 | loss: 0.0211658
	speed: 0.2482s/iter; left time: 5022.7754s
	iters: 200, epoch: 19 | loss: 0.0192745
	speed: 0.1261s/iter; left time: 2539.7354s
Epoch  19/100 [####################] 248/248 | used 00:28 | left 00:00 | total 06:07 | ETA 26:07
Epoch: 19 cost time: 28.988483428955078
Epoch: 19, Steps: 248 | Train Loss: 0.0208124 Vali Loss: 0.0027369 StockMixer Select Loss: 0.0027494 Test Loss: 0.0017392
Val Financial | IC: 0.001264 RIC: 0.006128 RankIC: -0.003541 Precision@10: 0.510672 SR(top5): 1.429872
Test Financial | IC: 0.007004 RIC: 0.038474 RankIC: 0.007237 Precision@10: 0.505966 SR(top5): 0.674433
Train components | MSE: 0.00054025 Rank: 0.00005257 weighted Rank: 0.00052568 MoE: 2.00070341 weighted MoE: 0.01000352
Train IC loss: 0.97429096 weighted IC loss: 0.00974291
Updating learning rate to 9.135402871372808e-05
	iters: 100, epoch: 20 | loss: 0.0214258
	speed: 0.2580s/iter; left time: 5156.9776s
	iters: 200, epoch: 20 | loss: 0.0232747
	speed: 0.1126s/iter; left time: 2238.7233s
Epoch  20/100 [####################] 248/248 | used 00:29 | left 00:00 | total 06:45 | ETA 27:01
Epoch: 20 cost time: 29.818547248840332
Epoch: 20, Steps: 248 | Train Loss: 0.0209429 Vali Loss: 0.0013791 StockMixer Select Loss: 0.0013882 Test Loss: 0.0005637
Val Financial | IC: 0.018059 RIC: 0.108479 RankIC: 0.007344 Precision@10: 0.520553 SR(top5): 1.571173
Test Financial | IC: 0.012944 RIC: 0.087750 RankIC: 0.013328 Precision@10: 0.517898 SR(top5): 0.810454
Train components | MSE: 0.00064610 Rank: 0.00005335 weighted Rank: 0.00053352 MoE: 2.00070335 weighted MoE: 0.01000352
Train IC loss: 0.97597164 weighted IC loss: 0.00975972
New Best | epoch 20 | validation stockmixer_val_loss=0.00138823 | saved best.pth
Updating learning rate to 9.045084971874738e-05
	iters: 100, epoch: 21 | loss: 0.0206835
	speed: 0.2665s/iter; left time: 5260.7017s
	iters: 200, epoch: 21 | loss: 0.0216580
	speed: 0.1137s/iter; left time: 2232.4161s
Epoch  21/100 [####################] 248/248 | used 00:29 | left 00:00 | total 07:23 | ETA 27:47
Epoch: 21 cost time: 29.570855140686035
Epoch: 21, Steps: 248 | Train Loss: 0.0207646 Vali Loss: 0.0013331 StockMixer Select Loss: 0.0013430 Test Loss: 0.0004491
Val Financial | IC: 0.002634 RIC: 0.016824 RankIC: 0.002205 Precision@10: 0.512648 SR(top5): 1.202894
Test Financial | IC: 0.014805 RIC: 0.102925 RankIC: 0.016109 Precision@10: 0.511648 SR(top5): 1.354639
Train components | MSE: 0.00051210 Rank: 0.00005082 weighted Rank: 0.00050823 MoE: 2.00070337 weighted MoE: 0.01000352
Train IC loss: 0.97407951 weighted IC loss: 0.00974080
New Best | epoch 21 | validation stockmixer_val_loss=0.00134304 | saved best.pth
Updating learning rate to 8.950775061878453e-05
	iters: 100, epoch: 22 | loss: 0.0204807
	speed: 0.2679s/iter; left time: 5221.4099s
	iters: 200, epoch: 22 | loss: 0.0215751
	speed: 0.1135s/iter; left time: 2200.1422s
Epoch  22/100 [####################] 248/248 | used 00:28 | left 00:00 | total 08:00 | ETA 28:24
Epoch: 22 cost time: 28.76694917678833
Epoch: 22, Steps: 248 | Train Loss: 0.0208595 Vali Loss: 0.0013583 StockMixer Select Loss: 0.0013713 Test Loss: 0.0004443
Val Financial | IC: 0.002412 RIC: 0.013091 RankIC: 0.008122 Precision@10: 0.515415 SR(top5): 0.951373
Test Financial | IC: 0.005972 RIC: 0.037741 RankIC: 0.006821 Precision@10: 0.526705 SR(top5): 1.258709
Train components | MSE: 0.00063533 Rank: 0.00004895 weighted Rank: 0.00048954 MoE: 2.00070335 weighted MoE: 0.01000352
Train IC loss: 0.97310713 weighted IC loss: 0.00973107
Updating learning rate to 8.852566213878947e-05
	iters: 100, epoch: 23 | loss: 0.0216662
	speed: 0.2488s/iter; left time: 4787.5472s
	iters: 200, epoch: 23 | loss: 0.0205788
	speed: 0.1304s/iter; left time: 2495.7059s
Epoch  23/100 [####################] 248/248 | used 00:28 | left 00:00 | total 08:38 | ETA 28:54
Epoch: 23 cost time: 28.531357288360596
Epoch: 23, Steps: 248 | Train Loss: 0.0208483 Vali Loss: 0.0015315 StockMixer Select Loss: 0.0015483 Test Loss: 0.0004535
Val Financial | IC: 0.013598 RIC: 0.070486 RankIC: -0.011675 Precision@10: 0.513834 SR(top5): 1.743307
Test Financial | IC: 0.011166 RIC: 0.075875 RankIC: 0.012430 Precision@10: 0.512500 SR(top5): 0.719170
Train components | MSE: 0.00062984 Rank: 0.00004923 weighted Rank: 0.00049226 MoE: 2.00070335 weighted MoE: 0.01000352
Train IC loss: 0.97226367 weighted IC loss: 0.00972264
Updating learning rate to 8.750555348152298e-05
	iters: 100, epoch: 24 | loss: 0.0198901
	speed: 0.2604s/iter; left time: 4946.0895s
	iters: 200, epoch: 24 | loss: 0.0201615
	speed: 0.1078s/iter; left time: 2036.7021s
Epoch  24/100 [####################] 248/248 | used 00:29 | left 00:00 | total 09:16 | ETA 29:21
Epoch: 24 cost time: 29.355634927749634
Epoch: 24, Steps: 248 | Train Loss: 0.0206112 Vali Loss: 0.0014068 StockMixer Select Loss: 0.0014163 Test Loss: 0.0004932
Val Financial | IC: -0.003173 RIC: -0.020791 RankIC: -0.001457 Precision@10: 0.510277 SR(top5): 1.194839
Test Financial | IC: 0.006616 RIC: 0.047063 RankIC: 0.008109 Precision@10: 0.509659 SR(top5): -0.238741
Train components | MSE: 0.00045096 Rank: 0.00004665 weighted Rank: 0.00046654 MoE: 2.00070334 weighted MoE: 0.01000352
Train IC loss: 0.96901762 weighted IC loss: 0.00969018
Updating learning rate to 8.644843137107059e-05
	iters: 100, epoch: 25 | loss: 0.0198515
	speed: 0.2567s/iter; left time: 4813.4357s
	iters: 200, epoch: 25 | loss: 0.0205681
	speed: 0.1138s/iter; left time: 2121.9588s
Epoch  25/100 [####################] 248/248 | used 00:28 | left 00:00 | total 09:52 | ETA 29:38
Epoch: 25 cost time: 28.609237670898438
Epoch: 25, Steps: 248 | Train Loss: 0.0207380 Vali Loss: 0.0020750 StockMixer Select Loss: 0.0020864 Test Loss: 0.0013149
Val Financial | IC: 0.024502 RIC: 0.147686 RankIC: 0.015631 Precision@10: 0.524111 SR(top5): 1.740051
Test Financial | IC: 0.009157 RIC: 0.074767 RankIC: 0.011759 Precision@10: 0.517614 SR(top5): 0.986403
Train components | MSE: 0.00060118 Rank: 0.00004574 weighted Rank: 0.00045743 MoE: 2.00070334 weighted MoE: 0.01000352
Train IC loss: 0.96758595 weighted IC loss: 0.00967586
Updating learning rate to 8.535533905932738e-05
	iters: 100, epoch: 26 | loss: 0.0209926
	speed: 0.2497s/iter; left time: 4619.8938s
	iters: 200, epoch: 26 | loss: 0.0213957
	speed: 0.1137s/iter; left time: 2092.8184s
Epoch  26/100 [####################] 248/248 | used 00:27 | left 00:00 | total 10:28 | ETA 29:49
Epoch: 26 cost time: 27.781545639038086
Epoch: 26, Steps: 248 | Train Loss: 0.0207720 Vali Loss: 0.0014177 StockMixer Select Loss: 0.0014271 Test Loss: 0.0005059
Val Financial | IC: 0.004963 RIC: 0.033868 RankIC: -0.000633 Precision@10: 0.520553 SR(top5): 1.329465
Test Financial | IC: 0.014504 RIC: 0.093832 RankIC: 0.014222 Precision@10: 0.510511 SR(top5): 0.962130
Train components | MSE: 0.00057603 Rank: 0.00004701 weighted Rank: 0.00047011 MoE: 2.00070336 weighted MoE: 0.01000352
Train IC loss: 0.97223334 weighted IC loss: 0.00972233
Updating learning rate to 8.422735529643444e-05
	iters: 100, epoch: 27 | loss: 0.0202618
	speed: 0.2434s/iter; left time: 4442.5864s
	iters: 200, epoch: 27 | loss: 0.0209721
	speed: 0.1255s/iter; left time: 2278.7356s
Epoch  27/100 [####################] 248/248 | used 00:27 | left 00:00 | total 11:05 | ETA 29:58
Epoch: 27 cost time: 27.99228835105896
Epoch: 27, Steps: 248 | Train Loss: 0.0206159 Vali Loss: 0.0013336 StockMixer Select Loss: 0.0013430 Test Loss: 0.0004780
Val Financial | IC: 0.011651 RIC: 0.071689 RankIC: 0.012289 Precision@10: 0.527273 SR(top5): 1.974113
Test Financial | IC: 0.010095 RIC: 0.064253 RankIC: 0.011784 Precision@10: 0.516193 SR(top5): 0.981973
Train components | MSE: 0.00050533 Rank: 0.00004530 weighted Rank: 0.00045296 MoE: 2.00070335 weighted MoE: 0.01000352
Train IC loss: 0.96540836 weighted IC loss: 0.00965408
New Best | epoch 27 | validation stockmixer_val_loss=0.00134303 | saved best.pth
Updating learning rate to 8.306559326618259e-05
	iters: 100, epoch: 28 | loss: 0.0198881
	speed: 0.2494s/iter; left time: 4490.1096s
	iters: 200, epoch: 28 | loss: 0.0211805
	speed: 0.1089s/iter; left time: 1949.6071s
Epoch  28/100 [####################] 248/248 | used 00:29 | left 00:00 | total 11:42 | ETA 30:05
Epoch: 28 cost time: 29.093737840652466
Epoch: 28, Steps: 248 | Train Loss: 0.0205530 Vali Loss: 0.0014697 StockMixer Select Loss: 0.0014826 Test Loss: 0.0005025
Val Financial | IC: 0.019628 RIC: 0.107884 RankIC: -0.000686 Precision@10: 0.520158 SR(top5): 2.275902
Test Financial | IC: 0.006194 RIC: 0.047988 RankIC: 0.007151 Precision@10: 0.507102 SR(top5): 0.884370
Train components | MSE: 0.00042342 Rank: 0.00004413 weighted Rank: 0.00044130 MoE: 2.00070335 weighted MoE: 0.01000352
Train IC loss: 0.96847408 weighted IC loss: 0.00968474
Updating learning rate to 8.18711994874345e-05
	iters: 100, epoch: 29 | loss: 0.0197015
	speed: 0.2454s/iter; left time: 4357.8322s
	iters: 200, epoch: 29 | loss: 0.0208076
	speed: 0.1125s/iter; left time: 1985.6253s
Epoch  29/100 [####################] 248/248 | used 00:27 | left 00:00 | total 12:17 | ETA 30:04
Epoch: 29 cost time: 27.579473972320557
Epoch: 29, Steps: 248 | Train Loss: 0.0206193 Vali Loss: 0.0022430 StockMixer Select Loss: 0.0022567 Test Loss: 0.0013336
Val Financial | IC: -0.003999 RIC: -0.020568 RankIC: -0.002206 Precision@10: 0.509091 SR(top5): 1.066581
Test Financial | IC: 0.008185 RIC: 0.042525 RankIC: 0.009815 Precision@10: 0.504545 SR(top5): 0.692886
Train components | MSE: 0.00049069 Rank: 0.00004551 weighted Rank: 0.00045514 MoE: 2.00070339 weighted MoE: 0.01000352
Train IC loss: 0.96699106 weighted IC loss: 0.00966991
Updating learning rate to 8.064535268264883e-05
	iters: 100, epoch: 30 | loss: 0.0200543
	speed: 0.2419s/iter; left time: 4234.7464s
	iters: 200, epoch: 30 | loss: 0.0204450
	speed: 0.1217s/iter; left time: 2118.6104s
Epoch  30/100 [####################] 248/248 | used 00:28 | left 00:00 | total 12:53 | ETA 30:05
Epoch: 30 cost time: 28.322117805480957
Epoch: 30, Steps: 248 | Train Loss: 0.0205466 Vali Loss: 0.0013858 StockMixer Select Loss: 0.0013954 Test Loss: 0.0004740
Val Financial | IC: -0.002244 RIC: -0.014068 RankIC: -0.009364 Precision@10: 0.515810 SR(top5): 1.274213
Test Financial | IC: 0.007660 RIC: 0.046917 RankIC: 0.006110 Precision@10: 0.501989 SR(top5): 0.291778
Train components | MSE: 0.00046314 Rank: 0.00004544 weighted Rank: 0.00045438 MoE: 2.00070335 weighted MoE: 0.01000352
Train IC loss: 0.96255185 weighted IC loss: 0.00962552
Updating learning rate to 7.938926261462366e-05
	iters: 100, epoch: 31 | loss: 0.0197180
	speed: 0.2476s/iter; left time: 4274.0252s
	iters: 200, epoch: 31 | loss: 0.0209378
	speed: 0.1155s/iter; left time: 1982.9531s
Epoch  31/100 [####################] 248/248 | used 00:28 | left 00:00 | total 13:30 | ETA 30:03
Epoch: 31 cost time: 28.43254828453064
Epoch: 31, Steps: 248 | Train Loss: 0.0205504 Vali Loss: 0.0015952 StockMixer Select Loss: 0.0016068 Test Loss: 0.0007846
Val Financial | IC: 0.015635 RIC: 0.087487 RankIC: 0.004669 Precision@10: 0.521344 SR(top5): 1.912676
Test Financial | IC: 0.009074 RIC: 0.060958 RankIC: 0.008735 Precision@10: 0.512500 SR(top5): 1.345336
Train components | MSE: 0.00047523 Rank: 0.00004116 weighted Rank: 0.00041160 MoE: 2.00070337 weighted MoE: 0.01000352
Train IC loss: 0.96600720 weighted IC loss: 0.00966007
Updating learning rate to 7.810416889260653e-05
	iters: 100, epoch: 32 | loss: 0.0206633
	speed: 0.2504s/iter; left time: 4260.5913s
	iters: 200, epoch: 32 | loss: 0.0211726
	speed: 0.1088s/iter; left time: 1840.8847s
Epoch  32/100 [####################] 248/248 | used 00:29 | left 00:00 | total 14:06 | ETA 29:59
Epoch: 32 cost time: 29.100446939468384
Epoch: 32, Steps: 248 | Train Loss: 0.0204556 Vali Loss: 0.0013330 StockMixer Select Loss: 0.0013420 Test Loss: 0.0005028
Val Financial | IC: 0.008913 RIC: 0.054134 RankIC: -0.000007 Precision@10: 0.508696 SR(top5): 1.480906
Test Financial | IC: 0.009853 RIC: 0.066654 RankIC: 0.009063 Precision@10: 0.513636 SR(top5): 1.231324
Train components | MSE: 0.00041322 Rank: 0.00004124 weighted Rank: 0.00041242 MoE: 2.00070340 weighted MoE: 0.01000352
Train IC loss: 0.96264562 weighted IC loss: 0.00962646
New Best | epoch 32 | validation stockmixer_val_loss=0.00134201 | saved best.pth
Updating learning rate to 7.679133974894983e-05
	iters: 100, epoch: 33 | loss: 0.0204758
	speed: 0.2580s/iter; left time: 4325.0387s
	iters: 200, epoch: 33 | loss: 0.0212329
	speed: 0.1125s/iter; left time: 1874.9134s
Epoch  33/100 [####################] 248/248 | used 00:28 | left 00:00 | total 14:42 | ETA 29:52
Epoch: 33 cost time: 28.209885120391846
Epoch: 33, Steps: 248 | Train Loss: 0.0205156 Vali Loss: 0.0013019 StockMixer Select Loss: 0.0013126 Test Loss: 0.0004768
Val Financial | IC: 0.023417 RIC: 0.128150 RankIC: 0.007184 Precision@10: 0.520949 SR(top5): 2.104454
Test Financial | IC: 0.015199 RIC: 0.103013 RankIC: 0.016041 Precision@10: 0.519034 SR(top5): 1.426741
Train components | MSE: 0.00052020 Rank: 0.00003915 weighted Rank: 0.00039145 MoE: 2.00070339 weighted MoE: 0.01000352
Train IC loss: 0.96004700 weighted IC loss: 0.00960047
New Best | epoch 33 | validation stockmixer_val_loss=0.00131262 | saved best.pth
Updating learning rate to 7.545207078751857e-05
	iters: 100, epoch: 34 | loss: 0.0203124
	speed: 0.2410s/iter; left time: 3981.1976s
	iters: 200, epoch: 34 | loss: 0.0206975
	speed: 0.1254s/iter; left time: 2058.4751s
Epoch  34/100 [####################] 248/248 | used 00:28 | left 00:00 | total 15:19 | ETA 29:45
Epoch: 34 cost time: 28.548184156417847
Epoch: 34, Steps: 248 | Train Loss: 0.0204532 Vali Loss: 0.0014166 StockMixer Select Loss: 0.0014279 Test Loss: 0.0004529
Val Financial | IC: -0.016052 RIC: -0.095642 RankIC: -0.007456 Precision@10: 0.513043 SR(top5): 1.336304
Test Financial | IC: -0.000390 RIC: -0.002174 RankIC: -0.000391 Precision@10: 0.496307 SR(top5): -0.222735
Train components | MSE: 0.00045417 Rank: 0.00004051 weighted Rank: 0.00040511 MoE: 2.00070339 weighted MoE: 0.01000352
Train IC loss: 0.95904403 weighted IC loss: 0.00959044
Updating learning rate to 7.408768370508576e-05
	iters: 100, epoch: 35 | loss: 0.0204305
	speed: 0.2466s/iter; left time: 4012.6931s
	iters: 200, epoch: 35 | loss: 0.0202203
	speed: 0.1099s/iter; left time: 1777.4795s
Epoch  35/100 [####################] 248/248 | used 00:29 | left 00:00 | total 15:55 | ETA 29:35
Epoch: 35 cost time: 29.130438804626465
Epoch: 35, Steps: 248 | Train Loss: 0.0204860 Vali Loss: 0.0013082 StockMixer Select Loss: 0.0013177 Test Loss: 0.0004252
Val Financial | IC: -0.009202 RIC: -0.061681 RankIC: -0.005795 Precision@10: 0.522530 SR(top5): 0.819506
Test Financial | IC: 0.001423 RIC: 0.009533 RankIC: 0.004479 Precision@10: 0.508239 SR(top5): -0.604093
Train components | MSE: 0.00046727 Rank: 0.00004079 weighted Rank: 0.00040787 MoE: 2.00070339 weighted MoE: 0.01000352
Train IC loss: 0.96073619 weighted IC loss: 0.00960736
Updating learning rate to 7.269952498697734e-05
	iters: 100, epoch: 36 | loss: 0.0192545
	speed: 0.2568s/iter; left time: 4113.7857s
	iters: 200, epoch: 36 | loss: 0.0205825
	speed: 0.1125s/iter; left time: 1790.5041s
Epoch  36/100 [####################] 248/248 | used 00:28 | left 00:00 | total 16:32 | ETA 29:24
Epoch: 36 cost time: 28.697007179260254
Epoch: 36, Steps: 248 | Train Loss: 0.0203891 Vali Loss: 0.0012730 StockMixer Select Loss: 0.0012828 Test Loss: 0.0004338
Val Financial | IC: 0.010969 RIC: 0.066138 RankIC: -0.009992 Precision@10: 0.528458 SR(top5): 1.967542
Test Financial | IC: 0.009051 RIC: 0.070728 RankIC: 0.007692 Precision@10: 0.517330 SR(top5): 0.774822
Train components | MSE: 0.00043289 Rank: 0.00003816 weighted Rank: 0.00038163 MoE: 2.00070337 weighted MoE: 0.01000352
Train IC loss: 0.95710440 weighted IC loss: 0.00957104
New Best | epoch 36 | validation stockmixer_val_loss=0.00128281 | saved best.pth
Updating learning rate to 7.128896457825364e-05
	iters: 100, epoch: 37 | loss: 0.0201234
	speed: 0.2543s/iter; left time: 4010.8380s
	iters: 200, epoch: 37 | loss: 0.0218759
	speed: 0.1123s/iter; left time: 1760.3656s
Epoch  37/100 [####################] 248/248 | used 00:27 | left 00:00 | total 17:08 | ETA 29:11
Epoch: 37 cost time: 27.93252658843994
Epoch: 37, Steps: 248 | Train Loss: 0.0204818 Vali Loss: 0.0017586 StockMixer Select Loss: 0.0017670 Test Loss: 0.0008592
Val Financial | IC: 0.006049 RIC: 0.037674 RankIC: -0.008333 Precision@10: 0.514229 SR(top5): 1.539280
Test Financial | IC: 0.007371 RIC: 0.053225 RankIC: 0.006334 Precision@10: 0.510511 SR(top5): 0.605033
Train components | MSE: 0.00051769 Rank: 0.00003701 weighted Rank: 0.00037013 MoE: 2.00070344 weighted MoE: 0.01000352
Train IC loss: 0.95904654 weighted IC loss: 0.00959047
Updating learning rate to 6.985739453173903e-05
	iters: 100, epoch: 38 | loss: 0.0209145
	speed: 0.2406s/iter; left time: 3735.0836s
	iters: 200, epoch: 38 | loss: 0.0202613
	speed: 0.1269s/iter; left time: 1956.7440s
Epoch  38/100 [####################] 248/248 | used 00:28 | left 00:00 | total 17:45 | ETA 28:58
Epoch: 38 cost time: 28.041608333587646
Epoch: 38, Steps: 248 | Train Loss: 0.0204007 Vali Loss: 0.0016295 StockMixer Select Loss: 0.0016416 Test Loss: 0.0008131
Val Financial | IC: 0.027043 RIC: 0.151607 RankIC: 0.014841 Precision@10: 0.521344 SR(top5): 1.603503
Test Financial | IC: 0.013528 RIC: 0.121804 RankIC: 0.018463 Precision@10: 0.515057 SR(top5): 0.933988
Train components | MSE: 0.00042508 Rank: 0.00003771 weighted Rank: 0.00037714 MoE: 2.00070352 weighted MoE: 0.01000352
Train IC loss: 0.95950083 weighted IC loss: 0.00959501
Updating learning rate to 6.840622763423391e-05
	iters: 100, epoch: 39 | loss: 0.0200380
	speed: 0.2572s/iter; left time: 3928.9726s
	iters: 200, epoch: 39 | loss: 0.0206438
	speed: 0.1065s/iter; left time: 1616.7844s
Epoch  39/100 [####################] 248/248 | used 00:29 | left 00:00 | total 18:22 | ETA 28:44
Epoch: 39 cost time: 29.327811241149902
Epoch: 39, Steps: 248 | Train Loss: 0.0204079 Vali Loss: 0.0015535 StockMixer Select Loss: 0.0015648 Test Loss: 0.0006684
Val Financial | IC: -0.015931 RIC: -0.100155 RankIC: -0.010823 Precision@10: 0.502372 SR(top5): 0.784048
Test Financial | IC: -0.001275 RIC: -0.008644 RankIC: -0.000123 Precision@10: 0.506534 SR(top5): -0.085465
Train components | MSE: 0.00049958 Rank: 0.00003707 weighted Rank: 0.00037072 MoE: 2.00070361 weighted MoE: 0.01000352
Train IC loss: 0.95341088 weighted IC loss: 0.00953411
Updating learning rate to 6.693689601226458e-05
	iters: 100, epoch: 40 | loss: 0.0199287
	speed: 0.2506s/iter; left time: 3766.6501s
	iters: 200, epoch: 40 | loss: 0.0216863
	speed: 0.1129s/iter; left time: 1686.2000s
Epoch  40/100 [####################] 248/248 | used 00:27 | left 00:00 | total 18:58 | ETA 28:27
Epoch: 40 cost time: 27.735920667648315
Epoch: 40, Steps: 248 | Train Loss: 0.0203618 Vali Loss: 0.0012479 StockMixer Select Loss: 0.0012558 Test Loss: 0.0004295
Val Financial | IC: 0.010706 RIC: 0.067447 RankIC: 0.009211 Precision@10: 0.518577 SR(top5): 1.471026
Test Financial | IC: 0.015656 RIC: 0.116844 RankIC: 0.017765 Precision@10: 0.516477 SR(top5): 1.057012
Train components | MSE: 0.00044085 Rank: 0.00003726 weighted Rank: 0.00037260 MoE: 2.00070365 weighted MoE: 0.01000352
Train IC loss: 0.95448389 weighted IC loss: 0.00954484
New Best | epoch 40 | validation stockmixer_val_loss=0.00125584 | saved best.pth
Updating learning rate to 6.545084971874738e-05
	iters: 100, epoch: 41 | loss: 0.0203930
	speed: 0.2499s/iter; left time: 3694.0877s
	iters: 200, epoch: 41 | loss: 0.0201958
	speed: 0.1173s/iter; left time: 1721.4053s
Epoch  41/100 [####################] 248/248 | used 00:27 | left 00:00 | total 19:34 | ETA 28:10
Epoch: 41 cost time: 27.694230556488037
Epoch: 41, Steps: 248 | Train Loss: 0.0204316 Vali Loss: 0.0013312 StockMixer Select Loss: 0.0013407 Test Loss: 0.0004675
Val Financial | IC: 0.012737 RIC: 0.078836 RankIC: 0.000881 Precision@10: 0.521739 SR(top5): 1.759618
Test Financial | IC: 0.007017 RIC: 0.050561 RankIC: 0.005310 Precision@10: 0.504830 SR(top5): 0.226735
Train components | MSE: 0.00051955 Rank: 0.00003491 weighted Rank: 0.00034909 MoE: 2.00070357 weighted MoE: 0.01000352
Train IC loss: 0.95594676 weighted IC loss: 0.00955947
Updating learning rate to 6.394955530196147e-05
	iters: 100, epoch: 42 | loss: 0.0199443
	speed: 0.2474s/iter; left time: 3594.9926s
	iters: 200, epoch: 42 | loss: 0.0212590
	speed: 0.1164s/iter; left time: 1680.1192s
Epoch  42/100 [####################] 248/248 | used 00:28 | left 00:00 | total 20:11 | ETA 27:53
Epoch: 42 cost time: 28.898682832717896
Epoch: 42, Steps: 248 | Train Loss: 0.0202421 Vali Loss: 0.0015491 StockMixer Select Loss: 0.0015592 Test Loss: 0.0006596
Val Financial | IC: -0.007051 RIC: -0.041362 RankIC: -0.006103 Precision@10: 0.528458 SR(top5): 1.037114
Test Financial | IC: 0.009304 RIC: 0.054883 RankIC: 0.011241 Precision@10: 0.510511 SR(top5): 0.233845
Train components | MSE: 0.00041701 Rank: 0.00003482 weighted Rank: 0.00034823 MoE: 2.00070344 weighted MoE: 0.01000352
Train IC loss: 0.94733441 weighted IC loss: 0.00947334
Updating learning rate to 6.243449435824276e-05
	iters: 100, epoch: 43 | loss: 0.0201495
	speed: 0.2545s/iter; left time: 3635.7186s
	iters: 200, epoch: 43 | loss: 0.0205233
	speed: 0.1088s/iter; left time: 1543.0880s
Epoch  43/100 [####################] 248/248 | used 00:29 | left 00:00 | total 20:48 | ETA 27:35
Epoch: 43 cost time: 29.36825394630432
Epoch: 43, Steps: 248 | Train Loss: 0.0202688 Vali Loss: 0.0014775 StockMixer Select Loss: 0.0014892 Test Loss: 0.0005230
Val Financial | IC: 0.005415 RIC: 0.032570 RankIC: -0.005828 Precision@10: 0.520158 SR(top5): 1.305872
Test Financial | IC: 0.004424 RIC: 0.027115 RankIC: 0.004845 Precision@10: 0.508239 SR(top5): 0.846122
Train components | MSE: 0.00044127 Rank: 0.00003319 weighted Rank: 0.00033193 MoE: 2.00070336 weighted MoE: 0.01000352
Train IC loss: 0.94920923 weighted IC loss: 0.00949209
Updating learning rate to 6.090716206982714e-05
	iters: 100, epoch: 44 | loss: 0.0204771
	speed: 0.2513s/iter; left time: 3527.1300s
	iters: 200, epoch: 44 | loss: 0.0202374
	speed: 0.1140s/iter; left time: 1588.6198s
Epoch  44/100 [####################] 248/248 | used 00:27 | left 00:00 | total 21:24 | ETA 27:14
Epoch: 44 cost time: 27.836513996124268
Epoch: 44, Steps: 248 | Train Loss: 0.0202987 Vali Loss: 0.0016738 StockMixer Select Loss: 0.0016839 Test Loss: 0.0007152
Val Financial | IC: 0.008322 RIC: 0.050244 RankIC: -0.004413 Precision@10: 0.516996 SR(top5): 1.640336
Test Financial | IC: 0.007152 RIC: 0.044873 RankIC: 0.008751 Precision@10: 0.509091 SR(top5): 0.720277
Train components | MSE: 0.00042069 Rank: 0.00003514 weighted Rank: 0.00035142 MoE: 2.00070335 weighted MoE: 0.01000352
Train IC loss: 0.95231066 weighted IC loss: 0.00952311
Updating learning rate to 5.9369065729286245e-05
	iters: 100, epoch: 45 | loss: 0.0202349
	speed: 0.2475s/iter; left time: 3412.9761s
	iters: 200, epoch: 45 | loss: 0.0204249
	speed: 0.1220s/iter; left time: 1670.6413s
Epoch  45/100 [####################] 248/248 | used 00:28 | left 00:00 | total 22:01 | ETA 26:54
Epoch: 45 cost time: 28.615501165390015
Epoch: 45, Steps: 248 | Train Loss: 0.0203453 Vali Loss: 0.0013446 StockMixer Select Loss: 0.0013534 Test Loss: 0.0004947
Val Financial | IC: 0.000481 RIC: 0.002935 RankIC: -0.002026 Precision@10: 0.522134 SR(top5): 1.402756
Test Financial | IC: 0.009940 RIC: 0.062334 RankIC: 0.009766 Precision@10: 0.504545 SR(top5): 1.124927
Train components | MSE: 0.00043342 Rank: 0.00003485 weighted Rank: 0.00034845 MoE: 2.00070336 weighted MoE: 0.01000352
Train IC loss: 0.95598961 weighted IC loss: 0.00955990
Updating learning rate to 5.782172325201155e-05
	iters: 100, epoch: 46 | loss: 0.0206381
	speed: 0.2511s/iter; left time: 3400.1711s
	iters: 200, epoch: 46 | loss: 0.0195737
	speed: 0.1107s/iter; left time: 1487.8768s
Epoch  46/100 [####################] 248/248 | used 00:29 | left 00:00 | total 22:38 | ETA 26:34
Epoch: 46 cost time: 29.284082174301147
Epoch: 46, Steps: 248 | Train Loss: 0.0202677 Vali Loss: 0.0015341 StockMixer Select Loss: 0.0015442 Test Loss: 0.0007162
Val Financial | IC: 0.018828 RIC: 0.108361 RankIC: 0.007317 Precision@10: 0.523320 SR(top5): 1.432565
Test Financial | IC: 0.012745 RIC: 0.102430 RankIC: 0.017051 Precision@10: 0.520739 SR(top5): 0.778093
Train components | MSE: 0.00039904 Rank: 0.00003371 weighted Rank: 0.00033706 MoE: 2.00070334 weighted MoE: 0.01000352
Train IC loss: 0.95280360 weighted IC loss: 0.00952804
Updating learning rate to 5.6266661678215216e-05
	iters: 100, epoch: 47 | loss: 0.0199701
	speed: 0.2559s/iter; left time: 3401.4888s
	iters: 200, epoch: 47 | loss: 0.0202265
	speed: 0.1143s/iter; left time: 1508.3772s
Epoch  47/100 [####################] 248/248 | used 00:29 | left 00:00 | total 23:15 | ETA 26:13
Epoch: 47 cost time: 29.302409172058105
Epoch: 47, Steps: 248 | Train Loss: 0.0202038 Vali Loss: 0.0015940 StockMixer Select Loss: 0.0016031 Test Loss: 0.0007607
Val Financial | IC: 0.000190 RIC: 0.001167 RankIC: -0.011609 Precision@10: 0.513043 SR(top5): 1.339644
Test Financial | IC: 0.009196 RIC: 0.059488 RankIC: 0.006211 Precision@10: 0.503977 SR(top5): 0.621241
Train components | MSE: 0.00039311 Rank: 0.00003262 weighted Rank: 0.00032618 MoE: 2.00070335 weighted MoE: 0.01000352
Train IC loss: 0.94810145 weighted IC loss: 0.00948101
Updating learning rate to 5.470541566592573e-05
	iters: 100, epoch: 48 | loss: 0.0186761
	speed: 0.2551s/iter; left time: 3327.3403s
	iters: 200, epoch: 48 | loss: 0.0211030
	speed: 0.1098s/iter; left time: 1421.5691s
Epoch  48/100 [####################] 248/248 | used 00:28 | left 00:00 | total 23:51 | ETA 25:50
Epoch: 48 cost time: 28.453229427337646
Epoch: 48, Steps: 248 | Train Loss: 0.0202063 Vali Loss: 0.0013825 StockMixer Select Loss: 0.0013907 Test Loss: 0.0005209
Val Financial | IC: 0.014278 RIC: 0.088948 RankIC: 0.014460 Precision@10: 0.522134 SR(top5): 2.302146
Test Financial | IC: 0.018161 RIC: 0.126840 RankIC: 0.017734 Precision@10: 0.532670 SR(top5): 2.031014
Train components | MSE: 0.00036265 Rank: 0.00003331 weighted Rank: 0.00033310 MoE: 2.00070334 weighted MoE: 0.01000352
Train IC loss: 0.95070605 weighted IC loss: 0.00950706
Updating learning rate to 5.313952597646568e-05
	iters: 100, epoch: 49 | loss: 0.0197831
	speed: 0.2400s/iter; left time: 3071.6568s
	iters: 200, epoch: 49 | loss: 0.0196975
	speed: 0.1263s/iter; left time: 1603.8885s
Epoch  49/100 [####################] 248/248 | used 00:27 | left 00:00 | total 24:27 | ETA 25:27
Epoch: 49 cost time: 27.947783946990967
Epoch: 49, Steps: 248 | Train Loss: 0.0201597 Vali Loss: 0.0024038 StockMixer Select Loss: 0.0024145 Test Loss: 0.0013465
Val Financial | IC: -0.001463 RIC: -0.008341 RankIC: -0.012979 Precision@10: 0.519763 SR(top5): 1.091254
Test Financial | IC: 0.007192 RIC: 0.038167 RankIC: 0.006082 Precision@10: 0.517614 SR(top5): 0.912828
Train components | MSE: 0.00040847 Rank: 0.00003070 weighted Rank: 0.00030701 MoE: 2.00070335 weighted MoE: 0.01000352
Train IC loss: 0.94406790 weighted IC loss: 0.00944068
Updating learning rate to 5.157053795390642e-05
	iters: 100, epoch: 50 | loss: 0.0200151
	speed: 0.2493s/iter; left time: 3128.3032s
	iters: 200, epoch: 50 | loss: 0.0203070
	speed: 0.1105s/iter; left time: 1376.1570s
Epoch  50/100 [####################] 248/248 | used 00:29 | left 00:00 | total 25:04 | ETA 25:04
Epoch: 50 cost time: 29.130565881729126
Epoch: 50, Steps: 248 | Train Loss: 0.0201879 Vali Loss: 0.0014788 StockMixer Select Loss: 0.0014877 Test Loss: 0.0005758
Val Financial | IC: 0.011285 RIC: 0.073355 RankIC: 0.001504 Precision@10: 0.523715 SR(top5): 1.548130
Test Financial | IC: 0.015175 RIC: 0.116164 RankIC: 0.017284 Precision@10: 0.515057 SR(top5): 1.009942
Train components | MSE: 0.00037659 Rank: 0.00003166 weighted Rank: 0.00031661 MoE: 2.00070337 weighted MoE: 0.01000352
Train IC loss: 0.94911975 weighted IC loss: 0.00949120
Updating learning rate to 5e-05
	iters: 100, epoch: 51 | loss: 0.0190424
	speed: 0.2544s/iter; left time: 3129.3837s
	iters: 200, epoch: 51 | loss: 0.0204531
	speed: 0.1132s/iter; left time: 1381.0644s
Epoch  51/100 [####################] 248/248 | used 00:28 | left 00:00 | total 25:40 | ETA 24:40
Epoch: 51 cost time: 28.895191431045532
Epoch: 51, Steps: 248 | Train Loss: 0.0201545 Vali Loss: 0.0012919 StockMixer Select Loss: 0.0013007 Test Loss: 0.0004324
Val Financial | IC: -0.002547 RIC: -0.017124 RankIC: -0.007108 Precision@10: 0.513043 SR(top5): 1.383910
Test Financial | IC: 0.004324 RIC: 0.030266 RankIC: 0.006797 Precision@10: 0.506250 SR(top5): 0.098626
Train components | MSE: 0.00038492 Rank: 0.00003145 weighted Rank: 0.00031451 MoE: 2.00070334 weighted MoE: 0.01000352
Train IC loss: 0.94515807 weighted IC loss: 0.00945158
Updating learning rate to 4.8429462046093585e-05
	iters: 100, epoch: 52 | loss: 0.0199964
	speed: 0.2570s/iter; left time: 3097.1505s
	iters: 200, epoch: 52 | loss: 0.0199045
	speed: 0.1116s/iter; left time: 1334.4785s
Epoch  52/100 [####################] 248/248 | used 00:28 | left 00:00 | total 26:17 | ETA 24:15
Epoch: 52 cost time: 28.531005859375
Epoch: 52, Steps: 248 | Train Loss: 0.0201177 Vali Loss: 0.0016557 StockMixer Select Loss: 0.0016636 Test Loss: 0.0007625
Val Financial | IC: 0.003594 RIC: 0.024936 RankIC: -0.005302 Precision@10: 0.518577 SR(top5): 1.534955
Test Financial | IC: 0.012055 RIC: 0.086338 RankIC: 0.009657 Precision@10: 0.507670 SR(top5): 1.093616
Train components | MSE: 0.00036461 Rank: 0.00003047 weighted Rank: 0.00030475 MoE: 2.00070336 weighted MoE: 0.01000352
Train IC loss: 0.94448014 weighted IC loss: 0.00944480
Updating learning rate to 4.6860474023534335e-05
	iters: 100, epoch: 53 | loss: 0.0201816
	speed: 0.2473s/iter; left time: 2919.9493s
	iters: 200, epoch: 53 | loss: 0.0205565
	speed: 0.1267s/iter; left time: 1482.8514s
Epoch  53/100 [####################] 248/248 | used 00:27 | left 00:00 | total 26:53 | ETA 23:51
Epoch: 53 cost time: 27.974372625350952
Epoch: 53, Steps: 248 | Train Loss: 0.0201039 Vali Loss: 0.0013819 StockMixer Select Loss: 0.0013900 Test Loss: 0.0004885
Val Financial | IC: -0.006023 RIC: -0.038646 RankIC: -0.020542 Precision@10: 0.509881 SR(top5): 1.634172
Test Financial | IC: 0.010773 RIC: 0.067079 RankIC: 0.009801 Precision@10: 0.510795 SR(top5): 0.159872
Train components | MSE: 0.00037899 Rank: 0.00002925 weighted Rank: 0.00029246 MoE: 2.00070334 weighted MoE: 0.01000352
Train IC loss: 0.94289491 weighted IC loss: 0.00942895
Updating learning rate to 4.529458433407429e-05
	iters: 100, epoch: 54 | loss: 0.0199130
	speed: 0.2406s/iter; left time: 2780.5207s
	iters: 200, epoch: 54 | loss: 0.0207671
	speed: 0.1149s/iter; left time: 1316.9536s
Epoch  54/100 [####################] 248/248 | used 00:29 | left 00:00 | total 27:30 | ETA 23:26
Epoch: 54 cost time: 29.258723735809326
Epoch: 54, Steps: 248 | Train Loss: 0.0201177 Vali Loss: 0.0017509 StockMixer Select Loss: 0.0017639 Test Loss: 0.0007939
Val Financial | IC: -0.020364 RIC: -0.104542 RankIC: -0.013930 Precision@10: 0.501186 SR(top5): 1.089250
Test Financial | IC: 0.001665 RIC: 0.008317 RankIC: 0.002433 Precision@10: 0.496591 SR(top5): 0.641617
Train components | MSE: 0.00036620 Rank: 0.00002991 weighted Rank: 0.00029906 MoE: 2.00070335 weighted MoE: 0.01000352
Train IC loss: 0.94489570 weighted IC loss: 0.00944896
Updating learning rate to 4.373333832178478e-05
	iters: 100, epoch: 55 | loss: 0.0205054
	speed: 0.2546s/iter; left time: 2879.3158s
	iters: 200, epoch: 55 | loss: 0.0211205
	speed: 0.1086s/iter; left time: 1217.5245s
Epoch  55/100 [####################] 248/248 | used 00:28 | left 00:00 | total 28:06 | ETA 23:00
Epoch: 55 cost time: 28.57789158821106
Epoch: 55, Steps: 248 | Train Loss: 0.0201526 Vali Loss: 0.0015124 StockMixer Select Loss: 0.0015225 Test Loss: 0.0006096
Val Financial | IC: 0.011134 RIC: 0.067348 RankIC: -0.004825 Precision@10: 0.520553 SR(top5): 1.660036
Test Financial | IC: 0.009236 RIC: 0.055473 RankIC: 0.010482 Precision@10: 0.508807 SR(top5): 0.936412
Train components | MSE: 0.00041568 Rank: 0.00002896 weighted Rank: 0.00028956 MoE: 2.00070336 weighted MoE: 0.01000352
Train IC loss: 0.94438256 weighted IC loss: 0.00944383
Updating learning rate to 4.2178276747988446e-05
	iters: 100, epoch: 56 | loss: 0.0215150
	speed: 0.2522s/iter; left time: 2789.5556s
	iters: 200, epoch: 56 | loss: 0.0206643
	speed: 0.1164s/iter; left time: 1275.7512s
Epoch  56/100 [####################] 248/248 | used 00:28 | left 00:00 | total 28:43 | ETA 22:34
Epoch: 56 cost time: 28.08857488632202
Epoch: 56, Steps: 248 | Train Loss: 0.0200304 Vali Loss: 0.0013063 StockMixer Select Loss: 0.0013149 Test Loss: 0.0004240
Val Financial | IC: 0.010255 RIC: 0.060321 RankIC: -0.003280 Precision@10: 0.519763 SR(top5): 1.726715
Test Financial | IC: 0.007175 RIC: 0.052559 RankIC: 0.008353 Precision@10: 0.508523 SR(top5): 0.648944
Train components | MSE: 0.00036259 Rank: 0.00002806 weighted Rank: 0.00028063 MoE: 2.00070335 weighted MoE: 0.01000352
Train IC loss: 0.93837117 weighted IC loss: 0.00938371
Updating learning rate to 4.063093427071376e-05
	iters: 100, epoch: 57 | loss: 0.0194519
	speed: 0.2493s/iter; left time: 2695.3785s
	iters: 200, epoch: 57 | loss: 0.0195791
	speed: 0.1226s/iter; left time: 1313.1366s
Epoch  57/100 [####################] 248/248 | used 00:28 | left 00:00 | total 29:20 | ETA 22:07
Epoch: 57 cost time: 28.53837561607361
Epoch: 57, Steps: 248 | Train Loss: 0.0200723 Vali Loss: 0.0014513 StockMixer Select Loss: 0.0014600 Test Loss: 0.0005202
Val Financial | IC: 0.004410 RIC: 0.026870 RankIC: -0.011884 Precision@10: 0.518182 SR(top5): 1.871072
Test Financial | IC: 0.011726 RIC: 0.070964 RankIC: 0.011758 Precision@10: 0.511364 SR(top5): 0.917189
Train components | MSE: 0.00035296 Rank: 0.00002763 weighted Rank: 0.00027635 MoE: 2.00070334 weighted MoE: 0.01000352
Train IC loss: 0.94394297 weighted IC loss: 0.00943943
Updating learning rate to 3.9092837930172884e-05
	iters: 100, epoch: 58 | loss: 0.0197408
	speed: 0.2463s/iter; left time: 2602.5976s
	iters: 200, epoch: 58 | loss: 0.0203735
	speed: 0.1168s/iter; left time: 1222.3931s
Epoch  58/100 [####################] 248/248 | used 00:29 | left 00:00 | total 29:57 | ETA 21:41
Epoch: 58 cost time: 29.214669942855835
Epoch: 58, Steps: 248 | Train Loss: 0.0200005 Vali Loss: 0.0013635 StockMixer Select Loss: 0.0013735 Test Loss: 0.0004268
Val Financial | IC: 0.012434 RIC: 0.076458 RankIC: -0.004109 Precision@10: 0.523715 SR(top5): 1.709071
Test Financial | IC: 0.008259 RIC: 0.077724 RankIC: 0.010461 Precision@10: 0.510511 SR(top5): 0.232041
Train components | MSE: 0.00034770 Rank: 0.00002768 weighted Rank: 0.00027676 MoE: 2.00070334 weighted MoE: 0.01000352
Train IC loss: 0.93725410 weighted IC loss: 0.00937254
Updating learning rate to 3.756550564175727e-05
	iters: 100, epoch: 59 | loss: 0.0202061
	speed: 0.2586s/iter; left time: 2667.7437s
	iters: 200, epoch: 59 | loss: 0.0199082
	speed: 0.1015s/iter; left time: 1037.3056s
Epoch  59/100 [####################] 248/248 | used 00:28 | left 00:00 | total 30:33 | ETA 21:14
Epoch: 59 cost time: 28.97971200942993
Epoch: 59, Steps: 248 | Train Loss: 0.0200273 Vali Loss: 0.0014506 StockMixer Select Loss: 0.0014588 Test Loss: 0.0005752
Val Financial | IC: 0.006454 RIC: 0.042118 RankIC: 0.007079 Precision@10: 0.517391 SR(top5): 1.896483
Test Financial | IC: 0.007904 RIC: 0.056074 RankIC: 0.007615 Precision@10: 0.521875 SR(top5): 1.503129
Train components | MSE: 0.00037464 Rank: 0.00002669 weighted Rank: 0.00026691 MoE: 2.00070334 weighted MoE: 0.01000352
Train IC loss: 0.93822606 weighted IC loss: 0.00938226
Updating learning rate to 3.605044469803854e-05
	iters: 100, epoch: 60 | loss: 0.0205561
	speed: 0.2513s/iter; left time: 2530.2762s
	iters: 200, epoch: 60 | loss: 0.0214360
	speed: 0.1266s/iter; left time: 1262.1740s
Epoch  60/100 [####################] 248/248 | used 00:27 | left 00:00 | total 31:10 | ETA 20:46
Epoch: 60 cost time: 27.993680477142334
Epoch: 60, Steps: 248 | Train Loss: 0.0200242 Vali Loss: 0.0015096 StockMixer Select Loss: 0.0015187 Test Loss: 0.0006868
Val Financial | IC: 0.009456 RIC: 0.060298 RankIC: 0.006851 Precision@10: 0.516996 SR(top5): 1.537222
Test Financial | IC: 0.009809 RIC: 0.064276 RankIC: 0.014724 Precision@10: 0.508807 SR(top5): 0.222070
Train components | MSE: 0.00036386 Rank: 0.00002665 weighted Rank: 0.00026654 MoE: 2.00070334 weighted MoE: 0.01000352
Train IC loss: 0.93902537 weighted IC loss: 0.00939025
Updating learning rate to 3.4549150281252636e-05
	iters: 100, epoch: 61 | loss: 0.0210109
	speed: 0.2440s/iter; left time: 2396.7282s
	iters: 200, epoch: 61 | loss: 0.0216324
	speed: 0.1150s/iter; left time: 1117.9871s
Epoch  61/100 [####################] 248/248 | used 00:29 | left 00:00 | total 31:47 | ETA 20:19
Epoch: 61 cost time: 29.20284628868103
Epoch: 61, Steps: 248 | Train Loss: 0.0199935 Vali Loss: 0.0013382 StockMixer Select Loss: 0.0013477 Test Loss: 0.0004485
Val Financial | IC: 0.003481 RIC: 0.020724 RankIC: -0.009323 Precision@10: 0.516601 SR(top5): 1.234987
Test Financial | IC: 0.006838 RIC: 0.042912 RankIC: 0.009090 Precision@10: 0.492614 SR(top5): 0.216081
Train components | MSE: 0.00039166 Rank: 0.00002530 weighted Rank: 0.00025301 MoE: 2.00070334 weighted MoE: 0.01000352
Train IC loss: 0.93453236 weighted IC loss: 0.00934532
Updating learning rate to 3.3063103987735433e-05
	iters: 100, epoch: 62 | loss: 0.0198916
	speed: 0.2559s/iter; left time: 2449.9640s
	iters: 200, epoch: 62 | loss: 0.0199376
	speed: 0.1131s/iter; left time: 1071.4713s
Epoch  62/100 [####################] 248/248 | used 00:28 | left 00:00 | total 32:23 | ETA 19:51
Epoch: 62 cost time: 28.987919807434082
Epoch: 62, Steps: 248 | Train Loss: 0.0200001 Vali Loss: 0.0014325 StockMixer Select Loss: 0.0014425 Test Loss: 0.0005171
Val Financial | IC: -0.004546 RIC: -0.027569 RankIC: -0.011250 Precision@10: 0.514625 SR(top5): 1.563730
Test Financial | IC: 0.007431 RIC: 0.041362 RankIC: 0.008068 Precision@10: 0.504545 SR(top5): 0.846524
Train components | MSE: 0.00035942 Rank: 0.00002509 weighted Rank: 0.00025094 MoE: 2.00070334 weighted MoE: 0.01000352
Train IC loss: 0.93862115 weighted IC loss: 0.00938621
Updating learning rate to 3.1593772365766105e-05
	iters: 100, epoch: 63 | loss: 0.0201486
	speed: 0.2517s/iter; left time: 2346.8981s
	iters: 200, epoch: 63 | loss: 0.0196692
	speed: 0.1070s/iter; left time: 986.9096s
Epoch  63/100 [####################] 248/248 | used 00:28 | left 00:00 | total 32:59 | ETA 19:22
Epoch: 63 cost time: 28.552735805511475
Epoch: 63, Steps: 248 | Train Loss: 0.0199962 Vali Loss: 0.0012909 StockMixer Select Loss: 0.0013000 Test Loss: 0.0004323
Val Financial | IC: 0.005858 RIC: 0.032659 RankIC: -0.015924 Precision@10: 0.509881 SR(top5): 1.876818
Test Financial | IC: 0.013202 RIC: 0.086787 RankIC: 0.011204 Precision@10: 0.504261 SR(top5): 1.151700
Train components | MSE: 0.00036391 Rank: 0.00002603 weighted Rank: 0.00026035 MoE: 2.00070334 weighted MoE: 0.01000352
Train IC loss: 0.93683972 weighted IC loss: 0.00936840
Updating learning rate to 3.0142605468260978e-05
	iters: 100, epoch: 64 | loss: 0.0190720
	speed: 0.2492s/iter; left time: 2261.6020s
	iters: 200, epoch: 64 | loss: 0.0200948
	speed: 0.1258s/iter; left time: 1129.7370s
Epoch  64/100 [####################] 248/248 | used 00:27 | left 00:00 | total 33:36 | ETA 18:54
Epoch: 64 cost time: 27.867146492004395
Epoch: 64, Steps: 248 | Train Loss: 0.0199654 Vali Loss: 0.0012906 StockMixer Select Loss: 0.0012984 Test Loss: 0.0004475
Val Financial | IC: 0.007072 RIC: 0.043577 RankIC: 0.003386 Precision@10: 0.514625 SR(top5): 1.987336
Test Financial | IC: 0.010535 RIC: 0.067335 RankIC: 0.012737 Precision@10: 0.511364 SR(top5): -0.193808
Train components | MSE: 0.00034097 Rank: 0.00002449 weighted Rank: 0.00024491 MoE: 2.00070334 weighted MoE: 0.01000352
Train IC loss: 0.93760230 weighted IC loss: 0.00937602
Updating learning rate to 2.8711035421746367e-05
	iters: 100, epoch: 65 | loss: 0.0190437
	speed: 0.2422s/iter; left time: 2138.2991s
	iters: 200, epoch: 65 | loss: 0.0189348
	speed: 0.1091s/iter; left time: 952.0635s
Epoch  65/100 [####################] 248/248 | used 00:28 | left 00:00 | total 34:12 | ETA 18:25
Epoch: 65 cost time: 28.941192626953125
Epoch: 65, Steps: 248 | Train Loss: 0.0199266 Vali Loss: 0.0012907 StockMixer Select Loss: 0.0012996 Test Loss: 0.0004153
Val Financial | IC: 0.006880 RIC: 0.039894 RankIC: -0.005593 Precision@10: 0.521344 SR(top5): 1.725380
Test Financial | IC: 0.009381 RIC: 0.060176 RankIC: 0.008696 Precision@10: 0.514205 SR(top5): 1.181468
Train components | MSE: 0.00034629 Rank: 0.00002311 weighted Rank: 0.00023114 MoE: 2.00070334 weighted MoE: 0.01000352
Train IC loss: 0.93456655 weighted IC loss: 0.00934567
Updating learning rate to 2.7300475013022663e-05
	iters: 100, epoch: 66 | loss: 0.0208799
	speed: 0.2545s/iter; left time: 2183.7884s
	iters: 200, epoch: 66 | loss: 0.0211904
	speed: 0.1133s/iter; left time: 961.0670s
Epoch  66/100 [####################] 248/248 | used 00:28 | left 00:00 | total 34:48 | ETA 17:55
Epoch: 66 cost time: 28.33251118659973
Epoch: 66, Steps: 248 | Train Loss: 0.0199108 Vali Loss: 0.0013514 StockMixer Select Loss: 0.0013605 Test Loss: 0.0004626
Val Financial | IC: -0.002351 RIC: -0.013679 RankIC: -0.000792 Precision@10: 0.518182 SR(top5): 1.336282
Test Financial | IC: 0.011896 RIC: 0.066307 RankIC: 0.012913 Precision@10: 0.515341 SR(top5): 1.081338
Train components | MSE: 0.00033866 Rank: 0.00002344 weighted Rank: 0.00023443 MoE: 2.00070334 weighted MoE: 0.01000352
Train IC loss: 0.93342098 weighted IC loss: 0.00933421
Updating learning rate to 2.591231629491423e-05
	iters: 100, epoch: 67 | loss: 0.0200074
	speed: 0.2496s/iter; left time: 2080.1909s
	iters: 200, epoch: 67 | loss: 0.0209215
	speed: 0.1123s/iter; left time: 924.8334s
Epoch  67/100 [####################] 248/248 | used 00:27 | left 00:00 | total 35:24 | ETA 17:26
Epoch: 67 cost time: 27.945904970169067
Epoch: 67, Steps: 248 | Train Loss: 0.0199149 Vali Loss: 0.0013335 StockMixer Select Loss: 0.0013411 Test Loss: 0.0004956
Val Financial | IC: 0.003482 RIC: 0.023211 RankIC: -0.002755 Precision@10: 0.516996 SR(top5): 1.696297
Test Financial | IC: 0.018419 RIC: 0.133944 RankIC: 0.016942 Precision@10: 0.521023 SR(top5): 1.555268
Train components | MSE: 0.00033587 Rank: 0.00002378 weighted Rank: 0.00023781 MoE: 2.00070334 weighted MoE: 0.01000352
Train IC loss: 0.93377361 weighted IC loss: 0.00933774
Updating learning rate to 2.4547929212481435e-05
	iters: 100, epoch: 68 | loss: 0.0202084
	speed: 0.2443s/iter; left time: 1975.4004s
	iters: 200, epoch: 68 | loss: 0.0203692
	speed: 0.1237s/iter; left time: 987.8806s
Epoch  68/100 [####################] 248/248 | used 00:28 | left 00:00 | total 36:01 | ETA 16:57
Epoch: 68 cost time: 28.178945541381836
Epoch: 68, Steps: 248 | Train Loss: 0.0199005 Vali Loss: 0.0012983 StockMixer Select Loss: 0.0013057 Test Loss: 0.0004544
Val Financial | IC: 0.004493 RIC: 0.028421 RankIC: -0.003009 Precision@10: 0.514625 SR(top5): 1.830923
Test Financial | IC: 0.010086 RIC: 0.074118 RankIC: 0.009215 Precision@10: 0.509943 SR(top5): 0.199962
Train components | MSE: 0.00031918 Rank: 0.00002283 weighted Rank: 0.00022829 MoE: 2.00070334 weighted MoE: 0.01000352
Train IC loss: 0.93495613 weighted IC loss: 0.00934956
Updating learning rate to 2.3208660251050158e-05
	iters: 100, epoch: 69 | loss: 0.0204866
	speed: 0.2526s/iter; left time: 1979.3456s
	iters: 200, epoch: 69 | loss: 0.0203836
	speed: 0.1096s/iter; left time: 847.7139s
Epoch  69/100 [####################] 248/248 | used 00:29 | left 00:00 | total 36:38 | ETA 16:27
Epoch: 69 cost time: 29.246420860290527
Epoch: 69, Steps: 248 | Train Loss: 0.0198557 Vali Loss: 0.0013096 StockMixer Select Loss: 0.0013178 Test Loss: 0.0004295
Val Financial | IC: 0.004631 RIC: 0.027628 RankIC: 0.003633 Precision@10: 0.519763 SR(top5): 1.844397
Test Financial | IC: 0.010524 RIC: 0.061832 RankIC: 0.013174 Precision@10: 0.511932 SR(top5): 0.480213
Train components | MSE: 0.00031086 Rank: 0.00002153 weighted Rank: 0.00021529 MoE: 2.00070334 weighted MoE: 0.01000352
Train IC loss: 0.93259921 weighted IC loss: 0.00932599
Updating learning rate to 2.1895831107393484e-05
	iters: 100, epoch: 70 | loss: 0.0194407
	speed: 0.2544s/iter; left time: 1930.5064s
	iters: 200, epoch: 70 | loss: 0.0197014
	speed: 0.1087s/iter; left time: 814.3488s
Epoch  70/100 [####################] 248/248 | used 00:26 | left 00:00 | total 37:13 | ETA 15:57
Epoch: 70 cost time: 26.595155715942383
Epoch: 70, Steps: 248 | Train Loss: 0.0198556 Vali Loss: 0.0012814 StockMixer Select Loss: 0.0012886 Test Loss: 0.0004643
Val Financial | IC: 0.015671 RIC: 0.096586 RankIC: 0.007199 Precision@10: 0.522925 SR(top5): 2.217791
Test Financial | IC: 0.011614 RIC: 0.082204 RankIC: 0.011360 Precision@10: 0.516193 SR(top5): 1.023220
Train components | MSE: 0.00031541 Rank: 0.00002181 weighted Rank: 0.00021808 MoE: 2.00070334 weighted MoE: 0.01000352
Train IC loss: 0.93185715 weighted IC loss: 0.00931857
Updating learning rate to 2.061073738537635e-05
	iters: 100, epoch: 71 | loss: 0.0201360
	speed: 0.1780s/iter; left time: 1306.9064s
	iters: 200, epoch: 71 | loss: 0.0196985
	speed: 0.0734s/iter; left time: 531.8164s
Epoch  71/100 [####################] 248/248 | used 00:18 | left 00:00 | total 37:37 | ETA 15:22
Epoch: 71 cost time: 18.37440776824951
Epoch: 71, Steps: 248 | Train Loss: 0.0198554 Vali Loss: 0.0013160 StockMixer Select Loss: 0.0013244 Test Loss: 0.0004322
Val Financial | IC: -0.000680 RIC: -0.004141 RankIC: -0.015420 Precision@10: 0.515020 SR(top5): 1.886220
Test Financial | IC: 0.005153 RIC: 0.029513 RankIC: 0.006981 Precision@10: 0.503693 SR(top5): 0.327654
Train components | MSE: 0.00032109 Rank: 0.00002114 weighted Rank: 0.00021144 MoE: 2.00070334 weighted MoE: 0.01000352
Train IC loss: 0.93193785 weighted IC loss: 0.00931938
Updating learning rate to 1.9354647317351188e-05
	iters: 100, epoch: 72 | loss: 0.0202002
	speed: 0.1664s/iter; left time: 1180.2540s
	iters: 200, epoch: 72 | loss: 0.0206000
	speed: 0.0715s/iter; left time: 499.8412s
Epoch  72/100 [####################] 248/248 | used 00:17 | left 00:00 | total 38:00 | ETA 14:47
Epoch: 72 cost time: 17.43920111656189
Epoch: 72, Steps: 248 | Train Loss: 0.0198298 Vali Loss: 0.0013273 StockMixer Select Loss: 0.0013347 Test Loss: 0.0004673
Val Financial | IC: 0.006763 RIC: 0.042073 RankIC: -0.010524 Precision@10: 0.515415 SR(top5): 1.604363
Test Financial | IC: 0.012187 RIC: 0.086927 RankIC: 0.012702 Precision@10: 0.517330 SR(top5): 0.509410
Train components | MSE: 0.00031814 Rank: 0.00002051 weighted Rank: 0.00020506 MoE: 2.00070334 weighted MoE: 0.01000352
Train IC loss: 0.93030995 weighted IC loss: 0.00930310
Updating learning rate to 1.8128800512565513e-05
	iters: 100, epoch: 73 | loss: 0.0200605
	speed: 0.1684s/iter; left time: 1152.7042s
	iters: 200, epoch: 73 | loss: 0.0196306
	speed: 0.0665s/iter; left time: 448.6893s
Epoch  73/100 [####################] 248/248 | used 00:18 | left 00:00 | total 38:25 | ETA 14:12
Epoch: 73 cost time: 18.085449695587158
Epoch: 73, Steps: 248 | Train Loss: 0.0198024 Vali Loss: 0.0012495 StockMixer Select Loss: 0.0012565 Test Loss: 0.0004176
Val Financial | IC: 0.011792 RIC: 0.071270 RankIC: 0.001083 Precision@10: 0.518577 SR(top5): 1.779488
Test Financial | IC: 0.015267 RIC: 0.107429 RankIC: 0.013343 Precision@10: 0.510227 SR(top5): 0.818069
Train components | MSE: 0.00031269 Rank: 0.00002020 weighted Rank: 0.00020203 MoE: 2.00070333 weighted MoE: 0.01000352
Train IC loss: 0.92841096 weighted IC loss: 0.00928411
Updating learning rate to 1.6934406733817414e-05
	iters: 100, epoch: 74 | loss: 0.0200996
	speed: 0.1635s/iter; left time: 1078.5633s
	iters: 200, epoch: 74 | loss: 0.0196582
	speed: 0.0757s/iter; left time: 492.0134s
Epoch  74/100 [####################] 248/248 | used 00:17 | left 00:00 | total 38:48 | ETA 13:38
Epoch: 74 cost time: 17.553391933441162
Epoch: 74, Steps: 248 | Train Loss: 0.0197917 Vali Loss: 0.0012590 StockMixer Select Loss: 0.0012661 Test Loss: 0.0004115
Val Financial | IC: 0.003386 RIC: 0.021305 RankIC: -0.003081 Precision@10: 0.520158 SR(top5): 1.814192
Test Financial | IC: 0.012475 RIC: 0.081321 RankIC: 0.014165 Precision@10: 0.510795 SR(top5): 0.773109
Train components | MSE: 0.00029955 Rank: 0.00001977 weighted Rank: 0.00019769 MoE: 2.00070334 weighted MoE: 0.01000352
Train IC loss: 0.92909764 weighted IC loss: 0.00929098
Updating learning rate to 1.5772644703565565e-05
	iters: 100, epoch: 75 | loss: 0.0196988
	speed: 0.1732s/iter; left time: 1099.5239s
	iters: 200, epoch: 75 | loss: 0.0192743
	speed: 0.0721s/iter; left time: 450.8517s
Epoch  75/100 [####################] 248/248 | used 00:18 | left 00:00 | total 39:12 | ETA 13:04
Epoch: 75 cost time: 18.239985466003418
Epoch: 75, Steps: 248 | Train Loss: 0.0197661 Vali Loss: 0.0013203 StockMixer Select Loss: 0.0013287 Test Loss: 0.0004486
Val Financial | IC: 0.012903 RIC: 0.073916 RankIC: -0.006468 Precision@10: 0.520553 SR(top5): 1.536767
Test Financial | IC: 0.008349 RIC: 0.069925 RankIC: 0.011460 Precision@10: 0.513636 SR(top5): 0.431156
Train components | MSE: 0.00030672 Rank: 0.00001913 weighted Rank: 0.00019131 MoE: 2.00070334 weighted MoE: 0.01000352
Train IC loss: 0.92645200 weighted IC loss: 0.00926452
Updating learning rate to 1.4644660940672627e-05
	iters: 100, epoch: 76 | loss: 0.0194060
	speed: 0.1689s/iter; left time: 1030.4596s
	iters: 200, epoch: 76 | loss: 0.0201239
	speed: 0.0686s/iter; left time: 411.7973s
Epoch  76/100 [####################] 248/248 | used 00:18 | left 00:00 | total 39:37 | ETA 12:30
Epoch: 76 cost time: 18.18973731994629
Epoch: 76, Steps: 248 | Train Loss: 0.0197818 Vali Loss: 0.0012490 StockMixer Select Loss: 0.0012556 Test Loss: 0.0004113
Val Financial | IC: 0.002046 RIC: 0.013481 RankIC: -0.005886 Precision@10: 0.516996 SR(top5): 1.793768
Test Financial | IC: 0.013055 RIC: 0.091067 RankIC: 0.011803 Precision@10: 0.506534 SR(top5): 0.827866
Train components | MSE: 0.00030304 Rank: 0.00001922 weighted Rank: 0.00019219 MoE: 2.00070334 weighted MoE: 0.01000352
Train IC loss: 0.92830310 weighted IC loss: 0.00928303
New Best | epoch 76 | validation stockmixer_val_loss=0.00125559 | saved best.pth
Updating learning rate to 1.3551568628929434e-05
	iters: 100, epoch: 77 | loss: 0.0191008
	speed: 0.1662s/iter; left time: 972.6289s
	iters: 200, epoch: 77 | loss: 0.0200495
	speed: 0.0757s/iter; left time: 435.4099s
Epoch  77/100 [####################] 248/248 | used 00:18 | left 00:00 | total 40:01 | ETA 11:57
Epoch: 77 cost time: 18.024879217147827
Epoch: 77, Steps: 248 | Train Loss: 0.0197377 Vali Loss: 0.0012651 StockMixer Select Loss: 0.0012723 Test Loss: 0.0004136
Val Financial | IC: 0.010520 RIC: 0.062395 RankIC: -0.010500 Precision@10: 0.516206 SR(top5): 1.692001
Test Financial | IC: 0.011851 RIC: 0.085517 RankIC: 0.012410 Precision@10: 0.506818 SR(top5): 0.849115
Train components | MSE: 0.00029140 Rank: 0.00001834 weighted Rank: 0.00018337 MoE: 2.00070334 weighted MoE: 0.01000352
Train IC loss: 0.92594079 weighted IC loss: 0.00925941
Updating learning rate to 1.2494446518477027e-05
	iters: 100, epoch: 78 | loss: 0.0204793
	speed: 0.1644s/iter; left time: 921.5051s
	iters: 200, epoch: 78 | loss: 0.0197417
	speed: 0.0691s/iter; left time: 380.4741s
Epoch  78/100 [####################] 248/248 | used 00:17 | left 00:00 | total 40:24 | ETA 11:23
Epoch: 78 cost time: 17.891124963760376
Epoch: 78, Steps: 248 | Train Loss: 0.0197091 Vali Loss: 0.0013706 StockMixer Select Loss: 0.0013771 Test Loss: 0.0005254
Val Financial | IC: 0.003394 RIC: 0.021744 RankIC: 0.002652 Precision@10: 0.513834 SR(top5): 1.798598
Test Financial | IC: 0.010482 RIC: 0.074582 RankIC: 0.010164 Precision@10: 0.511364 SR(top5): 1.096693
Train components | MSE: 0.00029654 Rank: 0.00001795 weighted Rank: 0.00017950 MoE: 2.00070334 weighted MoE: 0.01000352
Train IC loss: 0.92295228 weighted IC loss: 0.00922952
Updating learning rate to 1.1474337861210543e-05
	iters: 100, epoch: 79 | loss: 0.0196276
	speed: 0.1674s/iter; left time: 896.8207s
	iters: 200, epoch: 79 | loss: 0.0193832
	speed: 0.0701s/iter; left time: 368.7523s
Epoch  79/100 [####################] 248/248 | used 00:18 | left 00:00 | total 40:48 | ETA 10:50
Epoch: 79 cost time: 17.99411153793335
Epoch: 79, Steps: 248 | Train Loss: 0.0197062 Vali Loss: 0.0012831 StockMixer Select Loss: 0.0012904 Test Loss: 0.0004166
Val Financial | IC: 0.009804 RIC: 0.058690 RankIC: -0.006396 Precision@10: 0.514625 SR(top5): 1.915723
Test Financial | IC: 0.014360 RIC: 0.103515 RankIC: 0.016325 Precision@10: 0.508239 SR(top5): 0.803288
Train components | MSE: 0.00029984 Rank: 0.00001777 weighted Rank: 0.00017775 MoE: 2.00070334 weighted MoE: 0.01000352
Train IC loss: 0.92251122 weighted IC loss: 0.00922511
Updating learning rate to 1.049224938121548e-05
	iters: 100, epoch: 80 | loss: 0.0192794
	speed: 0.1622s/iter; left time: 828.6013s
	iters: 200, epoch: 80 | loss: 0.0185992
	speed: 0.0764s/iter; left time: 382.4576s
Epoch  80/100 [####################] 248/248 | used 00:18 | left 00:00 | total 41:12 | ETA 10:18
Epoch: 80 cost time: 18.053531646728516
Epoch: 80, Steps: 248 | Train Loss: 0.0197148 Vali Loss: 0.0012808 StockMixer Select Loss: 0.0012875 Test Loss: 0.0004440
Val Financial | IC: 0.012831 RIC: 0.077848 RankIC: -0.002329 Precision@10: 0.513834 SR(top5): 1.813538
Test Financial | IC: 0.011157 RIC: 0.079447 RankIC: 0.012562 Precision@10: 0.501420 SR(top5): 0.182024
Train components | MSE: 0.00029206 Rank: 0.00001726 weighted Rank: 0.00017261 MoE: 2.00070334 weighted MoE: 0.01000352
Train IC loss: 0.92465739 weighted IC loss: 0.00924657
Updating learning rate to 9.549150281252633e-06
	iters: 100, epoch: 81 | loss: 0.0200382
	speed: 0.1637s/iter; left time: 795.6664s
	iters: 200, epoch: 81 | loss: 0.0197549
	speed: 0.0728s/iter; left time: 346.4685s
Epoch  81/100 [####################] 248/248 | used 00:17 | left 00:00 | total 41:35 | ETA 09:45
Epoch: 81 cost time: 17.85689640045166
Epoch: 81, Steps: 248 | Train Loss: 0.0197265 Vali Loss: 0.0012849 StockMixer Select Loss: 0.0012916 Test Loss: 0.0004390
Val Financial | IC: -0.001090 RIC: -0.007187 RankIC: -0.005687 Precision@10: 0.515020 SR(top5): 1.775653
Test Financial | IC: 0.013155 RIC: 0.085783 RankIC: 0.014660 Precision@10: 0.514773 SR(top5): 1.143989
Train components | MSE: 0.00030592 Rank: 0.00001705 weighted Rank: 0.00017046 MoE: 2.00070334 weighted MoE: 0.01000352
Train IC loss: 0.92466154 weighted IC loss: 0.00924662
Updating learning rate to 8.645971286271904e-06
	iters: 100, epoch: 82 | loss: 0.0205731
	speed: 0.1647s/iter; left time: 759.5897s
	iters: 200, epoch: 82 | loss: 0.0195028
	speed: 0.0709s/iter; left time: 320.1013s
Epoch  82/100 [####################] 248/248 | used 00:17 | left 00:00 | total 41:59 | ETA 09:12
Epoch: 82 cost time: 17.869110107421875
Epoch: 82, Steps: 248 | Train Loss: 0.0196860 Vali Loss: 0.0012848 StockMixer Select Loss: 0.0012910 Test Loss: 0.0004614
Val Financial | IC: 0.012375 RIC: 0.078875 RankIC: 0.008619 Precision@10: 0.514229 SR(top5): 2.025341
Test Financial | IC: 0.016151 RIC: 0.113889 RankIC: 0.016472 Precision@10: 0.515341 SR(top5): 1.124129
Train components | MSE: 0.00029197 Rank: 0.00001648 weighted Rank: 0.00016480 MoE: 2.00070334 weighted MoE: 0.01000352
Train IC loss: 0.92256689 weighted IC loss: 0.00922567
Updating learning rate to 7.783603724899257e-06
	iters: 100, epoch: 83 | loss: 0.0193778
	speed: 0.1564s/iter; left time: 682.4848s
	iters: 200, epoch: 83 | loss: 0.0201020
	speed: 0.0395s/iter; left time: 168.3909s
Epoch  83/100 [####################] 248/248 | used 00:12 | left 00:00 | total 42:17 | ETA 08:39
Epoch: 83 cost time: 12.002839803695679
Epoch: 83, Steps: 248 | Train Loss: 0.0196655 Vali Loss: 0.0012676 StockMixer Select Loss: 0.0012739 Test Loss: 0.0004419
Val Financial | IC: 0.008489 RIC: 0.054438 RankIC: 0.002927 Precision@10: 0.513043 SR(top5): 2.183477
Test Financial | IC: 0.015777 RIC: 0.113452 RankIC: 0.014977 Precision@10: 0.519886 SR(top5): 0.745690
Train components | MSE: 0.00028429 Rank: 0.00001618 weighted Rank: 0.00016182 MoE: 2.00070334 weighted MoE: 0.01000352
Train IC loss: 0.92158355 weighted IC loss: 0.00921584
Updating learning rate to 6.962898649802823e-06
	iters: 100, epoch: 84 | loss: 0.0192138
	speed: 0.0908s/iter; left time: 373.9136s
	iters: 200, epoch: 84 | loss: 0.0179682
	speed: 0.0390s/iter; left time: 156.6654s
Epoch  84/100 [####################] 248/248 | used 00:09 | left 00:00 | total 42:30 | ETA 08:05
Epoch: 84 cost time: 9.675666332244873
Epoch: 84, Steps: 248 | Train Loss: 0.0196679 Vali Loss: 0.0013101 StockMixer Select Loss: 0.0013173 Test Loss: 0.0004329
Val Financial | IC: 0.001449 RIC: 0.009029 RankIC: -0.003339 Precision@10: 0.515810 SR(top5): 1.721763
Test Financial | IC: 0.011994 RIC: 0.070003 RankIC: 0.013306 Precision@10: 0.505682 SR(top5): 0.858517
Train components | MSE: 0.00028667 Rank: 0.00001593 weighted Rank: 0.00015934 MoE: 2.00070334 weighted MoE: 0.01000352
Train IC loss: 0.92183619 weighted IC loss: 0.00921836
Updating learning rate to 6.1846659978068265e-06
	iters: 100, epoch: 85 | loss: 0.0190011
	speed: 0.0921s/iter; left time: 356.1666s
	iters: 200, epoch: 85 | loss: 0.0200650
	speed: 0.0387s/iter; left time: 145.9512s
Epoch  85/100 [####################] 248/248 | used 00:09 | left 00:00 | total 42:43 | ETA 07:32
Epoch: 85 cost time: 9.595388174057007
Epoch: 85, Steps: 248 | Train Loss: 0.0196707 Vali Loss: 0.0012731 StockMixer Select Loss: 0.0012803 Test Loss: 0.0004098
Val Financial | IC: 0.004945 RIC: 0.030286 RankIC: -0.010241 Precision@10: 0.522530 SR(top5): 1.803251
Test Financial | IC: 0.009692 RIC: 0.063228 RankIC: 0.011346 Precision@10: 0.512500 SR(top5): 0.379756
Train components | MSE: 0.00028039 Rank: 0.00001599 weighted Rank: 0.00015994 MoE: 2.00070334 weighted MoE: 0.01000352
Train IC loss: 0.92268121 weighted IC loss: 0.00922681
Updating learning rate to 5.449673790581611e-06
	iters: 100, epoch: 86 | loss: 0.0200958
	speed: 0.0907s/iter; left time: 328.5324s
	iters: 200, epoch: 86 | loss: 0.0199974
	speed: 0.0384s/iter; left time: 135.2077s
Epoch  86/100 [####################] 248/248 | used 00:09 | left 00:00 | total 42:56 | ETA 06:59
Epoch: 86 cost time: 9.527176141738892
Epoch: 86, Steps: 248 | Train Loss: 0.0196640 Vali Loss: 0.0012647 StockMixer Select Loss: 0.0012716 Test Loss: 0.0004184
Val Financial | IC: 0.011623 RIC: 0.072078 RankIC: -0.003972 Precision@10: 0.518972 SR(top5): 1.870477
Test Financial | IC: 0.012866 RIC: 0.096996 RankIC: 0.014666 Precision@10: 0.515341 SR(top5): 0.610230
Train components | MSE: 0.00028132 Rank: 0.00001550 weighted Rank: 0.00015498 MoE: 2.00070334 weighted MoE: 0.01000352
Train IC loss: 0.92242031 weighted IC loss: 0.00922420
Updating learning rate to 4.758647376699032e-06
	iters: 100, epoch: 87 | loss: 0.0197530
	speed: 0.0920s/iter; left time: 310.3658s
	iters: 200, epoch: 87 | loss: 0.0190955
	speed: 0.0389s/iter; left time: 127.3941s
Epoch  87/100 [####################] 248/248 | used 00:09 | left 00:00 | total 43:09 | ETA 06:26
Epoch: 87 cost time: 9.6405189037323
Epoch: 87, Steps: 248 | Train Loss: 0.0196521 Vali Loss: 0.0012772 StockMixer Select Loss: 0.0012840 Test Loss: 0.0004121
Val Financial | IC: 0.007984 RIC: 0.048188 RankIC: -0.008980 Precision@10: 0.508696 SR(top5): 1.728420
Test Financial | IC: 0.012651 RIC: 0.082907 RankIC: 0.014313 Precision@10: 0.515057 SR(top5): 0.820585
Train components | MSE: 0.00028005 Rank: 0.00001507 weighted Rank: 0.00015073 MoE: 2.00070334 weighted MoE: 0.01000352
Train IC loss: 0.92178492 weighted IC loss: 0.00921785
Updating learning rate to 4.112268715800943e-06
	iters: 100, epoch: 88 | loss: 0.0198042
	speed: 0.0911s/iter; left time: 284.7043s
	iters: 200, epoch: 88 | loss: 0.0183458
	speed: 0.0387s/iter; left time: 117.0457s
Epoch  88/100 [####################] 248/248 | used 00:09 | left 00:00 | total 43:22 | ETA 05:54
Epoch: 88 cost time: 9.599109649658203
Epoch: 88, Steps: 248 | Train Loss: 0.0196122 Vali Loss: 0.0012900 StockMixer Select Loss: 0.0012964 Test Loss: 0.0004314
Val Financial | IC: 0.004628 RIC: 0.028983 RankIC: -0.005996 Precision@10: 0.518577 SR(top5): 1.999935
Test Financial | IC: 0.013811 RIC: 0.091751 RankIC: 0.014204 Precision@10: 0.520170 SR(top5): 1.140807
Train components | MSE: 0.00027830 Rank: 0.00001466 weighted Rank: 0.00014655 MoE: 2.00070334 weighted MoE: 0.01000352
Train IC loss: 0.91838428 weighted IC loss: 0.00918384
Updating learning rate to 3.511175705587433e-06
	iters: 100, epoch: 89 | loss: 0.0194143
	speed: 0.0905s/iter; left time: 260.4157s
	iters: 200, epoch: 89 | loss: 0.0206887
	speed: 0.0388s/iter; left time: 107.7208s
Epoch  89/100 [####################] 248/248 | used 00:09 | left 00:00 | total 43:35 | ETA 05:23
Epoch: 89 cost time: 9.638303518295288
Epoch: 89, Steps: 248 | Train Loss: 0.0196092 Vali Loss: 0.0012663 StockMixer Select Loss: 0.0012725 Test Loss: 0.0004145
Val Financial | IC: 0.006949 RIC: 0.044471 RankIC: -0.005053 Precision@10: 0.522530 SR(top5): 1.947069
Test Financial | IC: 0.012919 RIC: 0.091160 RankIC: 0.013794 Precision@10: 0.519318 SR(top5): 0.650816
Train components | MSE: 0.00027587 Rank: 0.00001432 weighted Rank: 0.00014316 MoE: 2.00070334 weighted MoE: 0.01000352
Train IC loss: 0.91865995 weighted IC loss: 0.00918660
Updating learning rate to 2.9559615522887273e-06
	iters: 100, epoch: 90 | loss: 0.0196471
	speed: 0.0906s/iter; left time: 238.1949s
	iters: 200, epoch: 90 | loss: 0.0196170
	speed: 0.0385s/iter; left time: 97.3530s
Epoch  90/100 [####################] 248/248 | used 00:09 | left 00:00 | total 43:48 | ETA 04:52
Epoch: 90 cost time: 9.560774087905884
Epoch: 90, Steps: 248 | Train Loss: 0.0196005 Vali Loss: 0.0012595 StockMixer Select Loss: 0.0012659 Test Loss: 0.0004112
Val Financial | IC: 0.007315 RIC: 0.046595 RankIC: -0.005624 Precision@10: 0.518972 SR(top5): 1.840824
Test Financial | IC: 0.012850 RIC: 0.088927 RankIC: 0.014182 Precision@10: 0.519034 SR(top5): 0.837356
Train components | MSE: 0.00027455 Rank: 0.00001423 weighted Rank: 0.00014232 MoE: 2.00070334 weighted MoE: 0.01000352
Train IC loss: 0.91801608 weighted IC loss: 0.00918016
Updating learning rate to 2.4471741852423237e-06
	iters: 100, epoch: 91 | loss: 0.0192269
	speed: 0.0928s/iter; left time: 221.0282s
	iters: 200, epoch: 91 | loss: 0.0190235
	speed: 0.0389s/iter; left time: 88.7497s
Epoch  91/100 [####################] 248/248 | used 00:09 | left 00:00 | total 44:01 | ETA 04:21
Epoch: 91 cost time: 9.629911184310913
Epoch: 91, Steps: 248 | Train Loss: 0.0195752 Vali Loss: 0.0012558 StockMixer Select Loss: 0.0012621 Test Loss: 0.0004130
Val Financial | IC: 0.005199 RIC: 0.032703 RankIC: -0.005274 Precision@10: 0.513439 SR(top5): 1.851715
Test Financial | IC: 0.012609 RIC: 0.084610 RankIC: 0.013753 Precision@10: 0.513068 SR(top5): 0.631421
Train components | MSE: 0.00027730 Rank: 0.00001398 weighted Rank: 0.00013975 MoE: 2.00070334 weighted MoE: 0.01000352
Train IC loss: 0.91546308 weighted IC loss: 0.00915463
Updating learning rate to 1.985315716152847e-06
	iters: 100, epoch: 92 | loss: 0.0175270
	speed: 0.0904s/iter; left time: 192.9282s
	iters: 200, epoch: 92 | loss: 0.0202228
	speed: 0.0384s/iter; left time: 77.9812s
Epoch  92/100 [####################] 248/248 | used 00:09 | left 00:00 | total 44:14 | ETA 03:50
Epoch: 92 cost time: 9.527612924575806
Epoch: 92, Steps: 248 | Train Loss: 0.0195833 Vali Loss: 0.0012531 StockMixer Select Loss: 0.0012593 Test Loss: 0.0004088
Val Financial | IC: 0.004643 RIC: 0.029647 RankIC: -0.004920 Precision@10: 0.514625 SR(top5): 1.956143
Test Financial | IC: 0.013822 RIC: 0.094727 RankIC: 0.014725 Precision@10: 0.512500 SR(top5): 0.801733
Train components | MSE: 0.00027320 Rank: 0.00001390 weighted Rank: 0.00013902 MoE: 2.00070334 weighted MoE: 0.01000352
Train IC loss: 0.91676056 weighted IC loss: 0.00916761
Updating learning rate to 1.5708419435684462e-06
	iters: 100, epoch: 93 | loss: 0.0201796
	speed: 0.0908s/iter; left time: 171.1735s
	iters: 200, epoch: 93 | loss: 0.0199607
	speed: 0.0387s/iter; left time: 69.1080s
Epoch  93/100 [####################] 248/248 | used 00:09 | left 00:00 | total 44:27 | ETA 03:20
Epoch: 93 cost time: 9.576440334320068
Epoch: 93, Steps: 248 | Train Loss: 0.0195880 Vali Loss: 0.0012531 StockMixer Select Loss: 0.0012593 Test Loss: 0.0004091
Val Financial | IC: 0.005560 RIC: 0.035588 RankIC: -0.005849 Precision@10: 0.517391 SR(top5): 1.969895
Test Financial | IC: 0.013515 RIC: 0.093091 RankIC: 0.014385 Precision@10: 0.513068 SR(top5): 0.500574
Train components | MSE: 0.00027440 Rank: 0.00001376 weighted Rank: 0.00013762 MoE: 2.00070334 weighted MoE: 0.01000352
Train IC loss: 0.91724983 weighted IC loss: 0.00917250
Updating learning rate to 1.2041619030626284e-06
	iters: 100, epoch: 94 | loss: 0.0191721
	speed: 0.0905s/iter; left time: 148.1775s
	iters: 200, epoch: 94 | loss: 0.0199129
	speed: 0.0387s/iter; left time: 59.5478s
Epoch  94/100 [####################] 248/248 | used 00:09 | left 00:00 | total 44:40 | ETA 02:51
Epoch: 94 cost time: 9.561045408248901
Epoch: 94, Steps: 248 | Train Loss: 0.0195705 Vali Loss: 0.0012606 StockMixer Select Loss: 0.0012667 Test Loss: 0.0004143
Val Financial | IC: 0.004788 RIC: 0.030979 RankIC: -0.005171 Precision@10: 0.515810 SR(top5): 1.944415
Test Financial | IC: 0.013865 RIC: 0.097002 RankIC: 0.014512 Precision@10: 0.515909 SR(top5): 0.798072
Train components | MSE: 0.00027249 Rank: 0.00001357 weighted Rank: 0.00013567 MoE: 2.00070334 weighted MoE: 0.01000352
Train IC loss: 0.91588614 weighted IC loss: 0.00915886
Updating learning rate to 8.856374635655695e-07
	iters: 100, epoch: 95 | loss: 0.0200340
	speed: 0.0917s/iter; left time: 127.3773s
	iters: 200, epoch: 95 | loss: 0.0193913
	speed: 0.0386s/iter; left time: 49.7308s
Epoch  95/100 [####################] 248/248 | used 00:09 | left 00:00 | total 44:53 | ETA 02:21
Epoch: 95 cost time: 9.581719398498535
Epoch: 95, Steps: 248 | Train Loss: 0.0195794 Vali Loss: 0.0012547 StockMixer Select Loss: 0.0012609 Test Loss: 0.0004129
Val Financial | IC: 0.006502 RIC: 0.040959 RankIC: -0.007523 Precision@10: 0.515020 SR(top5): 1.762445
Test Financial | IC: 0.013111 RIC: 0.090396 RankIC: 0.013976 Precision@10: 0.515625 SR(top5): 0.695705
Train components | MSE: 0.00027100 Rank: 0.00001342 weighted Rank: 0.00013420 MoE: 2.00070334 weighted MoE: 0.01000352
Train IC loss: 0.91706704 weighted IC loss: 0.00917067
Updating learning rate to 6.15582970243117e-07
	iters: 100, epoch: 96 | loss: 0.0196865
	speed: 0.0903s/iter; left time: 103.0393s
	iters: 200, epoch: 96 | loss: 0.0190253
	speed: 0.0381s/iter; left time: 39.6510s
Epoch  96/100 [####################] 248/248 | used 00:09 | left 00:00 | total 45:05 | ETA 01:52
Epoch: 96 cost time: 9.442687273025513
Epoch: 96, Steps: 248 | Train Loss: 0.0195590 Vali Loss: 0.0012520 StockMixer Select Loss: 0.0012582 Test Loss: 0.0004093
Val Financial | IC: 0.006388 RIC: 0.040468 RankIC: -0.007161 Precision@10: 0.515810 SR(top5): 1.835631
Test Financial | IC: 0.013596 RIC: 0.094377 RankIC: 0.014437 Precision@10: 0.513636 SR(top5): 0.697588
Train components | MSE: 0.00027080 Rank: 0.00001353 weighted Rank: 0.00013534 MoE: 2.00070334 weighted MoE: 0.01000352
Train IC loss: 0.91493808 weighted IC loss: 0.00914938
Updating learning rate to 3.9426493427611177e-07
	iters: 100, epoch: 97 | loss: 0.0191966
	speed: 0.0909s/iter; left time: 81.1608s
	iters: 200, epoch: 97 | loss: 0.0196122
	speed: 0.0378s/iter; left time: 30.0119s
Epoch  97/100 [####################] 248/248 | used 00:09 | left 00:00 | total 45:18 | ETA 01:24
Epoch: 97 cost time: 9.416455030441284
Epoch: 97, Steps: 248 | Train Loss: 0.0195654 Vali Loss: 0.0012520 StockMixer Select Loss: 0.0012581 Test Loss: 0.0004098
Val Financial | IC: 0.005326 RIC: 0.033923 RankIC: -0.006924 Precision@10: 0.516601 SR(top5): 1.908490
Test Financial | IC: 0.013484 RIC: 0.092481 RankIC: 0.014227 Precision@10: 0.515057 SR(top5): 0.735602
Train components | MSE: 0.00027071 Rank: 0.00001338 weighted Rank: 0.00013383 MoE: 2.00070334 weighted MoE: 0.01000352
Train IC loss: 0.91573376 weighted IC loss: 0.00915734
Updating learning rate to 2.219017698460002e-07
	iters: 100, epoch: 98 | loss: 0.0197680
	speed: 0.0890s/iter; left time: 57.3893s
	iters: 200, epoch: 98 | loss: 0.0188111
	speed: 0.0377s/iter; left time: 20.5456s
Epoch  98/100 [####################] 248/248 | used 00:09 | left 00:00 | total 45:31 | ETA 00:55
Epoch: 98 cost time: 9.371500492095947
Epoch: 98, Steps: 248 | Train Loss: 0.0195700 Vali Loss: 0.0012572 StockMixer Select Loss: 0.0012634 Test Loss: 0.0004101
Val Financial | IC: 0.005850 RIC: 0.037065 RankIC: -0.007290 Precision@10: 0.514625 SR(top5): 1.872170
Test Financial | IC: 0.013284 RIC: 0.091273 RankIC: 0.014155 Precision@10: 0.512216 SR(top5): 0.574114
Train components | MSE: 0.00027007 Rank: 0.00001340 weighted Rank: 0.00013398 MoE: 2.00070334 weighted MoE: 0.01000352
Train IC loss: 0.91623971 weighted IC loss: 0.00916240
Updating learning rate to 9.866357858642205e-08
	iters: 100, epoch: 99 | loss: 0.0188172
	speed: 0.0900s/iter; left time: 35.7405s
	iters: 200, epoch: 99 | loss: 0.0189244
	speed: 0.0382s/iter; left time: 11.3511s
Epoch  99/100 [####################] 248/248 | used 00:09 | left 00:00 | total 45:44 | ETA 00:27
Epoch: 99 cost time: 9.495794534683228
Epoch: 99, Steps: 248 | Train Loss: 0.0195612 Vali Loss: 0.0012552 StockMixer Select Loss: 0.0012614 Test Loss: 0.0004091
Val Financial | IC: 0.006078 RIC: 0.038460 RankIC: -0.007280 Precision@10: 0.515810 SR(top5): 1.828049
Test Financial | IC: 0.013293 RIC: 0.091512 RankIC: 0.014156 Precision@10: 0.513068 SR(top5): 0.610128
Train components | MSE: 0.00026984 Rank: 0.00001332 weighted Rank: 0.00013325 MoE: 2.00070334 weighted MoE: 0.01000352
Train IC loss: 0.91546328 weighted IC loss: 0.00915463
Updating learning rate to 2.467198171342e-08
	iters: 100, epoch: 100 | loss: 0.0191483
	speed: 0.0901s/iter; left time: 13.4256s
	iters: 200, epoch: 100 | loss: 0.0195739
	speed: 0.0378s/iter; left time: 1.8504s
Epoch 100/100 [####################] 248/248 | used 00:09 | left 00:00 | total 45:57 | ETA 00:00
Epoch: 100 cost time: 9.423032283782959
Epoch: 100, Steps: 248 | Train Loss: 0.0195606 Vali Loss: 0.0012549 StockMixer Select Loss: 0.0012611 Test Loss: 0.0004090
Val Financial | IC: 0.006068 RIC: 0.038394 RankIC: -0.007298 Precision@10: 0.515415 SR(top5): 1.828049
Test Financial | IC: 0.013294 RIC: 0.091470 RankIC: 0.014160 Precision@10: 0.513068 SR(top5): 0.620752
Train components | MSE: 0.00027014 Rank: 0.00001335 weighted Rank: 0.00013354 MoE: 2.00070334 weighted MoE: 0.01000352
Train IC loss: 0.91533708 weighted IC loss: 0.00915337
Updating learning rate to 0.0
>>>>>>>testing : long_term_forecast_SP500_eod5_16_1_TimeFilter_SP500_ftM_sl16_ll0_pl1_dm256_nh4_el1_dl1_df1024_fc1_ebtimeF_dtTrue_test_0<<<<<<<<<<<<<<<<<<<<<<<<<<<<<<<<<
test 352
mse:0.0004112864553462714, mae:0.014398409053683281
Final Test | best.pth from epoch 76
Final Test Financial | IC: 0.013055 RIC: 0.091067 RankIC: 0.011803 Precision@10: 0.506534 SR(top5): 0.827866
Financial results saved: D:\finance\model\Timefilter\TimeFilter\outputs\SP500_2026_10_08_02_07\results\long_term_forecast_SP500_eod5_16_1_TimeFilter_SP500_ftM_sl16_ll0_pl1_dm256_nh4_el1_dl1_df1024_fc1_ebtimeF_dtTrue_test_0\financial
