Run directory: D:\finance\model\Timefilter\TimeFilter\outputs\SP500_2026_10_08_02_11
Args in experiment:
Basic Config
  Task Name:          long_term_forecast  Is Training:        1                   
  Model ID:           SP500_eod5_16_1     Model:              TimeFilter          

Data Loader
  Data:               SP500               Root Path:          D:\finance\model\Timefilter\TimeFilter\stockmixer_dataset\SP500
  Data Path:          SP500.npy           Features:           M                   
  Target:             OT                  Freq:               d                   
  Checkpoints:        ./checkpoints/      

Forecasting Task
  Seq Len:            16                  Label Len:          0                   
  Pred Len:           1                   Seasonal Patterns:  Monthly             
  Inverse:            0                   

Model Parameters
  Top k:              5                   Num Kernels:        6                   
  Enc In:             474                 Dec In:             474                 
  C Out:              474                 d model:            256                 
  n heads:            4                   e layers:           1                   
  d layers:           1                   d FF:               1024                
  Moving Avg:         25                  Factor:             1                   
  Distil:             1                   Dropout:            0.1                 
  Embed:              timeF               Activation:         gelu                
  Output Attention:   0                   

Run Parameters
  Num Workers:        0                   Itr:                1                   
  Train Epochs:       100                 Batch Size:         8                   
  Patience:           3                   Learning Rate:      0.0001              
  Des:                test                Loss:               MSE                 
  Lradj:              cosine              Use Amp:            0                   

GPU
  Use GPU:            1                   GPU:                0                   
  Use Multi GPU:      0                   Devices:            0,1,2,3             

De-stationary Projector Params
  P Hidden Dims:      128, 128            P Hidden Layers:    2                   

Financial protocol | seed=2021 patch_len=8 input=eod5 norm=False rank_weight=5.0 alpha=0.2 moe_aux_weight=0.005 selection=validation:stockmixer_val_loss selection_rank_weight=0.1 optimizer=adamw weight_decay=0.0001 grad_clip_norm=1.0 test_each_epoch=True validation_only=False
Finance adaptation | {"enabled": true, "graph": {"strict_masked_softmax": true}, "input_adapter": {"enabled": true, "indicator_mixer": {"enabled": true, "hidden_dim": 16}, "input_layernorm": true, "temporal_mixer": {"enabled": true, "hidden_dim": 16}}, "loss": {"ic_weight": 0.01}, "positional_encoding": {"mode": "patch_only"}}
Use GPU: cuda:0
>>>>>>>start training : long_term_forecast_SP500_eod5_16_1_TimeFilter_SP500_ftM_sl16_ll0_pl1_dm256_nh4_el1_dl1_df1024_fc1_ebtimeF_dtTrue_test_0>>>>>>>>>>>>>>>>>>>>>>>>>>
train 990
val 253
test 352
Financial reports: D:\finance\model\Timefilter\TimeFilter\outputs\SP500_2026_10_08_02_11\results\long_term_forecast_SP500_eod5_16_1_TimeFilter_SP500_ftM_sl16_ll0_pl1_dm256_nh4_el1_dl1_df1024_fc1_ebtimeF_dtTrue_test_0\financial
[Gradient Diagnostic] stage=pretrain epoch=0 batch_size=8 train_indices=0|141|282|423|565|706|847|989 (weighted gradients, before clipping)
  Grad norm | MSE: 6.41165  Rank: 0.0343346  IC: 0.0244723  MoE: 0.512241
  / MSE     | Rank: 0.005355  IC: 0.003817  MoE: 0.07989
  Weights   | MSE: 1  Rank: 5  IC: 0.01  MoE: 0.005
  Saved: D:\finance\model\Timefilter\TimeFilter\outputs\SP500_2026_10_08_02_11\results\long_term_forecast_SP500_eod5_16_1_TimeFilter_SP500_ftM_sl16_ll0_pl1_dm256_nh4_el1_dl1_df1024_fc1_ebtimeF_dtTrue_test_0\financial\gradient_diagnostics.csv
	iters: 100, epoch: 1 | loss: 0.0234787
	speed: 0.2010s/iter; left time: 2472.0113s
Epoch   1/100 [####################] 124/124 | used 00:18 | left 00:00 | total 00:18 | ETA 30:51
Epoch: 1 cost time: 18.69833254814148
Epoch: 1, Steps: 124 | Train Loss: 0.0561681 Vali Loss: 0.0021903 StockMixer Select Loss: 0.0022218 Test Loss: 0.0008897
Val Financial | IC: -0.001758 RIC: -0.009868 RankIC: 0.006134 Precision@10: 0.524901 SR(top5): 1.503765
Test Financial | IC: -0.003451 RIC: -0.024727 RankIC: -0.003713 Precision@10: 0.523011 SR(top5): 0.287104
Train components | MSE: 0.01067455 Rank: 0.00037076 weighted Rank: 0.00185380 MoE: 6.72955220 weighted MoE: 0.03364776
Train IC loss: 0.99919552 weighted IC loss: 0.00999196
New Best | epoch 1 | validation stockmixer_val_loss=0.00222180 | saved best.pth
Updating learning rate to 9.997532801828658e-05
[Gradient Diagnostic] stage=post_epoch epoch=1 batch_size=8 train_indices=0|141|282|423|565|706|847|989 (weighted gradients, before clipping)
  Grad norm | MSE: 0.542379  Rank: 0.0486965  IC: 0.0807617  MoE: 0.00640067
  / MSE     | Rank: 0.08978  IC: 0.1489  MoE: 0.0118
  Weights   | MSE: 1  Rank: 5  IC: 0.01  MoE: 0.005
  Saved: D:\finance\model\Timefilter\TimeFilter\outputs\SP500_2026_10_08_02_11\results\long_term_forecast_SP500_eod5_16_1_TimeFilter_SP500_ftM_sl16_ll0_pl1_dm256_nh4_el1_dl1_df1024_fc1_ebtimeF_dtTrue_test_0\financial\gradient_diagnostics.csv
	iters: 100, epoch: 2 | loss: 0.0232803
	speed: 0.2493s/iter; left time: 3035.5178s
Epoch   2/100 [####################] 124/124 | used 00:17 | left 00:00 | total 00:43 | ETA 35:46
Epoch: 2 cost time: 17.953821897506714
Epoch: 2, Steps: 124 | Train Loss: 0.0225890 Vali Loss: 0.0068073 StockMixer Select Loss: 0.0068305 Test Loss: 0.0063570
Val Financial | IC: -0.006443 RIC: -0.037250 RankIC: 0.007100 Precision@10: 0.516996 SR(top5): 0.850338
Test Financial | IC: 0.000220 RIC: 0.001461 RankIC: 0.001546 Precision@10: 0.521307 SR(top5): -0.574187
Train components | MSE: 0.00155392 Rank: 0.00018111 weighted Rank: 0.00090553 MoE: 2.02322162 weighted MoE: 0.01011611
Train IC loss: 1.00134486 weighted IC loss: 0.01001345
Updating learning rate to 9.990133642141359e-05
	iters: 100, epoch: 3 | loss: 0.0220883
	speed: 0.2546s/iter; left time: 3068.5894s
Epoch   3/100 [####################] 124/124 | used 00:18 | left 00:00 | total 01:09 | ETA 37:15
Epoch: 3 cost time: 18.812501668930054
Epoch: 3, Steps: 124 | Train Loss: 0.0220710 Vali Loss: 0.0015995 StockMixer Select Loss: 0.0016190 Test Loss: 0.0005827
Val Financial | IC: 0.002083 RIC: 0.012463 RankIC: 0.008832 Precision@10: 0.501186 SR(top5): 1.320760
Test Financial | IC: 0.003853 RIC: 0.026066 RankIC: 0.003778 Precision@10: 0.525000 SR(top5): 0.091667
Train components | MSE: 0.00141011 Rank: 0.00013748 weighted Rank: 0.00068738 MoE: 2.00359545 weighted MoE: 0.01001798
Train IC loss: 0.99555293 weighted IC loss: 0.00995553
New Best | epoch 3 | validation stockmixer_val_loss=0.00161898 | saved best.pth
Updating learning rate to 9.977809823015401e-05
	iters: 100, epoch: 4 | loss: 0.0220729
	speed: 0.2548s/iter; left time: 3039.8127s
Epoch   4/100 [####################] 124/124 | used 00:18 | left 00:00 | total 01:34 | ETA 37:42
Epoch: 4 cost time: 18.77444553375244
Epoch: 4, Steps: 124 | Train Loss: 0.0215628 Vali Loss: 0.0034522 StockMixer Select Loss: 0.0034728 Test Loss: 0.0021867
Val Financial | IC: 0.018294 RIC: 0.100958 RankIC: 0.009876 Precision@10: 0.518182 SR(top5): 1.851853
Test Financial | IC: 0.005849 RIC: 0.042158 RankIC: 0.004778 Precision@10: 0.516761 SR(top5): 0.629808
Train components | MSE: 0.00109717 Rank: 0.00011936 weighted Rank: 0.00059681 MoE: 2.00191521 weighted MoE: 0.01000958
Train IC loss: 0.98592014 weighted IC loss: 0.00985920
Updating learning rate to 9.96057350657239e-05
	iters: 100, epoch: 5 | loss: 0.0220526
	speed: 0.2427s/iter; left time: 2865.0956s
Epoch   5/100 [####################] 124/124 | used 00:18 | left 00:00 | total 01:58 | ETA 37:30
Epoch: 5 cost time: 18.29663848876953
Epoch: 5, Steps: 124 | Train Loss: 0.0215911 Vali Loss: 0.0015195 StockMixer Select Loss: 0.0015377 Test Loss: 0.0005365
Val Financial | IC: 0.015979 RIC: 0.093038 RankIC: 0.011990 Precision@10: 0.525296 SR(top5): 2.208611
Test Financial | IC: 0.000940 RIC: 0.006191 RankIC: -0.003141 Precision@10: 0.522727 SR(top5): 0.887242
Train components | MSE: 0.00116274 Rank: 0.00010650 weighted Rank: 0.00053250 MoE: 2.00141497 weighted MoE: 0.01000707
Train IC loss: 0.98887972 weighted IC loss: 0.00988880
New Best | epoch 5 | validation stockmixer_val_loss=0.00153771 | saved best.pth
Updating learning rate to 9.938441702975689e-05
[Gradient Diagnostic] stage=post_epoch epoch=5 batch_size=8 train_indices=0|141|282|423|565|706|847|989 (weighted gradients, before clipping)
  Grad norm | MSE: 0.206872  Rank: 0.0271132  IC: 0.201934  MoE: 0.00019368
  / MSE     | Rank: 0.1311  IC: 0.9761  MoE: 0.0009362
  Weights   | MSE: 1  Rank: 5  IC: 0.01  MoE: 0.005
  Saved: D:\finance\model\Timefilter\TimeFilter\outputs\SP500_2026_10_08_02_11\results\long_term_forecast_SP500_eod5_16_1_TimeFilter_SP500_ftM_sl16_ll0_pl1_dm256_nh4_el1_dl1_df1024_fc1_ebtimeF_dtTrue_test_0\financial\gradient_diagnostics.csv
	iters: 100, epoch: 6 | loss: 0.0206527
	speed: 0.2422s/iter; left time: 2829.0686s
Epoch   6/100 [####################] 124/124 | used 00:17 | left 00:00 | total 02:22 | ETA 37:11
Epoch: 6 cost time: 17.500244617462158
Epoch: 6, Steps: 124 | Train Loss: 0.0210618 Vali Loss: 0.0019966 StockMixer Select Loss: 0.0020179 Test Loss: 0.0010026
Val Financial | IC: 0.020299 RIC: 0.106936 RankIC: 0.008807 Precision@10: 0.518972 SR(top5): 2.454581
Test Financial | IC: 0.002528 RIC: 0.017161 RankIC: -0.000601 Precision@10: 0.518750 SR(top5): 0.658790
Train components | MSE: 0.00068858 Rank: 0.00010036 weighted Rank: 0.00050181 MoE: 2.00111795 weighted MoE: 0.01000559
Train IC loss: 0.98657938 weighted IC loss: 0.00986579
Updating learning rate to 9.911436253643445e-05
	iters: 100, epoch: 7 | loss: 0.0250287
	speed: 0.2385s/iter; left time: 2755.9639s
Epoch   7/100 [####################] 124/124 | used 00:17 | left 00:00 | total 02:46 | ETA 36:56
Epoch: 7 cost time: 17.855716705322266
Epoch: 7, Steps: 124 | Train Loss: 0.0216689 Vali Loss: 0.0018679 StockMixer Select Loss: 0.0018895 Test Loss: 0.0008751
Val Financial | IC: 0.004980 RIC: 0.024302 RankIC: 0.003791 Precision@10: 0.503162 SR(top5): 1.268236
Test Financial | IC: -0.002485 RIC: -0.012558 RankIC: -0.003124 Precision@10: 0.498864 SR(top5): 0.226126
Train components | MSE: 0.00133313 Rank: 0.00009157 weighted Rank: 0.00045785 MoE: 2.00098400 weighted MoE: 0.01000492
Train IC loss: 0.98729554 weighted IC loss: 0.00987296
Updating learning rate to 9.879583809693738e-05
	iters: 100, epoch: 8 | loss: 0.0202296
	speed: 0.2429s/iter; left time: 2776.9278s
Epoch   8/100 [####################] 124/124 | used 00:17 | left 00:00 | total 03:11 | ETA 36:38
Epoch: 8 cost time: 17.781197547912598
Epoch: 8, Steps: 124 | Train Loss: 0.0213508 Vali Loss: 0.0033527 StockMixer Select Loss: 0.0033722 Test Loss: 0.0026017
Val Financial | IC: 0.023098 RIC: 0.127681 RankIC: 0.011877 Precision@10: 0.520158 SR(top5): 2.115958
Test Financial | IC: 0.004987 RIC: 0.032002 RankIC: 0.001996 Precision@10: 0.504830 SR(top5): 0.253828
Train components | MSE: 0.00102601 Rank: 0.00009124 weighted Rank: 0.00045618 MoE: 2.00094070 weighted MoE: 0.01000470
Train IC loss: 0.98638640 weighted IC loss: 0.00986386
Updating learning rate to 9.842915805643155e-05
	iters: 100, epoch: 9 | loss: 0.0207405
	speed: 0.2503s/iter; left time: 2830.4411s
Epoch   9/100 [####################] 124/124 | used 00:18 | left 00:00 | total 03:36 | ETA 36:26
Epoch: 9 cost time: 18.52707028388977
Epoch: 9, Steps: 124 | Train Loss: 0.0209592 Vali Loss: 0.0017293 StockMixer Select Loss: 0.0017536 Test Loss: 0.0005547
Val Financial | IC: -0.002541 RIC: -0.011308 RankIC: -0.003431 Precision@10: 0.507905 SR(top5): 1.146112
Test Financial | IC: -0.001508 RIC: -0.007290 RankIC: -0.001181 Precision@10: 0.503693 SR(top5): 0.316519
Train components | MSE: 0.00067336 Rank: 0.00008832 weighted Rank: 0.00044159 MoE: 2.00087757 weighted MoE: 0.01000439
Train IC loss: 0.98399065 weighted IC loss: 0.00983991
Updating learning rate to 9.801468428384716e-05
	iters: 100, epoch: 10 | loss: 0.0199795
	speed: 0.2441s/iter; left time: 2729.7551s
Epoch  10/100 [####################] 124/124 | used 00:17 | left 00:00 | total 04:00 | ETA 36:04
Epoch: 10 cost time: 17.787700653076172
Epoch: 10, Steps: 124 | Train Loss: 0.0207677 Vali Loss: 0.0016693 StockMixer Select Loss: 0.0016876 Test Loss: 0.0006586
Val Financial | IC: 0.007011 RIC: 0.037653 RankIC: -0.004665 Precision@10: 0.520949 SR(top5): 1.826705
Test Financial | IC: 0.006807 RIC: 0.041968 RankIC: 0.004487 Precision@10: 0.514205 SR(top5): 1.086073
Train components | MSE: 0.00054255 Rank: 0.00008053 weighted Rank: 0.00040265 MoE: 2.00081733 weighted MoE: 0.01000409
Train IC loss: 0.98184172 weighted IC loss: 0.00981842
Updating learning rate to 9.755282581475769e-05
	iters: 100, epoch: 11 | loss: 0.0213700
	speed: 0.2481s/iter; left time: 2744.3158s
Epoch  11/100 [####################] 124/124 | used 00:18 | left 00:00 | total 04:25 | ETA 35:47
Epoch: 11 cost time: 18.825119018554688
Epoch: 11, Steps: 124 | Train Loss: 0.0208035 Vali Loss: 0.0023137 StockMixer Select Loss: 0.0023293 Test Loss: 0.0012949
Val Financial | IC: 0.003776 RIC: 0.022837 RankIC: 0.008161 Precision@10: 0.515810 SR(top5): 2.036096
Test Financial | IC: 0.004057 RIC: 0.026156 RankIC: 0.003554 Precision@10: 0.507955 SR(top5): 0.333950
Train components | MSE: 0.00060576 Rank: 0.00007935 weighted Rank: 0.00039677 MoE: 2.00080735 weighted MoE: 0.01000404
Train IC loss: 0.97969739 weighted IC loss: 0.00979697
Updating learning rate to 9.704403844771128e-05
	iters: 100, epoch: 12 | loss: 0.0212757
	speed: 0.2564s/iter; left time: 2804.3735s
Epoch  12/100 [####################] 124/124 | used 00:18 | left 00:00 | total 04:50 | ETA 35:30
Epoch: 12 cost time: 18.701170444488525
Epoch: 12, Steps: 124 | Train Loss: 0.0208687 Vali Loss: 0.0018106 StockMixer Select Loss: 0.0018278 Test Loss: 0.0009239
Val Financial | IC: 0.006929 RIC: 0.035994 RankIC: -0.005644 Precision@10: 0.515810 SR(top5): 1.792549
Test Financial | IC: 0.007587 RIC: 0.044073 RankIC: 0.005417 Precision@10: 0.513920 SR(top5): 1.057397
Train components | MSE: 0.00065120 Rank: 0.00007863 weighted Rank: 0.00039314 MoE: 2.00077741 weighted MoE: 0.01000389
Train IC loss: 0.98205246 weighted IC loss: 0.00982052
Updating learning rate to 9.648882429441257e-05
	iters: 100, epoch: 13 | loss: 0.0209773
	speed: 0.2394s/iter; left time: 2588.6034s
Epoch  13/100 [####################] 124/124 | used 00:17 | left 00:00 | total 05:14 | ETA 35:03
Epoch: 13 cost time: 17.400484561920166
Epoch: 13, Steps: 124 | Train Loss: 0.0207450 Vali Loss: 0.0015352 StockMixer Select Loss: 0.0015508 Test Loss: 0.0005244
Val Financial | IC: -0.001414 RIC: -0.008090 RankIC: 0.005196 Precision@10: 0.521344 SR(top5): 1.438552
Test Financial | IC: -0.006215 RIC: -0.042340 RankIC: -0.008693 Precision@10: 0.507102 SR(top5): -0.086943
Train components | MSE: 0.00052863 Rank: 0.00007809 weighted Rank: 0.00039044 MoE: 2.00076007 weighted MoE: 0.01000380
Train IC loss: 0.98221592 weighted IC loss: 0.00982216
Updating learning rate to 9.588773128419906e-05
	iters: 100, epoch: 14 | loss: 0.0211008
	speed: 0.2311s/iter; left time: 2469.8069s
Epoch  14/100 [####################] 124/124 | used 00:17 | left 00:00 | total 05:37 | ETA 34:32
Epoch: 14 cost time: 17.41692090034485
Epoch: 14, Steps: 124 | Train Loss: 0.0207696 Vali Loss: 0.0015163 StockMixer Select Loss: 0.0015347 Test Loss: 0.0004734
Val Financial | IC: 0.019586 RIC: 0.101383 RankIC: 0.003812 Precision@10: 0.520158 SR(top5): 1.756917
Test Financial | IC: 0.001032 RIC: 0.007543 RankIC: 0.001334 Precision@10: 0.506250 SR(top5): -0.034273
Train components | MSE: 0.00057125 Rank: 0.00007745 weighted Rank: 0.00038725 MoE: 2.00074955 weighted MoE: 0.01000375
Train IC loss: 0.98073407 weighted IC loss: 0.00980734
New Best | epoch 14 | validation stockmixer_val_loss=0.00153469 | saved best.pth
Updating learning rate to 9.524135262330098e-05
	iters: 100, epoch: 15 | loss: 0.0203927
	speed: 0.2288s/iter; left time: 2417.5586s
Epoch  15/100 [####################] 124/124 | used 00:17 | left 00:00 | total 06:00 | ETA 34:05
Epoch: 15 cost time: 17.312490463256836
Epoch: 15, Steps: 124 | Train Loss: 0.0206463 Vali Loss: 0.0014154 StockMixer Select Loss: 0.0014329 Test Loss: 0.0004950
Val Financial | IC: -0.007518 RIC: -0.038015 RankIC: -0.000028 Precision@10: 0.524506 SR(top5): 1.333143
Test Financial | IC: 0.006072 RIC: 0.036406 RankIC: 0.005995 Precision@10: 0.507955 SR(top5): 0.728226
Train components | MSE: 0.00054259 Rank: 0.00007423 weighted Rank: 0.00037113 MoE: 2.00073790 weighted MoE: 0.01000369
Train IC loss: 0.97289082 weighted IC loss: 0.00972891
New Best | epoch 15 | validation stockmixer_val_loss=0.00143289 | saved best.pth
Updating learning rate to 9.45503262094184e-05
	iters: 100, epoch: 16 | loss: 0.0217978
	speed: 0.2373s/iter; left time: 2477.7647s
Epoch  16/100 [####################] 124/124 | used 00:17 | left 00:00 | total 06:24 | ETA 33:39
Epoch: 16 cost time: 17.4718656539917
Epoch: 16, Steps: 124 | Train Loss: 0.0207366 Vali Loss: 0.0013653 StockMixer Select Loss: 0.0013768 Test Loss: 0.0005035
Val Financial | IC: 0.007495 RIC: 0.046119 RankIC: 0.002333 Precision@10: 0.511462 SR(top5): 1.457698
Test Financial | IC: 0.006768 RIC: 0.045012 RankIC: 0.009250 Precision@10: 0.513068 SR(top5): 0.334888
Train components | MSE: 0.00062942 Rank: 0.00006728 weighted Rank: 0.00033642 MoE: 2.00073450 weighted MoE: 0.01000367
Train IC loss: 0.97671368 weighted IC loss: 0.00976714
New Best | epoch 16 | validation stockmixer_val_loss=0.00137683 | saved best.pth
Updating learning rate to 9.381533400219318e-05
	iters: 100, epoch: 17 | loss: 0.0204832
	speed: 0.2359s/iter; left time: 2434.2524s
Epoch  17/100 [####################] 124/124 | used 00:17 | left 00:00 | total 06:48 | ETA 33:13
Epoch: 17 cost time: 17.290696620941162
Epoch: 17, Steps: 124 | Train Loss: 0.0206113 Vali Loss: 0.0014008 StockMixer Select Loss: 0.0014133 Test Loss: 0.0005424
Val Financial | IC: 0.021027 RIC: 0.131811 RankIC: 0.019132 Precision@10: 0.515020 SR(top5): 2.045516
Test Financial | IC: 0.008317 RIC: 0.059241 RankIC: 0.007741 Precision@10: 0.517898 SR(top5): 1.327057
Train components | MSE: 0.00049722 Rank: 0.00006641 weighted Rank: 0.00033203 MoE: 2.00072988 weighted MoE: 0.01000365
Train IC loss: 0.97784448 weighted IC loss: 0.00977844
Updating learning rate to 9.30371013501972e-05
	iters: 100, epoch: 18 | loss: 0.0208414
	speed: 0.2371s/iter; left time: 2417.0850s
Epoch  18/100 [####################] 124/124 | used 00:17 | left 00:00 | total 07:11 | ETA 32:47
Epoch: 18 cost time: 17.4237642288208
Epoch: 18, Steps: 124 | Train Loss: 0.0206865 Vali Loss: 0.0017541 StockMixer Select Loss: 0.0017691 Test Loss: 0.0008726
Val Financial | IC: 0.008972 RIC: 0.046960 RankIC: 0.005095 Precision@10: 0.511858 SR(top5): 1.617486
Test Financial | IC: 0.008852 RIC: 0.050003 RankIC: 0.008578 Precision@10: 0.521875 SR(top5): 1.001423
Train components | MSE: 0.00057767 Rank: 0.00007110 weighted Rank: 0.00035552 MoE: 2.00072411 weighted MoE: 0.01000362
Train IC loss: 0.97497097 weighted IC loss: 0.00974971
Updating learning rate to 9.221639627510076e-05
	iters: 100, epoch: 19 | loss: 0.0200793
	speed: 0.2371s/iter; left time: 2387.4252s
Epoch  19/100 [####################] 124/124 | used 00:17 | left 00:00 | total 07:35 | ETA 32:22
Epoch: 19 cost time: 17.890742778778076
Epoch: 19, Steps: 124 | Train Loss: 0.0205516 Vali Loss: 0.0016601 StockMixer Select Loss: 0.0016770 Test Loss: 0.0007226
Val Financial | IC: 0.004582 RIC: 0.023507 RankIC: -0.002880 Precision@10: 0.513834 SR(top5): 1.726649
Test Financial | IC: 0.005186 RIC: 0.029260 RankIC: 0.004117 Precision@10: 0.515341 SR(top5): 0.527016
Train components | MSE: 0.00048641 Rank: 0.00006671 weighted Rank: 0.00033356 MoE: 2.00072278 weighted MoE: 0.01000361
Train IC loss: 0.97279995 weighted IC loss: 0.00972800
Updating learning rate to 9.135402871372808e-05
	iters: 100, epoch: 20 | loss: 0.0201706
	speed: 0.2447s/iter; left time: 2433.5909s
Epoch  20/100 [####################] 124/124 | used 00:18 | left 00:00 | total 07:59 | ETA 31:58
Epoch: 20 cost time: 18.177494764328003
Epoch: 20, Steps: 124 | Train Loss: 0.0206637 Vali Loss: 0.0014460 StockMixer Select Loss: 0.0014618 Test Loss: 0.0005042
Val Financial | IC: 0.003675 RIC: 0.019414 RankIC: -0.003442 Precision@10: 0.508300 SR(top5): 1.797552
Test Financial | IC: 0.007497 RIC: 0.044312 RankIC: 0.006864 Precision@10: 0.510511 SR(top5): 1.247187
Train components | MSE: 0.00057319 Rank: 0.00006572 weighted Rank: 0.00032860 MoE: 2.00072366 weighted MoE: 0.01000362
Train IC loss: 0.97583216 weighted IC loss: 0.00975832
Updating learning rate to 9.045084971874738e-05
	iters: 100, epoch: 21 | loss: 0.0214805
	speed: 0.2386s/iter; left time: 2343.2382s
Epoch  21/100 [####################] 124/124 | used 00:17 | left 00:00 | total 08:23 | ETA 31:34
Epoch: 21 cost time: 17.659531354904175
Epoch: 21, Steps: 124 | Train Loss: 0.0205469 Vali Loss: 0.0013833 StockMixer Select Loss: 0.0013970 Test Loss: 0.0005122
Val Financial | IC: 0.015821 RIC: 0.089882 RankIC: 0.011925 Precision@10: 0.518972 SR(top5): 2.111319
Test Financial | IC: 0.008907 RIC: 0.054341 RankIC: 0.009355 Precision@10: 0.507102 SR(top5): 0.399342
Train components | MSE: 0.00048275 Rank: 0.00006491 weighted Rank: 0.00032455 MoE: 2.00072127 weighted MoE: 0.01000361
Train IC loss: 0.97359844 weighted IC loss: 0.00973598
Updating learning rate to 8.950775061878453e-05
	iters: 100, epoch: 22 | loss: 0.0211789
	speed: 0.2357s/iter; left time: 2286.0045s
Epoch  22/100 [####################] 124/124 | used 00:17 | left 00:00 | total 08:46 | ETA 31:08
Epoch: 22 cost time: 17.311488151550293
Epoch: 22, Steps: 124 | Train Loss: 0.0205591 Vali Loss: 0.0014366 StockMixer Select Loss: 0.0014502 Test Loss: 0.0005596
Val Financial | IC: 0.021907 RIC: 0.128846 RankIC: 0.013011 Precision@10: 0.511462 SR(top5): 1.673774
Test Financial | IC: 0.010573 RIC: 0.066441 RankIC: 0.011284 Precision@10: 0.520170 SR(top5): -0.084553
Train components | MSE: 0.00048327 Rank: 0.00006415 weighted Rank: 0.00032074 MoE: 2.00071534 weighted MoE: 0.01000358
Train IC loss: 0.97515341 weighted IC loss: 0.00975153
Updating learning rate to 8.852566213878947e-05
	iters: 100, epoch: 23 | loss: 0.0206336
	speed: 0.2294s/iter; left time: 2196.0122s
Epoch  23/100 [####################] 124/124 | used 00:17 | left 00:00 | total 09:10 | ETA 30:42
Epoch: 23 cost time: 17.445935249328613
Epoch: 23, Steps: 124 | Train Loss: 0.0204950 Vali Loss: 0.0016963 StockMixer Select Loss: 0.0017199 Test Loss: 0.0004937
Val Financial | IC: 0.008486 RIC: 0.043262 RankIC: -0.003788 Precision@10: 0.516206 SR(top5): 1.876720
Test Financial | IC: 0.004421 RIC: 0.024352 RankIC: 0.003292 Precision@10: 0.503125 SR(top5): 0.515541
Train components | MSE: 0.00045953 Rank: 0.00006191 weighted Rank: 0.00030954 MoE: 2.00071368 weighted MoE: 0.01000357
Train IC loss: 0.97223196 weighted IC loss: 0.00972232
Updating learning rate to 8.750555348152298e-05
	iters: 100, epoch: 24 | loss: 0.0207043
	speed: 0.2364s/iter; left time: 2233.3453s
Epoch  24/100 [####################] 124/124 | used 00:17 | left 00:00 | total 09:34 | ETA 30:18
Epoch: 24 cost time: 17.36729407310486
Epoch: 24, Steps: 124 | Train Loss: 0.0204772 Vali Loss: 0.0014159 StockMixer Select Loss: 0.0014275 Test Loss: 0.0005414
Val Financial | IC: -0.001535 RIC: -0.009959 RankIC: -0.000086 Precision@10: 0.504743 SR(top5): 1.611532
Test Financial | IC: 0.004715 RIC: 0.032455 RankIC: 0.006516 Precision@10: 0.514205 SR(top5): -0.050621
Train components | MSE: 0.00047286 Rank: 0.00006281 weighted Rank: 0.00031406 MoE: 2.00070902 weighted MoE: 0.01000355
Train IC loss: 0.96867715 weighted IC loss: 0.00968677
Updating learning rate to 8.644843137107059e-05
	iters: 100, epoch: 25 | loss: 0.0203263
	speed: 0.2369s/iter; left time: 2209.0548s
Epoch  25/100 [####################] 124/124 | used 00:17 | left 00:00 | total 09:57 | ETA 29:53
Epoch: 25 cost time: 17.41268491744995
Epoch: 25, Steps: 124 | Train Loss: 0.0204421 Vali Loss: 0.0013510 StockMixer Select Loss: 0.0013632 Test Loss: 0.0004755
Val Financial | IC: 0.010170 RIC: 0.062062 RankIC: 0.004439 Precision@10: 0.523320 SR(top5): 1.934183
Test Financial | IC: 0.000168 RIC: 0.001259 RankIC: -0.001467 Precision@10: 0.508807 SR(top5): 0.576335
Train components | MSE: 0.00047312 Rank: 0.00005955 weighted Rank: 0.00029775 MoE: 2.00071095 weighted MoE: 0.01000355
Train IC loss: 0.96676419 weighted IC loss: 0.00966764
New Best | epoch 25 | validation stockmixer_val_loss=0.00136318 | saved best.pth
Updating learning rate to 8.535533905932738e-05
	iters: 100, epoch: 26 | loss: 0.0206667
	speed: 0.2450s/iter; left time: 2254.5361s
Epoch  26/100 [####################] 124/124 | used 00:17 | left 00:00 | total 10:22 | ETA 29:31
Epoch: 26 cost time: 17.95136523246765
Epoch: 26, Steps: 124 | Train Loss: 0.0204581 Vali Loss: 0.0014565 StockMixer Select Loss: 0.0014702 Test Loss: 0.0005496
Val Financial | IC: 0.011803 RIC: 0.073582 RankIC: 0.002906 Precision@10: 0.526482 SR(top5): 2.083540
Test Financial | IC: 0.008071 RIC: 0.053259 RankIC: 0.008225 Precision@10: 0.509943 SR(top5): 0.845019
Train components | MSE: 0.00045241 Rank: 0.00006035 weighted Rank: 0.00030176 MoE: 2.00071244 weighted MoE: 0.01000356
Train IC loss: 0.97003394 weighted IC loss: 0.00970034
Updating learning rate to 8.422735529643444e-05
	iters: 100, epoch: 27 | loss: 0.0202271
	speed: 0.2365s/iter; left time: 2146.2880s
Epoch  27/100 [####################] 124/124 | used 00:17 | left 00:00 | total 10:45 | ETA 29:06
Epoch: 27 cost time: 17.843175172805786
Epoch: 27, Steps: 124 | Train Loss: 0.0204874 Vali Loss: 0.0014018 StockMixer Select Loss: 0.0014132 Test Loss: 0.0005123
Val Financial | IC: 0.003843 RIC: 0.025027 RankIC: 0.004687 Precision@10: 0.516206 SR(top5): 2.112430
Test Financial | IC: 0.008328 RIC: 0.052474 RankIC: 0.008956 Precision@10: 0.514489 SR(top5): 1.271188
Train components | MSE: 0.00054017 Rank: 0.00005902 weighted Rank: 0.00029508 MoE: 2.00071340 weighted MoE: 0.01000357
Train IC loss: 0.96485644 weighted IC loss: 0.00964856
Updating learning rate to 8.306559326618259e-05
	iters: 100, epoch: 28 | loss: 0.0209007
	speed: 0.2381s/iter; left time: 2131.9910s
Epoch  28/100 [####################] 124/124 | used 00:17 | left 00:00 | total 11:09 | ETA 28:41
Epoch: 28 cost time: 17.92767071723938
Epoch: 28, Steps: 124 | Train Loss: 0.0205232 Vali Loss: 0.0013429 StockMixer Select Loss: 0.0013556 Test Loss: 0.0004469
Val Financial | IC: 0.009884 RIC: 0.051663 RankIC: 0.006108 Precision@10: 0.517787 SR(top5): 2.039058
Test Financial | IC: 0.005700 RIC: 0.033221 RankIC: 0.004161 Precision@10: 0.512784 SR(top5): 1.314963
Train components | MSE: 0.00053786 Rank: 0.00005964 weighted Rank: 0.00029822 MoE: 2.00071194 weighted MoE: 0.01000356
Train IC loss: 0.96835717 weighted IC loss: 0.00968357
New Best | epoch 28 | validation stockmixer_val_loss=0.00135556 | saved best.pth
Updating learning rate to 8.18711994874345e-05
	iters: 100, epoch: 29 | loss: 0.0203767
	speed: 0.2352s/iter; left time: 2076.3537s
Epoch  29/100 [####################] 124/124 | used 00:17 | left 00:00 | total 11:32 | ETA 28:16
Epoch: 29 cost time: 17.216586351394653
Epoch: 29, Steps: 124 | Train Loss: 0.0204031 Vali Loss: 0.0015400 StockMixer Select Loss: 0.0015573 Test Loss: 0.0004611
Val Financial | IC: 0.007344 RIC: 0.042032 RankIC: -0.004376 Precision@10: 0.511067 SR(top5): 1.894412
Test Financial | IC: 0.005752 RIC: 0.034245 RankIC: 0.007859 Precision@10: 0.509659 SR(top5): 0.195245
Train components | MSE: 0.00042770 Rank: 0.00005889 weighted Rank: 0.00029443 MoE: 2.00070972 weighted MoE: 0.01000355
Train IC loss: 0.96774211 weighted IC loss: 0.00967742
Updating learning rate to 8.064535268264883e-05
	iters: 100, epoch: 30 | loss: 0.0200751
	speed: 0.2349s/iter; left time: 2044.4819s
Epoch  30/100 [####################] 124/124 | used 00:17 | left 00:00 | total 11:56 | ETA 27:50
Epoch: 30 cost time: 17.14338183403015
Epoch: 30, Steps: 124 | Train Loss: 0.0204606 Vali Loss: 0.0014069 StockMixer Select Loss: 0.0014216 Test Loss: 0.0004708
Val Financial | IC: -0.000166 RIC: -0.001001 RankIC: -0.010560 Precision@10: 0.507115 SR(top5): 1.579334
Test Financial | IC: 0.008501 RIC: 0.057390 RankIC: 0.006861 Precision@10: 0.512500 SR(top5): 0.464745
Train components | MSE: 0.00049661 Rank: 0.00005860 weighted Rank: 0.00029302 MoE: 2.00071225 weighted MoE: 0.01000356
Train IC loss: 0.96674043 weighted IC loss: 0.00966740
Updating learning rate to 7.938926261462366e-05
	iters: 100, epoch: 31 | loss: 0.0211061
	speed: 0.2300s/iter; left time: 1974.0260s
Epoch  31/100 [####################] 124/124 | used 00:17 | left 00:00 | total 12:19 | ETA 27:26
Epoch: 31 cost time: 17.40100932121277
Epoch: 31, Steps: 124 | Train Loss: 0.0203049 Vali Loss: 0.0013709 StockMixer Select Loss: 0.0013837 Test Loss: 0.0004789
Val Financial | IC: 0.002014 RIC: 0.011320 RankIC: 0.000655 Precision@10: 0.522134 SR(top5): 1.829203
Test Financial | IC: 0.005959 RIC: 0.042102 RankIC: 0.004520 Precision@10: 0.519886 SR(top5): 0.994704
Train components | MSE: 0.00038516 Rank: 0.00005384 weighted Rank: 0.00026922 MoE: 2.00070781 weighted MoE: 0.01000354
Train IC loss: 0.96469710 weighted IC loss: 0.00964697
Updating learning rate to 7.810416889260653e-05
	iters: 100, epoch: 32 | loss: 0.0203346
	speed: 0.2371s/iter; left time: 2004.8619s
Epoch  32/100 [####################] 124/124 | used 00:17 | left 00:00 | total 12:43 | ETA 27:02
Epoch: 32 cost time: 17.43728756904602
Epoch: 32, Steps: 124 | Train Loss: 0.0203062 Vali Loss: 0.0013366 StockMixer Select Loss: 0.0013484 Test Loss: 0.0004372
Val Financial | IC: 0.017746 RIC: 0.107945 RankIC: 0.002207 Precision@10: 0.520158 SR(top5): 1.811852
Test Financial | IC: 0.009818 RIC: 0.068542 RankIC: 0.007823 Precision@10: 0.510795 SR(top5): 0.996785
Train components | MSE: 0.00042859 Rank: 0.00005365 weighted Rank: 0.00026825 MoE: 2.00070902 weighted MoE: 0.01000355
Train IC loss: 0.96058285 weighted IC loss: 0.00960583
New Best | epoch 32 | validation stockmixer_val_loss=0.00134843 | saved best.pth
Updating learning rate to 7.679133974894983e-05
	iters: 100, epoch: 33 | loss: 0.0211973
	speed: 0.2362s/iter; left time: 1968.3502s
Epoch  33/100 [####################] 124/124 | used 00:17 | left 00:00 | total 13:07 | ETA 26:38
Epoch: 33 cost time: 17.431543588638306
Epoch: 33, Steps: 124 | Train Loss: 0.0203058 Vali Loss: 0.0016471 StockMixer Select Loss: 0.0016591 Test Loss: 0.0007456
Val Financial | IC: 0.017078 RIC: 0.096255 RankIC: 0.009687 Precision@10: 0.526087 SR(top5): 1.851044
Test Financial | IC: 0.007215 RIC: 0.044036 RankIC: 0.006389 Precision@10: 0.507955 SR(top5): 1.119564
Train components | MSE: 0.00041062 Rank: 0.00005467 weighted Rank: 0.00027334 MoE: 2.00070759 weighted MoE: 0.01000354
Train IC loss: 0.96182632 weighted IC loss: 0.00961826
Updating learning rate to 7.545207078751857e-05
	iters: 100, epoch: 34 | loss: 0.0208882
	speed: 0.2398s/iter; left time: 1968.5369s
Epoch  34/100 [####################] 124/124 | used 00:17 | left 00:00 | total 13:31 | ETA 26:14
Epoch: 34 cost time: 17.717691659927368
Epoch: 34, Steps: 124 | Train Loss: 0.0203934 Vali Loss: 0.0017586 StockMixer Select Loss: 0.0017759 Test Loss: 0.0007685
Val Financial | IC: -0.014516 RIC: -0.070507 RankIC: -0.002026 Precision@10: 0.515415 SR(top5): 1.678418
Test Financial | IC: 0.004984 RIC: 0.026055 RankIC: 0.008232 Precision@10: 0.501705 SR(top5): 0.324566
Train components | MSE: 0.00049621 Rank: 0.00005370 weighted Rank: 0.00026849 MoE: 2.00070900 weighted MoE: 0.01000355
Train IC loss: 0.96251200 weighted IC loss: 0.00962512
Updating learning rate to 7.408768370508576e-05
	iters: 100, epoch: 35 | loss: 0.0196231
	speed: 0.2351s/iter; left time: 1900.7610s
Epoch  35/100 [####################] 124/124 | used 00:17 | left 00:00 | total 13:54 | ETA 25:49
Epoch: 35 cost time: 17.57885217666626
Epoch: 35, Steps: 124 | Train Loss: 0.0203222 Vali Loss: 0.0013679 StockMixer Select Loss: 0.0013800 Test Loss: 0.0004704
Val Financial | IC: 0.008262 RIC: 0.050618 RankIC: -0.001908 Precision@10: 0.525296 SR(top5): 1.920260
Test Financial | IC: 0.002161 RIC: 0.016860 RankIC: 0.000999 Precision@10: 0.501989 SR(top5): -0.537741
Train components | MSE: 0.00041670 Rank: 0.00005473 weighted Rank: 0.00027367 MoE: 2.00070898 weighted MoE: 0.01000354
Train IC loss: 0.96283286 weighted IC loss: 0.00962833
Updating learning rate to 7.269952498697734e-05
	iters: 100, epoch: 36 | loss: 0.0198852
	speed: 0.2477s/iter; left time: 1971.8334s
Epoch  36/100 [####################] 124/124 | used 00:18 | left 00:00 | total 14:18 | ETA 25:26
Epoch: 36 cost time: 18.287137031555176
Epoch: 36, Steps: 124 | Train Loss: 0.0203657 Vali Loss: 0.0017903 StockMixer Select Loss: 0.0018045 Test Loss: 0.0008119
Val Financial | IC: 0.010305 RIC: 0.062712 RankIC: -0.007298 Precision@10: 0.517391 SR(top5): 1.808578
Test Financial | IC: 0.011089 RIC: 0.083373 RankIC: 0.012672 Precision@10: 0.513636 SR(top5): 0.578013
Train components | MSE: 0.00046529 Rank: 0.00005407 weighted Rank: 0.00027035 MoE: 2.00071060 weighted MoE: 0.01000355
Train IC loss: 0.96265590 weighted IC loss: 0.00962656
Updating learning rate to 7.128896457825364e-05
	iters: 100, epoch: 37 | loss: 0.0211366
	speed: 0.2379s/iter; left time: 1864.0448s
Epoch  37/100 [####################] 124/124 | used 00:17 | left 00:00 | total 14:42 | ETA 25:02
Epoch: 37 cost time: 17.47907567024231
Epoch: 37, Steps: 124 | Train Loss: 0.0203007 Vali Loss: 0.0016701 StockMixer Select Loss: 0.0016814 Test Loss: 0.0007580
Val Financial | IC: -0.001215 RIC: -0.007719 RankIC: -0.003002 Precision@10: 0.519763 SR(top5): 1.607169
Test Financial | IC: 0.008107 RIC: 0.053695 RankIC: 0.007575 Precision@10: 0.510511 SR(top5): -0.098131
Train components | MSE: 0.00041678 Rank: 0.00005150 weighted Rank: 0.00025749 MoE: 2.00070914 weighted MoE: 0.01000355
Train IC loss: 0.96228569 weighted IC loss: 0.00962286
Updating learning rate to 6.985739453173903e-05
	iters: 100, epoch: 38 | loss: 0.0201488
	speed: 0.2348s/iter; left time: 1811.1035s
Epoch  38/100 [####################] 124/124 | used 00:17 | left 00:00 | total 15:06 | ETA 24:38
Epoch: 38 cost time: 17.33277940750122
Epoch: 38, Steps: 124 | Train Loss: 0.0202670 Vali Loss: 0.0013451 StockMixer Select Loss: 0.0013563 Test Loss: 0.0004788
Val Financial | IC: 0.012570 RIC: 0.080093 RankIC: 0.016204 Precision@10: 0.535573 SR(top5): 2.107221
Test Financial | IC: 0.014593 RIC: 0.101335 RankIC: 0.016768 Precision@10: 0.505966 SR(top5): 0.662675
Train components | MSE: 0.00042218 Rank: 0.00005053 weighted Rank: 0.00025265 MoE: 2.00071193 weighted MoE: 0.01000356
Train IC loss: 0.95885780 weighted IC loss: 0.00958858
Updating learning rate to 6.840622763423391e-05
	iters: 100, epoch: 39 | loss: 0.0202273
	speed: 0.2349s/iter; left time: 1782.3359s
Epoch  39/100 [####################] 124/124 | used 00:17 | left 00:00 | total 15:30 | ETA 24:14
Epoch: 39 cost time: 17.59952402114868
Epoch: 39, Steps: 124 | Train Loss: 0.0203039 Vali Loss: 0.0014159 StockMixer Select Loss: 0.0014281 Test Loss: 0.0004930
Val Financial | IC: -0.005241 RIC: -0.031765 RankIC: -0.001445 Precision@10: 0.516601 SR(top5): 1.587074
Test Financial | IC: 0.004070 RIC: 0.025426 RankIC: 0.002767 Precision@10: 0.509375 SR(top5): 0.237388
Train components | MSE: 0.00041792 Rank: 0.00005287 weighted Rank: 0.00026433 MoE: 2.00070981 weighted MoE: 0.01000355
Train IC loss: 0.96180655 weighted IC loss: 0.00961807
Updating learning rate to 6.693689601226458e-05
	iters: 100, epoch: 40 | loss: 0.0206595
	speed: 0.2338s/iter; left time: 1745.6426s
Epoch  40/100 [####################] 124/124 | used 00:17 | left 00:00 | total 15:53 | ETA 23:50
Epoch: 40 cost time: 17.399643659591675
Epoch: 40, Steps: 124 | Train Loss: 0.0203531 Vali Loss: 0.0014622 StockMixer Select Loss: 0.0014750 Test Loss: 0.0005085
Val Financial | IC: 0.023654 RIC: 0.140968 RankIC: 0.015756 Precision@10: 0.518972 SR(top5): 2.122705
Test Financial | IC: 0.009360 RIC: 0.073054 RankIC: 0.011437 Precision@10: 0.510511 SR(top5): 0.279688
Train components | MSE: 0.00052635 Rank: 0.00004975 weighted Rank: 0.00024876 MoE: 2.00071129 weighted MoE: 0.01000356
Train IC loss: 0.95743888 weighted IC loss: 0.00957439
Updating learning rate to 6.545084971874738e-05
	iters: 100, epoch: 41 | loss: 0.0201170
	speed: 0.2372s/iter; left time: 1741.4923s
Epoch  41/100 [####################] 124/124 | used 00:17 | left 00:00 | total 16:17 | ETA 23:26
Epoch: 41 cost time: 17.414952516555786
Epoch: 41, Steps: 124 | Train Loss: 0.0202877 Vali Loss: 0.0015266 StockMixer Select Loss: 0.0015378 Test Loss: 0.0006261
Val Financial | IC: -0.002758 RIC: -0.016756 RankIC: -0.001790 Precision@10: 0.515415 SR(top5): 1.603607
Test Financial | IC: 0.008006 RIC: 0.049844 RankIC: 0.005847 Precision@10: 0.506250 SR(top5): 0.478365
Train components | MSE: 0.00047559 Rank: 0.00004880 weighted Rank: 0.00024401 MoE: 2.00071037 weighted MoE: 0.01000355
Train IC loss: 0.95645226 weighted IC loss: 0.00956452
Updating learning rate to 6.394955530196147e-05
	iters: 100, epoch: 42 | loss: 0.0210413
	speed: 0.2422s/iter; left time: 1747.6819s
Epoch  42/100 [####################] 124/124 | used 00:18 | left 00:00 | total 16:41 | ETA 23:03
Epoch: 42 cost time: 18.18982195854187
Epoch: 42, Steps: 124 | Train Loss: 0.0202358 Vali Loss: 0.0014051 StockMixer Select Loss: 0.0014171 Test Loss: 0.0005100
Val Financial | IC: 0.004085 RIC: 0.026666 RankIC: -0.000770 Precision@10: 0.528458 SR(top5): 2.007853
Test Financial | IC: 0.005429 RIC: 0.034757 RankIC: 0.004471 Precision@10: 0.508523 SR(top5): 0.151338
Train components | MSE: 0.00042759 Rank: 0.00004933 weighted Rank: 0.00024664 MoE: 2.00071105 weighted MoE: 0.01000356
Train IC loss: 0.95580486 weighted IC loss: 0.00955805
Updating learning rate to 6.243449435824276e-05
	iters: 100, epoch: 43 | loss: 0.0206335
	speed: 0.2377s/iter; left time: 1686.0526s
Epoch  43/100 [####################] 124/124 | used 00:17 | left 00:00 | total 17:05 | ETA 22:39
Epoch: 43 cost time: 17.93505859375
Epoch: 43, Steps: 124 | Train Loss: 0.0202005 Vali Loss: 0.0013364 StockMixer Select Loss: 0.0013480 Test Loss: 0.0004337
Val Financial | IC: 0.014066 RIC: 0.091539 RankIC: 0.008236 Precision@10: 0.524506 SR(top5): 2.179920
Test Financial | IC: 0.009192 RIC: 0.063238 RankIC: 0.011071 Precision@10: 0.519034 SR(top5): 0.907892
Train components | MSE: 0.00039170 Rank: 0.00004933 weighted Rank: 0.00024667 MoE: 2.00070880 weighted MoE: 0.01000354
Train IC loss: 0.95586162 weighted IC loss: 0.00955862
New Best | epoch 43 | validation stockmixer_val_loss=0.00134795 | saved best.pth
Updating learning rate to 6.090716206982714e-05
	iters: 100, epoch: 44 | loss: 0.0199461
	speed: 0.2372s/iter; left time: 1652.8222s
Epoch  44/100 [####################] 124/124 | used 00:17 | left 00:00 | total 17:28 | ETA 22:14
Epoch: 44 cost time: 17.93790578842163
Epoch: 44, Steps: 124 | Train Loss: 0.0202070 Vali Loss: 0.0013396 StockMixer Select Loss: 0.0013499 Test Loss: 0.0004431
Val Financial | IC: 0.012689 RIC: 0.078617 RankIC: 0.004739 Precision@10: 0.514229 SR(top5): 1.806623
Test Financial | IC: 0.012152 RIC: 0.075922 RankIC: 0.009681 Precision@10: 0.504545 SR(top5): 0.655564
Train components | MSE: 0.00041415 Rank: 0.00004805 weighted Rank: 0.00024025 MoE: 2.00070931 weighted MoE: 0.01000355
Train IC loss: 0.95490841 weighted IC loss: 0.00954908
Updating learning rate to 5.9369065729286245e-05
	iters: 100, epoch: 45 | loss: 0.0203130
	speed: 0.2351s/iter; left time: 1609.2719s
Epoch  45/100 [####################] 124/124 | used 00:17 | left 00:00 | total 17:51 | ETA 21:50
Epoch: 45 cost time: 17.379271268844604
Epoch: 45, Steps: 124 | Train Loss: 0.0201823 Vali Loss: 0.0013593 StockMixer Select Loss: 0.0013724 Test Loss: 0.0004388
Val Financial | IC: 0.016272 RIC: 0.103797 RankIC: 0.004442 Precision@10: 0.519763 SR(top5): 2.133080
Test Financial | IC: 0.005818 RIC: 0.041441 RankIC: 0.006434 Precision@10: 0.506250 SR(top5): 0.400089
Train components | MSE: 0.00038492 Rank: 0.00004778 weighted Rank: 0.00023891 MoE: 2.00071034 weighted MoE: 0.01000355
Train IC loss: 0.95549233 weighted IC loss: 0.00955492
Updating learning rate to 5.782172325201155e-05
	iters: 100, epoch: 46 | loss: 0.0198724
	speed: 0.2350s/iter; left time: 1579.1013s
Epoch  46/100 [####################] 124/124 | used 00:17 | left 00:00 | total 18:15 | ETA 21:26
Epoch: 46 cost time: 17.248862266540527
Epoch: 46, Steps: 124 | Train Loss: 0.0201579 Vali Loss: 0.0013635 StockMixer Select Loss: 0.0013758 Test Loss: 0.0004730
Val Financial | IC: 0.015413 RIC: 0.093545 RankIC: 0.008425 Precision@10: 0.530435 SR(top5): 1.864515
Test Financial | IC: 0.007099 RIC: 0.044797 RankIC: 0.009907 Precision@10: 0.519886 SR(top5): 0.617421
Train components | MSE: 0.00038784 Rank: 0.00004866 weighted Rank: 0.00024332 MoE: 2.00070460 weighted MoE: 0.01000352
Train IC loss: 0.95232355 weighted IC loss: 0.00952324
Updating learning rate to 5.6266661678215216e-05
	iters: 100, epoch: 47 | loss: 0.0203898
	speed: 0.2352s/iter; left time: 1551.5811s
Epoch  47/100 [####################] 124/124 | used 00:17 | left 00:00 | total 18:39 | ETA 21:02
Epoch: 47 cost time: 17.46507692337036
Epoch: 47, Steps: 124 | Train Loss: 0.0201121 Vali Loss: 0.0013942 StockMixer Select Loss: 0.0014072 Test Loss: 0.0004382
Val Financial | IC: 0.004920 RIC: 0.032632 RankIC: -0.001064 Precision@10: 0.524111 SR(top5): 1.930314
Test Financial | IC: 0.008579 RIC: 0.055219 RankIC: 0.008948 Precision@10: 0.502557 SR(top5): 0.623296
Train components | MSE: 0.00037479 Rank: 0.00004570 weighted Rank: 0.00022848 MoE: 2.00071023 weighted MoE: 0.01000355
Train IC loss: 0.95052697 weighted IC loss: 0.00950527
Updating learning rate to 5.470541566592573e-05
	iters: 100, epoch: 48 | loss: 0.0201912
	speed: 0.2366s/iter; left time: 1531.2048s
Epoch  48/100 [####################] 124/124 | used 00:17 | left 00:00 | total 19:03 | ETA 20:38
Epoch: 48 cost time: 17.456754684448242
Epoch: 48, Steps: 124 | Train Loss: 0.0201764 Vali Loss: 0.0015196 StockMixer Select Loss: 0.0015303 Test Loss: 0.0006389
Val Financial | IC: 0.019303 RIC: 0.118844 RankIC: 0.010210 Precision@10: 0.525296 SR(top5): 2.139679
Test Financial | IC: 0.014872 RIC: 0.102482 RankIC: 0.014851 Precision@10: 0.529261 SR(top5): 2.327807
Train components | MSE: 0.00043487 Rank: 0.00004741 weighted Rank: 0.00023705 MoE: 2.00070536 weighted MoE: 0.01000353
Train IC loss: 0.95010032 weighted IC loss: 0.00950100
Updating learning rate to 5.313952597646568e-05
	iters: 100, epoch: 49 | loss: 0.0194839
	speed: 0.2380s/iter; left time: 1511.0760s
Epoch  49/100 [####################] 124/124 | used 00:17 | left 00:00 | total 19:26 | ETA 20:14
Epoch: 49 cost time: 17.446321964263916
Epoch: 49, Steps: 124 | Train Loss: 0.0200937 Vali Loss: 0.0013962 StockMixer Select Loss: 0.0014079 Test Loss: 0.0004580
Val Financial | IC: -0.001061 RIC: -0.006228 RankIC: -0.002085 Precision@10: 0.508696 SR(top5): 1.482586
Test Financial | IC: 0.005945 RIC: 0.034973 RankIC: 0.004084 Precision@10: 0.503409 SR(top5): 0.862168
Train components | MSE: 0.00036460 Rank: 0.00004545 weighted Rank: 0.00022725 MoE: 2.00070571 weighted MoE: 0.01000353
Train IC loss: 0.94983209 weighted IC loss: 0.00949832
Updating learning rate to 5.157053795390642e-05
	iters: 100, epoch: 50 | loss: 0.0198970
	speed: 0.2432s/iter; left time: 1514.1527s
Epoch  50/100 [####################] 124/124 | used 00:18 | left 00:00 | total 19:51 | ETA 19:51
Epoch: 50 cost time: 18.078473329544067
Epoch: 50, Steps: 124 | Train Loss: 0.0201078 Vali Loss: 0.0013388 StockMixer Select Loss: 0.0013499 Test Loss: 0.0004415
Val Financial | IC: 0.013935 RIC: 0.089116 RankIC: 0.008817 Precision@10: 0.522134 SR(top5): 2.009408
Test Financial | IC: 0.009728 RIC: 0.064934 RankIC: 0.009425 Precision@10: 0.510227 SR(top5): 0.433129
Train components | MSE: 0.00038677 Rank: 0.00004445 weighted Rank: 0.00022227 MoE: 2.00070593 weighted MoE: 0.01000353
Train IC loss: 0.94952232 weighted IC loss: 0.00949522
Updating learning rate to 5e-05
	iters: 100, epoch: 51 | loss: 0.0205558
	speed: 0.2394s/iter; left time: 1460.8525s
Epoch  51/100 [####################] 124/124 | used 00:18 | left 00:00 | total 20:15 | ETA 19:27
Epoch: 51 cost time: 18.133409023284912
Epoch: 51, Steps: 124 | Train Loss: 0.0202074 Vali Loss: 0.0022795 StockMixer Select Loss: 0.0022929 Test Loss: 0.0014782
Val Financial | IC: -0.006306 RIC: -0.038385 RankIC: -0.003297 Precision@10: 0.516601 SR(top5): 1.485389
Test Financial | IC: 0.004050 RIC: 0.027502 RankIC: 0.005867 Precision@10: 0.510795 SR(top5): 0.713369
Train components | MSE: 0.00048110 Rank: 0.00004601 weighted Rank: 0.00023007 MoE: 2.00070662 weighted MoE: 0.01000353
Train IC loss: 0.94926642 weighted IC loss: 0.00949266
Updating learning rate to 4.8429462046093585e-05
	iters: 100, epoch: 52 | loss: 0.0201569
	speed: 0.2394s/iter; left time: 1431.0472s
Epoch  52/100 [####################] 124/124 | used 00:18 | left 00:00 | total 20:38 | ETA 19:03
Epoch: 52 cost time: 18.10456418991089
Epoch: 52, Steps: 124 | Train Loss: 0.0201589 Vali Loss: 0.0016269 StockMixer Select Loss: 0.0016390 Test Loss: 0.0006904
Val Financial | IC: 0.007483 RIC: 0.047283 RankIC: -0.008940 Precision@10: 0.509881 SR(top5): 1.824001
Test Financial | IC: 0.012789 RIC: 0.088676 RankIC: 0.009431 Precision@10: 0.511648 SR(top5): 0.938758
Train components | MSE: 0.00046043 Rank: 0.00004280 weighted Rank: 0.00021400 MoE: 2.00070652 weighted MoE: 0.01000353
Train IC loss: 0.94809425 weighted IC loss: 0.00948094
Updating learning rate to 4.6860474023534335e-05
	iters: 100, epoch: 53 | loss: 0.0201310
	speed: 0.2356s/iter; left time: 1378.9208s
Epoch  53/100 [####################] 124/124 | used 00:17 | left 00:00 | total 21:02 | ETA 18:39
Epoch: 53 cost time: 17.492700815200806
Epoch: 53, Steps: 124 | Train Loss: 0.0200478 Vali Loss: 0.0013097 StockMixer Select Loss: 0.0013202 Test Loss: 0.0004519
Val Financial | IC: 0.006731 RIC: 0.042411 RankIC: 0.001481 Precision@10: 0.518577 SR(top5): 2.192101
Test Financial | IC: 0.010804 RIC: 0.071867 RankIC: 0.008924 Precision@10: 0.523295 SR(top5): 1.068473
Train components | MSE: 0.00038451 Rank: 0.00004209 weighted Rank: 0.00021045 MoE: 2.00070620 weighted MoE: 0.01000353
Train IC loss: 0.94492738 weighted IC loss: 0.00944927
New Best | epoch 53 | validation stockmixer_val_loss=0.00132019 | saved best.pth
Updating learning rate to 4.529458433407429e-05
	iters: 100, epoch: 54 | loss: 0.0208765
	speed: 0.2308s/iter; left time: 1322.2612s
Epoch  54/100 [####################] 124/124 | used 00:17 | left 00:00 | total 21:25 | ETA 18:15
Epoch: 54 cost time: 17.428610801696777
Epoch: 54, Steps: 124 | Train Loss: 0.0200785 Vali Loss: 0.0013697 StockMixer Select Loss: 0.0013824 Test Loss: 0.0004384
Val Financial | IC: -0.002204 RIC: -0.012630 RankIC: -0.006959 Precision@10: 0.511858 SR(top5): 1.631346
Test Financial | IC: 0.003906 RIC: 0.021163 RankIC: 0.003341 Precision@10: 0.504261 SR(top5): 0.385983
Train components | MSE: 0.00038451 Rank: 0.00004222 weighted Rank: 0.00021108 MoE: 2.00071261 weighted MoE: 0.01000356
Train IC loss: 0.94793550 weighted IC loss: 0.00947936
Updating learning rate to 4.373333832178478e-05
	iters: 100, epoch: 55 | loss: 0.0196261
	speed: 0.2379s/iter; left time: 1333.3253s
Epoch  55/100 [####################] 124/124 | used 00:17 | left 00:00 | total 21:49 | ETA 17:51
Epoch: 55 cost time: 17.447986364364624
Epoch: 55, Steps: 124 | Train Loss: 0.0200639 Vali Loss: 0.0013834 StockMixer Select Loss: 0.0013939 Test Loss: 0.0004596
Val Financial | IC: 0.001122 RIC: 0.007176 RankIC: -0.000590 Precision@10: 0.529249 SR(top5): 1.963853
Test Financial | IC: 0.015204 RIC: 0.097464 RankIC: 0.014066 Precision@10: 0.518182 SR(top5): 0.926337
Train components | MSE: 0.00039095 Rank: 0.00004197 weighted Rank: 0.00020983 MoE: 2.00070706 weighted MoE: 0.01000354
Train IC loss: 0.94595850 weighted IC loss: 0.00945959
Updating learning rate to 4.2178276747988446e-05
	iters: 100, epoch: 56 | loss: 0.0200836
	speed: 0.2386s/iter; left time: 1307.9364s
Epoch  56/100 [####################] 124/124 | used 00:17 | left 00:00 | total 22:13 | ETA 17:27
Epoch: 56 cost time: 17.708245515823364
Epoch: 56, Steps: 124 | Train Loss: 0.0199642 Vali Loss: 0.0013170 StockMixer Select Loss: 0.0013277 Test Loss: 0.0004311
Val Financial | IC: 0.005862 RIC: 0.039342 RankIC: 0.000934 Precision@10: 0.525296 SR(top5): 2.041104
Test Financial | IC: 0.008385 RIC: 0.059170 RankIC: 0.009574 Precision@10: 0.505398 SR(top5): 0.179512
Train components | MSE: 0.00034709 Rank: 0.00004121 weighted Rank: 0.00020605 MoE: 2.00071205 weighted MoE: 0.01000356
Train IC loss: 0.94074646 weighted IC loss: 0.00940746
Updating learning rate to 4.063093427071376e-05
	iters: 100, epoch: 57 | loss: 0.0196313
	speed: 0.2389s/iter; left time: 1279.9879s
Epoch  57/100 [####################] 124/124 | used 00:17 | left 00:00 | total 22:37 | ETA 17:03
Epoch: 57 cost time: 17.570980548858643
Epoch: 57, Steps: 124 | Train Loss: 0.0199738 Vali Loss: 0.0014550 StockMixer Select Loss: 0.0014676 Test Loss: 0.0004880
Val Financial | IC: 0.010354 RIC: 0.062527 RankIC: -0.004332 Precision@10: 0.525692 SR(top5): 2.262116
Test Financial | IC: 0.005037 RIC: 0.030293 RankIC: 0.007412 Precision@10: 0.508239 SR(top5): 0.214714
Train components | MSE: 0.00035161 Rank: 0.00003931 weighted Rank: 0.00019654 MoE: 2.00071255 weighted MoE: 0.01000356
Train IC loss: 0.94220839 weighted IC loss: 0.00942208
Updating learning rate to 3.9092837930172884e-05
	iters: 100, epoch: 58 | loss: 0.0205009
	speed: 0.2376s/iter; left time: 1243.4435s
Epoch  58/100 [####################] 124/124 | used 00:17 | left 00:00 | total 23:01 | ETA 16:40
Epoch: 58 cost time: 17.936164140701294
Epoch: 58, Steps: 124 | Train Loss: 0.0199716 Vali Loss: 0.0015623 StockMixer Select Loss: 0.0015758 Test Loss: 0.0006348
Val Financial | IC: 0.006652 RIC: 0.039895 RankIC: -0.008053 Precision@10: 0.514625 SR(top5): 1.589942
Test Financial | IC: 0.011116 RIC: 0.072260 RankIC: 0.010295 Precision@10: 0.516193 SR(top5): 1.019563
Train components | MSE: 0.00034942 Rank: 0.00004015 weighted Rank: 0.00020074 MoE: 2.00070801 weighted MoE: 0.01000354
Train IC loss: 0.94179079 weighted IC loss: 0.00941791
Updating learning rate to 3.756550564175727e-05
	iters: 100, epoch: 59 | loss: 0.0201765
	speed: 0.2430s/iter; left time: 1241.4003s
Epoch  59/100 [####################] 124/124 | used 00:18 | left 00:00 | total 23:24 | ETA 16:16
Epoch: 59 cost time: 18.089627027511597
Epoch: 59, Steps: 124 | Train Loss: 0.0199418 Vali Loss: 0.0013324 StockMixer Select Loss: 0.0013426 Test Loss: 0.0004497
Val Financial | IC: 0.015476 RIC: 0.099820 RankIC: 0.012596 Precision@10: 0.527668 SR(top5): 1.955797
Test Financial | IC: 0.007665 RIC: 0.053395 RankIC: 0.007726 Precision@10: 0.521023 SR(top5): 0.826268
Train components | MSE: 0.00035160 Rank: 0.00003822 weighted Rank: 0.00019109 MoE: 2.00071159 weighted MoE: 0.01000356
Train IC loss: 0.93955108 weighted IC loss: 0.00939551
Updating learning rate to 3.605044469803854e-05
	iters: 100, epoch: 60 | loss: 0.0206040
	speed: 0.2376s/iter; left time: 1184.3821s
Epoch  60/100 [####################] 124/124 | used 00:17 | left 00:00 | total 23:48 | ETA 15:52
Epoch: 60 cost time: 17.662450075149536
Epoch: 60, Steps: 124 | Train Loss: 0.0199431 Vali Loss: 0.0013313 StockMixer Select Loss: 0.0013416 Test Loss: 0.0004308
Val Financial | IC: 0.011775 RIC: 0.078330 RankIC: 0.005033 Precision@10: 0.518182 SR(top5): 2.290606
Test Financial | IC: 0.010240 RIC: 0.067018 RankIC: 0.012477 Precision@10: 0.517045 SR(top5): 0.431769
Train components | MSE: 0.00034687 Rank: 0.00003780 weighted Rank: 0.00018899 MoE: 2.00071030 weighted MoE: 0.01000355
Train IC loss: 0.94036769 weighted IC loss: 0.00940368
Updating learning rate to 3.4549150281252636e-05
	iters: 100, epoch: 61 | loss: 0.0206101
	speed: 0.2356s/iter; left time: 1145.2224s
Epoch  61/100 [####################] 124/124 | used 00:17 | left 00:00 | total 24:12 | ETA 15:28
Epoch: 61 cost time: 17.415295124053955
Epoch: 61, Steps: 124 | Train Loss: 0.0199158 Vali Loss: 0.0013802 StockMixer Select Loss: 0.0013912 Test Loss: 0.0004813
Val Financial | IC: 0.007799 RIC: 0.049320 RankIC: 0.006616 Precision@10: 0.526087 SR(top5): 1.854264
Test Financial | IC: 0.008936 RIC: 0.054647 RankIC: 0.010473 Precision@10: 0.502273 SR(top5): 1.145643
Train components | MSE: 0.00035268 Rank: 0.00003754 weighted Rank: 0.00018772 MoE: 2.00070754 weighted MoE: 0.01000354
Train IC loss: 0.93718182 weighted IC loss: 0.00937182
Updating learning rate to 3.3063103987735433e-05
	iters: 100, epoch: 62 | loss: 0.0198177
	speed: 0.2315s/iter; left time: 1096.4428s
Epoch  62/100 [####################] 124/124 | used 00:17 | left 00:00 | total 24:35 | ETA 15:04
Epoch: 62 cost time: 17.41134762763977
Epoch: 62, Steps: 124 | Train Loss: 0.0199125 Vali Loss: 0.0013997 StockMixer Select Loss: 0.0014112 Test Loss: 0.0005061
Val Financial | IC: 0.014511 RIC: 0.092174 RankIC: 0.000035 Precision@10: 0.523320 SR(top5): 2.020835
Test Financial | IC: 0.011757 RIC: 0.080827 RankIC: 0.013178 Precision@10: 0.509375 SR(top5): 0.657685
Train components | MSE: 0.00034668 Rank: 0.00003638 weighted Rank: 0.00018191 MoE: 2.00071040 weighted MoE: 0.01000355
Train IC loss: 0.93803634 weighted IC loss: 0.00938036
Updating learning rate to 3.1593772365766105e-05
	iters: 100, epoch: 63 | loss: 0.0195428
	speed: 0.2377s/iter; left time: 1096.4011s
Epoch  63/100 [####################] 124/124 | used 00:17 | left 00:00 | total 24:59 | ETA 14:40
Epoch: 63 cost time: 17.546297073364258
Epoch: 63, Steps: 124 | Train Loss: 0.0199540 Vali Loss: 0.0013597 StockMixer Select Loss: 0.0013703 Test Loss: 0.0004808
Val Financial | IC: 0.000883 RIC: 0.005906 RankIC: -0.001171 Precision@10: 0.514625 SR(top5): 1.683624
Test Financial | IC: 0.010157 RIC: 0.068318 RankIC: 0.007235 Precision@10: 0.509659 SR(top5): 0.924622
Train components | MSE: 0.00035074 Rank: 0.00003791 weighted Rank: 0.00018954 MoE: 2.00071299 weighted MoE: 0.01000356
Train IC loss: 0.94101597 weighted IC loss: 0.00941016
Updating learning rate to 3.0142605468260978e-05
	iters: 100, epoch: 64 | loss: 0.0202654
	speed: 0.2359s/iter; left time: 1058.7346s
Epoch  64/100 [####################] 124/124 | used 00:17 | left 00:00 | total 25:23 | ETA 14:16
Epoch: 64 cost time: 17.324509620666504
Epoch: 64, Steps: 124 | Train Loss: 0.0199173 Vali Loss: 0.0013159 StockMixer Select Loss: 0.0013263 Test Loss: 0.0004256
Val Financial | IC: 0.004271 RIC: 0.027255 RankIC: 0.004155 Precision@10: 0.518182 SR(top5): 1.631430
Test Financial | IC: 0.010802 RIC: 0.070169 RankIC: 0.011364 Precision@10: 0.505682 SR(top5): 0.182515
Train components | MSE: 0.00034993 Rank: 0.00003559 weighted Rank: 0.00017796 MoE: 2.00070920 weighted MoE: 0.01000355
Train IC loss: 0.93859102 weighted IC loss: 0.00938591
Updating learning rate to 2.8711035421746367e-05
	iters: 100, epoch: 65 | loss: 0.0190311
	speed: 0.2394s/iter; left time: 1044.9662s
Epoch  65/100 [####################] 124/124 | used 00:17 | left 00:00 | total 25:47 | ETA 13:53
Epoch: 65 cost time: 17.64356517791748
Epoch: 65, Steps: 124 | Train Loss: 0.0198800 Vali Loss: 0.0016776 StockMixer Select Loss: 0.0016873 Test Loss: 0.0007587
Val Financial | IC: 0.015249 RIC: 0.095680 RankIC: 0.004131 Precision@10: 0.521344 SR(top5): 1.994594
Test Financial | IC: 0.013870 RIC: 0.095167 RankIC: 0.011425 Precision@10: 0.518182 SR(top5): 0.947071
Train components | MSE: 0.00034112 Rank: 0.00003453 weighted Rank: 0.00017266 MoE: 2.00070804 weighted MoE: 0.01000354
Train IC loss: 0.93626581 weighted IC loss: 0.00936266
Updating learning rate to 2.7300475013022663e-05
	iters: 100, epoch: 66 | loss: 0.0205851
	speed: 0.2365s/iter; left time: 1002.8355s
Epoch  66/100 [####################] 124/124 | used 00:17 | left 00:00 | total 26:10 | ETA 13:29
Epoch: 66 cost time: 17.771352767944336
Epoch: 66, Steps: 124 | Train Loss: 0.0198414 Vali Loss: 0.0013796 StockMixer Select Loss: 0.0013899 Test Loss: 0.0004957
Val Financial | IC: 0.000850 RIC: 0.005060 RankIC: 0.007763 Precision@10: 0.523320 SR(top5): 1.749669
Test Financial | IC: 0.013676 RIC: 0.086663 RankIC: 0.015252 Precision@10: 0.520455 SR(top5): 1.418437
Train components | MSE: 0.00032977 Rank: 0.00003465 weighted Rank: 0.00017324 MoE: 2.00071117 weighted MoE: 0.01000356
Train IC loss: 0.93348462 weighted IC loss: 0.00933485
Updating learning rate to 2.591231629491423e-05
	iters: 100, epoch: 67 | loss: 0.0203953
	speed: 0.2472s/iter; left time: 1017.7918s
Epoch  67/100 [####################] 124/124 | used 00:18 | left 00:00 | total 26:34 | ETA 13:05
Epoch: 67 cost time: 18.2165470123291
Epoch: 67, Steps: 124 | Train Loss: 0.0198777 Vali Loss: 0.0013233 StockMixer Select Loss: 0.0013329 Test Loss: 0.0004318
Val Financial | IC: 0.006496 RIC: 0.044276 RankIC: -0.001095 Precision@10: 0.520949 SR(top5): 1.542857
Test Financial | IC: 0.012803 RIC: 0.085431 RankIC: 0.012483 Precision@10: 0.523864 SR(top5): 1.266038
Train components | MSE: 0.00032718 Rank: 0.00003509 weighted Rank: 0.00017545 MoE: 2.00071252 weighted MoE: 0.01000356
Train IC loss: 0.93715114 weighted IC loss: 0.00937151
Updating learning rate to 2.4547929212481435e-05
	iters: 100, epoch: 68 | loss: 0.0196605
	speed: 0.2379s/iter; left time: 949.7617s
Epoch  68/100 [####################] 124/124 | used 00:17 | left 00:00 | total 26:58 | ETA 12:41
Epoch: 68 cost time: 17.66525411605835
Epoch: 68, Steps: 124 | Train Loss: 0.0198271 Vali Loss: 0.0013207 StockMixer Select Loss: 0.0013304 Test Loss: 0.0004263
Val Financial | IC: 0.003679 RIC: 0.024116 RankIC: 0.004099 Precision@10: 0.521344 SR(top5): 2.001596
Test Financial | IC: 0.008583 RIC: 0.059154 RankIC: 0.007820 Precision@10: 0.518182 SR(top5): 0.717313
Train components | MSE: 0.00032218 Rank: 0.00003386 weighted Rank: 0.00016932 MoE: 2.00070694 weighted MoE: 0.01000353
Train IC loss: 0.93320354 weighted IC loss: 0.00933204
Updating learning rate to 2.3208660251050158e-05
	iters: 100, epoch: 69 | loss: 0.0200487
	speed: 0.2329s/iter; left time: 901.0626s
Epoch  69/100 [####################] 124/124 | used 00:17 | left 00:00 | total 27:22 | ETA 12:17
Epoch: 69 cost time: 17.404983520507812
Epoch: 69, Steps: 124 | Train Loss: 0.0198534 Vali Loss: 0.0013188 StockMixer Select Loss: 0.0013282 Test Loss: 0.0004300
Val Financial | IC: 0.012404 RIC: 0.077857 RankIC: 0.009284 Precision@10: 0.528854 SR(top5): 2.092560
Test Financial | IC: 0.011100 RIC: 0.069931 RankIC: 0.012306 Precision@10: 0.522443 SR(top5): 1.071696
Train components | MSE: 0.00033951 Rank: 0.00003342 weighted Rank: 0.00016708 MoE: 2.00070835 weighted MoE: 0.01000354
Train IC loss: 0.93432799 weighted IC loss: 0.00934328
Updating learning rate to 2.1895831107393484e-05
	iters: 100, epoch: 70 | loss: 0.0197964
	speed: 0.2345s/iter; left time: 878.0833s
Epoch  70/100 [####################] 124/124 | used 00:17 | left 00:00 | total 27:45 | ETA 11:53
Epoch: 70 cost time: 17.51144814491272
Epoch: 70, Steps: 124 | Train Loss: 0.0198351 Vali Loss: 0.0013048 StockMixer Select Loss: 0.0013142 Test Loss: 0.0004213
Val Financial | IC: 0.020271 RIC: 0.128537 RankIC: 0.012384 Precision@10: 0.521739 SR(top5): 2.500414
Test Financial | IC: 0.013537 RIC: 0.095567 RankIC: 0.012207 Precision@10: 0.516761 SR(top5): 0.761321
Train components | MSE: 0.00032723 Rank: 0.00003314 weighted Rank: 0.00016568 MoE: 2.00071260 weighted MoE: 0.01000356
Train IC loss: 0.93386274 weighted IC loss: 0.00933863
New Best | epoch 70 | validation stockmixer_val_loss=0.00131424 | saved best.pth
Updating learning rate to 2.061073738537635e-05
	iters: 100, epoch: 71 | loss: 0.0195914
	speed: 0.2358s/iter; left time: 853.8569s
Epoch  71/100 [####################] 124/124 | used 00:17 | left 00:00 | total 28:09 | ETA 11:30
Epoch: 71 cost time: 17.424039840698242
Epoch: 71, Steps: 124 | Train Loss: 0.0197998 Vali Loss: 0.0013330 StockMixer Select Loss: 0.0013429 Test Loss: 0.0004368
Val Financial | IC: -0.001094 RIC: -0.006853 RankIC: -0.004101 Precision@10: 0.520949 SR(top5): 1.950741
Test Financial | IC: 0.006913 RIC: 0.040781 RankIC: 0.008061 Precision@10: 0.507102 SR(top5): 0.520600
Train components | MSE: 0.00031073 Rank: 0.00003190 weighted Rank: 0.00015951 MoE: 2.00070826 weighted MoE: 0.01000354
Train IC loss: 0.93260188 weighted IC loss: 0.00932602
Updating learning rate to 1.9354647317351188e-05
	iters: 100, epoch: 72 | loss: 0.0205538
	speed: 0.2379s/iter; left time: 831.8330s
Epoch  72/100 [####################] 124/124 | used 00:17 | left 00:00 | total 28:33 | ETA 11:06
Epoch: 72 cost time: 17.518742561340332
Epoch: 72, Steps: 124 | Train Loss: 0.0198143 Vali Loss: 0.0013457 StockMixer Select Loss: 0.0013553 Test Loss: 0.0004555
Val Financial | IC: 0.013357 RIC: 0.089916 RankIC: 0.002359 Precision@10: 0.523715 SR(top5): 1.803711
Test Financial | IC: 0.009173 RIC: 0.066254 RankIC: 0.011100 Precision@10: 0.520170 SR(top5): 0.752852
Train components | MSE: 0.00032756 Rank: 0.00003165 weighted Rank: 0.00015825 MoE: 2.00071017 weighted MoE: 0.01000355
Train IC loss: 0.93249031 weighted IC loss: 0.00932490
Updating learning rate to 1.8128800512565513e-05
	iters: 100, epoch: 73 | loss: 0.0194473
	speed: 0.2382s/iter; left time: 803.3927s
Epoch  73/100 [####################] 124/124 | used 00:17 | left 00:00 | total 28:57 | ETA 10:42
Epoch: 73 cost time: 17.781479120254517
Epoch: 73, Steps: 124 | Train Loss: 0.0198177 Vali Loss: 0.0013120 StockMixer Select Loss: 0.0013212 Test Loss: 0.0004359
Val Financial | IC: 0.012696 RIC: 0.078757 RankIC: 0.002755 Precision@10: 0.523715 SR(top5): 1.987211
Test Financial | IC: 0.011610 RIC: 0.079752 RankIC: 0.009334 Precision@10: 0.511364 SR(top5): 0.644033
Train components | MSE: 0.00032267 Rank: 0.00003179 weighted Rank: 0.00015893 MoE: 2.00071035 weighted MoE: 0.01000355
Train IC loss: 0.93325227 weighted IC loss: 0.00933252
Updating learning rate to 1.6934406733817414e-05
	iters: 100, epoch: 74 | loss: 0.0198571
	speed: 0.2397s/iter; left time: 778.7273s
Epoch  74/100 [####################] 124/124 | used 00:18 | left 00:00 | total 29:21 | ETA 10:18
Epoch: 74 cost time: 18.07976460456848
Epoch: 74, Steps: 124 | Train Loss: 0.0197943 Vali Loss: 0.0013159 StockMixer Select Loss: 0.0013247 Test Loss: 0.0004375
Val Financial | IC: 0.010864 RIC: 0.072291 RankIC: 0.007919 Precision@10: 0.522134 SR(top5): 2.045892
Test Financial | IC: 0.009259 RIC: 0.067337 RankIC: 0.009419 Precision@10: 0.520170 SR(top5): 0.913986
Train components | MSE: 0.00031695 Rank: 0.00003080 weighted Rank: 0.00015400 MoE: 2.00071147 weighted MoE: 0.01000356
Train IC loss: 0.93198078 weighted IC loss: 0.00931981
Updating learning rate to 1.5772644703565565e-05
	iters: 100, epoch: 75 | loss: 0.0190954
	speed: 0.2435s/iter; left time: 761.0270s
Epoch  75/100 [####################] 124/124 | used 00:18 | left 00:00 | total 29:45 | ETA 09:55
Epoch: 75 cost time: 18.048666954040527
Epoch: 75, Steps: 124 | Train Loss: 0.0197759 Vali Loss: 0.0013418 StockMixer Select Loss: 0.0013517 Test Loss: 0.0004418
Val Financial | IC: 0.009266 RIC: 0.059680 RankIC: -0.000198 Precision@10: 0.529249 SR(top5): 1.771650
Test Financial | IC: 0.004171 RIC: 0.026725 RankIC: 0.006334 Precision@10: 0.513920 SR(top5): -0.023866
Train components | MSE: 0.00032168 Rank: 0.00003010 weighted Rank: 0.00015052 MoE: 2.00071134 weighted MoE: 0.01000356
Train IC loss: 0.93000894 weighted IC loss: 0.00930009
Updating learning rate to 1.4644660940672627e-05
	iters: 100, epoch: 76 | loss: 0.0198987
	speed: 0.2378s/iter; left time: 713.7397s
Epoch  76/100 [####################] 124/124 | used 00:18 | left 00:00 | total 30:09 | ETA 09:31
Epoch: 76 cost time: 18.13698720932007
Epoch: 76, Steps: 124 | Train Loss: 0.0197814 Vali Loss: 0.0013039 StockMixer Select Loss: 0.0013125 Test Loss: 0.0004241
Val Financial | IC: 0.009395 RIC: 0.063123 RankIC: 0.003968 Precision@10: 0.520553 SR(top5): 2.117296
Test Financial | IC: 0.011567 RIC: 0.081103 RankIC: 0.009271 Precision@10: 0.511648 SR(top5): 0.510313
Train components | MSE: 0.00031456 Rank: 0.00003022 weighted Rank: 0.00015110 MoE: 2.00071062 weighted MoE: 0.01000355
Train IC loss: 0.93122062 weighted IC loss: 0.00931221
New Best | epoch 76 | validation stockmixer_val_loss=0.00131252 | saved best.pth
Updating learning rate to 1.3551568628929434e-05
	iters: 100, epoch: 77 | loss: 0.0197885
	speed: 0.2348s/iter; left time: 675.5854s
Epoch  77/100 [####################] 124/124 | used 00:17 | left 00:00 | total 30:32 | ETA 09:07
Epoch: 77 cost time: 17.438435554504395
Epoch: 77, Steps: 124 | Train Loss: 0.0197331 Vali Loss: 0.0013067 StockMixer Select Loss: 0.0013157 Test Loss: 0.0004350
Val Financial | IC: 0.015832 RIC: 0.097403 RankIC: 0.001133 Precision@10: 0.518577 SR(top5): 2.133513
Test Financial | IC: 0.009189 RIC: 0.067317 RankIC: 0.007451 Precision@10: 0.507955 SR(top5): 0.092849
Train components | MSE: 0.00030739 Rank: 0.00002908 weighted Rank: 0.00014538 MoE: 2.00071455 weighted MoE: 0.01000357
Train IC loss: 0.92768115 weighted IC loss: 0.00927681
Updating learning rate to 1.2494446518477027e-05
	iters: 100, epoch: 78 | loss: 0.0196239
	speed: 0.2334s/iter; left time: 642.5090s
Epoch  78/100 [####################] 124/124 | used 00:17 | left 00:00 | total 30:56 | ETA 08:43
Epoch: 78 cost time: 17.534316539764404
Epoch: 78, Steps: 124 | Train Loss: 0.0197347 Vali Loss: 0.0013201 StockMixer Select Loss: 0.0013288 Test Loss: 0.0004359
Val Financial | IC: 0.006261 RIC: 0.041326 RankIC: 0.002612 Precision@10: 0.520553 SR(top5): 1.797393
Test Financial | IC: 0.010119 RIC: 0.068505 RankIC: 0.010389 Precision@10: 0.517614 SR(top5): 0.368388
Train components | MSE: 0.00030332 Rank: 0.00002914 weighted Rank: 0.00014568 MoE: 2.00070892 weighted MoE: 0.01000354
Train IC loss: 0.92821055 weighted IC loss: 0.00928211
Updating learning rate to 1.1474337861210543e-05
	iters: 100, epoch: 79 | loss: 0.0191114
	speed: 0.2359s/iter; left time: 620.0934s
Epoch  79/100 [####################] 124/124 | used 00:17 | left 00:00 | total 31:19 | ETA 08:19
Epoch: 79 cost time: 17.31475591659546
Epoch: 79, Steps: 124 | Train Loss: 0.0197316 Vali Loss: 0.0013189 StockMixer Select Loss: 0.0013274 Test Loss: 0.0004395
Val Financial | IC: 0.012479 RIC: 0.083762 RankIC: 0.002492 Precision@10: 0.517391 SR(top5): 1.804987
Test Financial | IC: 0.013527 RIC: 0.097508 RankIC: 0.013303 Precision@10: 0.521307 SR(top5): 0.797581
Train components | MSE: 0.00029892 Rank: 0.00002861 weighted Rank: 0.00014304 MoE: 2.00071119 weighted MoE: 0.01000356
Train IC loss: 0.92860784 weighted IC loss: 0.00928608
Updating learning rate to 1.049224938121548e-05
	iters: 100, epoch: 80 | loss: 0.0192010
	speed: 0.2383s/iter; left time: 596.9078s
Epoch  80/100 [####################] 124/124 | used 00:17 | left 00:00 | total 31:43 | ETA 07:55
Epoch: 80 cost time: 17.68505620956421
Epoch: 80, Steps: 124 | Train Loss: 0.0197106 Vali Loss: 0.0012931 StockMixer Select Loss: 0.0013014 Test Loss: 0.0004208
Val Financial | IC: 0.015526 RIC: 0.100307 RankIC: 0.007010 Precision@10: 0.522134 SR(top5): 2.241781
Test Financial | IC: 0.008592 RIC: 0.061444 RankIC: 0.008802 Precision@10: 0.510227 SR(top5): 0.668866
Train components | MSE: 0.00029495 Rank: 0.00002761 weighted Rank: 0.00013807 MoE: 2.00071348 weighted MoE: 0.01000357
Train IC loss: 0.92740605 weighted IC loss: 0.00927406
New Best | epoch 80 | validation stockmixer_val_loss=0.00130143 | saved best.pth
Updating learning rate to 9.549150281252633e-06
	iters: 100, epoch: 81 | loss: 0.0199169
	speed: 0.2381s/iter; left time: 566.9236s
Epoch  81/100 [####################] 124/124 | used 00:17 | left 00:00 | total 32:07 | ETA 07:32
Epoch: 81 cost time: 17.420295238494873
Epoch: 81, Steps: 124 | Train Loss: 0.0197180 Vali Loss: 0.0013395 StockMixer Select Loss: 0.0013477 Test Loss: 0.0004656
Val Financial | IC: 0.009362 RIC: 0.064298 RankIC: 0.003504 Precision@10: 0.519763 SR(top5): 1.818147
Test Financial | IC: 0.010590 RIC: 0.073844 RankIC: 0.011655 Precision@10: 0.517898 SR(top5): 0.341392
Train components | MSE: 0.00030395 Rank: 0.00002765 weighted Rank: 0.00013825 MoE: 2.00071026 weighted MoE: 0.01000355
Train IC loss: 0.92722265 weighted IC loss: 0.00927223
Updating learning rate to 8.645971286271904e-06
	iters: 100, epoch: 82 | loss: 0.0191195
	speed: 0.2379s/iter; left time: 536.9358s
Epoch  82/100 [####################] 124/124 | used 00:17 | left 00:00 | total 32:31 | ETA 07:08
Epoch: 82 cost time: 17.944475889205933
Epoch: 82, Steps: 124 | Train Loss: 0.0196980 Vali Loss: 0.0012896 StockMixer Select Loss: 0.0012977 Test Loss: 0.0004201
Val Financial | IC: 0.017006 RIC: 0.112454 RankIC: 0.015133 Precision@10: 0.519763 SR(top5): 1.840559
Test Financial | IC: 0.013719 RIC: 0.097897 RankIC: 0.013705 Precision@10: 0.519318 SR(top5): 0.654436
Train components | MSE: 0.00029985 Rank: 0.00002728 weighted Rank: 0.00013641 MoE: 2.00071019 weighted MoE: 0.01000355
Train IC loss: 0.92582294 weighted IC loss: 0.00925823
New Best | epoch 82 | validation stockmixer_val_loss=0.00129771 | saved best.pth
Updating learning rate to 7.783603724899257e-06
	iters: 100, epoch: 83 | loss: 0.0198912
	speed: 0.2488s/iter; left time: 530.5887s
Epoch  83/100 [####################] 124/124 | used 00:18 | left 00:00 | total 32:55 | ETA 06:44
Epoch: 83 cost time: 18.19005846977234
Epoch: 83, Steps: 124 | Train Loss: 0.0196728 Vali Loss: 0.0012945 StockMixer Select Loss: 0.0013027 Test Loss: 0.0004220
Val Financial | IC: 0.013433 RIC: 0.088451 RankIC: 0.008739 Precision@10: 0.524506 SR(top5): 2.068718
Test Financial | IC: 0.012226 RIC: 0.086574 RankIC: 0.010629 Precision@10: 0.521023 SR(top5): 0.614362
Train components | MSE: 0.00029677 Rank: 0.00002678 weighted Rank: 0.00013389 MoE: 2.00070737 weighted MoE: 0.01000354
Train IC loss: 0.92385742 weighted IC loss: 0.00923857
Updating learning rate to 6.962898649802823e-06
	iters: 100, epoch: 84 | loss: 0.0191402
	speed: 0.1870s/iter; left time: 375.6000s
Epoch  84/100 [####################] 124/124 | used 00:12 | left 00:00 | total 33:13 | ETA 06:19
Epoch: 84 cost time: 12.241511344909668
Epoch: 84, Steps: 124 | Train Loss: 0.0196757 Vali Loss: 0.0013229 StockMixer Select Loss: 0.0013312 Test Loss: 0.0004321
Val Financial | IC: 0.006056 RIC: 0.039611 RankIC: 0.006202 Precision@10: 0.519763 SR(top5): 1.591521
Test Financial | IC: 0.011698 RIC: 0.074752 RankIC: 0.013158 Precision@10: 0.521307 SR(top5): 1.162860
Train components | MSE: 0.00029582 Rank: 0.00002637 weighted Rank: 0.00013183 MoE: 2.00071140 weighted MoE: 0.01000356
Train IC loss: 0.92445294 weighted IC loss: 0.00924453
Updating learning rate to 6.1846659978068265e-06
	iters: 100, epoch: 85 | loss: 0.0196615
	speed: 0.1794s/iter; left time: 338.2378s
Epoch  85/100 [####################] 124/124 | used 00:12 | left 00:00 | total 33:31 | ETA 05:54
Epoch: 85 cost time: 12.924282789230347
Epoch: 85, Steps: 124 | Train Loss: 0.0196823 Vali Loss: 0.0012962 StockMixer Select Loss: 0.0013044 Test Loss: 0.0004211
Val Financial | IC: 0.008460 RIC: 0.057464 RankIC: 0.002336 Precision@10: 0.519763 SR(top5): 1.688438
Test Financial | IC: 0.010042 RIC: 0.068201 RankIC: 0.010940 Precision@10: 0.520739 SR(top5): 0.323829
Train components | MSE: 0.00029515 Rank: 0.00002627 weighted Rank: 0.00013135 MoE: 2.00071329 weighted MoE: 0.01000357
Train IC loss: 0.92522631 weighted IC loss: 0.00925226
Updating learning rate to 5.449673790581611e-06
	iters: 100, epoch: 86 | loss: 0.0192599
	speed: 0.1718s/iter; left time: 302.4854s
Epoch  86/100 [####################] 124/124 | used 00:12 | left 00:00 | total 33:48 | ETA 05:30
Epoch: 86 cost time: 12.244798183441162
Epoch: 86, Steps: 124 | Train Loss: 0.0196456 Vali Loss: 0.0012902 StockMixer Select Loss: 0.0012980 Test Loss: 0.0004282
Val Financial | IC: 0.014944 RIC: 0.100752 RankIC: 0.008768 Precision@10: 0.525692 SR(top5): 2.080978
Test Financial | IC: 0.010171 RIC: 0.072490 RankIC: 0.010372 Precision@10: 0.524148 SR(top5): 0.219899
Train components | MSE: 0.00029018 Rank: 0.00002557 weighted Rank: 0.00012785 MoE: 2.00071083 weighted MoE: 0.01000355
Train IC loss: 0.92239949 weighted IC loss: 0.00922399
Updating learning rate to 4.758647376699032e-06
	iters: 100, epoch: 87 | loss: 0.0195602
	speed: 0.1693s/iter; left time: 277.1576s
Epoch  87/100 [####################] 124/124 | used 00:12 | left 00:00 | total 34:05 | ETA 05:05
Epoch: 87 cost time: 12.469080209732056
Epoch: 87, Steps: 124 | Train Loss: 0.0196443 Vali Loss: 0.0012963 StockMixer Select Loss: 0.0013044 Test Loss: 0.0004228
Val Financial | IC: 0.009071 RIC: 0.060863 RankIC: 0.003724 Precision@10: 0.520158 SR(top5): 1.799736
Test Financial | IC: 0.010973 RIC: 0.071692 RankIC: 0.012180 Precision@10: 0.517898 SR(top5): 0.580955
Train components | MSE: 0.00028707 Rank: 0.00002516 weighted Rank: 0.00012581 MoE: 2.00070895 weighted MoE: 0.01000354
Train IC loss: 0.92278851 weighted IC loss: 0.00922789
Updating learning rate to 4.112268715800943e-06
	iters: 100, epoch: 88 | loss: 0.0188734
	speed: 0.1768s/iter; left time: 267.4810s
Epoch  88/100 [####################] 124/124 | used 00:12 | left 00:00 | total 34:22 | ETA 04:41
Epoch: 88 cost time: 12.47446608543396
Epoch: 88, Steps: 124 | Train Loss: 0.0196594 Vali Loss: 0.0013018 StockMixer Select Loss: 0.0013098 Test Loss: 0.0004264
Val Financial | IC: 0.007427 RIC: 0.048691 RankIC: 0.004458 Precision@10: 0.520949 SR(top5): 1.883386
Test Financial | IC: 0.011630 RIC: 0.075453 RankIC: 0.011972 Precision@10: 0.515057 SR(top5): 0.621032
Train components | MSE: 0.00029238 Rank: 0.00002495 weighted Rank: 0.00012475 MoE: 2.00071065 weighted MoE: 0.01000355
Train IC loss: 0.92387398 weighted IC loss: 0.00923874
Updating learning rate to 3.511175705587433e-06
	iters: 100, epoch: 89 | loss: 0.0202485
	speed: 0.1718s/iter; left time: 238.6587s
Epoch  89/100 [####################] 124/124 | used 00:12 | left 00:00 | total 34:40 | ETA 04:17
Epoch: 89 cost time: 12.662649869918823
Epoch: 89, Steps: 124 | Train Loss: 0.0196570 Vali Loss: 0.0012959 StockMixer Select Loss: 0.0013038 Test Loss: 0.0004258
Val Financial | IC: 0.010786 RIC: 0.072404 RankIC: 0.005882 Precision@10: 0.520553 SR(top5): 2.077577
Test Financial | IC: 0.010884 RIC: 0.073792 RankIC: 0.011206 Precision@10: 0.517898 SR(top5): 0.226889
Train components | MSE: 0.00028638 Rank: 0.00002487 weighted Rank: 0.00012436 MoE: 2.00071021 weighted MoE: 0.01000355
Train IC loss: 0.92426923 weighted IC loss: 0.00924269
Updating learning rate to 2.9559615522887273e-06
	iters: 100, epoch: 90 | loss: 0.0196079
	speed: 0.1741s/iter; left time: 220.2653s
Epoch  90/100 [####################] 124/124 | used 00:13 | left 00:00 | total 34:57 | ETA 03:53
Epoch: 90 cost time: 13.102063179016113
Epoch: 90, Steps: 124 | Train Loss: 0.0196259 Vali Loss: 0.0012954 StockMixer Select Loss: 0.0013033 Test Loss: 0.0004249
Val Financial | IC: 0.010297 RIC: 0.069501 RankIC: 0.004912 Precision@10: 0.524111 SR(top5): 2.105588
Test Financial | IC: 0.010419 RIC: 0.070393 RankIC: 0.011103 Precision@10: 0.523295 SR(top5): 0.563978
Train components | MSE: 0.00028597 Rank: 0.00002460 weighted Rank: 0.00012301 MoE: 2.00070885 weighted MoE: 0.01000354
Train IC loss: 0.92133443 weighted IC loss: 0.00921334
Updating learning rate to 2.4471741852423237e-06
	iters: 100, epoch: 91 | loss: 0.0196137
	speed: 0.1769s/iter; left time: 201.8672s
Epoch  91/100 [####################] 124/124 | used 00:12 | left 00:00 | total 35:15 | ETA 03:29
Epoch: 91 cost time: 12.762001991271973
Epoch: 91, Steps: 124 | Train Loss: 0.0196151 Vali Loss: 0.0012873 StockMixer Select Loss: 0.0012951 Test Loss: 0.0004183
Val Financial | IC: 0.011330 RIC: 0.075909 RankIC: 0.005632 Precision@10: 0.521739 SR(top5): 2.151465
Test Financial | IC: 0.010304 RIC: 0.071139 RankIC: 0.010444 Precision@10: 0.515625 SR(top5): 0.470455
Train components | MSE: 0.00028506 Rank: 0.00002462 weighted Rank: 0.00012311 MoE: 2.00070828 weighted MoE: 0.01000354
Train IC loss: 0.92034224 weighted IC loss: 0.00920342
New Best | epoch 91 | validation stockmixer_val_loss=0.00129507 | saved best.pth
Updating learning rate to 1.985315716152847e-06
	iters: 100, epoch: 92 | loss: 0.0201184
	speed: 0.1753s/iter; left time: 178.3068s
Epoch  92/100 [####################] 124/124 | used 00:12 | left 00:00 | total 35:33 | ETA 03:05
Epoch: 92 cost time: 12.916285991668701
Epoch: 92, Steps: 124 | Train Loss: 0.0196061 Vali Loss: 0.0012868 StockMixer Select Loss: 0.0012946 Test Loss: 0.0004185
Val Financial | IC: 0.012234 RIC: 0.082211 RankIC: 0.006167 Precision@10: 0.524111 SR(top5): 2.011828
Test Financial | IC: 0.011299 RIC: 0.078444 RankIC: 0.011145 Precision@10: 0.523864 SR(top5): 0.506620
Train components | MSE: 0.00028306 Rank: 0.00002408 weighted Rank: 0.00012042 MoE: 2.00070736 weighted MoE: 0.01000354
Train IC loss: 0.91991047 weighted IC loss: 0.00919910
New Best | epoch 92 | validation stockmixer_val_loss=0.00129458 | saved best.pth
Updating learning rate to 1.5708419435684462e-06
	iters: 100, epoch: 93 | loss: 0.0199444
	speed: 0.1804s/iter; left time: 161.0814s
Epoch  93/100 [####################] 124/124 | used 00:13 | left 00:00 | total 35:51 | ETA 02:41
Epoch: 93 cost time: 13.112598180770874
Epoch: 93, Steps: 124 | Train Loss: 0.0196038 Vali Loss: 0.0012879 StockMixer Select Loss: 0.0012956 Test Loss: 0.0004182
Val Financial | IC: 0.011574 RIC: 0.078206 RankIC: 0.006357 Precision@10: 0.521344 SR(top5): 1.927762
Test Financial | IC: 0.011086 RIC: 0.076609 RankIC: 0.011352 Precision@10: 0.521591 SR(top5): 0.431170
Train components | MSE: 0.00028257 Rank: 0.00002401 weighted Rank: 0.00012005 MoE: 2.00070854 weighted MoE: 0.01000354
Train IC loss: 0.91976596 weighted IC loss: 0.00919766
Updating learning rate to 1.2041619030626284e-06
	iters: 100, epoch: 94 | loss: 0.0199704
	speed: 0.1757s/iter; left time: 135.1299s
Epoch  94/100 [####################] 124/124 | used 00:12 | left 00:00 | total 36:08 | ETA 02:18
Epoch: 94 cost time: 12.60567307472229
Epoch: 94, Steps: 124 | Train Loss: 0.0195999 Vali Loss: 0.0012897 StockMixer Select Loss: 0.0012973 Test Loss: 0.0004210
Val Financial | IC: 0.010901 RIC: 0.074051 RankIC: 0.006349 Precision@10: 0.519763 SR(top5): 2.017631
Test Financial | IC: 0.011054 RIC: 0.076800 RankIC: 0.011456 Precision@10: 0.524432 SR(top5): 0.227257
Train components | MSE: 0.00028328 Rank: 0.00002392 weighted Rank: 0.00011958 MoE: 2.00071030 weighted MoE: 0.01000355
Train IC loss: 0.91935087 weighted IC loss: 0.00919351
Updating learning rate to 8.856374635655695e-07
	iters: 100, epoch: 95 | loss: 0.0192103
	speed: 0.1720s/iter; left time: 110.9190s
Epoch  95/100 [####################] 124/124 | used 00:12 | left 00:00 | total 36:26 | ETA 01:55
Epoch: 95 cost time: 12.619305849075317
Epoch: 95, Steps: 124 | Train Loss: 0.0196059 Vali Loss: 0.0012875 StockMixer Select Loss: 0.0012952 Test Loss: 0.0004185
Val Financial | IC: 0.011708 RIC: 0.079083 RankIC: 0.005853 Precision@10: 0.521739 SR(top5): 1.832339
Test Financial | IC: 0.010914 RIC: 0.075223 RankIC: 0.011066 Precision@10: 0.517045 SR(top5): 0.353233
Train components | MSE: 0.00028247 Rank: 0.00002372 weighted Rank: 0.00011861 MoE: 2.00070980 weighted MoE: 0.01000355
Train IC loss: 0.92012286 weighted IC loss: 0.00920123
Updating learning rate to 6.15582970243117e-07
	iters: 100, epoch: 96 | loss: 0.0196987
	speed: 0.1720s/iter; left time: 89.6096s
Epoch  96/100 [####################] 124/124 | used 00:12 | left 00:00 | total 36:43 | ETA 01:31
Epoch: 96 cost time: 12.487651348114014
Epoch: 96, Steps: 124 | Train Loss: 0.0195884 Vali Loss: 0.0012868 StockMixer Select Loss: 0.0012945 Test Loss: 0.0004181
Val Financial | IC: 0.011701 RIC: 0.079073 RankIC: 0.005760 Precision@10: 0.521739 SR(top5): 1.907125
Test Financial | IC: 0.011122 RIC: 0.076869 RankIC: 0.011238 Precision@10: 0.518466 SR(top5): 0.346451
Train components | MSE: 0.00028132 Rank: 0.00002387 weighted Rank: 0.00011937 MoE: 2.00070816 weighted MoE: 0.01000354
Train IC loss: 0.91841643 weighted IC loss: 0.00918416
New Best | epoch 96 | validation stockmixer_val_loss=0.00129446 | saved best.pth
Updating learning rate to 3.9426493427611177e-07
	iters: 100, epoch: 97 | loss: 0.0197268
	speed: 0.1798s/iter; left time: 71.3786s
Epoch  97/100 [####################] 124/124 | used 00:13 | left 00:00 | total 37:01 | ETA 01:08
Epoch: 97 cost time: 13.17228364944458
Epoch: 97, Steps: 124 | Train Loss: 0.0196004 Vali Loss: 0.0012877 StockMixer Select Loss: 0.0012953 Test Loss: 0.0004185
Val Financial | IC: 0.011466 RIC: 0.077469 RankIC: 0.005749 Precision@10: 0.521739 SR(top5): 1.956822
Test Financial | IC: 0.010959 RIC: 0.075608 RankIC: 0.011133 Precision@10: 0.520170 SR(top5): 0.356531
Train components | MSE: 0.00028116 Rank: 0.00002375 weighted Rank: 0.00011874 MoE: 2.00071459 weighted MoE: 0.01000357
Train IC loss: 0.91969490 weighted IC loss: 0.00919695
Updating learning rate to 2.219017698460002e-07
	iters: 100, epoch: 98 | loss: 0.0192733
	speed: 0.1733s/iter; left time: 47.3031s
Epoch  98/100 [####################] 124/124 | used 00:12 | left 00:00 | total 37:18 | ETA 00:45
Epoch: 98 cost time: 12.773437261581421
Epoch: 98, Steps: 124 | Train Loss: 0.0195904 Vali Loss: 0.0012874 StockMixer Select Loss: 0.0012951 Test Loss: 0.0004185
Val Financial | IC: 0.011206 RIC: 0.075644 RankIC: 0.005537 Precision@10: 0.522925 SR(top5): 1.923153
Test Financial | IC: 0.010888 RIC: 0.074780 RankIC: 0.011078 Precision@10: 0.519886 SR(top5): 0.340199
Train components | MSE: 0.00028064 Rank: 0.00002361 weighted Rank: 0.00011803 MoE: 2.00071191 weighted MoE: 0.01000356
Train IC loss: 0.91881896 weighted IC loss: 0.00918819
Updating learning rate to 9.866357858642205e-08
	iters: 100, epoch: 99 | loss: 0.0189829
	speed: 0.1786s/iter; left time: 26.6130s
Epoch  99/100 [####################] 124/124 | used 00:12 | left 00:00 | total 37:36 | ETA 00:22
Epoch: 99 cost time: 12.976635694503784
Epoch: 99, Steps: 124 | Train Loss: 0.0195885 Vali Loss: 0.0012872 StockMixer Select Loss: 0.0012948 Test Loss: 0.0004184
Val Financial | IC: 0.011312 RIC: 0.076333 RankIC: 0.005618 Precision@10: 0.523320 SR(top5): 1.964163
Test Financial | IC: 0.010934 RIC: 0.075170 RankIC: 0.011082 Precision@10: 0.519602 SR(top5): 0.387111
Train components | MSE: 0.00028023 Rank: 0.00002359 weighted Rank: 0.00011794 MoE: 2.00070984 weighted MoE: 0.01000355
Train IC loss: 0.91868008 weighted IC loss: 0.00918680
Updating learning rate to 2.467198171342e-08
	iters: 100, epoch: 100 | loss: 0.0194947
	speed: 0.1755s/iter; left time: 4.3873s
Epoch 100/100 [####################] 124/124 | used 00:12 | left 00:00 | total 37:53 | ETA 00:00
Epoch: 100 cost time: 12.435664892196655
Epoch: 100, Steps: 124 | Train Loss: 0.0195854 Vali Loss: 0.0012873 StockMixer Select Loss: 0.0012949 Test Loss: 0.0004185
Val Financial | IC: 0.011284 RIC: 0.076132 RankIC: 0.005580 Precision@10: 0.522925 SR(top5): 1.953525
Test Financial | IC: 0.010941 RIC: 0.075186 RankIC: 0.011094 Precision@10: 0.519034 SR(top5): 0.387328
Train components | MSE: 0.00028016 Rank: 0.00002354 weighted Rank: 0.00011769 MoE: 2.00071192 weighted MoE: 0.01000356
Train IC loss: 0.91840367 weighted IC loss: 0.00918404
Updating learning rate to 0.0
>>>>>>>testing : long_term_forecast_SP500_eod5_16_1_TimeFilter_SP500_ftM_sl16_ll0_pl1_dm256_nh4_el1_dl1_df1024_fc1_ebtimeF_dtTrue_test_0<<<<<<<<<<<<<<<<<<<<<<<<<<<<<<<<<
test 352
mse:0.0004181144468020648, mae:0.014565326273441315
Final Test | best.pth from epoch 96
Final Test Financial | IC: 0.011122 RIC: 0.076869 RankIC: 0.011238 Precision@10: 0.518466 SR(top5): 0.346451
Financial results saved: D:\finance\model\Timefilter\TimeFilter\outputs\SP500_2026_10_08_02_11\results\long_term_forecast_SP500_eod5_16_1_TimeFilter_SP500_ftM_sl16_ll0_pl1_dm256_nh4_el1_dl1_df1024_fc1_ebtimeF_dtTrue_test_0\financial
