Run directory: D:\finance\model\Timefilter\TimeFilter\outputs\SP500_2026_09_23_19_52
Args in experiment:
Basic Config
  Task Name:          long_term_forecast  Is Training:        1                   
  Model ID:           SP500_returns_16_1  Model:              TimeFilter          

Data Loader
  Data:               SP500               Root Path:          D:\finance\model\Timefilter\TimeFilter\stockmixer_dataset\SP500
  Data Path:          SP500.npy           Features:           M                   
  Target:             OT                  Freq:               d                   
  Checkpoints:        ./checkpoints/      

Forecasting Task
  Seq Len:            16                  Label Len:          0                   
  Pred Len:           1                   Seasonal Patterns:  Monthly             
  Inverse:            0                   

Model Parameters
  Top k:              5                   Num Kernels:        6                   
  Enc In:             474                 Dec In:             474                 
  C Out:              474                 d model:            512                 
  n heads:            4                   e layers:           2                   
  d layers:           1                   d FF:               2048                
  Moving Avg:         25                  Factor:             1                   
  Distil:             1                   Dropout:            0.1                 
  Embed:              timeF               Activation:         gelu                
  Output Attention:   0                   

Run Parameters
  Num Workers:        0                   Itr:                1                   
  Train Epochs:       100                 Batch Size:         32                  
  Patience:           3                   Learning Rate:      0.0001              
  Des:                test                Loss:               MSE                 
  Lradj:              cosine              Use Amp:            0                   

GPU
  Use GPU:            1                   GPU:                0                   
  Use Multi GPU:      0                   Devices:            0,1,2,3             

De-stationary Projector Params
  P Hidden Dims:      128, 128            P Hidden Layers:    2                   

Financial protocol | seed=2021 patch_len=16 moe_aux_weight=0.005 selection=validation:mse validation_only=False
Use GPU: cuda:0
>>>>>>>start training : long_term_forecast_SP500_returns_16_1_TimeFilter_SP500_ftM_sl16_ll0_pl1_dm512_nh4_el2_dl1_df2048_fc1_ebtimeF_dtTrue_test_0>>>>>>>>>>>>>>>>>>>>>>>>>>
train 990
val 253
test 352
Financial reports: D:\finance\model\Timefilter\TimeFilter\outputs\SP500_2026_09_23_19_52\results\long_term_forecast_SP500_returns_16_1_TimeFilter_SP500_ftM_sl16_ll0_pl1_dm512_nh4_el2_dl1_df2048_fc1_ebtimeF_dtTrue_test_0\financial
Epoch: 1 cost time: 10.908401489257812
Epoch: 1, Steps: 31 | Train Loss: 0.0275287 Vali Loss: 0.0013488 Test Loss: 0.0004676
Val Financial | IC: -0.001379 RIC: -0.006832 RankIC: -0.009899 Precision@10: 0.493281 SR(top5): 0.946480
Test Financial | IC: -0.001244 RIC: -0.007554 RankIC: -0.002487 Precision@10: 0.509943 SR(top5): 0.583265
Train components | MSE: 0.00033639 MoE: 5.43846673 weighted MoE: 0.02719233
Validation best: epoch=1, mse=0.00135985; saved best.pth
Updating learning rate to 9.997532801828658e-05
Epoch: 2 cost time: 10.48233413696289
Epoch: 2, Steps: 31 | Train Loss: 0.0127848 Vali Loss: 0.0013056 Test Loss: 0.0004458
Val Financial | IC: 0.002676 RIC: 0.012381 RankIC: -0.004500 Precision@10: 0.504743 SR(top5): 1.033278
Test Financial | IC: -0.002000 RIC: -0.010503 RankIC: -0.001880 Precision@10: 0.500000 SR(top5): 0.010947
Train components | MSE: 0.00030860 MoE: 2.49524861 weighted MoE: 0.01247624
Validation best: epoch=2, mse=0.00131693; saved best.pth
Updating learning rate to 9.990133642141359e-05
Epoch: 3 cost time: 10.859040260314941
Epoch: 3, Steps: 31 | Train Loss: 0.0108300 Vali Loss: 0.0012878 Test Loss: 0.0004435
Val Financial | IC: -0.000637 RIC: -0.002844 RankIC: -0.006667 Precision@10: 0.507905 SR(top5): 1.605286
Test Financial | IC: -0.003241 RIC: -0.016468 RankIC: -0.002633 Precision@10: 0.507386 SR(top5): 0.420186
Train components | MSE: 0.00029227 MoE: 2.10755047 weighted MoE: 0.01053775
Validation best: epoch=3, mse=0.00129885; saved best.pth
Updating learning rate to 9.977809823015401e-05
Epoch: 4 cost time: 10.84746766090393
Epoch: 4, Steps: 31 | Train Loss: 0.0104600 Vali Loss: 0.0012892 Test Loss: 0.0004385
Val Financial | IC: -0.002692 RIC: -0.011427 RankIC: -0.007991 Precision@10: 0.503953 SR(top5): 1.108408
Test Financial | IC: -0.000812 RIC: -0.003937 RankIC: -0.000475 Precision@10: 0.509375 SR(top5): 0.287897
Train components | MSE: 0.00029469 MoE: 2.03306705 weighted MoE: 0.01016534
Updating learning rate to 9.96057350657239e-05
Epoch: 5 cost time: 11.51230502128601
Epoch: 5, Steps: 31 | Train Loss: 0.0103728 Vali Loss: 0.0012394 Test Loss: 0.0004377
Val Financial | IC: 0.000198 RIC: 0.000836 RankIC: -0.002946 Precision@10: 0.503953 SR(top5): 1.169220
Test Financial | IC: -0.000161 RIC: -0.000737 RankIC: 0.002239 Precision@10: 0.508239 SR(top5): 0.279144
Train components | MSE: 0.00028788 MoE: 2.01698077 weighted MoE: 0.01008490
Validation best: epoch=5, mse=0.00125014; saved best.pth
Updating learning rate to 9.938441702975689e-05
Epoch: 6 cost time: 11.628554105758667
Epoch: 6, Steps: 31 | Train Loss: 0.0103392 Vali Loss: 0.0012665 Test Loss: 0.0004406
Val Financial | IC: -0.002372 RIC: -0.010070 RankIC: -0.004911 Precision@10: 0.509881 SR(top5): 0.446370
Test Financial | IC: -0.001880 RIC: -0.008427 RankIC: 0.001305 Precision@10: 0.515057 SR(top5): 0.665976
Train components | MSE: 0.00028607 MoE: 2.01061814 weighted MoE: 0.01005309
Updating learning rate to 9.911436253643445e-05
Epoch: 7 cost time: 11.499460220336914
Epoch: 7, Steps: 31 | Train Loss: 0.0103381 Vali Loss: 0.0013300 Test Loss: 0.0004537
Val Financial | IC: -0.004996 RIC: -0.020187 RankIC: -0.012495 Precision@10: 0.499209 SR(top5): 1.183213
Test Financial | IC: 0.000327 RIC: 0.001642 RankIC: -0.002016 Precision@10: 0.514205 SR(top5): 0.147686
Train components | MSE: 0.00030018 MoE: 2.00757353 weighted MoE: 0.01003787
Updating learning rate to 9.879583809693738e-05
Epoch: 8 cost time: 11.65379548072815
Epoch: 8, Steps: 31 | Train Loss: 0.0103101 Vali Loss: 0.0013016 Test Loss: 0.0004479
Val Financial | IC: -0.003951 RIC: -0.016233 RankIC: -0.003830 Precision@10: 0.510277 SR(top5): 0.659945
Test Financial | IC: 0.002009 RIC: 0.008645 RankIC: 0.005160 Precision@10: 0.516761 SR(top5): 0.652136
Train components | MSE: 0.00028051 MoE: 2.00590768 weighted MoE: 0.01002954
Updating learning rate to 9.842915805643155e-05
Epoch: 9 cost time: 11.775061845779419
Epoch: 9, Steps: 31 | Train Loss: 0.0103035 Vali Loss: 0.0012848 Test Loss: 0.0004378
Val Financial | IC: -0.001237 RIC: -0.005126 RankIC: -0.005780 Precision@10: 0.513834 SR(top5): 1.125338
Test Financial | IC: 0.000291 RIC: 0.001362 RankIC: 0.000466 Precision@10: 0.515909 SR(top5): 0.918651
Train components | MSE: 0.00027931 MoE: 2.00484676 weighted MoE: 0.01002423
Updating learning rate to 9.801468428384716e-05
Epoch: 10 cost time: 11.988625764846802
Epoch: 10, Steps: 31 | Train Loss: 0.0103014 Vali Loss: 0.0012809 Test Loss: 0.0004425
Val Financial | IC: -0.001455 RIC: -0.006093 RankIC: -0.004145 Precision@10: 0.501186 SR(top5): 1.458310
Test Financial | IC: -0.000216 RIC: -0.000964 RankIC: 0.000859 Precision@10: 0.513068 SR(top5): 0.731842
Train components | MSE: 0.00028118 MoE: 2.00404000 weighted MoE: 0.01002020
Updating learning rate to 9.755282581475769e-05
Epoch: 11 cost time: 11.756644010543823
Epoch: 11, Steps: 31 | Train Loss: 0.0102956 Vali Loss: 0.0012562 Test Loss: 0.0004424
Val Financial | IC: -0.008523 RIC: -0.035694 RankIC: -0.010019 Precision@10: 0.501581 SR(top5): 0.991524
Test Financial | IC: -0.002446 RIC: -0.011284 RankIC: -0.000472 Precision@10: 0.509091 SR(top5): 1.197083
Train components | MSE: 0.00027748 MoE: 2.00362006 weighted MoE: 0.01001810
Updating learning rate to 9.704403844771128e-05
Epoch: 12 cost time: 11.85550045967102
Epoch: 12, Steps: 31 | Train Loss: 0.0102931 Vali Loss: 0.0013003 Test Loss: 0.0004559
Val Financial | IC: -0.006633 RIC: -0.027512 RankIC: -0.005241 Precision@10: 0.508300 SR(top5): 0.737499
Test Financial | IC: 0.002638 RIC: 0.011283 RankIC: 0.005617 Precision@10: 0.523864 SR(top5): 1.162685
Train components | MSE: 0.00027672 MoE: 2.00328033 weighted MoE: 0.01001640
Updating learning rate to 9.648882429441257e-05
Epoch: 13 cost time: 11.928710460662842
Epoch: 13, Steps: 31 | Train Loss: 0.0102936 Vali Loss: 0.0013089 Test Loss: 0.0004456
Val Financial | IC: -0.006320 RIC: -0.026487 RankIC: -0.006688 Precision@10: 0.499209 SR(top5): 0.682753
Test Financial | IC: -0.000482 RIC: -0.002200 RankIC: 0.001627 Precision@10: 0.520455 SR(top5): 0.789125
Train components | MSE: 0.00027864 MoE: 2.00298642 weighted MoE: 0.01001493
Updating learning rate to 9.588773128419906e-05
Epoch: 14 cost time: 12.173951148986816
Epoch: 14, Steps: 31 | Train Loss: 0.0102862 Vali Loss: 0.0012982 Test Loss: 0.0004457
Val Financial | IC: -0.004669 RIC: -0.019402 RankIC: -0.005756 Precision@10: 0.504743 SR(top5): 1.065431
Test Financial | IC: 0.001163 RIC: 0.005435 RankIC: 0.001718 Precision@10: 0.518750 SR(top5): 1.186309
Train components | MSE: 0.00027270 MoE: 2.00269880 weighted MoE: 0.01001349
Updating learning rate to 9.524135262330098e-05
Epoch: 15 cost time: 12.128476619720459
Epoch: 15, Steps: 31 | Train Loss: 0.0102860 Vali Loss: 0.0013275 Test Loss: 0.0004493
Val Financial | IC: -0.006204 RIC: -0.026123 RankIC: -0.008979 Precision@10: 0.501581 SR(top5): 1.098369
Test Financial | IC: -0.002791 RIC: -0.014029 RankIC: -0.002972 Precision@10: 0.508523 SR(top5): 1.259577
Train components | MSE: 0.00027343 MoE: 2.00251817 weighted MoE: 0.01001259
Updating learning rate to 9.45503262094184e-05
Epoch: 16 cost time: 12.043160915374756
Epoch: 16, Steps: 31 | Train Loss: 0.0102809 Vali Loss: 0.0012755 Test Loss: 0.0004500
Val Financial | IC: -0.000751 RIC: -0.003152 RankIC: 0.000059 Precision@10: 0.508300 SR(top5): 1.196602
Test Financial | IC: 0.002560 RIC: 0.012115 RankIC: 0.004797 Precision@10: 0.523011 SR(top5): 0.652417
Train components | MSE: 0.00026868 MoE: 2.00244042 weighted MoE: 0.01001220
Updating learning rate to 9.381533400219318e-05
Epoch: 17 cost time: 12.595037460327148
Epoch: 17, Steps: 31 | Train Loss: 0.0102808 Vali Loss: 0.0014275 Test Loss: 0.0004796
Val Financial | IC: -0.001425 RIC: -0.005900 RankIC: -0.007383 Precision@10: 0.497233 SR(top5): 1.235744
Test Financial | IC: -0.003251 RIC: -0.016856 RankIC: -0.006552 Precision@10: 0.509943 SR(top5): 0.533823
Train components | MSE: 0.00026935 MoE: 2.00229055 weighted MoE: 0.01001145
Updating learning rate to 9.30371013501972e-05
Epoch: 18 cost time: 12.434912919998169
Epoch: 18, Steps: 31 | Train Loss: 0.0102823 Vali Loss: 0.0013197 Test Loss: 0.0004585
Val Financial | IC: -0.007259 RIC: -0.029884 RankIC: -0.005208 Precision@10: 0.508300 SR(top5): 1.045014
Test Financial | IC: -0.001135 RIC: -0.005036 RankIC: 0.001728 Precision@10: 0.521023 SR(top5): 0.965689
Train components | MSE: 0.00027132 MoE: 2.00219254 weighted MoE: 0.01001096
Updating learning rate to 9.221639627510076e-05
Epoch: 19 cost time: 12.444231748580933
Epoch: 19, Steps: 31 | Train Loss: 0.0102767 Vali Loss: 0.0013126 Test Loss: 0.0004526
Val Financial | IC: -0.001079 RIC: -0.004448 RankIC: -0.000906 Precision@10: 0.502372 SR(top5): 0.890873
Test Financial | IC: -0.000554 RIC: -0.002596 RankIC: 0.000262 Precision@10: 0.515909 SR(top5): 0.618766
Train components | MSE: 0.00026605 MoE: 2.00212659 weighted MoE: 0.01001063
Updating learning rate to 9.135402871372808e-05
Epoch: 20 cost time: 12.902403831481934
Epoch: 20, Steps: 31 | Train Loss: 0.0102710 Vali Loss: 0.0013855 Test Loss: 0.0004629
Val Financial | IC: -0.005243 RIC: -0.022243 RankIC: -0.007811 Precision@10: 0.506719 SR(top5): 1.411742
Test Financial | IC: -0.002490 RIC: -0.012482 RankIC: -0.002992 Precision@10: 0.521307 SR(top5): 0.802177
Train components | MSE: 0.00026083 MoE: 2.00202810 weighted MoE: 0.01001014
Updating learning rate to 9.045084971874738e-05
Epoch: 21 cost time: 13.857210874557495
Epoch: 21, Steps: 31 | Train Loss: 0.0102725 Vali Loss: 0.0013463 Test Loss: 0.0004593
Val Financial | IC: -0.003541 RIC: -0.014586 RankIC: -0.005697 Precision@10: 0.508300 SR(top5): 1.086947
Test Financial | IC: -0.000753 RIC: -0.003720 RankIC: -0.001631 Precision@10: 0.514489 SR(top5): 0.583767
Train components | MSE: 0.00026275 MoE: 2.00194969 weighted MoE: 0.01000975
Updating learning rate to 8.950775061878453e-05
Epoch: 22 cost time: 13.365887880325317
Epoch: 22, Steps: 31 | Train Loss: 0.0102696 Vali Loss: 0.0013385 Test Loss: 0.0004654
Val Financial | IC: -0.006931 RIC: -0.028925 RankIC: -0.004983 Precision@10: 0.502767 SR(top5): 0.992010
Test Financial | IC: 0.000757 RIC: 0.003385 RankIC: 0.002516 Precision@10: 0.526420 SR(top5): 1.144621
Train components | MSE: 0.00025992 MoE: 2.00192810 weighted MoE: 0.01000964
Updating learning rate to 8.852566213878947e-05
Epoch: 23 cost time: 13.255531311035156
Epoch: 23, Steps: 31 | Train Loss: 0.0102695 Vali Loss: 0.0013488 Test Loss: 0.0004633
Val Financial | IC: -0.010305 RIC: -0.042874 RankIC: -0.008713 Precision@10: 0.501976 SR(top5): 1.150761
Test Financial | IC: -0.001721 RIC: -0.007834 RankIC: -0.001571 Precision@10: 0.520739 SR(top5): 0.890137
Train components | MSE: 0.00025992 MoE: 2.00191058 weighted MoE: 0.01000955
Updating learning rate to 8.750555348152298e-05
Epoch: 24 cost time: 13.306652784347534
Epoch: 24, Steps: 31 | Train Loss: 0.0102634 Vali Loss: 0.0013231 Test Loss: 0.0004646
Val Financial | IC: -0.000960 RIC: -0.004012 RankIC: 0.001136 Precision@10: 0.506719 SR(top5): 1.125309
Test Financial | IC: 0.000877 RIC: 0.004046 RankIC: 0.003066 Precision@10: 0.528977 SR(top5): 0.870907
Train components | MSE: 0.00025418 MoE: 2.00184599 weighted MoE: 0.01000923
Updating learning rate to 8.644843137107059e-05
Epoch: 25 cost time: 13.989012241363525
Epoch: 25, Steps: 31 | Train Loss: 0.0102611 Vali Loss: 0.0013405 Test Loss: 0.0004652
Val Financial | IC: -0.005894 RIC: -0.025226 RankIC: -0.007181 Precision@10: 0.504348 SR(top5): 1.091512
Test Financial | IC: -0.003090 RIC: -0.015389 RankIC: -0.002722 Precision@10: 0.521875 SR(top5): 0.348956
Train components | MSE: 0.00025219 MoE: 2.00178512 weighted MoE: 0.01000893
Updating learning rate to 8.535533905932738e-05
Epoch: 26 cost time: 13.996813774108887
Epoch: 26, Steps: 31 | Train Loss: 0.0102586 Vali Loss: 0.0013294 Test Loss: 0.0004660
Val Financial | IC: -0.010662 RIC: -0.046018 RankIC: -0.009340 Precision@10: 0.502372 SR(top5): 1.026325
Test Financial | IC: -0.001949 RIC: -0.009548 RankIC: -0.001442 Precision@10: 0.526420 SR(top5): 0.827390
Train components | MSE: 0.00024967 MoE: 2.00177706 weighted MoE: 0.01000889
Updating learning rate to 8.422735529643444e-05
Epoch: 27 cost time: 14.401980876922607
Epoch: 27, Steps: 31 | Train Loss: 0.0102557 Vali Loss: 0.0013097 Test Loss: 0.0004685
Val Financial | IC: -0.009340 RIC: -0.040245 RankIC: -0.007476 Precision@10: 0.495652 SR(top5): 1.088060
Test Financial | IC: -0.004242 RIC: -0.020005 RankIC: -0.002485 Precision@10: 0.518750 SR(top5): 0.718585
Train components | MSE: 0.00024685 MoE: 2.00177093 weighted MoE: 0.01000885
Updating learning rate to 8.306559326618259e-05
Epoch: 28 cost time: 14.46109652519226
Epoch: 28, Steps: 31 | Train Loss: 0.0102554 Vali Loss: 0.0013199 Test Loss: 0.0004796
Val Financial | IC: -0.010441 RIC: -0.043885 RankIC: -0.005495 Precision@10: 0.508300 SR(top5): 0.948213
Test Financial | IC: 0.000104 RIC: 0.000461 RankIC: 0.002211 Precision@10: 0.532386 SR(top5): 1.373138
Train components | MSE: 0.00024673 MoE: 2.00172898 weighted MoE: 0.01000864
Updating learning rate to 8.18711994874345e-05
Epoch: 29 cost time: 14.530534982681274
Epoch: 29, Steps: 31 | Train Loss: 0.0102545 Vali Loss: 0.0013746 Test Loss: 0.0004760
Val Financial | IC: -0.004812 RIC: -0.020314 RankIC: -0.007389 Precision@10: 0.498814 SR(top5): 1.200705
Test Financial | IC: -0.006130 RIC: -0.031874 RankIC: -0.006302 Precision@10: 0.518750 SR(top5): 0.678380
Train components | MSE: 0.00024604 MoE: 2.00169085 weighted MoE: 0.01000845
Updating learning rate to 8.064535268264883e-05
Epoch: 30 cost time: 14.321359872817993
Epoch: 30, Steps: 31 | Train Loss: 0.0102536 Vali Loss: 0.0013131 Test Loss: 0.0004669
Val Financial | IC: -0.004435 RIC: -0.019191 RankIC: -0.003779 Precision@10: 0.495257 SR(top5): 1.190796
Test Financial | IC: -0.004609 RIC: -0.023157 RankIC: -0.002615 Precision@10: 0.521307 SR(top5): 0.513467
Train components | MSE: 0.00024525 MoE: 2.00167960 weighted MoE: 0.01000840
Updating learning rate to 7.938926261462366e-05
Epoch: 31 cost time: 14.53574252128601
Epoch: 31, Steps: 31 | Train Loss: 0.0102502 Vali Loss: 0.0013393 Test Loss: 0.0004722
Val Financial | IC: -0.009863 RIC: -0.042074 RankIC: -0.009319 Precision@10: 0.500395 SR(top5): 0.753017
Test Financial | IC: -0.003298 RIC: -0.016295 RankIC: -0.002234 Precision@10: 0.528693 SR(top5): 0.670784
Train components | MSE: 0.00024189 MoE: 2.00166279 weighted MoE: 0.01000831
Updating learning rate to 7.810416889260653e-05
Epoch: 32 cost time: 14.431994915008545
Epoch: 32, Steps: 31 | Train Loss: 0.0102488 Vali Loss: 0.0013566 Test Loss: 0.0004731
Val Financial | IC: -0.009856 RIC: -0.042039 RankIC: -0.008471 Precision@10: 0.501976 SR(top5): 0.835088
Test Financial | IC: -0.004265 RIC: -0.020287 RankIC: -0.003207 Precision@10: 0.521023 SR(top5): 0.684282
Train components | MSE: 0.00024050 MoE: 2.00165286 weighted MoE: 0.01000826
Updating learning rate to 7.679133974894983e-05
Epoch: 33 cost time: 14.554912328720093
Epoch: 33, Steps: 31 | Train Loss: 0.0102465 Vali Loss: 0.0013361 Test Loss: 0.0004721
Val Financial | IC: -0.012416 RIC: -0.052411 RankIC: -0.011572 Precision@10: 0.499209 SR(top5): 1.198236
Test Financial | IC: -0.004957 RIC: -0.024215 RankIC: -0.003823 Precision@10: 0.526420 SR(top5): 0.669238
Train components | MSE: 0.00023835 MoE: 2.00162910 weighted MoE: 0.01000815
Updating learning rate to 7.545207078751857e-05
Epoch: 34 cost time: 14.507597923278809
Epoch: 34, Steps: 31 | Train Loss: 0.0102438 Vali Loss: 0.0013369 Test Loss: 0.0004733
Val Financial | IC: -0.012403 RIC: -0.053026 RankIC: -0.011261 Precision@10: 0.496443 SR(top5): 1.048216
Test Financial | IC: -0.003276 RIC: -0.015850 RankIC: -0.001499 Precision@10: 0.526705 SR(top5): 0.386424
Train components | MSE: 0.00023568 MoE: 2.00163348 weighted MoE: 0.01000817
Updating learning rate to 7.408768370508576e-05
Epoch: 35 cost time: 14.353829860687256
Epoch: 35, Steps: 31 | Train Loss: 0.0102419 Vali Loss: 0.0013326 Test Loss: 0.0004743
Val Financial | IC: -0.009399 RIC: -0.040254 RankIC: -0.009237 Precision@10: 0.497233 SR(top5): 0.994018
Test Financial | IC: -0.006485 RIC: -0.032401 RankIC: -0.004804 Precision@10: 0.523580 SR(top5): -0.205861
Train components | MSE: 0.00023380 MoE: 2.00161589 weighted MoE: 0.01000808
Updating learning rate to 7.269952498697734e-05
Epoch: 36 cost time: 14.17020559310913
Epoch: 36, Steps: 31 | Train Loss: 0.0102414 Vali Loss: 0.0013419 Test Loss: 0.0004774
Val Financial | IC: -0.010660 RIC: -0.045280 RankIC: -0.010390 Precision@10: 0.504348 SR(top5): 1.041037
Test Financial | IC: -0.005865 RIC: -0.028462 RankIC: -0.003868 Precision@10: 0.521307 SR(top5): 0.424590
Train components | MSE: 0.00023338 MoE: 2.00159598 weighted MoE: 0.01000798
Updating learning rate to 7.128896457825364e-05
Epoch: 37 cost time: 14.925152778625488
Epoch: 37, Steps: 31 | Train Loss: 0.0102408 Vali Loss: 0.0013166 Test Loss: 0.0004791
Val Financial | IC: -0.014047 RIC: -0.059591 RankIC: -0.010473 Precision@10: 0.495652 SR(top5): 0.823908
Test Financial | IC: -0.004377 RIC: -0.020352 RankIC: -0.000847 Precision@10: 0.527273 SR(top5): 0.166718
Train components | MSE: 0.00023279 MoE: 2.00160007 weighted MoE: 0.01000800
Updating learning rate to 6.985739453173903e-05
Epoch: 38 cost time: 14.809386730194092
Epoch: 38, Steps: 31 | Train Loss: 0.0102404 Vali Loss: 0.0013248 Test Loss: 0.0004791
Val Financial | IC: -0.012548 RIC: -0.053426 RankIC: -0.011729 Precision@10: 0.500000 SR(top5): 1.113328
Test Financial | IC: -0.005884 RIC: -0.028242 RankIC: -0.003706 Precision@10: 0.524716 SR(top5): 0.256083
Train components | MSE: 0.00023247 MoE: 2.00158288 weighted MoE: 0.01000791
Updating learning rate to 6.840622763423391e-05
Epoch: 39 cost time: 13.755789279937744
Epoch: 39, Steps: 31 | Train Loss: 0.0102380 Vali Loss: 0.0013287 Test Loss: 0.0004799
Val Financial | IC: -0.016720 RIC: -0.071140 RankIC: -0.014559 Precision@10: 0.494071 SR(top5): 0.705498
Test Financial | IC: -0.004477 RIC: -0.021008 RankIC: -0.001159 Precision@10: 0.518182 SR(top5): -0.139936
Train components | MSE: 0.00023016 MoE: 2.00157332 weighted MoE: 0.01000787
Updating learning rate to 6.693689601226458e-05
Epoch: 40 cost time: 16.000344276428223
Epoch: 40, Steps: 31 | Train Loss: 0.0102376 Vali Loss: 0.0013050 Test Loss: 0.0004727
Val Financial | IC: -0.011008 RIC: -0.046414 RankIC: -0.009517 Precision@10: 0.501976 SR(top5): 1.321022
Test Financial | IC: -0.007174 RIC: -0.034283 RankIC: -0.003209 Precision@10: 0.524148 SR(top5): 0.296933
Train components | MSE: 0.00022972 MoE: 2.00157845 weighted MoE: 0.01000789
Updating learning rate to 6.545084971874738e-05
Epoch: 41 cost time: 14.996408224105835
Epoch: 41, Steps: 31 | Train Loss: 0.0102352 Vali Loss: 0.0013255 Test Loss: 0.0004772
Val Financial | IC: -0.011662 RIC: -0.049570 RankIC: -0.011101 Precision@10: 0.501186 SR(top5): 1.076611
Test Financial | IC: -0.007012 RIC: -0.033726 RankIC: -0.003528 Precision@10: 0.520739 SR(top5): 0.257951
Train components | MSE: 0.00022741 MoE: 2.00155494 weighted MoE: 0.01000777
Updating learning rate to 6.394955530196147e-05
Epoch: 42 cost time: 15.549236059188843
Epoch: 42, Steps: 31 | Train Loss: 0.0102354 Vali Loss: 0.0013156 Test Loss: 0.0004742
Val Financial | IC: -0.009850 RIC: -0.042120 RankIC: -0.010322 Precision@10: 0.495652 SR(top5): 1.021158
Test Financial | IC: -0.006481 RIC: -0.032165 RankIC: -0.003590 Precision@10: 0.521875 SR(top5): -0.083256
Train components | MSE: 0.00022759 MoE: 2.00156401 weighted MoE: 0.01000782
Updating learning rate to 6.243449435824276e-05
Epoch: 43 cost time: 15.48741102218628
Epoch: 43, Steps: 31 | Train Loss: 0.0102330 Vali Loss: 0.0013418 Test Loss: 0.0004781
Val Financial | IC: -0.014757 RIC: -0.062308 RankIC: -0.014486 Precision@10: 0.499605 SR(top5): 0.718003
Test Financial | IC: -0.006598 RIC: -0.032201 RankIC: -0.004368 Precision@10: 0.513352 SR(top5): -0.053824
Train components | MSE: 0.00022529 MoE: 2.00154305 weighted MoE: 0.01000772
Updating learning rate to 6.090716206982714e-05
Epoch: 44 cost time: 14.70833134651184
Epoch: 44, Steps: 31 | Train Loss: 0.0102329 Vali Loss: 0.0013322 Test Loss: 0.0004774
Val Financial | IC: -0.011033 RIC: -0.046993 RankIC: -0.012720 Precision@10: 0.496443 SR(top5): 1.137545
Test Financial | IC: -0.006828 RIC: -0.033854 RankIC: -0.003701 Precision@10: 0.515057 SR(top5): -0.385324
Train components | MSE: 0.00022520 MoE: 2.00153326 weighted MoE: 0.01000767
Updating learning rate to 5.9369065729286245e-05
Epoch: 45 cost time: 14.713639974594116
Epoch: 45, Steps: 31 | Train Loss: 0.0102319 Vali Loss: 0.0013457 Test Loss: 0.0004767
Val Financial | IC: -0.012860 RIC: -0.054694 RankIC: -0.012143 Precision@10: 0.503953 SR(top5): 0.814566
Test Financial | IC: -0.005290 RIC: -0.025128 RankIC: -0.002967 Precision@10: 0.517330 SR(top5): -0.242420
Train components | MSE: 0.00022422 MoE: 2.00153335 weighted MoE: 0.01000767
Updating learning rate to 5.782172325201155e-05
Epoch: 46 cost time: 14.512855052947998
Epoch: 46, Steps: 31 | Train Loss: 0.0102313 Vali Loss: 0.0013022 Test Loss: 0.0004768
Val Financial | IC: -0.016495 RIC: -0.070147 RankIC: -0.013855 Precision@10: 0.497233 SR(top5): 0.904158
Test Financial | IC: -0.006442 RIC: -0.030319 RankIC: -0.002698 Precision@10: 0.513636 SR(top5): -0.265105
Train components | MSE: 0.00022370 MoE: 2.00151325 weighted MoE: 0.01000757
Updating learning rate to 5.6266661678215216e-05
Epoch: 47 cost time: 14.733572244644165
Epoch: 47, Steps: 31 | Train Loss: 0.0102317 Vali Loss: 0.0013118 Test Loss: 0.0004798
Val Financial | IC: -0.012625 RIC: -0.053333 RankIC: -0.013665 Precision@10: 0.496047 SR(top5): 1.148565
Test Financial | IC: -0.007831 RIC: -0.040055 RankIC: -0.005837 Precision@10: 0.517045 SR(top5): -0.240074
Train components | MSE: 0.00022397 MoE: 2.00153977 weighted MoE: 0.01000770
Updating learning rate to 5.470541566592573e-05
Epoch: 48 cost time: 15.62385630607605
Epoch: 48, Steps: 31 | Train Loss: 0.0102301 Vali Loss: 0.0013240 Test Loss: 0.0004753
Val Financial | IC: -0.012997 RIC: -0.055690 RankIC: -0.013465 Precision@10: 0.497233 SR(top5): 1.005849
Test Financial | IC: -0.006636 RIC: -0.032634 RankIC: -0.004361 Precision@10: 0.521875 SR(top5): -0.061262
Train components | MSE: 0.00022243 MoE: 2.00152412 weighted MoE: 0.01000762
Updating learning rate to 5.313952597646568e-05
Epoch: 49 cost time: 14.663537740707397
Epoch: 49, Steps: 31 | Train Loss: 0.0102286 Vali Loss: 0.0013089 Test Loss: 0.0004748
Val Financial | IC: -0.012636 RIC: -0.053991 RankIC: -0.012028 Precision@10: 0.500791 SR(top5): 0.986099
Test Financial | IC: -0.007884 RIC: -0.038599 RankIC: -0.004482 Precision@10: 0.519034 SR(top5): -0.301832
Train components | MSE: 0.00022103 MoE: 2.00151896 weighted MoE: 0.01000759
Updating learning rate to 5.157053795390642e-05
Epoch: 50 cost time: 15.037800312042236
Epoch: 50, Steps: 31 | Train Loss: 0.0102287 Vali Loss: 0.0013200 Test Loss: 0.0004728
Val Financial | IC: -0.010786 RIC: -0.046234 RankIC: -0.012172 Precision@10: 0.498419 SR(top5): 1.187006
Test Financial | IC: -0.005996 RIC: -0.029357 RankIC: -0.004149 Precision@10: 0.516193 SR(top5): -0.068670
Train components | MSE: 0.00022110 MoE: 2.00151473 weighted MoE: 0.01000757
Updating learning rate to 5e-05
Epoch: 51 cost time: 15.289604187011719
Epoch: 51, Steps: 31 | Train Loss: 0.0102278 Vali Loss: 0.0013280 Test Loss: 0.0004752
Val Financial | IC: -0.019128 RIC: -0.080965 RankIC: -0.017197 Precision@10: 0.498024 SR(top5): 0.712657
Test Financial | IC: -0.006051 RIC: -0.028644 RankIC: -0.003143 Precision@10: 0.517045 SR(top5): -0.168402
Train components | MSE: 0.00022019 MoE: 2.00151505 weighted MoE: 0.01000758
Updating learning rate to 4.8429462046093585e-05
Epoch: 52 cost time: 15.460987091064453
Epoch: 52, Steps: 31 | Train Loss: 0.0102272 Vali Loss: 0.0013150 Test Loss: 0.0004766
Val Financial | IC: -0.013543 RIC: -0.057779 RankIC: -0.012101 Precision@10: 0.499209 SR(top5): 0.820863
Test Financial | IC: -0.006192 RIC: -0.029360 RankIC: -0.003502 Precision@10: 0.519602 SR(top5): -0.085106
Train components | MSE: 0.00021963 MoE: 2.00150431 weighted MoE: 0.01000752
Updating learning rate to 4.6860474023534335e-05
Epoch: 53 cost time: 15.549774408340454
Epoch: 53, Steps: 31 | Train Loss: 0.0102268 Vali Loss: 0.0013444 Test Loss: 0.0004780
Val Financial | IC: -0.013164 RIC: -0.055990 RankIC: -0.013916 Precision@10: 0.496838 SR(top5): 0.882923
Test Financial | IC: -0.010234 RIC: -0.050560 RankIC: -0.008734 Precision@10: 0.511932 SR(top5): -0.212625
Train components | MSE: 0.00021933 MoE: 2.00150341 weighted MoE: 0.01000752
Updating learning rate to 4.529458433407429e-05
Epoch: 54 cost time: 15.957993984222412
Epoch: 54, Steps: 31 | Train Loss: 0.0102260 Vali Loss: 0.0013339 Test Loss: 0.0004757
Val Financial | IC: -0.011663 RIC: -0.049776 RankIC: -0.011894 Precision@10: 0.505138 SR(top5): 1.068213
Test Financial | IC: -0.008134 RIC: -0.039093 RankIC: -0.005520 Precision@10: 0.524716 SR(top5): -0.108463
Train components | MSE: 0.00021851 MoE: 2.00150431 weighted MoE: 0.01000752
Updating learning rate to 4.373333832178478e-05
Epoch: 55 cost time: 15.767687320709229
Epoch: 55, Steps: 31 | Train Loss: 0.0102251 Vali Loss: 0.0013358 Test Loss: 0.0004764
Val Financial | IC: -0.011994 RIC: -0.051260 RankIC: -0.013439 Precision@10: 0.497628 SR(top5): 1.005951
Test Financial | IC: -0.010328 RIC: -0.050909 RankIC: -0.007830 Precision@10: 0.515341 SR(top5): -0.183839
Train components | MSE: 0.00021757 MoE: 2.00151217 weighted MoE: 0.01000756
Updating learning rate to 4.2178276747988446e-05
Epoch: 56 cost time: 15.758081436157227
Epoch: 56, Steps: 31 | Train Loss: 0.0102247 Vali Loss: 0.0013287 Test Loss: 0.0004744
Val Financial | IC: -0.012478 RIC: -0.052945 RankIC: -0.014363 Precision@10: 0.493676 SR(top5): 1.333065
Test Financial | IC: -0.008386 RIC: -0.042159 RankIC: -0.006048 Precision@10: 0.511080 SR(top5): -0.656982
Train components | MSE: 0.00021716 MoE: 2.00150452 weighted MoE: 0.01000752
Updating learning rate to 4.063093427071376e-05
Epoch: 57 cost time: 15.610376119613647
Epoch: 57, Steps: 31 | Train Loss: 0.0102245 Vali Loss: 0.0013328 Test Loss: 0.0004748
Val Financial | IC: -0.016312 RIC: -0.069742 RankIC: -0.015618 Precision@10: 0.499209 SR(top5): 1.040587
Test Financial | IC: -0.007374 RIC: -0.035305 RankIC: -0.004751 Precision@10: 0.511932 SR(top5): -0.361868
Train components | MSE: 0.00021697 MoE: 2.00150614 weighted MoE: 0.01000753
Updating learning rate to 3.9092837930172884e-05
Epoch: 58 cost time: 15.594269514083862
Epoch: 58, Steps: 31 | Train Loss: 0.0102237 Vali Loss: 0.0013299 Test Loss: 0.0004755
Val Financial | IC: -0.013725 RIC: -0.057985 RankIC: -0.014824 Precision@10: 0.496047 SR(top5): 1.087428
Test Financial | IC: -0.009006 RIC: -0.044377 RankIC: -0.005838 Precision@10: 0.509091 SR(top5): -0.446096
Train components | MSE: 0.00021623 MoE: 2.00150070 weighted MoE: 0.01000750
Updating learning rate to 3.756550564175727e-05
Epoch: 59 cost time: 15.665622472763062
Epoch: 59, Steps: 31 | Train Loss: 0.0102233 Vali Loss: 0.0013152 Test Loss: 0.0004736
Val Financial | IC: -0.012539 RIC: -0.053532 RankIC: -0.012887 Precision@10: 0.503557 SR(top5): 1.390588
Test Financial | IC: -0.008566 RIC: -0.041934 RankIC: -0.005113 Precision@10: 0.515341 SR(top5): -0.273977
Train components | MSE: 0.00021581 MoE: 2.00149255 weighted MoE: 0.01000746
Updating learning rate to 3.605044469803854e-05
Epoch: 60 cost time: 15.930360555648804
Epoch: 60, Steps: 31 | Train Loss: 0.0102232 Vali Loss: 0.0013344 Test Loss: 0.0004762
Val Financial | IC: -0.013591 RIC: -0.058043 RankIC: -0.014424 Precision@10: 0.500791 SR(top5): 1.199887
Test Financial | IC: -0.008045 RIC: -0.039610 RankIC: -0.005703 Precision@10: 0.511364 SR(top5): -0.348536
Train components | MSE: 0.00021570 MoE: 2.00149080 weighted MoE: 0.01000745
Updating learning rate to 3.4549150281252636e-05
Epoch: 61 cost time: 15.86329197883606
Epoch: 61, Steps: 31 | Train Loss: 0.0102221 Vali Loss: 0.0013306 Test Loss: 0.0004747
Val Financial | IC: -0.013997 RIC: -0.059699 RankIC: -0.014261 Precision@10: 0.503162 SR(top5): 0.976478
Test Financial | IC: -0.008670 RIC: -0.042067 RankIC: -0.006009 Precision@10: 0.509091 SR(top5): -0.298881
Train components | MSE: 0.00021464 MoE: 2.00148887 weighted MoE: 0.01000744
Updating learning rate to 3.3063103987735433e-05
Epoch: 62 cost time: 8.339259386062622
Epoch: 62, Steps: 31 | Train Loss: 0.0102227 Vali Loss: 0.0013288 Test Loss: 0.0004740
Val Financial | IC: -0.011261 RIC: -0.048436 RankIC: -0.012657 Precision@10: 0.505138 SR(top5): 1.284781
Test Financial | IC: -0.009270 RIC: -0.045961 RankIC: -0.006832 Precision@10: 0.507955 SR(top5): -0.053342
Train components | MSE: 0.00021524 MoE: 2.00150075 weighted MoE: 0.01000750
Updating learning rate to 3.1593772365766105e-05
Epoch: 63 cost time: 16.680140733718872
Epoch: 63, Steps: 31 | Train Loss: 0.0102218 Vali Loss: 0.0013340 Test Loss: 0.0004749
Val Financial | IC: -0.013924 RIC: -0.059290 RankIC: -0.014295 Precision@10: 0.501581 SR(top5): 1.181066
Test Financial | IC: -0.008439 RIC: -0.041005 RankIC: -0.005881 Precision@10: 0.509659 SR(top5): -0.266759
Train components | MSE: 0.00021436 MoE: 2.00148656 weighted MoE: 0.01000743
Updating learning rate to 3.0142605468260978e-05
Epoch: 64 cost time: 15.667409181594849
Epoch: 64, Steps: 31 | Train Loss: 0.0102216 Vali Loss: 0.0013287 Test Loss: 0.0004733
Val Financial | IC: -0.011694 RIC: -0.049930 RankIC: -0.012496 Precision@10: 0.500000 SR(top5): 1.017422
Test Financial | IC: -0.009484 RIC: -0.046890 RankIC: -0.006784 Precision@10: 0.506534 SR(top5): -0.537663
Train components | MSE: 0.00021417 MoE: 2.00148263 weighted MoE: 0.01000741
Updating learning rate to 2.8711035421746367e-05
Epoch: 65 cost time: 15.164628028869629
Epoch: 65, Steps: 31 | Train Loss: 0.0102213 Vali Loss: 0.0013346 Test Loss: 0.0004753
Val Financial | IC: -0.012196 RIC: -0.052115 RankIC: -0.012699 Precision@10: 0.497628 SR(top5): 1.335027
Test Financial | IC: -0.007763 RIC: -0.037946 RankIC: -0.004309 Precision@10: 0.508239 SR(top5): -0.536422
Train components | MSE: 0.00021387 MoE: 2.00148677 weighted MoE: 0.01000743
Updating learning rate to 2.7300475013022663e-05
Epoch: 66 cost time: 14.638853788375854
Epoch: 66, Steps: 31 | Train Loss: 0.0102212 Vali Loss: 0.0013210 Test Loss: 0.0004729
Val Financial | IC: -0.012159 RIC: -0.051775 RankIC: -0.013004 Precision@10: 0.502372 SR(top5): 1.185321
Test Financial | IC: -0.007837 RIC: -0.038061 RankIC: -0.005087 Precision@10: 0.511648 SR(top5): -0.431587
Train components | MSE: 0.00021382 MoE: 2.00148039 weighted MoE: 0.01000740
Updating learning rate to 2.591231629491423e-05
Epoch: 67 cost time: 14.621413230895996
Epoch: 67, Steps: 31 | Train Loss: 0.0102205 Vali Loss: 0.0013282 Test Loss: 0.0004749
Val Financial | IC: -0.011315 RIC: -0.048228 RankIC: -0.013272 Precision@10: 0.503557 SR(top5): 1.280571
Test Financial | IC: -0.009041 RIC: -0.045323 RankIC: -0.005988 Precision@10: 0.510511 SR(top5): -0.772617
Train components | MSE: 0.00021305 MoE: 2.00147915 weighted MoE: 0.01000740
Updating learning rate to 2.4547929212481435e-05
Epoch: 68 cost time: 14.36203646659851
Epoch: 68, Steps: 31 | Train Loss: 0.0102203 Vali Loss: 0.0013288 Test Loss: 0.0004739
Val Financial | IC: -0.013582 RIC: -0.057948 RankIC: -0.013668 Precision@10: 0.500395 SR(top5): 1.404410
Test Financial | IC: -0.007654 RIC: -0.037175 RankIC: -0.004652 Precision@10: 0.511080 SR(top5): -0.692848
Train components | MSE: 0.00021288 MoE: 2.00147583 weighted MoE: 0.01000738
Updating learning rate to 2.3208660251050158e-05
Epoch: 69 cost time: 14.768110036849976
Epoch: 69, Steps: 31 | Train Loss: 0.0102199 Vali Loss: 0.0013483 Test Loss: 0.0004749
Val Financial | IC: -0.011021 RIC: -0.047293 RankIC: -0.012784 Precision@10: 0.507510 SR(top5): 1.310830
Test Financial | IC: -0.009549 RIC: -0.047767 RankIC: -0.007047 Precision@10: 0.505682 SR(top5): -0.816779
Train components | MSE: 0.00021254 MoE: 2.00147948 weighted MoE: 0.01000740
Updating learning rate to 2.1895831107393484e-05
Epoch: 70 cost time: 14.60982871055603
Epoch: 70, Steps: 31 | Train Loss: 0.0102196 Vali Loss: 0.0013339 Test Loss: 0.0004752
Val Financial | IC: -0.010277 RIC: -0.044002 RankIC: -0.012304 Precision@10: 0.506719 SR(top5): 1.226209
Test Financial | IC: -0.009414 RIC: -0.046961 RankIC: -0.006808 Precision@10: 0.508807 SR(top5): -0.249423
Train components | MSE: 0.00021225 MoE: 2.00147910 weighted MoE: 0.01000740
Updating learning rate to 2.061073738537635e-05
Epoch: 71 cost time: 14.714468240737915
Epoch: 71, Steps: 31 | Train Loss: 0.0102195 Vali Loss: 0.0013228 Test Loss: 0.0004736
Val Financial | IC: -0.011933 RIC: -0.051217 RankIC: -0.012360 Precision@10: 0.503557 SR(top5): 1.140582
Test Financial | IC: -0.007375 RIC: -0.036186 RankIC: -0.004677 Precision@10: 0.505966 SR(top5): -0.119965
Train components | MSE: 0.00021214 MoE: 2.00147796 weighted MoE: 0.01000739
Updating learning rate to 1.9354647317351188e-05
Epoch: 72 cost time: 14.51767897605896
Epoch: 72, Steps: 31 | Train Loss: 0.0102191 Vali Loss: 0.0013245 Test Loss: 0.0004744
Val Financial | IC: -0.012584 RIC: -0.053733 RankIC: -0.012661 Precision@10: 0.497233 SR(top5): 1.187663
Test Financial | IC: -0.008433 RIC: -0.041084 RankIC: -0.005439 Precision@10: 0.507386 SR(top5): -0.290386
Train components | MSE: 0.00021166 MoE: 2.00148592 weighted MoE: 0.01000743
Updating learning rate to 1.8128800512565513e-05
Epoch: 73 cost time: 14.739363193511963
Epoch: 73, Steps: 31 | Train Loss: 0.0102194 Vali Loss: 0.0013417 Test Loss: 0.0004746
Val Financial | IC: -0.011212 RIC: -0.048098 RankIC: -0.012591 Precision@10: 0.503953 SR(top5): 1.167688
Test Financial | IC: -0.008725 RIC: -0.043380 RankIC: -0.006530 Precision@10: 0.507670 SR(top5): -0.517449
Train components | MSE: 0.00021204 MoE: 2.00147948 weighted MoE: 0.01000740
Updating learning rate to 1.6934406733817414e-05
Epoch: 74 cost time: 14.591890096664429
Epoch: 74, Steps: 31 | Train Loss: 0.0102191 Vali Loss: 0.0013279 Test Loss: 0.0004739
Val Financial | IC: -0.012613 RIC: -0.053952 RankIC: -0.013385 Precision@10: 0.503557 SR(top5): 1.136019
Test Financial | IC: -0.007953 RIC: -0.039036 RankIC: -0.005231 Precision@10: 0.511080 SR(top5): -0.413588
Train components | MSE: 0.00021170 MoE: 2.00147682 weighted MoE: 0.01000738
Updating learning rate to 1.5772644703565565e-05
Epoch: 75 cost time: 15.186880111694336
Epoch: 75, Steps: 31 | Train Loss: 0.0102190 Vali Loss: 0.0013236 Test Loss: 0.0004730
Val Financial | IC: -0.012031 RIC: -0.051628 RankIC: -0.013098 Precision@10: 0.503953 SR(top5): 1.286937
Test Financial | IC: -0.008788 RIC: -0.043491 RankIC: -0.005596 Precision@10: 0.507670 SR(top5): -0.518764
Train components | MSE: 0.00021157 MoE: 2.00147674 weighted MoE: 0.01000738
Updating learning rate to 1.4644660940672627e-05
Epoch: 76 cost time: 13.471720218658447
Epoch: 76, Steps: 31 | Train Loss: 0.0102186 Vali Loss: 0.0013208 Test Loss: 0.0004742
Val Financial | IC: -0.013642 RIC: -0.058392 RankIC: -0.013313 Precision@10: 0.503162 SR(top5): 1.310154
Test Financial | IC: -0.008145 RIC: -0.039316 RankIC: -0.005069 Precision@10: 0.507670 SR(top5): -0.410034
Train components | MSE: 0.00021122 MoE: 2.00147625 weighted MoE: 0.01000738
Updating learning rate to 1.3551568628929434e-05
Epoch: 77 cost time: 13.05834436416626
Epoch: 77, Steps: 31 | Train Loss: 0.0102182 Vali Loss: 0.0013219 Test Loss: 0.0004732
Val Financial | IC: -0.011948 RIC: -0.051300 RankIC: -0.012892 Precision@10: 0.504743 SR(top5): 1.327252
Test Financial | IC: -0.008489 RIC: -0.041918 RankIC: -0.006029 Precision@10: 0.507386 SR(top5): -0.657495
Train components | MSE: 0.00021081 MoE: 2.00146929 weighted MoE: 0.01000735
Updating learning rate to 1.2494446518477027e-05
Epoch: 78 cost time: 13.14509630203247
Epoch: 78, Steps: 31 | Train Loss: 0.0102180 Vali Loss: 0.0013243 Test Loss: 0.0004741
Val Financial | IC: -0.012525 RIC: -0.053531 RankIC: -0.013634 Precision@10: 0.503162 SR(top5): 1.243249
Test Financial | IC: -0.008551 RIC: -0.042324 RankIC: -0.005873 Precision@10: 0.506250 SR(top5): -0.776577
Train components | MSE: 0.00021062 MoE: 2.00146714 weighted MoE: 0.01000734
Updating learning rate to 1.1474337861210543e-05
Epoch: 79 cost time: 13.210309267044067
Epoch: 79, Steps: 31 | Train Loss: 0.0102181 Vali Loss: 0.0013271 Test Loss: 0.0004740
Val Financial | IC: -0.012229 RIC: -0.052364 RankIC: -0.013155 Precision@10: 0.503953 SR(top5): 1.241487
Test Financial | IC: -0.009463 RIC: -0.046454 RankIC: -0.006708 Precision@10: 0.510227 SR(top5): -0.508711
Train components | MSE: 0.00021072 MoE: 2.00147131 weighted MoE: 0.01000736
Updating learning rate to 1.049224938121548e-05
Epoch: 80 cost time: 13.57692003250122
Epoch: 80, Steps: 31 | Train Loss: 0.0102178 Vali Loss: 0.0013296 Test Loss: 0.0004738
Val Financial | IC: -0.013272 RIC: -0.056756 RankIC: -0.013336 Precision@10: 0.505929 SR(top5): 1.105487
Test Financial | IC: -0.008220 RIC: -0.040095 RankIC: -0.005375 Precision@10: 0.505114 SR(top5): -0.654637
Train components | MSE: 0.00021049 MoE: 2.00147049 weighted MoE: 0.01000735
Updating learning rate to 9.549150281252633e-06
Epoch: 81 cost time: 13.587443113327026
Epoch: 81, Steps: 31 | Train Loss: 0.0102177 Vali Loss: 0.0013201 Test Loss: 0.0004732
Val Financial | IC: -0.012553 RIC: -0.053697 RankIC: -0.013111 Precision@10: 0.505534 SR(top5): 1.255353
Test Financial | IC: -0.008665 RIC: -0.042646 RankIC: -0.005867 Precision@10: 0.506250 SR(top5): -0.676365
Train components | MSE: 0.00021032 MoE: 2.00147265 weighted MoE: 0.01000736
Updating learning rate to 8.645971286271904e-06
Epoch: 82 cost time: 13.703869342803955
Epoch: 82, Steps: 31 | Train Loss: 0.0102174 Vali Loss: 0.0013345 Test Loss: 0.0004740
Val Financial | IC: -0.011548 RIC: -0.049595 RankIC: -0.013084 Precision@10: 0.507115 SR(top5): 1.461419
Test Financial | IC: -0.008985 RIC: -0.044691 RankIC: -0.006593 Precision@10: 0.506818 SR(top5): -0.665785
Train components | MSE: 0.00021006 MoE: 2.00147045 weighted MoE: 0.01000735
Updating learning rate to 7.783603724899257e-06
Epoch: 83 cost time: 13.653420209884644
Epoch: 83, Steps: 31 | Train Loss: 0.0102174 Vali Loss: 0.0013300 Test Loss: 0.0004735
Val Financial | IC: -0.012432 RIC: -0.053307 RankIC: -0.013394 Precision@10: 0.506324 SR(top5): 1.305774
Test Financial | IC: -0.008572 RIC: -0.042308 RankIC: -0.005878 Precision@10: 0.506250 SR(top5): -0.476921
Train components | MSE: 0.00021004 MoE: 2.00146455 weighted MoE: 0.01000732
Updating learning rate to 6.962898649802823e-06
Epoch: 84 cost time: 13.59829831123352
Epoch: 84, Steps: 31 | Train Loss: 0.0102173 Vali Loss: 0.0013374 Test Loss: 0.0004749
Val Financial | IC: -0.011853 RIC: -0.050803 RankIC: -0.013595 Precision@10: 0.502767 SR(top5): 1.320611
Test Financial | IC: -0.009664 RIC: -0.048579 RankIC: -0.007246 Precision@10: 0.506818 SR(top5): -0.916924
Train components | MSE: 0.00020991 MoE: 2.00147354 weighted MoE: 0.01000737
Updating learning rate to 6.1846659978068265e-06
Epoch: 85 cost time: 13.656336069107056
Epoch: 85, Steps: 31 | Train Loss: 0.0102175 Vali Loss: 0.0013272 Test Loss: 0.0004737
Val Financial | IC: -0.013109 RIC: -0.056248 RankIC: -0.013776 Precision@10: 0.503557 SR(top5): 1.263088
Test Financial | IC: -0.009071 RIC: -0.044659 RankIC: -0.006248 Precision@10: 0.504830 SR(top5): -0.520098
Train components | MSE: 0.00021019 MoE: 2.00146930 weighted MoE: 0.01000735
Updating learning rate to 5.449673790581611e-06
Epoch: 86 cost time: 13.690085172653198
Epoch: 86, Steps: 31 | Train Loss: 0.0102172 Vali Loss: 0.0013318 Test Loss: 0.0004739
Val Financial | IC: -0.012385 RIC: -0.053221 RankIC: -0.013238 Precision@10: 0.503162 SR(top5): 1.347979
Test Financial | IC: -0.009304 RIC: -0.045964 RankIC: -0.006603 Precision@10: 0.504261 SR(top5): -0.653030
Train components | MSE: 0.00020980 MoE: 2.00148283 weighted MoE: 0.01000741
Updating learning rate to 4.758647376699032e-06
Epoch: 87 cost time: 14.053780794143677
Epoch: 87, Steps: 31 | Train Loss: 0.0102172 Vali Loss: 0.0013292 Test Loss: 0.0004740
Val Financial | IC: -0.012138 RIC: -0.052150 RankIC: -0.012941 Precision@10: 0.503953 SR(top5): 1.383326
Test Financial | IC: -0.009284 RIC: -0.046034 RankIC: -0.006581 Precision@10: 0.504261 SR(top5): -0.899377
Train components | MSE: 0.00020984 MoE: 2.00146439 weighted MoE: 0.01000732
Updating learning rate to 4.112268715800943e-06
Epoch: 88 cost time: 13.870962142944336
Epoch: 88, Steps: 31 | Train Loss: 0.0102174 Vali Loss: 0.0013267 Test Loss: 0.0004738
Val Financial | IC: -0.012732 RIC: -0.054605 RankIC: -0.013313 Precision@10: 0.504743 SR(top5): 1.342066
Test Financial | IC: -0.008933 RIC: -0.044017 RankIC: -0.006143 Precision@10: 0.504830 SR(top5): -0.535120
Train components | MSE: 0.00020999 MoE: 2.00147196 weighted MoE: 0.01000736
Updating learning rate to 3.511175705587433e-06
Epoch: 89 cost time: 13.672780752182007
Epoch: 89, Steps: 31 | Train Loss: 0.0102173 Vali Loss: 0.0013246 Test Loss: 0.0004735
Val Financial | IC: -0.012585 RIC: -0.054051 RankIC: -0.013519 Precision@10: 0.502767 SR(top5): 1.390979
Test Financial | IC: -0.009255 RIC: -0.045904 RankIC: -0.006551 Precision@10: 0.503693 SR(top5): -0.877412
Train components | MSE: 0.00020995 MoE: 2.00146953 weighted MoE: 0.01000735
Updating learning rate to 2.9559615522887273e-06
Epoch: 90 cost time: 14.048087120056152
Epoch: 90, Steps: 31 | Train Loss: 0.0102170 Vali Loss: 0.0013251 Test Loss: 0.0004737
Val Financial | IC: -0.012410 RIC: -0.053294 RankIC: -0.013038 Precision@10: 0.502767 SR(top5): 1.311750
Test Financial | IC: -0.008797 RIC: -0.043274 RankIC: -0.005932 Precision@10: 0.504261 SR(top5): -0.671946
Train components | MSE: 0.00020963 MoE: 2.00147161 weighted MoE: 0.01000736
Updating learning rate to 2.4471741852423237e-06
Epoch: 91 cost time: 14.122429609298706
Epoch: 91, Steps: 31 | Train Loss: 0.0102171 Vali Loss: 0.0013299 Test Loss: 0.0004740
Val Financial | IC: -0.012130 RIC: -0.052110 RankIC: -0.012989 Precision@10: 0.503953 SR(top5): 1.450364
Test Financial | IC: -0.008899 RIC: -0.043962 RankIC: -0.006205 Precision@10: 0.506818 SR(top5): -0.631594
Train components | MSE: 0.00020983 MoE: 2.00146164 weighted MoE: 0.01000731
Updating learning rate to 1.985315716152847e-06
Epoch: 92 cost time: 13.857666730880737
Epoch: 92, Steps: 31 | Train Loss: 0.0102171 Vali Loss: 0.0013289 Test Loss: 0.0004739
Val Financial | IC: -0.012102 RIC: -0.051968 RankIC: -0.012861 Precision@10: 0.504348 SR(top5): 1.406214
Test Financial | IC: -0.008873 RIC: -0.043741 RankIC: -0.006179 Precision@10: 0.505398 SR(top5): -0.597882
Train components | MSE: 0.00020974 MoE: 2.00146766 weighted MoE: 0.01000734
Updating learning rate to 1.5708419435684462e-06
Epoch: 93 cost time: 13.97965407371521
Epoch: 93, Steps: 31 | Train Loss: 0.0102169 Vali Loss: 0.0013279 Test Loss: 0.0004738
Val Financial | IC: -0.012121 RIC: -0.052025 RankIC: -0.012835 Precision@10: 0.505929 SR(top5): 1.455504
Test Financial | IC: -0.008813 RIC: -0.043402 RankIC: -0.006055 Precision@10: 0.505398 SR(top5): -0.518582
Train components | MSE: 0.00020959 MoE: 2.00145932 weighted MoE: 0.01000730
Updating learning rate to 1.2041619030626284e-06
Epoch: 94 cost time: 14.145050287246704
Epoch: 94, Steps: 31 | Train Loss: 0.0102170 Vali Loss: 0.0013305 Test Loss: 0.0004739
Val Financial | IC: -0.012028 RIC: -0.051617 RankIC: -0.013011 Precision@10: 0.506324 SR(top5): 1.467117
Test Financial | IC: -0.008866 RIC: -0.043814 RankIC: -0.006218 Precision@10: 0.505966 SR(top5): -0.694816
Train components | MSE: 0.00020969 MoE: 2.00146607 weighted MoE: 0.01000733
Updating learning rate to 8.856374635655695e-07
Epoch: 95 cost time: 14.159839391708374
Epoch: 95, Steps: 31 | Train Loss: 0.0102170 Vali Loss: 0.0013286 Test Loss: 0.0004739
Val Financial | IC: -0.012139 RIC: -0.052072 RankIC: -0.012948 Precision@10: 0.505138 SR(top5): 1.425078
Test Financial | IC: -0.008719 RIC: -0.042948 RankIC: -0.005977 Precision@10: 0.506818 SR(top5): -0.514490
Train components | MSE: 0.00020965 MoE: 2.00146444 weighted MoE: 0.01000732
Updating learning rate to 6.15582970243117e-07
Epoch: 96 cost time: 14.0910062789917
Epoch: 96, Steps: 31 | Train Loss: 0.0102169 Vali Loss: 0.0013290 Test Loss: 0.0004739
Val Financial | IC: -0.012006 RIC: -0.051513 RankIC: -0.012978 Precision@10: 0.506324 SR(top5): 1.486760
Test Financial | IC: -0.008904 RIC: -0.043995 RankIC: -0.006256 Precision@10: 0.505114 SR(top5): -0.667671
Train components | MSE: 0.00020951 MoE: 2.00147462 weighted MoE: 0.01000737
Updating learning rate to 3.9426493427611177e-07
Epoch: 97 cost time: 14.168039321899414
Epoch: 97, Steps: 31 | Train Loss: 0.0102168 Vali Loss: 0.0013296 Test Loss: 0.0004740
Val Financial | IC: -0.011932 RIC: -0.051198 RankIC: -0.013007 Precision@10: 0.506324 SR(top5): 1.474437
Test Financial | IC: -0.008966 RIC: -0.044364 RankIC: -0.006373 Precision@10: 0.507386 SR(top5): -0.670555
Train components | MSE: 0.00020948 MoE: 2.00147152 weighted MoE: 0.01000736
Updating learning rate to 2.219017698460002e-07
Epoch: 98 cost time: 14.079958438873291
Epoch: 98, Steps: 31 | Train Loss: 0.0102168 Vali Loss: 0.0013293 Test Loss: 0.0004739
Val Financial | IC: -0.012030 RIC: -0.051618 RankIC: -0.013035 Precision@10: 0.505929 SR(top5): 1.457729
Test Financial | IC: -0.008927 RIC: -0.044119 RankIC: -0.006293 Precision@10: 0.505682 SR(top5): -0.640337
Train components | MSE: 0.00020946 MoE: 2.00146422 weighted MoE: 0.01000732
Updating learning rate to 9.866357858642205e-08
Epoch: 99 cost time: 14.228518009185791
Epoch: 99, Steps: 31 | Train Loss: 0.0102171 Vali Loss: 0.0013291 Test Loss: 0.0004739
Val Financial | IC: -0.012052 RIC: -0.051711 RankIC: -0.013009 Precision@10: 0.506324 SR(top5): 1.449023
Test Financial | IC: -0.008902 RIC: -0.043974 RankIC: -0.006246 Precision@10: 0.505966 SR(top5): -0.659265
Train components | MSE: 0.00020979 MoE: 2.00145954 weighted MoE: 0.01000730
Updating learning rate to 2.467198171342e-08
Epoch: 100 cost time: 14.057189226150513
Epoch: 100, Steps: 31 | Train Loss: 0.0102166 Vali Loss: 0.0013291 Test Loss: 0.0004739
Val Financial | IC: -0.012056 RIC: -0.051730 RankIC: -0.013009 Precision@10: 0.506324 SR(top5): 1.449023
Test Financial | IC: -0.008901 RIC: -0.043970 RankIC: -0.006246 Precision@10: 0.505966 SR(top5): -0.659265
Train components | MSE: 0.00020925 MoE: 2.00147454 weighted MoE: 0.01000737
Updating learning rate to 0.0
>>>>>>>testing : long_term_forecast_SP500_returns_16_1_TimeFilter_SP500_ftM_sl16_ll0_pl1_dm512_nh4_el2_dl1_df2048_fc1_ebtimeF_dtTrue_test_0<<<<<<<<<<<<<<<<<<<<<<<<<<<<<<<<<
test 352
mse:0.00043771762284450233, mae:0.01486558374017477
Final Test Financial | IC: -0.000161 RIC: -0.000737 RankIC: 0.002239 Precision@10: 0.508239 SR(top5): 0.279144
Financial results saved: D:\finance\model\Timefilter\TimeFilter\outputs\SP500_2026_09_23_19_52\results\long_term_forecast_SP500_returns_16_1_TimeFilter_SP500_ftM_sl16_ll0_pl1_dm512_nh4_el2_dl1_df2048_fc1_ebtimeF_dtTrue_test_0\financial
