Args in experiment:
Basic Config
  Task Name:          long_term_forecast  Is Training:        1                   
  Model ID:           SP500_eod5_16_1     Model:              TimeFilter          

Data Loader
  Data:               SP500               Root Path:          D:\finance\model\Timefilter\TimeFilter\stockmixer_dataset\SP500
  Data Path:          SP500.npy           Features:           M                   
  Target:             OT                  Freq:               d                   
  Checkpoints:        D:\finance\model\Timefilter\TimeFilter\outputs\walkforward_model_selection_analysis\20261008_122953\fold_2\seed_2021\checkpoints

Forecasting Task
  Seq Len:            16                  Label Len:          0                   
  Pred Len:           1                   Seasonal Patterns:  Monthly             
  Inverse:            0                   

Model Parameters
  Top k:              5                   Num Kernels:        6                   
  Enc In:             474                 Dec In:             474                 
  C Out:              474                 d model:            256                 
  n heads:            4                   e layers:           1                   
  d layers:           1                   d FF:               1024                
  Moving Avg:         25                  Factor:             1                   
  Distil:             1                   Dropout:            0.1                 
  Embed:              timeF               Activation:         gelu                
  Output Attention:   0                   

Run Parameters
  Num Workers:        0                   Itr:                1                   
  Train Epochs:       100                 Batch Size:         8                   
  Patience:           3                   Learning Rate:      0.0001              
  Des:                test                Loss:               MSE                 
  Lradj:              cosine              Use Amp:            0                   

GPU
  Use GPU:            1                   GPU:                0                   
  Use Multi GPU:      0                   Devices:            0,1,2,3             

De-stationary Projector Params
  P Hidden Dims:      128, 128            P Hidden Layers:    2                   

Financial protocol | seed=2021 patch_len=8 input=eod5 norm=False rank_weight=10.0 alpha=0.2 moe_aux_weight=0.005 selection=validation:stockmixer_val_loss selection_rank_weight=0.1 optimizer=adamw weight_decay=0.0001 grad_clip_norm=1.0 test_each_epoch=False validation_only=False
Finance adaptation | {"enabled": true, "graph": {"strict_masked_softmax": true}, "input_adapter": {"enabled": true, "indicator_mixer": {"enabled": true, "hidden_dim": 16}, "input_layernorm": true, "temporal_mixer": {"enabled": true, "hidden_dim": 16}}, "loss": {"ic_weight": 0.01}, "positional_encoding": {"mode": "patch_only"}}
Use GPU: cuda:0
>>>>>>>start training : long_term_forecast_SP500_eod5_16_1_TimeFilter_SP500_ftM_sl16_ll0_pl1_dm256_nh4_el1_dl1_df1024_fc1_ebtimeF_dtTrue_test_0>>>>>>>>>>>>>>>>>>>>>>>>>>
train 738
val 253
Financial reports: D:\finance\model\Timefilter\TimeFilter\outputs\walkforward_model_selection_analysis\20261008_122953\fold_2\seed_2021\results\long_term_forecast_SP500_eod5_16_1_TimeFilter_SP500_ftM_sl16_ll0_pl1_dm256_nh4_el1_dl1_df1024_fc1_ebtimeF_dtTrue_test_0\financial
[Gradient Diagnostic] stage=pretrain epoch=0 batch_size=8 train_indices=0|105|210|315|421|526|631|737 (weighted gradients, before clipping)
  Grad norm | MSE: 5.63342  Rank: 0.0833052  IC: 0.0196425  MoE: 0.576819
  / MSE     | Rank: 0.01479  IC: 0.003487  MoE: 0.1024
  Weights   | MSE: 1  Rank: 10  IC: 0.01  MoE: 0.005
  Saved: D:\finance\model\Timefilter\TimeFilter\outputs\walkforward_model_selection_analysis\20261008_122953\fold_2\seed_2021\results\long_term_forecast_SP500_eod5_16_1_TimeFilter_SP500_ftM_sl16_ll0_pl1_dm256_nh4_el1_dl1_df1024_fc1_ebtimeF_dtTrue_test_0\financial\gradient_diagnostics.csv
Epoch   1/100 [####################]  93/93  | used 00:08 | left 00:00 | total 00:08 | ETA 13:25
Epoch: 1 cost time: 8.127501726150513
Epoch: 1, Steps: 93 | Train Loss: 0.0686079 Vali Loss: 0.0025218 StockMixer Select Loss: 0.0025366 | Test deferred to final best.pth
Val Financial | IC: -0.003760 RIC: -0.034598 RankIC: -0.006752 Precision@10: 0.555731 SR(top5): 1.668418
Train components | MSE: 0.01199556 Rank: 0.00039328 weighted Rank: 0.00393279 MoE: 8.54022917 weighted MoE: 0.04270115
Train IC loss: 0.99783833 weighted IC loss: 0.00997838
New Best | epoch 1 | validation stockmixer_val_loss=0.00253658 | saved best.pth
Updating learning rate to 9.997532801828658e-05
[Gradient Diagnostic] stage=post_epoch epoch=1 batch_size=8 train_indices=0|105|210|315|421|526|631|737 (weighted gradients, before clipping)
  Grad norm | MSE: 2.05922  Rank: 0.0548713  IC: 0.0675796  MoE: 0.0141299
  / MSE     | Rank: 0.02665  IC: 0.03282  MoE: 0.006862
  Weights   | MSE: 1  Rank: 10  IC: 0.01  MoE: 0.005
  Saved: D:\finance\model\Timefilter\TimeFilter\outputs\walkforward_model_selection_analysis\20261008_122953\fold_2\seed_2021\results\long_term_forecast_SP500_eod5_16_1_TimeFilter_SP500_ftM_sl16_ll0_pl1_dm256_nh4_el1_dl1_df1024_fc1_ebtimeF_dtTrue_test_0\financial\gradient_diagnostics.csv
Epoch   2/100 [####################]  93/93  | used 00:08 | left 00:00 | total 00:19 | ETA 15:55
Epoch: 2 cost time: 8.698780298233032
Epoch: 2, Steps: 93 | Train Loss: 0.0243446 Vali Loss: 0.0050064 StockMixer Select Loss: 0.0050158 | Test deferred to final best.pth
Val Financial | IC: 0.005777 RIC: 0.054305 RankIC: 0.000152 Precision@10: 0.550198 SR(top5): 2.016659
Train components | MSE: 0.00217400 Rank: 0.00019297 weighted Rank: 0.00192969 MoE: 2.06040079 weighted MoE: 0.01030200
Train IC loss: 0.99388517 weighted IC loss: 0.00993885
Updating learning rate to 9.990133642141359e-05
Epoch   3/100 [####################]  93/93  | used 00:06 | left 00:00 | total 00:27 | ETA 14:41
Epoch: 3 cost time: 6.061377763748169
Epoch: 3, Steps: 93 | Train Loss: 0.0227562 Vali Loss: 0.0007979 StockMixer Select Loss: 0.0008066 | Test deferred to final best.pth
Val Financial | IC: 0.008835 RIC: 0.082076 RankIC: -0.003809 Precision@10: 0.554545 SR(top5): 2.776086
Train components | MSE: 0.00132374 Rank: 0.00014632 weighted Rank: 0.00146323 MoE: 2.01583294 weighted MoE: 0.01007916
Train IC loss: 0.98900172 weighted IC loss: 0.00989002
New Best | epoch 3 | validation stockmixer_val_loss=0.00080655 | saved best.pth
Updating learning rate to 9.977809823015401e-05
Epoch   4/100 [####################]  93/93  | used 00:07 | left 00:00 | total 00:36 | ETA 14:44
Epoch: 4 cost time: 7.871212720870972
Epoch: 4, Steps: 93 | Train Loss: 0.0220510 Vali Loss: 0.0003726 StockMixer Select Loss: 0.0003788 | Test deferred to final best.pth
Val Financial | IC: 0.008052 RIC: 0.079488 RankIC: -0.001232 Precision@10: 0.543874 SR(top5): 2.563892
Train components | MSE: 0.00094313 Rank: 0.00012017 weighted Rank: 0.00120165 MoE: 2.00396817 weighted MoE: 0.01001984
Train IC loss: 0.98863354 weighted IC loss: 0.00988634
New Best | epoch 4 | validation stockmixer_val_loss=0.00037879 | saved best.pth
Updating learning rate to 9.96057350657239e-05
Epoch   5/100 [####################]  93/93  | used 00:10 | left 00:00 | total 00:49 | ETA 15:47
Epoch: 5 cost time: 10.30146312713623
Epoch: 5, Steps: 93 | Train Loss: 0.0217409 Vali Loss: 0.0006773 StockMixer Select Loss: 0.0006861 | Test deferred to final best.pth
Val Financial | IC: 0.012079 RIC: 0.085684 RankIC: 0.010920 Precision@10: 0.546640 SR(top5): 1.810221
Train components | MSE: 0.00077728 Rank: 0.00010421 weighted Rank: 0.00104212 MoE: 2.00243343 weighted MoE: 0.01001217
Train IC loss: 0.99093484 weighted IC loss: 0.00990935
Updating learning rate to 9.938441702975689e-05
[Gradient Diagnostic] stage=post_epoch epoch=5 batch_size=8 train_indices=0|105|210|315|421|526|631|737 (weighted gradients, before clipping)
  Grad norm | MSE: 0.451966  Rank: 0.120725  IC: 0.127154  MoE: 0.000553109
  / MSE     | Rank: 0.2671  IC: 0.2813  MoE: 0.001224
  Weights   | MSE: 1  Rank: 10  IC: 0.01  MoE: 0.005
  Saved: D:\finance\model\Timefilter\TimeFilter\outputs\walkforward_model_selection_analysis\20261008_122953\fold_2\seed_2021\results\long_term_forecast_SP500_eod5_16_1_TimeFilter_SP500_ftM_sl16_ll0_pl1_dm256_nh4_el1_dl1_df1024_fc1_ebtimeF_dtTrue_test_0\financial\gradient_diagnostics.csv
Epoch   6/100 [####################]  93/93  | used 00:09 | left 00:00 | total 01:03 | ETA 16:27
Epoch: 6 cost time: 9.983591556549072
Epoch: 6, Steps: 93 | Train Loss: 0.0216904 Vali Loss: 0.0008885 StockMixer Select Loss: 0.0008949 | Test deferred to final best.pth
Val Financial | IC: 0.006882 RIC: 0.056431 RankIC: 0.014913 Precision@10: 0.564032 SR(top5): 1.912369
Train components | MSE: 0.00091965 Rank: 0.00009067 weighted Rank: 0.00090674 MoE: 2.00170762 weighted MoE: 0.01000854
Train IC loss: 0.98554707 weighted IC loss: 0.00985547
Updating learning rate to 9.911436253643445e-05
Epoch   7/100 [####################]  93/93  | used 00:10 | left 00:00 | total 01:16 | ETA 16:49
Epoch: 7 cost time: 10.701287269592285
Epoch: 7, Steps: 93 | Train Loss: 0.0214986 Vali Loss: 0.0003498 StockMixer Select Loss: 0.0003552 | Test deferred to final best.pth
Val Financial | IC: 0.004026 RIC: 0.036236 RankIC: -0.002568 Precision@10: 0.551779 SR(top5): 2.470375
Train components | MSE: 0.00073454 Rank: 0.00009262 weighted Rank: 0.00092618 MoE: 2.00133828 weighted MoE: 0.01000669
Train IC loss: 0.98312369 weighted IC loss: 0.00983124
New Best | epoch 7 | validation stockmixer_val_loss=0.00035519 | saved best.pth
Updating learning rate to 9.879583809693738e-05
Epoch   8/100 [####################]  93/93  | used 00:09 | left 00:00 | total 01:28 | ETA 16:52
Epoch: 8 cost time: 9.884493589401245
Epoch: 8, Steps: 93 | Train Loss: 0.0214095 Vali Loss: 0.0004017 StockMixer Select Loss: 0.0004075 | Test deferred to final best.pth
Val Financial | IC: 0.009157 RIC: 0.076535 RankIC: 0.008210 Precision@10: 0.536759 SR(top5): 1.678785
Train components | MSE: 0.00080546 Rank: 0.00007963 weighted Rank: 0.00079625 MoE: 2.00114247 weighted MoE: 0.01000571
Train IC loss: 0.98020386 weighted IC loss: 0.00980204
Updating learning rate to 9.842915805643155e-05
Epoch   9/100 [####################]  93/93  | used 00:10 | left 00:00 | total 01:41 | ETA 17:01
Epoch: 9 cost time: 10.11041808128357
Epoch: 9, Steps: 93 | Train Loss: 0.0215389 Vali Loss: 0.0031515 StockMixer Select Loss: 0.0031571 | Test deferred to final best.pth
Val Financial | IC: 0.009706 RIC: 0.091637 RankIC: -0.004560 Precision@10: 0.535573 SR(top5): 1.805403
Train components | MSE: 0.00088902 Rank: 0.00008047 weighted Rank: 0.00080468 MoE: 2.00107426 weighted MoE: 0.01000537
Train IC loss: 0.98398569 weighted IC loss: 0.00983986
Updating learning rate to 9.801468428384716e-05
Epoch  10/100 [####################]  93/93  | used 00:10 | left 00:00 | total 01:53 | ETA 17:05
Epoch: 10 cost time: 10.187808752059937
Epoch: 10, Steps: 93 | Train Loss: 0.0215809 Vali Loss: 0.0003895 StockMixer Select Loss: 0.0003957 | Test deferred to final best.pth
Val Financial | IC: 0.009283 RIC: 0.074710 RankIC: 0.008815 Precision@10: 0.537154 SR(top5): 2.159566
Train components | MSE: 0.00105046 Rank: 0.00007369 weighted Rank: 0.00073688 MoE: 2.00101329 weighted MoE: 0.01000507
Train IC loss: 0.97885346 weighted IC loss: 0.00978853
Updating learning rate to 9.755282581475769e-05
Epoch  11/100 [####################]  93/93  | used 00:10 | left 00:00 | total 02:07 | ETA 17:08
Epoch: 11 cost time: 10.461525440216064
Epoch: 11, Steps: 93 | Train Loss: 0.0211683 Vali Loss: 0.0004104 StockMixer Select Loss: 0.0004153 | Test deferred to final best.pth
Val Financial | IC: 0.003798 RIC: 0.036356 RankIC: -0.000506 Precision@10: 0.550593 SR(top5): 1.796493
Train components | MSE: 0.00054949 Rank: 0.00007538 weighted Rank: 0.00075377 MoE: 2.00097589 weighted MoE: 0.01000488
Train IC loss: 0.98601310 weighted IC loss: 0.00986013
Updating learning rate to 9.704403844771128e-05
Epoch  12/100 [####################]  93/93  | used 00:10 | left 00:00 | total 02:19 | ETA 17:05
Epoch: 12 cost time: 10.154914140701294
Epoch: 12, Steps: 93 | Train Loss: 0.0212427 Vali Loss: 0.0006370 StockMixer Select Loss: 0.0006423 | Test deferred to final best.pth
Val Financial | IC: 0.000919 RIC: 0.008027 RankIC: -0.004160 Precision@10: 0.544269 SR(top5): 3.515171
Train components | MSE: 0.00072878 Rank: 0.00007012 weighted Rank: 0.00070123 MoE: 2.00093670 weighted MoE: 0.01000468
Train IC loss: 0.98080240 weighted IC loss: 0.00980802
Updating learning rate to 9.648882429441257e-05
Epoch  13/100 [####################]  93/93  | used 00:10 | left 00:00 | total 02:32 | ETA 17:02
Epoch: 13 cost time: 10.167556047439575
Epoch: 13, Steps: 93 | Train Loss: 0.0213219 Vali Loss: 0.0003365 StockMixer Select Loss: 0.0003410 | Test deferred to final best.pth
Val Financial | IC: -0.001101 RIC: -0.011105 RankIC: 0.000210 Precision@10: 0.568379 SR(top5): 2.776019
Train components | MSE: 0.00085314 Rank: 0.00006659 weighted Rank: 0.00066587 MoE: 2.00087687 weighted MoE: 0.01000438
Train IC loss: 0.97985061 weighted IC loss: 0.00979851
New Best | epoch 13 | validation stockmixer_val_loss=0.00034100 | saved best.pth
Updating learning rate to 9.588773128419906e-05
Epoch  14/100 [####################]  93/93  | used 00:10 | left 00:00 | total 02:45 | ETA 16:55
Epoch: 14 cost time: 10.337789535522461
Epoch: 14, Steps: 93 | Train Loss: 0.0211047 Vali Loss: 0.0018342 StockMixer Select Loss: 0.0018407 | Test deferred to final best.pth
Val Financial | IC: -0.011002 RIC: -0.104719 RankIC: -0.000237 Precision@10: 0.552569 SR(top5): 1.302364
Train components | MSE: 0.00066859 Rank: 0.00006703 weighted Rank: 0.00067026 MoE: 2.00084959 weighted MoE: 0.01000425
Train IC loss: 0.97616247 weighted IC loss: 0.00976162
Updating learning rate to 9.524135262330098e-05
Epoch  15/100 [####################]  93/93  | used 00:10 | left 00:00 | total 02:57 | ETA 16:48
Epoch: 15 cost time: 10.237530708312988
Epoch: 15, Steps: 93 | Train Loss: 0.0210604 Vali Loss: 0.0003842 StockMixer Select Loss: 0.0003898 | Test deferred to final best.pth
Val Financial | IC: 0.006661 RIC: 0.055420 RankIC: 0.002700 Precision@10: 0.550988 SR(top5): 2.254878
Train components | MSE: 0.00059960 Rank: 0.00006653 weighted Rank: 0.00066526 MoE: 2.00081354 weighted MoE: 0.01000407
Train IC loss: 0.97914460 weighted IC loss: 0.00979145
Updating learning rate to 9.45503262094184e-05
Epoch  16/100 [####################]  93/93  | used 00:09 | left 00:00 | total 03:10 | ETA 16:40
Epoch: 16 cost time: 9.906008005142212
Epoch: 16, Steps: 93 | Train Loss: 0.0210470 Vali Loss: 0.0005377 StockMixer Select Loss: 0.0005422 | Test deferred to final best.pth
Val Financial | IC: 0.011229 RIC: 0.110592 RankIC: 0.005564 Precision@10: 0.550198 SR(top5): 2.469830
Train components | MSE: 0.00059943 Rank: 0.00006712 weighted Rank: 0.00067122 MoE: 2.00079183 weighted MoE: 0.01000396
Train IC loss: 0.97723664 weighted IC loss: 0.00977237
Updating learning rate to 9.381533400219318e-05
Epoch  17/100 [####################]  93/93  | used 00:10 | left 00:00 | total 03:23 | ETA 16:33
Epoch: 17 cost time: 10.163532018661499
Epoch: 17, Steps: 93 | Train Loss: 0.0209307 Vali Loss: 0.0007832 StockMixer Select Loss: 0.0007873 | Test deferred to final best.pth
Val Financial | IC: 0.000910 RIC: 0.008745 RankIC: 0.000132 Precision@10: 0.560870 SR(top5): 2.156390
Train components | MSE: 0.00051983 Rank: 0.00006356 weighted Rank: 0.00063556 MoE: 2.00078167 weighted MoE: 0.01000391
Train IC loss: 0.97714029 weighted IC loss: 0.00977140
Updating learning rate to 9.30371013501972e-05
Epoch  18/100 [####################]  93/93  | used 00:10 | left 00:00 | total 03:36 | ETA 16:24
Epoch: 18 cost time: 10.150680303573608
Epoch: 18, Steps: 93 | Train Loss: 0.0207747 Vali Loss: 0.0003353 StockMixer Select Loss: 0.0003396 | Test deferred to final best.pth
Val Financial | IC: 0.007615 RIC: 0.062633 RankIC: 0.010204 Precision@10: 0.552569 SR(top5): 2.760564
Train components | MSE: 0.00049783 Rank: 0.00005721 weighted Rank: 0.00057210 MoE: 2.00075970 weighted MoE: 0.01000380
Train IC loss: 0.97009249 weighted IC loss: 0.00970092
New Best | epoch 18 | validation stockmixer_val_loss=0.00033956 | saved best.pth
Updating learning rate to 9.221639627510076e-05
Epoch  19/100 [####################]  93/93  | used 00:10 | left 00:00 | total 03:48 | ETA 16:15
Epoch: 19 cost time: 10.021305084228516
Epoch: 19, Steps: 93 | Train Loss: 0.0209785 Vali Loss: 0.0006335 StockMixer Select Loss: 0.0006390 | Test deferred to final best.pth
Val Financial | IC: 0.015821 RIC: 0.134094 RankIC: 0.001383 Precision@10: 0.542292 SR(top5): 2.703537
Train components | MSE: 0.00048441 Rank: 0.00006740 weighted Rank: 0.00067398 MoE: 2.00074481 weighted MoE: 0.01000372
Train IC loss: 0.98163460 weighted IC loss: 0.00981635
Updating learning rate to 9.135402871372808e-05
Epoch  20/100 [####################]  93/93  | used 00:10 | left 00:00 | total 04:01 | ETA 16:07
Epoch: 20 cost time: 10.443990230560303
Epoch: 20, Steps: 93 | Train Loss: 0.0210394 Vali Loss: 0.0004556 StockMixer Select Loss: 0.0004599 | Test deferred to final best.pth
Val Financial | IC: 0.007737 RIC: 0.077453 RankIC: -0.008751 Precision@10: 0.557708 SR(top5): 2.348234
Train components | MSE: 0.00068573 Rank: 0.00006055 weighted Rank: 0.00060548 MoE: 2.00076604 weighted MoE: 0.01000383
Train IC loss: 0.97443476 weighted IC loss: 0.00974435
Updating learning rate to 9.045084971874738e-05
Epoch  21/100 [####################]  93/93  | used 00:10 | left 00:00 | total 04:14 | ETA 15:56
Epoch: 21 cost time: 10.39211368560791
Epoch: 21, Steps: 93 | Train Loss: 0.0208476 Vali Loss: 0.0003727 StockMixer Select Loss: 0.0003760 | Test deferred to final best.pth
Val Financial | IC: 0.000079 RIC: 0.000827 RankIC: 0.000370 Precision@10: 0.550593 SR(top5): 2.102097
Train components | MSE: 0.00050215 Rank: 0.00005831 weighted Rank: 0.00058310 MoE: 2.00074100 weighted MoE: 0.01000371
Train IC loss: 0.97586266 weighted IC loss: 0.00975863
Updating learning rate to 8.950775061878453e-05
Epoch  22/100 [####################]  93/93  | used 00:09 | left 00:00 | total 04:26 | ETA 15:45
Epoch: 22 cost time: 9.980471134185791
Epoch: 22, Steps: 93 | Train Loss: 0.0207778 Vali Loss: 0.0006601 StockMixer Select Loss: 0.0006655 | Test deferred to final best.pth
Val Financial | IC: 0.016495 RIC: 0.129054 RankIC: 0.010692 Precision@10: 0.550593 SR(top5): 2.600408
Train components | MSE: 0.00047126 Rank: 0.00005955 weighted Rank: 0.00059549 MoE: 2.00073842 weighted MoE: 0.01000369
Train IC loss: 0.97073199 weighted IC loss: 0.00970732
Updating learning rate to 8.852566213878947e-05
Epoch  23/100 [####################]  93/93  | used 00:10 | left 00:00 | total 04:39 | ETA 15:36
Epoch: 23 cost time: 10.218790531158447
Epoch: 23, Steps: 93 | Train Loss: 0.0207463 Vali Loss: 0.0004620 StockMixer Select Loss: 0.0004668 | Test deferred to final best.pth
Val Financial | IC: 0.004909 RIC: 0.039727 RankIC: 0.002303 Precision@10: 0.544664 SR(top5): 2.240583
Train components | MSE: 0.00048857 Rank: 0.00005550 weighted Rank: 0.00055500 MoE: 2.00073278 weighted MoE: 0.01000366
Train IC loss: 0.96990933 weighted IC loss: 0.00969909
Updating learning rate to 8.750555348152298e-05
Epoch  24/100 [####################]  93/93  | used 00:10 | left 00:00 | total 04:52 | ETA 15:25
Epoch: 24 cost time: 10.017367839813232
Epoch: 24, Steps: 93 | Train Loss: 0.0209079 Vali Loss: 0.0003365 StockMixer Select Loss: 0.0003405 | Test deferred to final best.pth
Val Financial | IC: 0.009734 RIC: 0.087573 RankIC: -0.003840 Precision@10: 0.548221 SR(top5): 2.835110
Train components | MSE: 0.00070570 Rank: 0.00005158 weighted Rank: 0.00051584 MoE: 2.00073503 weighted MoE: 0.01000368
Train IC loss: 0.96826454 weighted IC loss: 0.00968265
Updating learning rate to 8.644843137107059e-05
Epoch  25/100 [####################]  93/93  | used 00:10 | left 00:00 | total 05:05 | ETA 15:15
Epoch: 25 cost time: 10.283129453659058
Epoch: 25, Steps: 93 | Train Loss: 0.0206933 Vali Loss: 0.0011959 StockMixer Select Loss: 0.0011993 | Test deferred to final best.pth
Val Financial | IC: 0.009867 RIC: 0.091195 RankIC: -0.001190 Precision@10: 0.550198 SR(top5): 3.041585
Train components | MSE: 0.00044587 Rank: 0.00005546 weighted Rank: 0.00055459 MoE: 2.00071933 weighted MoE: 0.01000360
Train IC loss: 0.96892170 weighted IC loss: 0.00968922
Updating learning rate to 8.535533905932738e-05
Epoch  26/100 [####################]  93/93  | used 00:09 | left 00:00 | total 05:17 | ETA 15:04
Epoch: 26 cost time: 9.877522945404053
Epoch: 26, Steps: 93 | Train Loss: 0.0205897 Vali Loss: 0.0006730 StockMixer Select Loss: 0.0006763 | Test deferred to final best.pth
Val Financial | IC: 0.004155 RIC: 0.039147 RankIC: -0.004896 Precision@10: 0.545059 SR(top5): 2.494187
Train components | MSE: 0.00045230 Rank: 0.00004897 weighted Rank: 0.00048965 MoE: 2.00071335 weighted MoE: 0.01000357
Train IC loss: 0.96442190 weighted IC loss: 0.00964422
Updating learning rate to 8.422735529643444e-05
Epoch  27/100 [####################]  93/93  | used 00:10 | left 00:00 | total 05:30 | ETA 14:54
Epoch: 27 cost time: 10.53611969947815
Epoch: 27, Steps: 93 | Train Loss: 0.0206857 Vali Loss: 0.0003119 StockMixer Select Loss: 0.0003158 | Test deferred to final best.pth
Val Financial | IC: 0.009620 RIC: 0.091321 RankIC: -0.000733 Precision@10: 0.548617 SR(top5): 2.968026
Train components | MSE: 0.00043169 Rank: 0.00005269 weighted Rank: 0.00052687 MoE: 2.00071910 weighted MoE: 0.01000360
Train IC loss: 0.97235514 weighted IC loss: 0.00972355
New Best | epoch 27 | validation stockmixer_val_loss=0.00031580 | saved best.pth
Updating learning rate to 8.306559326618259e-05
Epoch  28/100 [####################]  93/93  | used 00:10 | left 00:00 | total 05:42 | ETA 14:41
Epoch: 28 cost time: 10.148340225219727
Epoch: 28, Steps: 93 | Train Loss: 0.0205520 Vali Loss: 0.0003473 StockMixer Select Loss: 0.0003511 | Test deferred to final best.pth
Val Financial | IC: -0.002827 RIC: -0.026699 RankIC: -0.006427 Precision@10: 0.539130 SR(top5): 2.300212
Train components | MSE: 0.00039901 Rank: 0.00005132 weighted Rank: 0.00051324 MoE: 2.00071867 weighted MoE: 0.01000359
Train IC loss: 0.96361152 weighted IC loss: 0.00963612
Updating learning rate to 8.18711994874345e-05
Epoch  29/100 [####################]  93/93  | used 00:10 | left 00:00 | total 05:55 | ETA 14:31
Epoch: 29 cost time: 10.066906213760376
Epoch: 29, Steps: 93 | Train Loss: 0.0205262 Vali Loss: 0.0003732 StockMixer Select Loss: 0.0003774 | Test deferred to final best.pth
Val Financial | IC: 0.003266 RIC: 0.031701 RankIC: -0.002247 Precision@10: 0.552174 SR(top5): 2.199860
Train components | MSE: 0.00038387 Rank: 0.00005074 weighted Rank: 0.00050742 MoE: 2.00071185 weighted MoE: 0.01000356
Train IC loss: 0.96313481 weighted IC loss: 0.00963135
Updating learning rate to 8.064535268264883e-05
Epoch  30/100 [####################]  93/93  | used 00:10 | left 00:00 | total 06:08 | ETA 14:20
Epoch: 30 cost time: 10.258570909500122
Epoch: 30, Steps: 93 | Train Loss: 0.0206395 Vali Loss: 0.0003553 StockMixer Select Loss: 0.0003594 | Test deferred to final best.pth
Val Financial | IC: 0.012959 RIC: 0.118671 RankIC: -0.001392 Precision@10: 0.541107 SR(top5): 2.976148
Train components | MSE: 0.00045901 Rank: 0.00005133 weighted Rank: 0.00051332 MoE: 2.00071015 weighted MoE: 0.01000355
Train IC loss: 0.96636110 weighted IC loss: 0.00966361
Updating learning rate to 7.938926261462366e-05
Epoch  31/100 [####################]  93/93  | used 00:10 | left 00:00 | total 06:21 | ETA 14:09
Epoch: 31 cost time: 10.316411256790161
Epoch: 31, Steps: 93 | Train Loss: 0.0206622 Vali Loss: 0.0009137 StockMixer Select Loss: 0.0009176 | Test deferred to final best.pth
Val Financial | IC: 0.011558 RIC: 0.101247 RankIC: 0.002964 Precision@10: 0.532806 SR(top5): 2.199762
Train components | MSE: 0.00049086 Rank: 0.00005160 weighted Rank: 0.00051602 MoE: 2.00070889 weighted MoE: 0.01000354
Train IC loss: 0.96517935 weighted IC loss: 0.00965179
Updating learning rate to 7.810416889260653e-05
Epoch  32/100 [####################]  93/93  | used 00:10 | left 00:00 | total 06:34 | ETA 13:58
Epoch: 32 cost time: 10.140978813171387
Epoch: 32, Steps: 93 | Train Loss: 0.0205496 Vali Loss: 0.0003313 StockMixer Select Loss: 0.0003352 | Test deferred to final best.pth
Val Financial | IC: 0.001502 RIC: 0.013995 RankIC: 0.000248 Precision@10: 0.535178 SR(top5): 1.667137
Train components | MSE: 0.00048631 Rank: 0.00004590 weighted Rank: 0.00045895 MoE: 2.00070530 weighted MoE: 0.01000353
Train IC loss: 0.96007902 weighted IC loss: 0.00960079
Updating learning rate to 7.679133974894983e-05
Epoch  33/100 [####################]  93/93  | used 00:10 | left 00:00 | total 06:47 | ETA 13:47
Epoch: 33 cost time: 10.812551498413086
Epoch: 33, Steps: 93 | Train Loss: 0.0205100 Vali Loss: 0.0003291 StockMixer Select Loss: 0.0003323 | Test deferred to final best.pth
Val Financial | IC: 0.008190 RIC: 0.072843 RankIC: 0.007073 Precision@10: 0.549407 SR(top5): 2.603949
Train components | MSE: 0.00042748 Rank: 0.00004963 weighted Rank: 0.00049625 MoE: 2.00070673 weighted MoE: 0.01000353
Train IC loss: 0.95826966 weighted IC loss: 0.00958270
Updating learning rate to 7.545207078751857e-05
Epoch  34/100 [####################]  93/93  | used 00:09 | left 00:00 | total 06:59 | ETA 13:34
Epoch: 34 cost time: 9.98071837425232
Epoch: 34, Steps: 93 | Train Loss: 0.0204939 Vali Loss: 0.0005423 StockMixer Select Loss: 0.0005462 | Test deferred to final best.pth
Val Financial | IC: 0.009527 RIC: 0.089182 RankIC: -0.005538 Precision@10: 0.543874 SR(top5): 2.502604
Train components | MSE: 0.00041225 Rank: 0.00004668 weighted Rank: 0.00046677 MoE: 2.00070557 weighted MoE: 0.01000353
Train IC loss: 0.96113388 weighted IC loss: 0.00961134
Updating learning rate to 7.408768370508576e-05
Epoch  35/100 [####################]  93/93  | used 00:10 | left 00:00 | total 07:12 | ETA 13:22
Epoch: 35 cost time: 10.093032598495483
Epoch: 35, Steps: 93 | Train Loss: 0.0203664 Vali Loss: 0.0003068 StockMixer Select Loss: 0.0003100 | Test deferred to final best.pth
Val Financial | IC: 0.002312 RIC: 0.021179 RankIC: 0.002343 Precision@10: 0.544664 SR(top5): 2.268029
Train components | MSE: 0.00036918 Rank: 0.00004532 weighted Rank: 0.00045317 MoE: 2.00070588 weighted MoE: 0.01000353
Train IC loss: 0.95404933 weighted IC loss: 0.00954049
New Best | epoch 35 | validation stockmixer_val_loss=0.00030998 | saved best.pth
Updating learning rate to 7.269952498697734e-05
Epoch  36/100 [####################]  93/93  | used 00:09 | left 00:00 | total 07:24 | ETA 13:10
Epoch: 36 cost time: 9.901963949203491
Epoch: 36, Steps: 93 | Train Loss: 0.0205029 Vali Loss: 0.0006670 StockMixer Select Loss: 0.0006705 | Test deferred to final best.pth
Val Financial | IC: -0.002093 RIC: -0.020128 RankIC: -0.005291 Precision@10: 0.552174 SR(top5): 2.450300
Train components | MSE: 0.00041273 Rank: 0.00004686 weighted Rank: 0.00046861 MoE: 2.00070578 weighted MoE: 0.01000353
Train IC loss: 0.96180065 weighted IC loss: 0.00961801
Updating learning rate to 7.128896457825364e-05
Epoch  37/100 [####################]  93/93  | used 00:10 | left 00:00 | total 07:37 | ETA 12:59
Epoch: 37 cost time: 10.139423370361328
Epoch: 37, Steps: 93 | Train Loss: 0.0205023 Vali Loss: 0.0004730 StockMixer Select Loss: 0.0004766 | Test deferred to final best.pth
Val Financial | IC: 0.014764 RIC: 0.130911 RankIC: 0.006955 Precision@10: 0.543083 SR(top5): 2.957495
Train components | MSE: 0.00046678 Rank: 0.00004590 weighted Rank: 0.00045900 MoE: 2.00070561 weighted MoE: 0.01000353
Train IC loss: 0.95730362 weighted IC loss: 0.00957304
Updating learning rate to 6.985739453173903e-05
Epoch  38/100 [####################]  93/93  | used 00:10 | left 00:00 | total 07:50 | ETA 12:48
Epoch: 38 cost time: 10.458428382873535
Epoch: 38, Steps: 93 | Train Loss: 0.0204023 Vali Loss: 0.0003084 StockMixer Select Loss: 0.0003119 | Test deferred to final best.pth
Val Financial | IC: 0.008513 RIC: 0.079059 RankIC: 0.003980 Precision@10: 0.551779 SR(top5): 3.206288
Train components | MSE: 0.00039958 Rank: 0.00004459 weighted Rank: 0.00044594 MoE: 2.00070478 weighted MoE: 0.01000352
Train IC loss: 0.95532189 weighted IC loss: 0.00955322
Updating learning rate to 6.840622763423391e-05
Epoch  39/100 [####################]  93/93  | used 00:10 | left 00:00 | total 08:03 | ETA 12:36
Epoch: 39 cost time: 10.410658836364746
Epoch: 39, Steps: 93 | Train Loss: 0.0203557 Vali Loss: 0.0003265 StockMixer Select Loss: 0.0003295 | Test deferred to final best.pth
Val Financial | IC: 0.000315 RIC: 0.002937 RankIC: -0.006339 Precision@10: 0.532806 SR(top5): 1.623760
Train components | MSE: 0.00038959 Rank: 0.00004319 weighted Rank: 0.00043187 MoE: 2.00070474 weighted MoE: 0.01000352
Train IC loss: 0.95307371 weighted IC loss: 0.00953074
Updating learning rate to 6.693689601226458e-05
Epoch  40/100 [####################]  93/93  | used 00:10 | left 00:00 | total 08:16 | ETA 12:24
Epoch: 40 cost time: 10.302684545516968
Epoch: 40, Steps: 93 | Train Loss: 0.0203742 Vali Loss: 0.0003487 StockMixer Select Loss: 0.0003528 | Test deferred to final best.pth
Val Financial | IC: -0.000394 RIC: -0.003266 RankIC: 0.003116 Precision@10: 0.550593 SR(top5): 2.249905
Train components | MSE: 0.00036892 Rank: 0.00004278 weighted Rank: 0.00042781 MoE: 2.00070597 weighted MoE: 0.01000353
Train IC loss: 0.95739258 weighted IC loss: 0.00957393
Updating learning rate to 6.545084971874738e-05
Epoch  41/100 [####################]  93/93  | used 00:10 | left 00:00 | total 08:29 | ETA 12:12
Epoch: 41 cost time: 10.396110534667969
Epoch: 41, Steps: 93 | Train Loss: 0.0203048 Vali Loss: 0.0003026 StockMixer Select Loss: 0.0003055 | Test deferred to final best.pth
Val Financial | IC: 0.010199 RIC: 0.097479 RankIC: -0.001572 Precision@10: 0.545059 SR(top5): 3.153759
Train components | MSE: 0.00038314 Rank: 0.00004116 weighted Rank: 0.00041158 MoE: 2.00070538 weighted MoE: 0.01000353
Train IC loss: 0.95066024 weighted IC loss: 0.00950660
New Best | epoch 41 | validation stockmixer_val_loss=0.00030550 | saved best.pth
Updating learning rate to 6.394955530196147e-05
Epoch  42/100 [####################]  93/93  | used 00:09 | left 00:00 | total 08:41 | ETA 12:00
Epoch: 42 cost time: 9.82400894165039
Epoch: 42, Steps: 93 | Train Loss: 0.0203103 Vali Loss: 0.0003288 StockMixer Select Loss: 0.0003319 | Test deferred to final best.pth
Val Financial | IC: 0.011423 RIC: 0.101881 RankIC: 0.000961 Precision@10: 0.545059 SR(top5): 2.778435
Train components | MSE: 0.00036784 Rank: 0.00004251 weighted Rank: 0.00042509 MoE: 2.00070465 weighted MoE: 0.01000352
Train IC loss: 0.95138143 weighted IC loss: 0.00951381
Updating learning rate to 6.243449435824276e-05
Epoch  43/100 [####################]  93/93  | used 00:09 | left 00:00 | total 08:54 | ETA 11:48
Epoch: 43 cost time: 9.680344104766846
Epoch: 43, Steps: 93 | Train Loss: 0.0203497 Vali Loss: 0.0002989 StockMixer Select Loss: 0.0003020 | Test deferred to final best.pth
Val Financial | IC: -0.001139 RIC: -0.011050 RankIC: -0.003436 Precision@10: 0.536364 SR(top5): 1.216757
Train components | MSE: 0.00040694 Rank: 0.00004178 weighted Rank: 0.00041776 MoE: 2.00070434 weighted MoE: 0.01000352
Train IC loss: 0.95215052 weighted IC loss: 0.00952151
New Best | epoch 43 | validation stockmixer_val_loss=0.00030195 | saved best.pth
Updating learning rate to 6.090716206982714e-05
Epoch  44/100 [####################]  93/93  | used 00:09 | left 00:00 | total 09:06 | ETA 11:35
Epoch: 44 cost time: 9.800302028656006
Epoch: 44, Steps: 93 | Train Loss: 0.0203413 Vali Loss: 0.0003175 StockMixer Select Loss: 0.0003206 | Test deferred to final best.pth
Val Financial | IC: 0.005743 RIC: 0.062237 RankIC: 0.003102 Precision@10: 0.547036 SR(top5): 1.820975
Train components | MSE: 0.00036517 Rank: 0.00004505 weighted Rank: 0.00045050 MoE: 2.00070457 weighted MoE: 0.01000352
Train IC loss: 0.95221457 weighted IC loss: 0.00952215
Updating learning rate to 5.9369065729286245e-05
Epoch  45/100 [####################]  93/93  | used 00:09 | left 00:00 | total 09:19 | ETA 11:23
Epoch: 45 cost time: 9.834758758544922
Epoch: 45, Steps: 93 | Train Loss: 0.0203824 Vali Loss: 0.0003105 StockMixer Select Loss: 0.0003136 | Test deferred to final best.pth
Val Financial | IC: -0.002102 RIC: -0.022192 RankIC: 0.002910 Precision@10: 0.543874 SR(top5): 1.666390
Train components | MSE: 0.00045675 Rank: 0.00004243 weighted Rank: 0.00042431 MoE: 2.00070438 weighted MoE: 0.01000352
Train IC loss: 0.94978504 weighted IC loss: 0.00949785
Updating learning rate to 5.782172325201155e-05
Epoch  46/100 [####################]  93/93  | used 00:10 | left 00:00 | total 09:31 | ETA 11:10
Epoch: 46 cost time: 10.312188386917114
Epoch: 46, Steps: 93 | Train Loss: 0.0202521 Vali Loss: 0.0002987 StockMixer Select Loss: 0.0003015 | Test deferred to final best.pth
Val Financial | IC: 0.004097 RIC: 0.041670 RankIC: 0.000116 Precision@10: 0.549802 SR(top5): 2.401182
Train components | MSE: 0.00037816 Rank: 0.00003944 weighted Rank: 0.00039439 MoE: 2.00070459 weighted MoE: 0.01000352
Train IC loss: 0.94760471 weighted IC loss: 0.00947605
New Best | epoch 46 | validation stockmixer_val_loss=0.00030153 | saved best.pth
Updating learning rate to 5.6266661678215216e-05
Epoch  47/100 [####################]  93/93  | used 00:09 | left 00:00 | total 09:43 | ETA 10:57
Epoch: 47 cost time: 9.6538667678833
Epoch: 47, Steps: 93 | Train Loss: 0.0203340 Vali Loss: 0.0003680 StockMixer Select Loss: 0.0003712 | Test deferred to final best.pth
Val Financial | IC: 0.009410 RIC: 0.088282 RankIC: -0.001831 Precision@10: 0.541502 SR(top5): 2.622908
Train components | MSE: 0.00041555 Rank: 0.00004133 weighted Rank: 0.00041327 MoE: 2.00070378 weighted MoE: 0.01000352
Train IC loss: 0.95016190 weighted IC loss: 0.00950162
Updating learning rate to 5.470541566592573e-05
Epoch  48/100 [####################]  93/93  | used 00:09 | left 00:00 | total 09:55 | ETA 10:45
Epoch: 48 cost time: 9.751980304718018
Epoch: 48, Steps: 93 | Train Loss: 0.0202137 Vali Loss: 0.0002963 StockMixer Select Loss: 0.0002991 | Test deferred to final best.pth
Val Financial | IC: 0.001986 RIC: 0.018525 RankIC: -0.001272 Precision@10: 0.535968 SR(top5): 1.749156
Train components | MSE: 0.00035372 Rank: 0.00003848 weighted Rank: 0.00038481 MoE: 2.00070408 weighted MoE: 0.01000352
Train IC loss: 0.94715947 weighted IC loss: 0.00947159
New Best | epoch 48 | validation stockmixer_val_loss=0.00029905 | saved best.pth
Updating learning rate to 5.313952597646568e-05
Epoch  49/100 [####################]  93/93  | used 00:09 | left 00:00 | total 10:08 | ETA 10:33
Epoch: 49 cost time: 9.952997207641602
Epoch: 49, Steps: 93 | Train Loss: 0.0202596 Vali Loss: 0.0003100 StockMixer Select Loss: 0.0003133 | Test deferred to final best.pth
Val Financial | IC: 0.013671 RIC: 0.109025 RankIC: 0.011295 Precision@10: 0.538735 SR(top5): 2.469466
Train components | MSE: 0.00040220 Rank: 0.00003958 weighted Rank: 0.00039584 MoE: 2.00070397 weighted MoE: 0.01000352
Train IC loss: 0.94580268 weighted IC loss: 0.00945803
Updating learning rate to 5.157053795390642e-05
Epoch  50/100 [####################]  93/93  | used 00:09 | left 00:00 | total 10:20 | ETA 10:20
Epoch: 50 cost time: 9.195777654647827
Epoch: 50, Steps: 93 | Train Loss: 0.0201964 Vali Loss: 0.0002976 StockMixer Select Loss: 0.0003004 | Test deferred to final best.pth
Val Financial | IC: -0.003202 RIC: -0.030417 RankIC: -0.005871 Precision@10: 0.542688 SR(top5): 2.391613
Train components | MSE: 0.00038252 Rank: 0.00003795 weighted Rank: 0.00037948 MoE: 2.00070384 weighted MoE: 0.01000352
Train IC loss: 0.94308387 weighted IC loss: 0.00943084
Updating learning rate to 5e-05
Epoch  51/100 [####################]  93/93  | used 00:09 | left 00:00 | total 10:33 | ETA 10:08
Epoch: 51 cost time: 9.972517967224121
Epoch: 51, Steps: 93 | Train Loss: 0.0201906 Vali Loss: 0.0005558 StockMixer Select Loss: 0.0005590 | Test deferred to final best.pth
Val Financial | IC: 0.002738 RIC: 0.025090 RankIC: 0.002349 Precision@10: 0.544269 SR(top5): 2.456117
Train components | MSE: 0.00038940 Rank: 0.00003660 weighted Rank: 0.00036599 MoE: 2.00070456 weighted MoE: 0.01000352
Train IC loss: 0.94317220 weighted IC loss: 0.00943172
Updating learning rate to 4.8429462046093585e-05
Epoch  52/100 [####################]  93/93  | used 00:09 | left 00:00 | total 10:45 | ETA 09:56
Epoch: 52 cost time: 9.522770404815674
Epoch: 52, Steps: 93 | Train Loss: 0.0201706 Vali Loss: 0.0004253 StockMixer Select Loss: 0.0004276 | Test deferred to final best.pth
Val Financial | IC: 0.007431 RIC: 0.067092 RankIC: 0.013210 Precision@10: 0.548617 SR(top5): 2.413655
Train components | MSE: 0.00038996 Rank: 0.00003762 weighted Rank: 0.00037619 MoE: 2.00070428 weighted MoE: 0.01000352
Train IC loss: 0.94008795 weighted IC loss: 0.00940088
Updating learning rate to 4.6860474023534335e-05
Epoch  53/100 [####################]  93/93  | used 00:10 | left 00:00 | total 10:58 | ETA 09:44
Epoch: 53 cost time: 10.445513248443604
Epoch: 53, Steps: 93 | Train Loss: 0.0203044 Vali Loss: 0.0003342 StockMixer Select Loss: 0.0003367 | Test deferred to final best.pth
Val Financial | IC: 0.008385 RIC: 0.076440 RankIC: 0.003677 Precision@10: 0.548617 SR(top5): 2.397646
Train components | MSE: 0.00040165 Rank: 0.00003815 weighted Rank: 0.00038154 MoE: 2.00070436 weighted MoE: 0.01000352
Train IC loss: 0.95176821 weighted IC loss: 0.00951768
Updating learning rate to 4.529458433407429e-05
Epoch  54/100 [####################]  93/93  | used 00:09 | left 00:00 | total 11:10 | ETA 09:31
Epoch: 54 cost time: 9.763994216918945
Epoch: 54, Steps: 93 | Train Loss: 0.0201509 Vali Loss: 0.0005639 StockMixer Select Loss: 0.0005670 | Test deferred to final best.pth
Val Financial | IC: 0.007957 RIC: 0.073486 RankIC: 0.005540 Precision@10: 0.546245 SR(top5): 2.973598
Train components | MSE: 0.00038981 Rank: 0.00003553 weighted Rank: 0.00035534 MoE: 2.00070404 weighted MoE: 0.01000352
Train IC loss: 0.94021988 weighted IC loss: 0.00940220
Updating learning rate to 4.373333832178478e-05
Epoch  55/100 [####################]  93/93  | used 00:09 | left 00:00 | total 11:22 | ETA 09:18
Epoch: 55 cost time: 9.618627786636353
Epoch: 55, Steps: 93 | Train Loss: 0.0200981 Vali Loss: 0.0003030 StockMixer Select Loss: 0.0003057 | Test deferred to final best.pth
Val Financial | IC: -0.005625 RIC: -0.049417 RankIC: 0.001365 Precision@10: 0.554150 SR(top5): 1.767873
Train components | MSE: 0.00035211 Rank: 0.00003641 weighted Rank: 0.00036408 MoE: 2.00070419 weighted MoE: 0.01000352
Train IC loss: 0.93783519 weighted IC loss: 0.00937835
Updating learning rate to 4.2178276747988446e-05
Epoch  56/100 [####################]  93/93  | used 00:09 | left 00:00 | total 11:34 | ETA 09:06
Epoch: 56 cost time: 9.327821731567383
Epoch: 56, Steps: 93 | Train Loss: 0.0202095 Vali Loss: 0.0003752 StockMixer Select Loss: 0.0003777 | Test deferred to final best.pth
Val Financial | IC: 0.002440 RIC: 0.025028 RankIC: -0.001399 Precision@10: 0.550593 SR(top5): 2.193730
Train components | MSE: 0.00037189 Rank: 0.00003808 weighted Rank: 0.00038084 MoE: 2.00070428 weighted MoE: 0.01000352
Train IC loss: 0.94532349 weighted IC loss: 0.00945323
Updating learning rate to 4.063093427071376e-05
Epoch  57/100 [####################]  93/93  | used 00:09 | left 00:00 | total 11:47 | ETA 08:53
Epoch: 57 cost time: 9.77777886390686
Epoch: 57, Steps: 93 | Train Loss: 0.0200448 Vali Loss: 0.0006272 StockMixer Select Loss: 0.0006297 | Test deferred to final best.pth
Val Financial | IC: 0.008672 RIC: 0.082412 RankIC: 0.006315 Precision@10: 0.537549 SR(top5): 2.018994
Train components | MSE: 0.00031864 Rank: 0.00003298 weighted Rank: 0.00032978 MoE: 2.00070496 weighted MoE: 0.01000352
Train IC loss: 0.93928662 weighted IC loss: 0.00939287
Updating learning rate to 3.9092837930172884e-05
Epoch  58/100 [####################]  93/93  | used 00:09 | left 00:00 | total 12:00 | ETA 08:41
Epoch: 58 cost time: 9.857243061065674
Epoch: 58, Steps: 93 | Train Loss: 0.0200478 Vali Loss: 0.0002948 StockMixer Select Loss: 0.0002973 | Test deferred to final best.pth
Val Financial | IC: 0.000272 RIC: 0.002775 RankIC: 0.000935 Precision@10: 0.541897 SR(top5): 1.565588
Train components | MSE: 0.00033992 Rank: 0.00003381 weighted Rank: 0.00033814 MoE: 2.00070448 weighted MoE: 0.01000352
Train IC loss: 0.93662635 weighted IC loss: 0.00936626
New Best | epoch 58 | validation stockmixer_val_loss=0.00029734 | saved best.pth
Updating learning rate to 3.756550564175727e-05
Epoch  59/100 [####################]  93/93  | used 00:09 | left 00:00 | total 12:12 | ETA 08:29
Epoch: 59 cost time: 9.692506790161133
Epoch: 59, Steps: 93 | Train Loss: 0.0200251 Vali Loss: 0.0003102 StockMixer Select Loss: 0.0003126 | Test deferred to final best.pth
Val Financial | IC: -0.001442 RIC: -0.014350 RankIC: 0.002834 Precision@10: 0.539921 SR(top5): 1.179032
Train components | MSE: 0.00033916 Rank: 0.00003285 weighted Rank: 0.00032854 MoE: 2.00070627 weighted MoE: 0.01000353
Train IC loss: 0.93538693 weighted IC loss: 0.00935387
Updating learning rate to 3.605044469803854e-05
Epoch  60/100 [####################]  93/93  | used 00:10 | left 00:00 | total 12:25 | ETA 08:16
Epoch: 60 cost time: 10.5117347240448
Epoch: 60, Steps: 93 | Train Loss: 0.0200462 Vali Loss: 0.0004427 StockMixer Select Loss: 0.0004452 | Test deferred to final best.pth
Val Financial | IC: 0.005477 RIC: 0.051439 RankIC: 0.006256 Precision@10: 0.541107 SR(top5): 2.712234
Train components | MSE: 0.00034971 Rank: 0.00003299 weighted Rank: 0.00032989 MoE: 2.00070514 weighted MoE: 0.01000353
Train IC loss: 0.93630587 weighted IC loss: 0.00936306
Updating learning rate to 3.4549150281252636e-05
Epoch  61/100 [####################]  93/93  | used 00:09 | left 00:00 | total 12:37 | ETA 08:04
Epoch: 61 cost time: 9.878503799438477
Epoch: 61, Steps: 93 | Train Loss: 0.0200922 Vali Loss: 0.0002992 StockMixer Select Loss: 0.0003016 | Test deferred to final best.pth
Val Financial | IC: -0.000634 RIC: -0.006378 RankIC: -0.001569 Precision@10: 0.539526 SR(top5): 1.499636
Train components | MSE: 0.00037899 Rank: 0.00003302 weighted Rank: 0.00033020 MoE: 2.00070569 weighted MoE: 0.01000353
Train IC loss: 0.93794394 weighted IC loss: 0.00937944
Updating learning rate to 3.3063103987735433e-05
Epoch  62/100 [####################]  93/93  | used 00:10 | left 00:00 | total 12:49 | ETA 07:51
Epoch: 62 cost time: 10.071473836898804
Epoch: 62, Steps: 93 | Train Loss: 0.0200244 Vali Loss: 0.0003378 StockMixer Select Loss: 0.0003402 | Test deferred to final best.pth
Val Financial | IC: 0.004419 RIC: 0.041973 RankIC: 0.002940 Precision@10: 0.552174 SR(top5): 2.386313
Train components | MSE: 0.00032135 Rank: 0.00003235 weighted Rank: 0.00032349 MoE: 2.00070529 weighted MoE: 0.01000353
Train IC loss: 0.93760577 weighted IC loss: 0.00937606
Updating learning rate to 3.1593772365766105e-05
Epoch  63/100 [####################]  93/93  | used 00:09 | left 00:00 | total 13:02 | ETA 07:39
Epoch: 63 cost time: 9.84943675994873
Epoch: 63, Steps: 93 | Train Loss: 0.0199949 Vali Loss: 0.0003287 StockMixer Select Loss: 0.0003310 | Test deferred to final best.pth
Val Financial | IC: 0.006219 RIC: 0.057889 RankIC: 0.002117 Precision@10: 0.552174 SR(top5): 2.526821
Train components | MSE: 0.00032849 Rank: 0.00003192 weighted Rank: 0.00031921 MoE: 2.00070574 weighted MoE: 0.01000353
Train IC loss: 0.93436789 weighted IC loss: 0.00934368
Updating learning rate to 3.0142605468260978e-05
Epoch  64/100 [####################]  93/93  | used 00:10 | left 00:00 | total 13:15 | ETA 07:27
Epoch: 64 cost time: 10.334218263626099
Epoch: 64, Steps: 93 | Train Loss: 0.0199083 Vali Loss: 0.0003024 StockMixer Select Loss: 0.0003050 | Test deferred to final best.pth
Val Financial | IC: 0.005200 RIC: 0.047213 RankIC: 0.002685 Precision@10: 0.541107 SR(top5): 1.787845
Train components | MSE: 0.00030424 Rank: 0.00002966 weighted Rank: 0.00029659 MoE: 2.00070469 weighted MoE: 0.01000352
Train IC loss: 0.93039596 weighted IC loss: 0.00930396
Updating learning rate to 2.8711035421746367e-05
Epoch  65/100 [####################]  93/93  | used 00:09 | left 00:00 | total 13:28 | ETA 07:15
Epoch: 65 cost time: 9.850737810134888
Epoch: 65, Steps: 93 | Train Loss: 0.0198858 Vali Loss: 0.0002905 StockMixer Select Loss: 0.0002929 | Test deferred to final best.pth
Val Financial | IC: 0.001212 RIC: 0.011917 RankIC: -0.000265 Precision@10: 0.546640 SR(top5): 2.008202
Train components | MSE: 0.00030336 Rank: 0.00002953 weighted Rank: 0.00029529 MoE: 2.00070429 weighted MoE: 0.01000352
Train IC loss: 0.92836304 weighted IC loss: 0.00928363
New Best | epoch 65 | validation stockmixer_val_loss=0.00029285 | saved best.pth
Updating learning rate to 2.7300475013022663e-05
Epoch  66/100 [####################]  93/93  | used 00:10 | left 00:00 | total 13:40 | ETA 07:02
Epoch: 66 cost time: 10.084383010864258
Epoch: 66, Steps: 93 | Train Loss: 0.0199747 Vali Loss: 0.0005165 StockMixer Select Loss: 0.0005185 | Test deferred to final best.pth
Val Financial | IC: -0.000570 RIC: -0.005898 RankIC: 0.004173 Precision@10: 0.544664 SR(top5): 1.793739
Train components | MSE: 0.00033870 Rank: 0.00003090 weighted Rank: 0.00030895 MoE: 2.00070596 weighted MoE: 0.01000353
Train IC loss: 0.93235168 weighted IC loss: 0.00932352
Updating learning rate to 2.591231629491423e-05
Epoch  67/100 [####################]  93/93  | used 00:10 | left 00:00 | total 13:53 | ETA 06:50
Epoch: 67 cost time: 10.1042320728302
Epoch: 67, Steps: 93 | Train Loss: 0.0199572 Vali Loss: 0.0002908 StockMixer Select Loss: 0.0002930 | Test deferred to final best.pth
Val Financial | IC: -0.005364 RIC: -0.052035 RankIC: -0.006105 Precision@10: 0.541107 SR(top5): 1.325581
Train components | MSE: 0.00034584 Rank: 0.00002964 weighted Rank: 0.00029638 MoE: 2.00070564 weighted MoE: 0.01000353
Train IC loss: 0.93114231 weighted IC loss: 0.00931142
Updating learning rate to 2.4547929212481435e-05
Epoch  68/100 [####################]  93/93  | used 00:09 | left 00:00 | total 14:05 | ETA 06:37
Epoch: 68 cost time: 9.841284990310669
Epoch: 68, Steps: 93 | Train Loss: 0.0198791 Vali Loss: 0.0002902 StockMixer Select Loss: 0.0002924 | Test deferred to final best.pth
Val Financial | IC: 0.011032 RIC: 0.100149 RankIC: 0.007726 Precision@10: 0.534783 SR(top5): 2.594981
Train components | MSE: 0.00030063 Rank: 0.00002837 weighted Rank: 0.00028374 MoE: 2.00070536 weighted MoE: 0.01000353
Train IC loss: 0.92911736 weighted IC loss: 0.00929117
New Best | epoch 68 | validation stockmixer_val_loss=0.00029241 | saved best.pth
Updating learning rate to 2.3208660251050158e-05
Epoch  69/100 [####################]  93/93  | used 00:09 | left 00:00 | total 14:17 | ETA 06:25
Epoch: 69 cost time: 9.601341009140015
Epoch: 69, Steps: 93 | Train Loss: 0.0198955 Vali Loss: 0.0003513 StockMixer Select Loss: 0.0003534 | Test deferred to final best.pth
Val Financial | IC: 0.003630 RIC: 0.032306 RankIC: 0.005737 Precision@10: 0.537154 SR(top5): 2.754430
Train components | MSE: 0.00032144 Rank: 0.00002814 weighted Rank: 0.00028143 MoE: 2.00070503 weighted MoE: 0.01000353
Train IC loss: 0.92891452 weighted IC loss: 0.00928915
Updating learning rate to 2.1895831107393484e-05
Epoch  70/100 [####################]  93/93  | used 00:09 | left 00:00 | total 14:30 | ETA 06:12
Epoch: 70 cost time: 9.766136169433594
Epoch: 70, Steps: 93 | Train Loss: 0.0198540 Vali Loss: 0.0003582 StockMixer Select Loss: 0.0003604 | Test deferred to final best.pth
Val Financial | IC: 0.004188 RIC: 0.040418 RankIC: 0.001294 Precision@10: 0.548221 SR(top5): 2.198524
Train components | MSE: 0.00029819 Rank: 0.00002767 weighted Rank: 0.00027668 MoE: 2.00070475 weighted MoE: 0.01000352
Train IC loss: 0.92756398 weighted IC loss: 0.00927564
Updating learning rate to 2.061073738537635e-05
Epoch  71/100 [####################]  93/93  | used 00:09 | left 00:00 | total 14:42 | ETA 06:00
Epoch: 71 cost time: 9.909297227859497
Epoch: 71, Steps: 93 | Train Loss: 0.0198710 Vali Loss: 0.0002879 StockMixer Select Loss: 0.0002899 | Test deferred to final best.pth
Val Financial | IC: 0.005622 RIC: 0.055701 RankIC: 0.005810 Precision@10: 0.538340 SR(top5): 1.725495
Train components | MSE: 0.00030097 Rank: 0.00002780 weighted Rank: 0.00027802 MoE: 2.00070622 weighted MoE: 0.01000353
Train IC loss: 0.92884683 weighted IC loss: 0.00928847
New Best | epoch 71 | validation stockmixer_val_loss=0.00028993 | saved best.pth
Updating learning rate to 1.9354647317351188e-05
Epoch  72/100 [####################]  93/93  | used 00:09 | left 00:00 | total 14:55 | ETA 05:48
Epoch: 72 cost time: 9.96418023109436
Epoch: 72, Steps: 93 | Train Loss: 0.0198362 Vali Loss: 0.0003483 StockMixer Select Loss: 0.0003504 | Test deferred to final best.pth
Val Financial | IC: 0.001900 RIC: 0.017750 RankIC: 0.005353 Precision@10: 0.546640 SR(top5): 2.139113
Train components | MSE: 0.00031305 Rank: 0.00002712 weighted Rank: 0.00027117 MoE: 2.00070568 weighted MoE: 0.01000353
Train IC loss: 0.92484749 weighted IC loss: 0.00924847
Updating learning rate to 1.8128800512565513e-05
Epoch  73/100 [####################]  93/93  | used 00:09 | left 00:00 | total 15:07 | ETA 05:35
Epoch: 73 cost time: 9.746946573257446
Epoch: 73, Steps: 93 | Train Loss: 0.0198412 Vali Loss: 0.0003020 StockMixer Select Loss: 0.0003038 | Test deferred to final best.pth
Val Financial | IC: 0.001740 RIC: 0.016792 RankIC: 0.002556 Precision@10: 0.539130 SR(top5): 1.732806
Train components | MSE: 0.00030556 Rank: 0.00002636 weighted Rank: 0.00026364 MoE: 2.00070559 weighted MoE: 0.01000353
Train IC loss: 0.92684659 weighted IC loss: 0.00926847
Updating learning rate to 1.6934406733817414e-05
Epoch  74/100 [####################]  93/93  | used 00:10 | left 00:00 | total 15:20 | ETA 05:23
Epoch: 74 cost time: 10.21951961517334
Epoch: 74, Steps: 93 | Train Loss: 0.0198140 Vali Loss: 0.0003244 StockMixer Select Loss: 0.0003266 | Test deferred to final best.pth
Val Financial | IC: 0.002605 RIC: 0.022440 RankIC: 0.006701 Precision@10: 0.536364 SR(top5): 2.590196
Train components | MSE: 0.00030129 Rank: 0.00002617 weighted Rank: 0.00026166 MoE: 2.00070548 weighted MoE: 0.01000353
Train IC loss: 0.92475209 weighted IC loss: 0.00924752
Updating learning rate to 1.5772644703565565e-05
Epoch  75/100 [####################]  93/93  | used 00:09 | left 00:00 | total 15:31 | ETA 05:10
Epoch: 75 cost time: 9.523789882659912
Epoch: 75, Steps: 93 | Train Loss: 0.0198026 Vali Loss: 0.0002927 StockMixer Select Loss: 0.0002946 | Test deferred to final best.pth
Val Financial | IC: 0.002690 RIC: 0.024819 RankIC: 0.006952 Precision@10: 0.539130 SR(top5): 1.670069
Train components | MSE: 0.00030494 Rank: 0.00002575 weighted Rank: 0.00025750 MoE: 2.00070504 weighted MoE: 0.01000353
Train IC loss: 0.92366175 weighted IC loss: 0.00923662
Updating learning rate to 1.4644660940672627e-05
Epoch  76/100 [####################]  93/93  | used 00:09 | left 00:00 | total 15:43 | ETA 04:58
Epoch: 76 cost time: 9.748925685882568
Epoch: 76, Steps: 93 | Train Loss: 0.0197938 Vali Loss: 0.0003186 StockMixer Select Loss: 0.0003206 | Test deferred to final best.pth
Val Financial | IC: 0.007033 RIC: 0.061860 RankIC: 0.008457 Precision@10: 0.544269 SR(top5): 2.205346
Train components | MSE: 0.00030868 Rank: 0.00002501 weighted Rank: 0.00025006 MoE: 2.00070719 weighted MoE: 0.01000354
Train IC loss: 0.92315454 weighted IC loss: 0.00923155
Updating learning rate to 1.3551568628929434e-05
Epoch  77/100 [####################]  93/93  | used 00:09 | left 00:00 | total 15:56 | ETA 04:45
Epoch: 77 cost time: 9.674754619598389
Epoch: 77, Steps: 93 | Train Loss: 0.0197587 Vali Loss: 0.0002858 StockMixer Select Loss: 0.0002875 | Test deferred to final best.pth
Val Financial | IC: 0.000359 RIC: 0.003542 RankIC: 0.002153 Precision@10: 0.551383 SR(top5): 2.659874
Train components | MSE: 0.00030165 Rank: 0.00002444 weighted Rank: 0.00024437 MoE: 2.00070555 weighted MoE: 0.01000353
Train IC loss: 0.92091132 weighted IC loss: 0.00920911
New Best | epoch 77 | validation stockmixer_val_loss=0.00028748 | saved best.pth
Updating learning rate to 1.2494446518477027e-05
Epoch  78/100 [####################]  93/93  | used 00:09 | left 00:00 | total 16:08 | ETA 04:33
Epoch: 78 cost time: 9.631028652191162
Epoch: 78, Steps: 93 | Train Loss: 0.0197196 Vali Loss: 0.0002876 StockMixer Select Loss: 0.0002898 | Test deferred to final best.pth
Val Financial | IC: 0.005302 RIC: 0.044569 RankIC: 0.008555 Precision@10: 0.544664 SR(top5): 1.677684
Train components | MSE: 0.00029659 Rank: 0.00002383 weighted Rank: 0.00023830 MoE: 2.00070442 weighted MoE: 0.01000352
Train IC loss: 0.91812051 weighted IC loss: 0.00918121
Updating learning rate to 1.1474337861210543e-05
Epoch  79/100 [####################]  93/93  | used 00:09 | left 00:00 | total 16:20 | ETA 04:20
Epoch: 79 cost time: 9.72876763343811
Epoch: 79, Steps: 93 | Train Loss: 0.0197587 Vali Loss: 0.0003679 StockMixer Select Loss: 0.0003700 | Test deferred to final best.pth
Val Financial | IC: 0.002570 RIC: 0.022660 RankIC: 0.005397 Precision@10: 0.541502 SR(top5): 2.202937
Train components | MSE: 0.00030258 Rank: 0.00002402 weighted Rank: 0.00024019 MoE: 2.00070605 weighted MoE: 0.01000353
Train IC loss: 0.92123545 weighted IC loss: 0.00921235
Updating learning rate to 1.049224938121548e-05
Epoch  80/100 [####################]  93/93  | used 00:09 | left 00:00 | total 16:33 | ETA 04:08
Epoch: 80 cost time: 9.63630485534668
Epoch: 80, Steps: 93 | Train Loss: 0.0197283 Vali Loss: 0.0002869 StockMixer Select Loss: 0.0002888 | Test deferred to final best.pth
Val Financial | IC: 0.002257 RIC: 0.021012 RankIC: 0.002731 Precision@10: 0.543083 SR(top5): 1.884974
Train components | MSE: 0.00029493 Rank: 0.00002363 weighted Rank: 0.00023631 MoE: 2.00070690 weighted MoE: 0.01000353
Train IC loss: 0.91935300 weighted IC loss: 0.00919353
Updating learning rate to 9.549150281252633e-06
Epoch  81/100 [####################]  93/93  | used 00:09 | left 00:00 | total 16:45 | ETA 03:55
Epoch: 81 cost time: 9.92168140411377
Epoch: 81, Steps: 93 | Train Loss: 0.0197172 Vali Loss: 0.0002952 StockMixer Select Loss: 0.0002970 | Test deferred to final best.pth
Val Financial | IC: 0.001835 RIC: 0.017960 RankIC: -0.000550 Precision@10: 0.544269 SR(top5): 2.049667
Train components | MSE: 0.00028617 Rank: 0.00002315 weighted Rank: 0.00023152 MoE: 2.00070489 weighted MoE: 0.01000352
Train IC loss: 0.91959576 weighted IC loss: 0.00919596
Updating learning rate to 8.645971286271904e-06
Epoch  82/100 [####################]  93/93  | used 00:09 | left 00:00 | total 16:56 | ETA 03:43
Epoch: 82 cost time: 9.278617143630981
Epoch: 82, Steps: 93 | Train Loss: 0.0197341 Vali Loss: 0.0002911 StockMixer Select Loss: 0.0002928 | Test deferred to final best.pth
Val Financial | IC: 0.001698 RIC: 0.016383 RankIC: 0.003127 Precision@10: 0.537945 SR(top5): 1.614812
Train components | MSE: 0.00029369 Rank: 0.00002259 weighted Rank: 0.00022587 MoE: 2.00070538 weighted MoE: 0.01000353
Train IC loss: 0.92110436 weighted IC loss: 0.00921104
Updating learning rate to 7.783603724899257e-06
Epoch  83/100 [####################]  93/93  | used 00:10 | left 00:00 | total 17:09 | ETA 03:30
Epoch: 83 cost time: 10.107777833938599
Epoch: 83, Steps: 93 | Train Loss: 0.0196988 Vali Loss: 0.0002850 StockMixer Select Loss: 0.0002868 | Test deferred to final best.pth
Val Financial | IC: 0.004190 RIC: 0.040077 RankIC: 0.002730 Precision@10: 0.537154 SR(top5): 1.796903
Train components | MSE: 0.00029373 Rank: 0.00002218 weighted Rank: 0.00022181 MoE: 2.00070671 weighted MoE: 0.01000353
Train IC loss: 0.91797593 weighted IC loss: 0.00917976
New Best | epoch 83 | validation stockmixer_val_loss=0.00028676 | saved best.pth
Updating learning rate to 6.962898649802823e-06
Epoch  84/100 [####################]  93/93  | used 00:09 | left 00:00 | total 17:22 | ETA 03:18
Epoch: 84 cost time: 9.898092985153198
Epoch: 84, Steps: 93 | Train Loss: 0.0196880 Vali Loss: 0.0002843 StockMixer Select Loss: 0.0002859 | Test deferred to final best.pth
Val Financial | IC: 0.001186 RIC: 0.011385 RankIC: 0.004805 Precision@10: 0.547826 SR(top5): 1.842359
Train components | MSE: 0.00028376 Rank: 0.00002187 weighted Rank: 0.00021873 MoE: 2.00070522 weighted MoE: 0.01000353
Train IC loss: 0.91819702 weighted IC loss: 0.00918197
New Best | epoch 84 | validation stockmixer_val_loss=0.00028589 | saved best.pth
Updating learning rate to 6.1846659978068265e-06
Epoch  85/100 [####################]  93/93  | used 00:09 | left 00:00 | total 17:35 | ETA 03:06
Epoch: 85 cost time: 9.889983415603638
Epoch: 85, Steps: 93 | Train Loss: 0.0196801 Vali Loss: 0.0003002 StockMixer Select Loss: 0.0003019 | Test deferred to final best.pth
Val Financial | IC: 0.003471 RIC: 0.032849 RankIC: 0.005830 Precision@10: 0.534783 SR(top5): 1.969634
Train components | MSE: 0.00028169 Rank: 0.00002193 weighted Rank: 0.00021934 MoE: 2.00070475 weighted MoE: 0.01000352
Train IC loss: 0.91755238 weighted IC loss: 0.00917552
Updating learning rate to 5.449673790581611e-06
Epoch  86/100 [####################]  93/93  | used 00:09 | left 00:00 | total 17:47 | ETA 02:53
Epoch: 86 cost time: 9.432705163955688
Epoch: 86, Steps: 93 | Train Loss: 0.0196588 Vali Loss: 0.0002912 StockMixer Select Loss: 0.0002929 | Test deferred to final best.pth
Val Financial | IC: 0.002077 RIC: 0.019332 RankIC: 0.002617 Precision@10: 0.537549 SR(top5): 1.825416
Train components | MSE: 0.00028142 Rank: 0.00002128 weighted Rank: 0.00021282 MoE: 2.00070927 weighted MoE: 0.01000355
Train IC loss: 0.91610471 weighted IC loss: 0.00916105
Updating learning rate to 4.758647376699032e-06
Epoch  87/100 [####################]  93/93  | used 00:10 | left 00:00 | total 18:00 | ETA 02:41
Epoch: 87 cost time: 10.032209157943726
Epoch: 87, Steps: 93 | Train Loss: 0.0196553 Vali Loss: 0.0002861 StockMixer Select Loss: 0.0002877 | Test deferred to final best.pth
Val Financial | IC: 0.002165 RIC: 0.020765 RankIC: 0.002498 Precision@10: 0.547036 SR(top5): 1.350410
Train components | MSE: 0.00027950 Rank: 0.00002114 weighted Rank: 0.00021139 MoE: 2.00070482 weighted MoE: 0.01000352
Train IC loss: 0.91608675 weighted IC loss: 0.00916087
Updating learning rate to 4.112268715800943e-06
Epoch  88/100 [####################]  93/93  | used 00:10 | left 00:00 | total 18:12 | ETA 02:28
Epoch: 88 cost time: 10.035965919494629
Epoch: 88, Steps: 93 | Train Loss: 0.0196397 Vali Loss: 0.0002876 StockMixer Select Loss: 0.0002891 | Test deferred to final best.pth
Val Financial | IC: 0.000843 RIC: 0.008243 RankIC: 0.001908 Precision@10: 0.539921 SR(top5): 1.737637
Train components | MSE: 0.00028217 Rank: 0.00002107 weighted Rank: 0.00021070 MoE: 2.00070653 weighted MoE: 0.01000353
Train IC loss: 0.91433069 weighted IC loss: 0.00914331
Updating learning rate to 3.511175705587433e-06
Epoch  89/100 [####################]  93/93  | used 00:09 | left 00:00 | total 18:24 | ETA 02:16
Epoch: 89 cost time: 9.931974411010742
Epoch: 89, Steps: 93 | Train Loss: 0.0196336 Vali Loss: 0.0002947 StockMixer Select Loss: 0.0002962 | Test deferred to final best.pth
Val Financial | IC: 0.001841 RIC: 0.017794 RankIC: 0.002588 Precision@10: 0.539130 SR(top5): 1.511517
Train components | MSE: 0.00027823 Rank: 0.00002056 weighted Rank: 0.00020558 MoE: 2.00070690 weighted MoE: 0.01000353
Train IC loss: 0.91462583 weighted IC loss: 0.00914626
Updating learning rate to 2.9559615522887273e-06
Epoch  90/100 [####################]  93/93  | used 00:10 | left 00:00 | total 18:37 | ETA 02:04
Epoch: 90 cost time: 10.127028226852417
Epoch: 90, Steps: 93 | Train Loss: 0.0196377 Vali Loss: 0.0002857 StockMixer Select Loss: 0.0002873 | Test deferred to final best.pth
Val Financial | IC: 0.000793 RIC: 0.007648 RankIC: 0.003013 Precision@10: 0.548221 SR(top5): 1.482847
Train components | MSE: 0.00027777 Rank: 0.00002049 weighted Rank: 0.00020487 MoE: 2.00070573 weighted MoE: 0.01000353
Train IC loss: 0.91515819 weighted IC loss: 0.00915158
Updating learning rate to 2.4471741852423237e-06
Epoch  91/100 [####################]  93/93  | used 00:09 | left 00:00 | total 18:50 | ETA 01:51
Epoch: 91 cost time: 9.289424657821655
Epoch: 91, Steps: 93 | Train Loss: 0.0196345 Vali Loss: 0.0002851 StockMixer Select Loss: 0.0002867 | Test deferred to final best.pth
Val Financial | IC: 0.003444 RIC: 0.032785 RankIC: 0.004544 Precision@10: 0.536759 SR(top5): 1.828088
Train components | MSE: 0.00027961 Rank: 0.00002049 weighted Rank: 0.00020490 MoE: 2.00070520 weighted MoE: 0.01000353
Train IC loss: 0.91464755 weighted IC loss: 0.00914648
Updating learning rate to 1.985315716152847e-06
Epoch  92/100 [####################]  93/93  | used 00:06 | left 00:00 | total 18:58 | ETA 01:39
Epoch: 92 cost time: 6.159451484680176
Epoch: 92, Steps: 93 | Train Loss: 0.0196211 Vali Loss: 0.0002835 StockMixer Select Loss: 0.0002851 | Test deferred to final best.pth
Val Financial | IC: 0.001494 RIC: 0.014426 RankIC: 0.003410 Precision@10: 0.547826 SR(top5): 1.488824
Train components | MSE: 0.00027720 Rank: 0.00002038 weighted Rank: 0.00020379 MoE: 2.00070480 weighted MoE: 0.01000352
Train IC loss: 0.91365741 weighted IC loss: 0.00913657
New Best | epoch 92 | validation stockmixer_val_loss=0.00028508 | saved best.pth
Updating learning rate to 1.5708419435684462e-06
Epoch  93/100 [####################]  93/93  | used 00:07 | left 00:00 | total 19:07 | ETA 01:26
Epoch: 93 cost time: 7.669719696044922
Epoch: 93, Steps: 93 | Train Loss: 0.0196104 Vali Loss: 0.0002887 StockMixer Select Loss: 0.0002903 | Test deferred to final best.pth
Val Financial | IC: 0.001924 RIC: 0.018410 RankIC: 0.002791 Precision@10: 0.541107 SR(top5): 1.436993
Train components | MSE: 0.00027757 Rank: 0.00001990 weighted Rank: 0.00019903 MoE: 2.00070527 weighted MoE: 0.01000353
Train IC loss: 0.91302351 weighted IC loss: 0.00913024
Updating learning rate to 1.2041619030626284e-06
Epoch  94/100 [####################]  93/93  | used 00:10 | left 00:00 | total 19:20 | ETA 01:14
Epoch: 94 cost time: 10.121900081634521
Epoch: 94, Steps: 93 | Train Loss: 0.0195963 Vali Loss: 0.0002828 StockMixer Select Loss: 0.0002843 | Test deferred to final best.pth
Val Financial | IC: 0.002234 RIC: 0.021169 RankIC: 0.003725 Precision@10: 0.537549 SR(top5): 1.645952
Train components | MSE: 0.00027842 Rank: 0.00002021 weighted Rank: 0.00020206 MoE: 2.00070660 weighted MoE: 0.01000353
Train IC loss: 0.91123239 weighted IC loss: 0.00911232
New Best | epoch 94 | validation stockmixer_val_loss=0.00028435 | saved best.pth
Updating learning rate to 8.856374635655695e-07
Epoch  95/100 [####################]  93/93  | used 00:10 | left 00:00 | total 19:33 | ETA 01:01
Epoch: 95 cost time: 10.12167739868164
Epoch: 95, Steps: 93 | Train Loss: 0.0196071 Vali Loss: 0.0002897 StockMixer Select Loss: 0.0002912 | Test deferred to final best.pth
Val Financial | IC: 0.002534 RIC: 0.023944 RankIC: 0.004119 Precision@10: 0.537154 SR(top5): 1.643053
Train components | MSE: 0.00027381 Rank: 0.00001984 weighted Rank: 0.00019835 MoE: 2.00070635 weighted MoE: 0.01000353
Train IC loss: 0.91313558 weighted IC loss: 0.00913136
Updating learning rate to 6.15582970243117e-07
Epoch  96/100 [####################]  93/93  | used 00:09 | left 00:00 | total 19:46 | ETA 00:49
Epoch: 96 cost time: 9.967946529388428
Epoch: 96, Steps: 93 | Train Loss: 0.0195824 Vali Loss: 0.0002834 StockMixer Select Loss: 0.0002850 | Test deferred to final best.pth
Val Financial | IC: 0.002109 RIC: 0.020026 RankIC: 0.003838 Precision@10: 0.539921 SR(top5): 1.541562
Train components | MSE: 0.00027340 Rank: 0.00001980 weighted Rank: 0.00019801 MoE: 2.00070509 weighted MoE: 0.01000353
Train IC loss: 0.91074771 weighted IC loss: 0.00910748
Updating learning rate to 3.9426493427611177e-07
Epoch  97/100 [####################]  93/93  | used 00:09 | left 00:00 | total 19:58 | ETA 00:37
Epoch: 97 cost time: 9.516547918319702
Epoch: 97, Steps: 93 | Train Loss: 0.0195967 Vali Loss: 0.0002848 StockMixer Select Loss: 0.0002864 | Test deferred to final best.pth
Val Financial | IC: 0.002211 RIC: 0.021065 RankIC: 0.003867 Precision@10: 0.541897 SR(top5): 1.533585
Train components | MSE: 0.00027345 Rank: 0.00001976 weighted Rank: 0.00019761 MoE: 2.00070638 weighted MoE: 0.01000353
Train IC loss: 0.91221325 weighted IC loss: 0.00912213
Updating learning rate to 2.219017698460002e-07
Epoch  98/100 [####################]  93/93  | used 00:09 | left 00:00 | total 20:11 | ETA 00:24
Epoch: 98 cost time: 9.899982690811157
Epoch: 98, Steps: 93 | Train Loss: 0.0195799 Vali Loss: 0.0002836 StockMixer Select Loss: 0.0002852 | Test deferred to final best.pth
Val Financial | IC: 0.002298 RIC: 0.021881 RankIC: 0.003817 Precision@10: 0.539526 SR(top5): 1.520846
Train components | MSE: 0.00027290 Rank: 0.00001970 weighted Rank: 0.00019701 MoE: 2.00070732 weighted MoE: 0.01000354
Train IC loss: 0.91064882 weighted IC loss: 0.00910649
Updating learning rate to 9.866357858642205e-08
Epoch  99/100 [####################]  93/93  | used 00:09 | left 00:00 | total 20:23 | ETA 00:12
Epoch: 99 cost time: 9.165009498596191
Epoch: 99, Steps: 93 | Train Loss: 0.0195554 Vali Loss: 0.0002835 StockMixer Select Loss: 0.0002850 | Test deferred to final best.pth
Val Financial | IC: 0.002153 RIC: 0.020524 RankIC: 0.003767 Precision@10: 0.540711 SR(top5): 1.463449
Train components | MSE: 0.00027575 Rank: 0.00001989 weighted Rank: 0.00019892 MoE: 2.00070718 weighted MoE: 0.01000354
Train IC loss: 0.90771624 weighted IC loss: 0.00907716
Updating learning rate to 2.467198171342e-08
Epoch 100/100 [####################]  93/93  | used 00:09 | left 00:00 | total 20:35 | ETA 00:00
Epoch: 100 cost time: 9.622540473937988
Epoch: 100, Steps: 93 | Train Loss: 0.0195868 Vali Loss: 0.0002838 StockMixer Select Loss: 0.0002853 | Test deferred to final best.pth
Val Financial | IC: 0.002184 RIC: 0.020813 RankIC: 0.003774 Precision@10: 0.540316 SR(top5): 1.502918
Train components | MSE: 0.00027202 Rank: 0.00001964 weighted Rank: 0.00019643 MoE: 2.00070540 weighted MoE: 0.01000353
Train IC loss: 0.91148370 weighted IC loss: 0.00911484
Updating learning rate to 0.0
>>>>>>>testing : long_term_forecast_SP500_eod5_16_1_TimeFilter_SP500_ftM_sl16_ll0_pl1_dm256_nh4_el1_dl1_df1024_fc1_ebtimeF_dtTrue_test_0<<<<<<<<<<<<<<<<<<<<<<<<<<<<<<<<<
test 126
mse:0.0020220994483679533, mae:0.029687751084566116
Final Test | best.pth from epoch 94
Final Test Financial | IC: 0.010102 RIC: 0.062677 RankIC: 0.019780 Precision@10: 0.511111 SR(top5): 1.463600
Financial results saved: D:\finance\model\Timefilter\TimeFilter\outputs\walkforward_model_selection_analysis\20261008_122953\fold_2\seed_2021\results\long_term_forecast_SP500_eod5_16_1_TimeFilter_SP500_ftM_sl16_ll0_pl1_dm256_nh4_el1_dl1_df1024_fc1_ebtimeF_dtTrue_test_0\financial
Future A Financial | IC: 0.010102 RIC: 0.062677 RankIC: 0.019780 Precision@10: 0.511111 SR(top5): 1.463600
test 126
Future B Financial | IC: 0.011013 RIC: 0.054925 RankIC: -0.008748 Precision@10: 0.526190 SR(top5): 1.758369
test 126
Future C Financial | IC: -0.021080 RIC: -0.115074 RankIC: -0.017002 Precision@10: 0.500000 SR(top5): 1.098732
test 126
Future D Financial | IC: -0.021080 RIC: -0.115074 RankIC: -0.017002 Precision@10: 0.500000 SR(top5): 1.098732
