Run directory: D:\finance\model\Timefilter\TimeFilter\outputs\SP500_2026_10_08_02_10
Args in experiment:
Basic Config
  Task Name:          long_term_forecast  Is Training:        1                   
  Model ID:           SP500_eod5_16_1     Model:              TimeFilter          

Data Loader
  Data:               SP500               Root Path:          D:\finance\model\Timefilter\TimeFilter\stockmixer_dataset\SP500
  Data Path:          SP500.npy           Features:           M                   
  Target:             OT                  Freq:               d                   
  Checkpoints:        ./checkpoints/      

Forecasting Task
  Seq Len:            16                  Label Len:          0                   
  Pred Len:           1                   Seasonal Patterns:  Monthly             
  Inverse:            0                   

Model Parameters
  Top k:              5                   Num Kernels:        6                   
  Enc In:             474                 Dec In:             474                 
  C Out:              474                 d model:            256                 
  n heads:            4                   e layers:           1                   
  d layers:           1                   d FF:               1024                
  Moving Avg:         25                  Factor:             1                   
  Distil:             1                   Dropout:            0.1                 
  Embed:              timeF               Activation:         gelu                
  Output Attention:   0                   

Run Parameters
  Num Workers:        0                   Itr:                1                   
  Train Epochs:       100                 Batch Size:         8                   
  Patience:           3                   Learning Rate:      0.0001              
  Des:                test                Loss:               MSE                 
  Lradj:              cosine              Use Amp:            0                   

GPU
  Use GPU:            1                   GPU:                0                   
  Use Multi GPU:      0                   Devices:            0,1,2,3             

De-stationary Projector Params
  P Hidden Dims:      128, 128            P Hidden Layers:    2                   

Financial protocol | seed=2021 patch_len=8 input=eod5 norm=False rank_weight=10.0 alpha=0.2 moe_aux_weight=0.005 selection=validation:stockmixer_val_loss selection_rank_weight=0.1 optimizer=adamw weight_decay=0.0001 grad_clip_norm=1.0 test_each_epoch=True validation_only=False
Finance adaptation | {"enabled": true, "graph": {"strict_masked_softmax": true}, "input_adapter": {"enabled": true, "indicator_mixer": {"enabled": true, "hidden_dim": 16}, "input_layernorm": true, "temporal_mixer": {"enabled": true, "hidden_dim": 16}}, "loss": {"ic_weight": 0.0}, "positional_encoding": {"mode": "patch_only"}}
Use GPU: cuda:0
>>>>>>>start training : long_term_forecast_SP500_eod5_16_1_TimeFilter_SP500_ftM_sl16_ll0_pl1_dm256_nh4_el1_dl1_df1024_fc1_ebtimeF_dtTrue_test_0>>>>>>>>>>>>>>>>>>>>>>>>>>
train 990
val 253
test 352
Financial reports: D:\finance\model\Timefilter\TimeFilter\outputs\SP500_2026_10_08_02_10\results\long_term_forecast_SP500_eod5_16_1_TimeFilter_SP500_ftM_sl16_ll0_pl1_dm256_nh4_el1_dl1_df1024_fc1_ebtimeF_dtTrue_test_0\financial
[Gradient Diagnostic] stage=pretrain epoch=0 batch_size=8 train_indices=0|141|282|423|565|706|847|989 (weighted gradients, before clipping)
  Grad norm | MSE: 6.41165  Rank: 0.0686692  IC: 0 (off)  MoE: 0.512241
  / MSE     | Rank: 0.01071  IC: 0 (off)  MoE: 0.07989
  Weights   | MSE: 1  Rank: 10  IC: 0  MoE: 0.005
  Saved: D:\finance\model\Timefilter\TimeFilter\outputs\SP500_2026_10_08_02_10\results\long_term_forecast_SP500_eod5_16_1_TimeFilter_SP500_ftM_sl16_ll0_pl1_dm256_nh4_el1_dl1_df1024_fc1_ebtimeF_dtTrue_test_0\financial\gradient_diagnostics.csv
	iters: 100, epoch: 1 | loss: 0.0153352
	speed: 0.1260s/iter; left time: 1549.4169s
Epoch   1/100 [####################] 124/124 | used 00:11 | left 00:00 | total 00:11 | ETA 18:57
Epoch: 1 cost time: 11.483150720596313
Epoch: 1, Steps: 124 | Train Loss: 0.0488199 Vali Loss: 0.0032515 StockMixer Select Loss: 0.0032769 Test Loss: 0.0021302
Val Financial | IC: 0.000027 RIC: 0.000151 RankIC: 0.006935 Precision@10: 0.516996 SR(top5): 1.366435
Test Financial | IC: -0.002646 RIC: -0.019098 RankIC: -0.003808 Precision@10: 0.520170 SR(top5): 0.509545
Train components | MSE: 0.01148183 Rank: 0.00035865 weighted Rank: 0.00358651 MoE: 6.75031350 weighted MoE: 0.03375157
New Best | epoch 1 | validation stockmixer_val_loss=0.00327693 | saved best.pth
Updating learning rate to 9.997532801828658e-05
[Gradient Diagnostic] stage=post_epoch epoch=1 batch_size=8 train_indices=0|141|282|423|565|706|847|989 (weighted gradients, before clipping)
  Grad norm | MSE: 1.98855  Rank: 0.0487381  IC: 0 (off)  MoE: 0.00627352
  / MSE     | Rank: 0.02451  IC: 0 (off)  MoE: 0.003155
  Weights   | MSE: 1  Rank: 10  IC: 0  MoE: 0.005
  Saved: D:\finance\model\Timefilter\TimeFilter\outputs\SP500_2026_10_08_02_10\results\long_term_forecast_SP500_eod5_16_1_TimeFilter_SP500_ftM_sl16_ll0_pl1_dm256_nh4_el1_dl1_df1024_fc1_ebtimeF_dtTrue_test_0\financial\gradient_diagnostics.csv
	iters: 100, epoch: 2 | loss: 0.0122587
	speed: 0.1588s/iter; left time: 1933.6532s
Epoch   2/100 [####################] 124/124 | used 00:11 | left 00:00 | total 00:27 | ETA 22:22
Epoch: 2 cost time: 11.314340591430664
Epoch: 2, Steps: 124 | Train Loss: 0.0127465 Vali Loss: 0.0019215 StockMixer Select Loss: 0.0019364 Test Loss: 0.0009245
Val Financial | IC: -0.002855 RIC: -0.017821 RankIC: 0.001159 Precision@10: 0.507510 SR(top5): 0.952390
Test Financial | IC: 0.001088 RIC: 0.007998 RankIC: 0.001701 Precision@10: 0.516193 SR(top5): 0.130151
Train components | MSE: 0.00118409 Rank: 0.00014674 weighted Rank: 0.00146744 MoE: 2.01899230 weighted MoE: 0.01009496
New Best | epoch 2 | validation stockmixer_val_loss=0.00193640 | saved best.pth
Updating learning rate to 9.990133642141359e-05
	iters: 100, epoch: 3 | loss: 0.0127057
	speed: 0.1598s/iter; left time: 1926.4884s
Epoch   3/100 [####################] 124/124 | used 00:11 | left 00:00 | total 00:43 | ETA 23:26
Epoch: 3 cost time: 11.395442962646484
Epoch: 3, Steps: 124 | Train Loss: 0.0119367 Vali Loss: 0.0017055 StockMixer Select Loss: 0.0017160 Test Loss: 0.0007881
Val Financial | IC: 0.003524 RIC: 0.022848 RankIC: 0.010133 Precision@10: 0.513834 SR(top5): 1.270302
Test Financial | IC: -0.001313 RIC: -0.009743 RankIC: -0.001618 Precision@10: 0.519318 SR(top5): 0.496162
Train components | MSE: 0.00098629 Rank: 0.00009367 weighted Rank: 0.00093669 MoE: 2.00275237 weighted MoE: 0.01001376
New Best | epoch 3 | validation stockmixer_val_loss=0.00171595 | saved best.pth
Updating learning rate to 9.977809823015401e-05
	iters: 100, epoch: 4 | loss: 0.0143183
	speed: 0.1650s/iter; left time: 1968.0315s
Epoch   4/100 [####################] 124/124 | used 00:11 | left 00:00 | total 00:59 | ETA 23:56
Epoch: 4 cost time: 11.63437008857727
Epoch: 4, Steps: 124 | Train Loss: 0.0124821 Vali Loss: 0.0019780 StockMixer Select Loss: 0.0019892 Test Loss: 0.0011453
Val Financial | IC: 0.007655 RIC: 0.046327 RankIC: 0.007036 Precision@10: 0.509091 SR(top5): 1.612153
Test Financial | IC: -0.000477 RIC: -0.003299 RankIC: 0.000341 Precision@10: 0.521591 SR(top5): 0.545841
Train components | MSE: 0.00174642 Rank: 0.00007271 weighted Rank: 0.00072712 MoE: 2.00170357 weighted MoE: 0.01000852
Updating learning rate to 9.96057350657239e-05
	iters: 100, epoch: 5 | loss: 0.0112037
	speed: 0.1630s/iter; left time: 1924.1578s
Epoch   5/100 [####################] 124/124 | used 00:11 | left 00:00 | total 01:16 | ETA 24:06
Epoch: 5 cost time: 11.46371078491211
Epoch: 5, Steps: 124 | Train Loss: 0.0117892 Vali Loss: 0.0013452 StockMixer Select Loss: 0.0013531 Test Loss: 0.0004709
Val Financial | IC: 0.007956 RIC: 0.055904 RankIC: 0.009145 Precision@10: 0.512253 SR(top5): 1.438029
Test Financial | IC: -0.003276 RIC: -0.024940 RankIC: -0.005352 Precision@10: 0.525000 SR(top5): 0.995399
Train components | MSE: 0.00115700 Rank: 0.00006254 weighted Rank: 0.00062537 MoE: 2.00137037 weighted MoE: 0.01000685
New Best | epoch 5 | validation stockmixer_val_loss=0.00135308 | saved best.pth
Updating learning rate to 9.938441702975689e-05
[Gradient Diagnostic] stage=post_epoch epoch=5 batch_size=8 train_indices=0|141|282|423|565|706|847|989 (weighted gradients, before clipping)
  Grad norm | MSE: 0.355248  Rank: 0.0239244  IC: 0 (off)  MoE: 0.000169263
  / MSE     | Rank: 0.06735  IC: 0 (off)  MoE: 0.0004765
  Weights   | MSE: 1  Rank: 10  IC: 0  MoE: 0.005
  Saved: D:\finance\model\Timefilter\TimeFilter\outputs\SP500_2026_10_08_02_10\results\long_term_forecast_SP500_eod5_16_1_TimeFilter_SP500_ftM_sl16_ll0_pl1_dm256_nh4_el1_dl1_df1024_fc1_ebtimeF_dtTrue_test_0\financial\gradient_diagnostics.csv
	iters: 100, epoch: 6 | loss: 0.0106542
	speed: 0.1608s/iter; left time: 1877.9081s
Epoch   6/100 [####################] 124/124 | used 00:11 | left 00:00 | total 01:32 | ETA 24:06
Epoch: 6 cost time: 11.526305675506592
Epoch: 6, Steps: 124 | Train Loss: 0.0109257 Vali Loss: 0.0013241 StockMixer Select Loss: 0.0013318 Test Loss: 0.0004561
Val Financial | IC: 0.011464 RIC: 0.068385 RankIC: 0.015578 Precision@10: 0.506719 SR(top5): 1.801318
Test Financial | IC: -0.004568 RIC: -0.028436 RankIC: -0.004595 Precision@10: 0.501420 SR(top5): -0.372147
Train components | MSE: 0.00041375 Rank: 0.00005065 weighted Rank: 0.00050647 MoE: 2.00110626 weighted MoE: 0.01000553
New Best | epoch 6 | validation stockmixer_val_loss=0.00133184 | saved best.pth
Updating learning rate to 9.911436253643445e-05
	iters: 100, epoch: 7 | loss: 0.0106784
	speed: 0.1688s/iter; left time: 1951.0402s
Epoch   7/100 [####################] 124/124 | used 00:12 | left 00:00 | total 01:49 | ETA 24:20
Epoch: 7 cost time: 12.850325584411621
Epoch: 7, Steps: 124 | Train Loss: 0.0112865 Vali Loss: 0.0013726 StockMixer Select Loss: 0.0013793 Test Loss: 0.0005149
Val Financial | IC: 0.004096 RIC: 0.025720 RankIC: 0.003861 Precision@10: 0.505534 SR(top5): 1.315879
Test Financial | IC: 0.001828 RIC: 0.012174 RankIC: -0.000484 Precision@10: 0.517898 SR(top5): 0.509041
Train components | MSE: 0.00081937 Rank: 0.00004623 weighted Rank: 0.00046233 MoE: 2.00096011 weighted MoE: 0.01000480
Updating learning rate to 9.879583809693738e-05
	iters: 100, epoch: 8 | loss: 0.0108321
	speed: 0.2221s/iter; left time: 2539.5473s
Epoch   8/100 [####################] 124/124 | used 00:15 | left 00:00 | total 02:11 | ETA 25:13
Epoch: 8 cost time: 15.061529636383057
Epoch: 8, Steps: 124 | Train Loss: 0.0109020 Vali Loss: 0.0013886 StockMixer Select Loss: 0.0013949 Test Loss: 0.0005386
Val Financial | IC: 0.005378 RIC: 0.032177 RankIC: 0.007566 Precision@10: 0.509091 SR(top5): 1.977506
Test Financial | IC: 0.005765 RIC: 0.038626 RankIC: 0.003632 Precision@10: 0.534375 SR(top5): 1.609453
Train components | MSE: 0.00049699 Rank: 0.00004006 weighted Rank: 0.00040056 MoE: 2.00088023 weighted MoE: 0.01000440
Updating learning rate to 9.842915805643155e-05
	iters: 100, epoch: 9 | loss: 0.0108590
	speed: 0.2162s/iter; left time: 2445.4140s
Epoch   9/100 [####################] 124/124 | used 00:15 | left 00:00 | total 02:33 | ETA 25:54
Epoch: 9 cost time: 15.759437561035156
Epoch: 9, Steps: 124 | Train Loss: 0.0109164 Vali Loss: 0.0016487 StockMixer Select Loss: 0.0016544 Test Loss: 0.0008085
Val Financial | IC: -0.004468 RIC: -0.029994 RankIC: 0.002317 Precision@10: 0.501976 SR(top5): 1.515119
Test Financial | IC: -0.005074 RIC: -0.035700 RankIC: -0.005670 Precision@10: 0.522727 SR(top5): 0.423092
Train components | MSE: 0.00054542 Rank: 0.00003668 weighted Rank: 0.00036679 MoE: 2.00083996 weighted MoE: 0.01000420
Updating learning rate to 9.801468428384716e-05
	iters: 100, epoch: 10 | loss: 0.0108691
	speed: 0.2128s/iter; left time: 2380.0729s
Epoch  10/100 [####################] 124/124 | used 00:16 | left 00:00 | total 02:55 | ETA 26:15
Epoch: 10 cost time: 16.005563735961914
Epoch: 10, Steps: 124 | Train Loss: 0.0114593 Vali Loss: 0.0013964 StockMixer Select Loss: 0.0014014 Test Loss: 0.0005189
Val Financial | IC: -0.001195 RIC: -0.007936 RankIC: -0.000243 Precision@10: 0.513439 SR(top5): 0.850831
Test Financial | IC: -0.000139 RIC: -0.001036 RankIC: -0.003762 Precision@10: 0.525284 SR(top5): 0.907257
Train components | MSE: 0.00111152 Rank: 0.00003437 weighted Rank: 0.00034374 MoE: 2.00080317 weighted MoE: 0.01000402
Updating learning rate to 9.755282581475769e-05
	iters: 100, epoch: 11 | loss: 0.0106936
	speed: 0.2187s/iter; left time: 2419.1061s
Epoch  11/100 [####################] 124/124 | used 00:16 | left 00:00 | total 03:16 | ETA 26:33
Epoch: 11 cost time: 16.052529096603394
Epoch: 11, Steps: 124 | Train Loss: 0.0107471 Vali Loss: 0.0013461 StockMixer Select Loss: 0.0013510 Test Loss: 0.0005099
Val Financial | IC: 0.006463 RIC: 0.042191 RankIC: 0.003019 Precision@10: 0.512253 SR(top5): 1.553745
Test Financial | IC: -0.000719 RIC: -0.005199 RankIC: -0.000767 Precision@10: 0.525284 SR(top5): 0.671682
Train components | MSE: 0.00042980 Rank: 0.00003134 weighted Rank: 0.00031335 MoE: 2.00079065 weighted MoE: 0.01000395
Updating learning rate to 9.704403844771128e-05
	iters: 100, epoch: 12 | loss: 0.0105193
	speed: 0.2136s/iter; left time: 2336.5695s
Epoch  12/100 [####################] 124/124 | used 00:15 | left 00:00 | total 03:38 | ETA 26:40
Epoch: 12 cost time: 15.317701578140259
Epoch: 12, Steps: 124 | Train Loss: 0.0107165 Vali Loss: 0.0014316 StockMixer Select Loss: 0.0014359 Test Loss: 0.0005936
Val Financial | IC: 0.013781 RIC: 0.095386 RankIC: 0.007455 Precision@10: 0.510672 SR(top5): 1.709819
Test Financial | IC: 0.009739 RIC: 0.074339 RankIC: 0.009800 Precision@10: 0.525852 SR(top5): 1.243652
Train components | MSE: 0.00042853 Rank: 0.00002840 weighted Rank: 0.00028404 MoE: 2.00077684 weighted MoE: 0.01000388
Updating learning rate to 9.648882429441257e-05
	iters: 100, epoch: 13 | loss: 0.0104982
	speed: 0.2178s/iter; left time: 2354.5874s
Epoch  13/100 [####################] 124/124 | used 00:15 | left 00:00 | total 04:00 | ETA 26:46
Epoch: 13 cost time: 15.476221084594727
Epoch: 13, Steps: 124 | Train Loss: 0.0106836 Vali Loss: 0.0012649 StockMixer Select Loss: 0.0012693 Test Loss: 0.0004338
Val Financial | IC: 0.018200 RIC: 0.111541 RankIC: 0.012336 Precision@10: 0.511858 SR(top5): 1.846066
Test Financial | IC: -0.002214 RIC: -0.016399 RankIC: -0.007508 Precision@10: 0.515909 SR(top5): 0.892993
Train components | MSE: 0.00039524 Rank: 0.00002846 weighted Rank: 0.00028461 MoE: 2.00075627 weighted MoE: 0.01000378
New Best | epoch 13 | validation stockmixer_val_loss=0.00126929 | saved best.pth
Updating learning rate to 9.588773128419906e-05
	iters: 100, epoch: 14 | loss: 0.0106338
	speed: 0.2147s/iter; left time: 2294.7835s
Epoch  14/100 [####################] 124/124 | used 00:15 | left 00:00 | total 04:21 | ETA 26:46
Epoch: 14 cost time: 15.15599775314331
Epoch: 14, Steps: 124 | Train Loss: 0.0106855 Vali Loss: 0.0012548 StockMixer Select Loss: 0.0012596 Test Loss: 0.0004204
Val Financial | IC: -0.009641 RIC: -0.052518 RankIC: -0.008429 Precision@10: 0.495257 SR(top5): 0.969844
Test Financial | IC: -0.000519 RIC: -0.002916 RankIC: -0.003996 Precision@10: 0.518182 SR(top5): 1.077563
Train components | MSE: 0.00042125 Rank: 0.00002606 weighted Rank: 0.00026057 MoE: 2.00074284 weighted MoE: 0.01000371
New Best | epoch 14 | validation stockmixer_val_loss=0.00125959 | saved best.pth
Updating learning rate to 9.524135262330098e-05
	iters: 100, epoch: 15 | loss: 0.0105680
	speed: 0.2180s/iter; left time: 2303.6696s
Epoch  15/100 [####################] 124/124 | used 00:15 | left 00:00 | total 04:43 | ETA 26:45
Epoch: 15 cost time: 15.147628545761108
Epoch: 15, Steps: 124 | Train Loss: 0.0106042 Vali Loss: 0.0012633 StockMixer Select Loss: 0.0012672 Test Loss: 0.0004591
Val Financial | IC: -0.000420 RIC: -0.002630 RankIC: -0.008134 Precision@10: 0.503953 SR(top5): 0.775633
Test Financial | IC: -0.001207 RIC: -0.008166 RankIC: -0.002441 Precision@10: 0.505966 SR(top5): 0.609866
Train components | MSE: 0.00036247 Rank: 0.00002381 weighted Rank: 0.00023812 MoE: 2.00072802 weighted MoE: 0.01000364
Updating learning rate to 9.45503262094184e-05
	iters: 100, epoch: 16 | loss: 0.0105802
	speed: 0.2173s/iter; left time: 2269.3344s
Epoch  16/100 [####################] 124/124 | used 00:15 | left 00:00 | total 05:04 | ETA 26:41
Epoch: 16 cost time: 15.350449562072754
Epoch: 16, Steps: 124 | Train Loss: 0.0106231 Vali Loss: 0.0012315 StockMixer Select Loss: 0.0012354 Test Loss: 0.0004254
Val Financial | IC: 0.010207 RIC: 0.061749 RankIC: 0.000235 Precision@10: 0.510277 SR(top5): 1.503697
Test Financial | IC: 0.002170 RIC: 0.015552 RankIC: -0.000382 Precision@10: 0.518182 SR(top5): 0.498501
Train components | MSE: 0.00039437 Rank: 0.00002251 weighted Rank: 0.00022506 MoE: 2.00073019 weighted MoE: 0.01000365
New Best | epoch 16 | validation stockmixer_val_loss=0.00123541 | saved best.pth
Updating learning rate to 9.381533400219318e-05
	iters: 100, epoch: 17 | loss: 0.0108931
	speed: 0.2203s/iter; left time: 2272.7162s
Epoch  17/100 [####################] 124/124 | used 00:15 | left 00:00 | total 05:27 | ETA 26:36
Epoch: 17 cost time: 15.711931228637695
Epoch: 17, Steps: 124 | Train Loss: 0.0106091 Vali Loss: 0.0012761 StockMixer Select Loss: 0.0012800 Test Loss: 0.0004258
Val Financial | IC: 0.014570 RIC: 0.086393 RankIC: 0.006955 Precision@10: 0.510277 SR(top5): 1.388472
Test Financial | IC: 0.005345 RIC: 0.035962 RankIC: 0.002676 Precision@10: 0.522159 SR(top5): 1.122656
Train components | MSE: 0.00039642 Rank: 0.00002091 weighted Rank: 0.00020910 MoE: 2.00072664 weighted MoE: 0.01000363
Updating learning rate to 9.30371013501972e-05
	iters: 100, epoch: 18 | loss: 0.0110506
	speed: 0.2181s/iter; left time: 2222.9574s
Epoch  18/100 [####################] 124/124 | used 00:15 | left 00:00 | total 05:48 | ETA 26:28
Epoch: 18 cost time: 15.594195365905762
Epoch: 18, Steps: 124 | Train Loss: 0.0106892 Vali Loss: 0.0013414 StockMixer Select Loss: 0.0013452 Test Loss: 0.0005238
Val Financial | IC: 0.021198 RIC: 0.122812 RankIC: 0.015437 Precision@10: 0.519368 SR(top5): 2.151694
Test Financial | IC: 0.009591 RIC: 0.060552 RankIC: 0.004511 Precision@10: 0.524716 SR(top5): 1.059158
Train components | MSE: 0.00048181 Rank: 0.00002038 weighted Rank: 0.00020379 MoE: 2.00072017 weighted MoE: 0.01000360
Updating learning rate to 9.221639627510076e-05
	iters: 100, epoch: 19 | loss: 0.0103714
	speed: 0.2202s/iter; left time: 2217.4489s
Epoch  19/100 [####################] 124/124 | used 00:15 | left 00:00 | total 06:10 | ETA 26:21
Epoch: 19 cost time: 15.96101427078247
Epoch: 19, Steps: 124 | Train Loss: 0.0105957 Vali Loss: 0.0015433 StockMixer Select Loss: 0.0015463 Test Loss: 0.0007308
Val Financial | IC: 0.010936 RIC: 0.071844 RankIC: 0.010377 Precision@10: 0.505929 SR(top5): 1.475610
Test Financial | IC: 0.000284 RIC: 0.002232 RankIC: 0.001739 Precision@10: 0.516761 SR(top5): 0.141992
Train components | MSE: 0.00040154 Rank: 0.00001906 weighted Rank: 0.00019055 MoE: 2.00072219 weighted MoE: 0.01000361
Updating learning rate to 9.135402871372808e-05
	iters: 100, epoch: 20 | loss: 0.0104646
	speed: 0.2213s/iter; left time: 2201.1721s
Epoch  20/100 [####################] 124/124 | used 00:15 | left 00:00 | total 06:32 | ETA 26:11
Epoch: 20 cost time: 15.927622079849243
Epoch: 20, Steps: 124 | Train Loss: 0.0106532 Vali Loss: 0.0015792 StockMixer Select Loss: 0.0015838 Test Loss: 0.0007765
Val Financial | IC: 0.016619 RIC: 0.088344 RankIC: 0.002697 Precision@10: 0.515020 SR(top5): 1.864658
Test Financial | IC: 0.013205 RIC: 0.108895 RankIC: 0.016069 Precision@10: 0.522727 SR(top5): 0.647928
Train components | MSE: 0.00045654 Rank: 0.00001930 weighted Rank: 0.00019304 MoE: 2.00071376 weighted MoE: 0.01000357
Updating learning rate to 9.045084971874738e-05
	iters: 100, epoch: 21 | loss: 0.0110251
	speed: 0.2100s/iter; left time: 2062.3433s
Epoch  21/100 [####################] 124/124 | used 00:15 | left 00:00 | total 06:54 | ETA 25:57
Epoch: 21 cost time: 15.3651442527771
Epoch: 21, Steps: 124 | Train Loss: 0.0106263 Vali Loss: 0.0012275 StockMixer Select Loss: 0.0012303 Test Loss: 0.0004139
Val Financial | IC: -0.013776 RIC: -0.096828 RankIC: -0.011770 Precision@10: 0.492095 SR(top5): 1.009489
Test Financial | IC: 0.011719 RIC: 0.107245 RankIC: 0.011357 Precision@10: 0.532955 SR(top5): 1.254649
Train components | MSE: 0.00043878 Rank: 0.00001839 weighted Rank: 0.00018393 MoE: 2.00071467 weighted MoE: 0.01000357
New Best | epoch 21 | validation stockmixer_val_loss=0.00123033 | saved best.pth
Updating learning rate to 8.950775061878453e-05
	iters: 100, epoch: 22 | loss: 0.0108915
	speed: 0.2086s/iter; left time: 2022.3406s
Epoch  22/100 [####################] 124/124 | used 00:14 | left 00:00 | total 07:14 | ETA 25:41
Epoch: 22 cost time: 14.925572633743286
Epoch: 22, Steps: 124 | Train Loss: 0.0105226 Vali Loss: 0.0012360 StockMixer Select Loss: 0.0012393 Test Loss: 0.0004229
Val Financial | IC: 0.006851 RIC: 0.038118 RankIC: 0.007897 Precision@10: 0.508696 SR(top5): 1.805090
Test Financial | IC: 0.002890 RIC: 0.016915 RankIC: 0.001959 Precision@10: 0.514489 SR(top5): 0.715918
Train components | MSE: 0.00035307 Rank: 0.00001659 weighted Rank: 0.00016595 MoE: 2.00071077 weighted MoE: 0.01000355
Updating learning rate to 8.852566213878947e-05
	iters: 100, epoch: 23 | loss: 0.0106403
	speed: 0.2079s/iter; left time: 1990.4585s
Epoch  23/100 [####################] 124/124 | used 00:14 | left 00:00 | total 07:35 | ETA 25:25
Epoch: 23 cost time: 14.900325059890747
Epoch: 23, Steps: 124 | Train Loss: 0.0107070 Vali Loss: 0.0014290 StockMixer Select Loss: 0.0014317 Test Loss: 0.0005842
Val Financial | IC: -0.004961 RIC: -0.031493 RankIC: -0.003356 Precision@10: 0.499209 SR(top5): 1.112824
Test Financial | IC: 0.004927 RIC: 0.035603 RankIC: 0.003596 Precision@10: 0.526705 SR(top5): 0.903064
Train components | MSE: 0.00053917 Rank: 0.00001643 weighted Rank: 0.00016430 MoE: 2.00071198 weighted MoE: 0.01000356
Updating learning rate to 8.750555348152298e-05
	iters: 100, epoch: 24 | loss: 0.0105880
	speed: 0.2064s/iter; left time: 1950.3646s
Epoch  24/100 [####################] 124/124 | used 00:14 | left 00:00 | total 07:56 | ETA 25:08
Epoch: 24 cost time: 14.732807874679565
Epoch: 24, Steps: 124 | Train Loss: 0.0105872 Vali Loss: 0.0014828 StockMixer Select Loss: 0.0014856 Test Loss: 0.0006515
Val Financial | IC: -0.008919 RIC: -0.057226 RankIC: -0.013175 Precision@10: 0.498419 SR(top5): 0.935961
Test Financial | IC: 0.000689 RIC: 0.004776 RankIC: 0.000393 Precision@10: 0.512784 SR(top5): -0.125627
Train components | MSE: 0.00042765 Rank: 0.00001560 weighted Rank: 0.00015600 MoE: 2.00070783 weighted MoE: 0.01000354
Updating learning rate to 8.644843137107059e-05
	iters: 100, epoch: 25 | loss: 0.0103865
	speed: 0.2109s/iter; left time: 1966.2247s
Epoch  25/100 [####################] 124/124 | used 00:14 | left 00:00 | total 08:17 | ETA 24:50
Epoch: 25 cost time: 14.753130197525024
Epoch: 25, Steps: 124 | Train Loss: 0.0105421 Vali Loss: 0.0012783 StockMixer Select Loss: 0.0012815 Test Loss: 0.0004423
Val Financial | IC: 0.005439 RIC: 0.034861 RankIC: 0.000503 Precision@10: 0.503953 SR(top5): 1.387577
Test Financial | IC: -0.005971 RIC: -0.044615 RankIC: -0.005031 Precision@10: 0.509375 SR(top5): -0.026911
Train components | MSE: 0.00038686 Rank: 0.00001517 weighted Rank: 0.00015175 MoE: 2.00070759 weighted MoE: 0.01000354
Updating learning rate to 8.535533905932738e-05
	iters: 100, epoch: 26 | loss: 0.0105436
	speed: 0.2100s/iter; left time: 1932.4948s
Epoch  26/100 [####################] 124/124 | used 00:15 | left 00:00 | total 08:38 | ETA 24:34
Epoch: 26 cost time: 15.269624710083008
Epoch: 26, Steps: 124 | Train Loss: 0.0104846 Vali Loss: 0.0012467 StockMixer Select Loss: 0.0012490 Test Loss: 0.0004398
Val Financial | IC: 0.012941 RIC: 0.085471 RankIC: 0.004871 Precision@10: 0.502767 SR(top5): 1.732123
Test Financial | IC: 0.004162 RIC: 0.035496 RankIC: 0.003148 Precision@10: 0.518182 SR(top5): 1.490310
Train components | MSE: 0.00033433 Rank: 0.00001467 weighted Rank: 0.00014674 MoE: 2.00070857 weighted MoE: 0.01000354
Updating learning rate to 8.422735529643444e-05
	iters: 100, epoch: 27 | loss: 0.0103745
	speed: 0.2116s/iter; left time: 1920.5788s
Epoch  27/100 [####################] 124/124 | used 00:15 | left 00:00 | total 08:59 | ETA 24:18
Epoch: 27 cost time: 15.531471252441406
Epoch: 27, Steps: 124 | Train Loss: 0.0105508 Vali Loss: 0.0012664 StockMixer Select Loss: 0.0012693 Test Loss: 0.0004247
Val Financial | IC: 0.002027 RIC: 0.011237 RankIC: -0.011132 Precision@10: 0.500791 SR(top5): 0.998704
Test Financial | IC: 0.010352 RIC: 0.074072 RankIC: 0.003289 Precision@10: 0.515341 SR(top5): 1.080540
Train components | MSE: 0.00041124 Rank: 0.00001361 weighted Rank: 0.00013606 MoE: 2.00070938 weighted MoE: 0.01000355
Updating learning rate to 8.306559326618259e-05
	iters: 100, epoch: 28 | loss: 0.0108031
	speed: 0.2068s/iter; left time: 1851.1537s
Epoch  28/100 [####################] 124/124 | used 00:15 | left 00:00 | total 09:20 | ETA 24:01
Epoch: 28 cost time: 15.495959520339966
Epoch: 28, Steps: 124 | Train Loss: 0.0105472 Vali Loss: 0.0012973 StockMixer Select Loss: 0.0012995 Test Loss: 0.0004889
Val Financial | IC: -0.002438 RIC: -0.015055 RankIC: -0.003486 Precision@10: 0.509091 SR(top5): 1.969602
Test Financial | IC: 0.002100 RIC: 0.014877 RankIC: 0.000280 Precision@10: 0.519886 SR(top5): 1.495197
Train components | MSE: 0.00041645 Rank: 0.00001272 weighted Rank: 0.00012717 MoE: 2.00070742 weighted MoE: 0.01000354
Updating learning rate to 8.18711994874345e-05
	iters: 100, epoch: 29 | loss: 0.0104383
	speed: 0.2164s/iter; left time: 1910.9368s
Epoch  29/100 [####################] 124/124 | used 00:15 | left 00:00 | total 09:41 | ETA 23:44
Epoch: 29 cost time: 15.56546664237976
Epoch: 29, Steps: 124 | Train Loss: 0.0104835 Vali Loss: 0.0012430 StockMixer Select Loss: 0.0012453 Test Loss: 0.0004158
Val Financial | IC: -0.010117 RIC: -0.061955 RankIC: -0.007247 Precision@10: 0.499605 SR(top5): 0.960933
Test Financial | IC: 0.004038 RIC: 0.029522 RankIC: 0.000798 Precision@10: 0.516761 SR(top5): 0.924922
Train components | MSE: 0.00035004 Rank: 0.00001299 weighted Rank: 0.00012991 MoE: 2.00070581 weighted MoE: 0.01000353
Updating learning rate to 8.064535268264883e-05
	iters: 100, epoch: 30 | loss: 0.0103549
	speed: 0.2138s/iter; left time: 1861.5365s
Epoch  30/100 [####################] 124/124 | used 00:15 | left 00:00 | total 10:03 | ETA 23:27
Epoch: 30 cost time: 15.33143401145935
Epoch: 30, Steps: 124 | Train Loss: 0.0104526 Vali Loss: 0.0012188 StockMixer Select Loss: 0.0012208 Test Loss: 0.0004098
Val Financial | IC: -0.000791 RIC: -0.004845 RankIC: -0.000662 Precision@10: 0.513439 SR(top5): 1.375927
Test Financial | IC: 0.011935 RIC: 0.081943 RankIC: 0.007887 Precision@10: 0.523295 SR(top5): 0.688148
Train components | MSE: 0.00033201 Rank: 0.00001171 weighted Rank: 0.00011710 MoE: 2.00070591 weighted MoE: 0.01000353
New Best | epoch 30 | validation stockmixer_val_loss=0.00122082 | saved best.pth
Updating learning rate to 7.938926261462366e-05
	iters: 100, epoch: 31 | loss: 0.0105998
	speed: 0.2071s/iter; left time: 1777.4177s
Epoch  31/100 [####################] 124/124 | used 00:14 | left 00:00 | total 10:23 | ETA 23:08
Epoch: 31 cost time: 14.848711013793945
Epoch: 31, Steps: 124 | Train Loss: 0.0104496 Vali Loss: 0.0012282 StockMixer Select Loss: 0.0012305 Test Loss: 0.0004160
Val Financial | IC: -0.009643 RIC: -0.055199 RankIC: -0.012266 Precision@10: 0.501186 SR(top5): 1.042271
Test Financial | IC: 0.006540 RIC: 0.042081 RankIC: 0.007012 Precision@10: 0.509659 SR(top5): 0.461599
Train components | MSE: 0.00033533 Rank: 0.00001108 weighted Rank: 0.00011079 MoE: 2.00070514 weighted MoE: 0.01000353
Updating learning rate to 7.810416889260653e-05
	iters: 100, epoch: 32 | loss: 0.0103577
	speed: 0.2072s/iter; left time: 1752.5397s
Epoch  32/100 [####################] 124/124 | used 00:14 | left 00:00 | total 10:44 | ETA 22:49
Epoch: 32 cost time: 14.747620344161987
Epoch: 32, Steps: 124 | Train Loss: 0.0104951 Vali Loss: 0.0012209 StockMixer Select Loss: 0.0012230 Test Loss: 0.0004114
Val Financial | IC: -0.011077 RIC: -0.068708 RankIC: -0.001149 Precision@10: 0.507115 SR(top5): 1.024168
Test Financial | IC: 0.005439 RIC: 0.037097 RankIC: 0.003065 Precision@10: 0.522159 SR(top5): 1.646906
Train components | MSE: 0.00038039 Rank: 0.00001112 weighted Rank: 0.00011122 MoE: 2.00070634 weighted MoE: 0.01000353
Updating learning rate to 7.679133974894983e-05
	iters: 100, epoch: 33 | loss: 0.0104566
	speed: 0.2074s/iter; left time: 1728.4781s
Epoch  33/100 [####################] 124/124 | used 00:14 | left 00:00 | total 11:05 | ETA 22:30
Epoch: 33 cost time: 14.836575984954834
Epoch: 33, Steps: 124 | Train Loss: 0.0104550 Vali Loss: 0.0012140 StockMixer Select Loss: 0.0012158 Test Loss: 0.0004091
Val Financial | IC: -0.004193 RIC: -0.027955 RankIC: 0.001008 Precision@10: 0.518182 SR(top5): 1.382862
Test Financial | IC: 0.019765 RIC: 0.152803 RankIC: 0.021403 Precision@10: 0.526989 SR(top5): 2.002705
Train components | MSE: 0.00034291 Rank: 0.00001085 weighted Rank: 0.00010854 MoE: 2.00070449 weighted MoE: 0.01000352
New Best | epoch 33 | validation stockmixer_val_loss=0.00121583 | saved best.pth
Updating learning rate to 7.545207078751857e-05
	iters: 100, epoch: 34 | loss: 0.0104968
	speed: 0.2119s/iter; left time: 1739.2819s
Epoch  34/100 [####################] 124/124 | used 00:14 | left 00:00 | total 11:26 | ETA 22:12
Epoch: 34 cost time: 14.665501832962036
Epoch: 34, Steps: 124 | Train Loss: 0.0104905 Vali Loss: 0.0012241 StockMixer Select Loss: 0.0012259 Test Loss: 0.0004099
Val Financial | IC: -0.006091 RIC: -0.038049 RankIC: -0.005859 Precision@10: 0.513043 SR(top5): 1.419159
Test Financial | IC: 0.003790 RIC: 0.029352 RankIC: 0.003774 Precision@10: 0.519602 SR(top5): 0.165967
Train components | MSE: 0.00037787 Rank: 0.00001091 weighted Rank: 0.00010909 MoE: 2.00070448 weighted MoE: 0.01000352
Updating learning rate to 7.408768370508576e-05
	iters: 100, epoch: 35 | loss: 0.0104486
	speed: 0.2130s/iter; left time: 1722.0863s
Epoch  35/100 [####################] 124/124 | used 00:15 | left 00:00 | total 11:47 | ETA 21:53
Epoch: 35 cost time: 15.255150079727173
Epoch: 35, Steps: 124 | Train Loss: 0.0104297 Vali Loss: 0.0012320 StockMixer Select Loss: 0.0012337 Test Loss: 0.0004087
Val Financial | IC: -0.000231 RIC: -0.001567 RankIC: -0.001038 Precision@10: 0.509486 SR(top5): 1.202461
Test Financial | IC: 0.004638 RIC: 0.038394 RankIC: 0.006416 Precision@10: 0.517330 SR(top5): 0.925183
Train components | MSE: 0.00032997 Rank: 0.00000962 weighted Rank: 0.00009624 MoE: 2.00070434 weighted MoE: 0.01000352
Updating learning rate to 7.269952498697734e-05
	iters: 100, epoch: 36 | loss: 0.0104512
	speed: 0.2094s/iter; left time: 1667.2094s
Epoch  36/100 [####################] 124/124 | used 00:15 | left 00:00 | total 12:08 | ETA 21:35
Epoch: 36 cost time: 15.478620767593384
Epoch: 36, Steps: 124 | Train Loss: 0.0104684 Vali Loss: 0.0018731 StockMixer Select Loss: 0.0018748 Test Loss: 0.0010590
Val Financial | IC: 0.002112 RIC: 0.014861 RankIC: -0.001208 Precision@10: 0.525296 SR(top5): 0.965011
Test Financial | IC: -0.000965 RIC: -0.009348 RankIC: -0.003528 Precision@10: 0.520455 SR(top5): 0.869780
Train components | MSE: 0.00035760 Rank: 0.00001073 weighted Rank: 0.00010727 MoE: 2.00070456 weighted MoE: 0.01000352
Updating learning rate to 7.128896457825364e-05
	iters: 100, epoch: 37 | loss: 0.0110818
	speed: 0.2084s/iter; left time: 1633.2225s
Epoch  37/100 [####################] 124/124 | used 00:15 | left 00:00 | total 12:29 | ETA 21:16
Epoch: 37 cost time: 15.298510074615479
Epoch: 37, Steps: 124 | Train Loss: 0.0104545 Vali Loss: 0.0015182 StockMixer Select Loss: 0.0015205 Test Loss: 0.0007165
Val Financial | IC: 0.014663 RIC: 0.079332 RankIC: 0.008984 Precision@10: 0.513043 SR(top5): 1.479816
Test Financial | IC: 0.009519 RIC: 0.055982 RankIC: 0.011052 Precision@10: 0.513636 SR(top5): 0.363612
Train components | MSE: 0.00035825 Rank: 0.00000927 weighted Rank: 0.00009274 MoE: 2.00070418 weighted MoE: 0.01000352
Updating learning rate to 6.985739453173903e-05
	iters: 100, epoch: 38 | loss: 0.0105989
	speed: 0.2070s/iter; left time: 1596.7843s
Epoch  38/100 [####################] 124/124 | used 00:15 | left 00:00 | total 12:50 | ETA 20:57
Epoch: 38 cost time: 15.03971791267395
Epoch: 38, Steps: 124 | Train Loss: 0.0104536 Vali Loss: 0.0012459 StockMixer Select Loss: 0.0012478 Test Loss: 0.0004402
Val Financial | IC: -0.010444 RIC: -0.065386 RankIC: 0.003470 Precision@10: 0.507510 SR(top5): 1.290182
Test Financial | IC: -0.002979 RIC: -0.023560 RankIC: 0.003226 Precision@10: 0.511648 SR(top5): 0.706258
Train components | MSE: 0.00035758 Rank: 0.00000925 weighted Rank: 0.00009252 MoE: 2.00070426 weighted MoE: 0.01000352
Updating learning rate to 6.840622763423391e-05
	iters: 100, epoch: 39 | loss: 0.0106009
	speed: 0.2135s/iter; left time: 1620.3466s
Epoch  39/100 [####################] 124/124 | used 00:15 | left 00:00 | total 13:11 | ETA 20:38
Epoch: 39 cost time: 15.245140075683594
Epoch: 39, Steps: 124 | Train Loss: 0.0104123 Vali Loss: 0.0016093 StockMixer Select Loss: 0.0016108 Test Loss: 0.0007733
Val Financial | IC: -0.005620 RIC: -0.039337 RankIC: 0.002126 Precision@10: 0.509091 SR(top5): 1.343272
Test Financial | IC: 0.001011 RIC: 0.008857 RankIC: 0.007846 Precision@10: 0.522727 SR(top5): -0.230821
Train components | MSE: 0.00032184 Rank: 0.00000869 weighted Rank: 0.00008694 MoE: 2.00070471 weighted MoE: 0.01000352
Updating learning rate to 6.693689601226458e-05
	iters: 100, epoch: 40 | loss: 0.0106402
	speed: 0.2086s/iter; left time: 1557.0039s
Epoch  40/100 [####################] 124/124 | used 00:14 | left 00:00 | total 13:32 | ETA 20:19
Epoch: 40 cost time: 14.960474014282227
Epoch: 40, Steps: 124 | Train Loss: 0.0105201 Vali Loss: 0.0014013 StockMixer Select Loss: 0.0014033 Test Loss: 0.0005862
Val Financial | IC: -0.002731 RIC: -0.014975 RankIC: 0.007292 Precision@10: 0.515810 SR(top5): 1.886771
Test Financial | IC: 0.001342 RIC: 0.009433 RankIC: 0.004106 Precision@10: 0.519034 SR(top5): 0.262259
Train components | MSE: 0.00043190 Rank: 0.00000847 weighted Rank: 0.00008473 MoE: 2.00070458 weighted MoE: 0.01000352
Updating learning rate to 6.545084971874738e-05
	iters: 100, epoch: 41 | loss: 0.0103085
	speed: 0.2126s/iter; left time: 1560.5423s
Epoch  41/100 [####################] 124/124 | used 00:15 | left 00:00 | total 13:53 | ETA 20:00
Epoch: 41 cost time: 15.097220659255981
Epoch: 41, Steps: 124 | Train Loss: 0.0104902 Vali Loss: 0.0014901 StockMixer Select Loss: 0.0014917 Test Loss: 0.0006388
Val Financial | IC: -0.010272 RIC: -0.067863 RankIC: -0.006044 Precision@10: 0.509486 SR(top5): 1.235030
Test Financial | IC: 0.007300 RIC: 0.062492 RankIC: 0.004834 Precision@10: 0.525000 SR(top5): 0.654390
Train components | MSE: 0.00040358 Rank: 0.00000830 weighted Rank: 0.00008305 MoE: 2.00070444 weighted MoE: 0.01000352
Updating learning rate to 6.394955530196147e-05
	iters: 100, epoch: 42 | loss: 0.0106320
	speed: 0.2079s/iter; left time: 1500.4273s
Epoch  42/100 [####################] 124/124 | used 00:15 | left 00:00 | total 14:14 | ETA 19:40
Epoch: 42 cost time: 15.001366138458252
Epoch: 42, Steps: 124 | Train Loss: 0.0104486 Vali Loss: 0.0012454 StockMixer Select Loss: 0.0012470 Test Loss: 0.0004350
Val Financial | IC: 0.010841 RIC: 0.065328 RankIC: -0.001583 Precision@10: 0.516206 SR(top5): 2.050644
Test Financial | IC: -0.000468 RIC: -0.003606 RankIC: -0.001697 Precision@10: 0.518466 SR(top5): 0.422892
Train components | MSE: 0.00036118 Rank: 0.00000838 weighted Rank: 0.00008385 MoE: 2.00070419 weighted MoE: 0.01000352
Updating learning rate to 6.243449435824276e-05
	iters: 100, epoch: 43 | loss: 0.0102769
	speed: 0.2141s/iter; left time: 1518.3270s
Epoch  43/100 [####################] 124/124 | used 00:14 | left 00:00 | total 14:35 | ETA 19:20
Epoch: 43 cost time: 14.922906637191772
Epoch: 43, Steps: 124 | Train Loss: 0.0103971 Vali Loss: 0.0012296 StockMixer Select Loss: 0.0012310 Test Loss: 0.0004080
Val Financial | IC: -0.011099 RIC: -0.068900 RankIC: -0.005064 Precision@10: 0.491700 SR(top5): 1.120707
Test Financial | IC: 0.006236 RIC: 0.040556 RankIC: 0.008185 Precision@10: 0.508523 SR(top5): 0.786766
Train components | MSE: 0.00031232 Rank: 0.00000812 weighted Rank: 0.00008122 MoE: 2.00070376 weighted MoE: 0.01000352
Updating learning rate to 6.090716206982714e-05
	iters: 100, epoch: 44 | loss: 0.0102715
	speed: 0.2121s/iter; left time: 1477.9560s
Epoch  44/100 [####################] 124/124 | used 00:15 | left 00:00 | total 14:57 | ETA 19:01
Epoch: 44 cost time: 15.448732376098633
Epoch: 44, Steps: 124 | Train Loss: 0.0104310 Vali Loss: 0.0012265 StockMixer Select Loss: 0.0012283 Test Loss: 0.0004064
Val Financial | IC: 0.006847 RIC: 0.040195 RankIC: -0.003421 Precision@10: 0.509486 SR(top5): 1.722526
Test Financial | IC: -0.001029 RIC: -0.007039 RankIC: -0.000801 Precision@10: 0.515057 SR(top5): 0.720184
Train components | MSE: 0.00035182 Rank: 0.00000757 weighted Rank: 0.00007570 MoE: 2.00070400 weighted MoE: 0.01000352
Updating learning rate to 5.9369065729286245e-05
	iters: 100, epoch: 45 | loss: 0.0103205
	speed: 0.2076s/iter; left time: 1421.1370s
Epoch  45/100 [####################] 124/124 | used 00:15 | left 00:00 | total 15:18 | ETA 18:42
Epoch: 45 cost time: 15.361594438552856
Epoch: 45, Steps: 124 | Train Loss: 0.0104092 Vali Loss: 0.0012407 StockMixer Select Loss: 0.0012422 Test Loss: 0.0004117
Val Financial | IC: -0.000238 RIC: -0.001400 RankIC: -0.002122 Precision@10: 0.500791 SR(top5): 1.331871
Test Financial | IC: -0.000920 RIC: -0.006849 RankIC: 0.000703 Precision@10: 0.506534 SR(top5): 0.171497
Train components | MSE: 0.00033031 Rank: 0.00000753 weighted Rank: 0.00007534 MoE: 2.00070381 weighted MoE: 0.01000352
Updating learning rate to 5.782172325201155e-05
	iters: 100, epoch: 46 | loss: 0.0103442
	speed: 0.2098s/iter; left time: 1410.1416s
Epoch  46/100 [####################] 124/124 | used 00:15 | left 00:00 | total 15:39 | ETA 18:22
Epoch: 46 cost time: 15.615289688110352
Epoch: 46, Steps: 124 | Train Loss: 0.0104295 Vali Loss: 0.0012324 StockMixer Select Loss: 0.0012339 Test Loss: 0.0004207
Val Financial | IC: 0.002080 RIC: 0.012994 RankIC: 0.006508 Precision@10: 0.502372 SR(top5): 0.893646
Test Financial | IC: 0.008031 RIC: 0.059341 RankIC: 0.013300 Precision@10: 0.515341 SR(top5): 0.335782
Train components | MSE: 0.00035335 Rank: 0.00000727 weighted Rank: 0.00007267 MoE: 2.00070369 weighted MoE: 0.01000352
Updating learning rate to 5.6266661678215216e-05
	iters: 100, epoch: 47 | loss: 0.0103059
	speed: 0.2167s/iter; left time: 1429.5229s
Epoch  47/100 [####################] 124/124 | used 00:15 | left 00:00 | total 16:00 | ETA 18:03
Epoch: 47 cost time: 15.61507797241211
Epoch: 47, Steps: 124 | Train Loss: 0.0103768 Vali Loss: 0.0012471 StockMixer Select Loss: 0.0012487 Test Loss: 0.0004076
Val Financial | IC: 0.000731 RIC: 0.004552 RankIC: 0.001754 Precision@10: 0.498814 SR(top5): 0.982807
Test Financial | IC: -0.003435 RIC: -0.029018 RankIC: -0.006617 Precision@10: 0.515341 SR(top5): 0.537496
Train components | MSE: 0.00029759 Rank: 0.00000757 weighted Rank: 0.00007573 MoE: 2.00070397 weighted MoE: 0.01000352
Updating learning rate to 5.470541566592573e-05
	iters: 100, epoch: 48 | loss: 0.0105433
	speed: 0.2121s/iter; left time: 1372.9887s
Epoch  48/100 [####################] 124/124 | used 00:15 | left 00:00 | total 16:21 | ETA 17:43
Epoch: 48 cost time: 15.282991647720337
Epoch: 48, Steps: 124 | Train Loss: 0.0104323 Vali Loss: 0.0013684 StockMixer Select Loss: 0.0013698 Test Loss: 0.0005511
Val Financial | IC: 0.002344 RIC: 0.013120 RankIC: 0.012752 Precision@10: 0.510672 SR(top5): 1.107003
Test Financial | IC: 0.018689 RIC: 0.130254 RankIC: 0.015047 Precision@10: 0.526989 SR(top5): 1.633629
Train components | MSE: 0.00035856 Rank: 0.00000702 weighted Rank: 0.00007020 MoE: 2.00070371 weighted MoE: 0.01000352
Updating learning rate to 5.313952597646568e-05
	iters: 100, epoch: 49 | loss: 0.0103727
	speed: 0.2103s/iter; left time: 1335.2661s
Epoch  49/100 [####################] 124/124 | used 00:14 | left 00:00 | total 16:42 | ETA 17:23
Epoch: 49 cost time: 14.866901397705078
Epoch: 49, Steps: 124 | Train Loss: 0.0103635 Vali Loss: 0.0014117 StockMixer Select Loss: 0.0014134 Test Loss: 0.0005602
Val Financial | IC: -0.006853 RIC: -0.044782 RankIC: 0.009304 Precision@10: 0.502372 SR(top5): 0.690972
Test Financial | IC: 0.008875 RIC: 0.084575 RankIC: 0.007763 Precision@10: 0.523295 SR(top5): 1.795913
Train components | MSE: 0.00029505 Rank: 0.00000650 weighted Rank: 0.00006498 MoE: 2.00070360 weighted MoE: 0.01000352
Updating learning rate to 5.157053795390642e-05
	iters: 100, epoch: 50 | loss: 0.0104343
	speed: 0.2069s/iter; left time: 1287.6895s
Epoch  50/100 [####################] 124/124 | used 00:14 | left 00:00 | total 17:03 | ETA 17:03
Epoch: 50 cost time: 14.924910545349121
Epoch: 50, Steps: 124 | Train Loss: 0.0103864 Vali Loss: 0.0012564 StockMixer Select Loss: 0.0012576 Test Loss: 0.0004319
Val Financial | IC: 0.005317 RIC: 0.031696 RankIC: 0.003499 Precision@10: 0.510277 SR(top5): 1.547022
Test Financial | IC: 0.012502 RIC: 0.084120 RankIC: 0.012405 Precision@10: 0.526136 SR(top5): 1.385853
Train components | MSE: 0.00031924 Rank: 0.00000637 weighted Rank: 0.00006365 MoE: 2.00070399 weighted MoE: 0.01000352
Updating learning rate to 5e-05
	iters: 100, epoch: 51 | loss: 0.0104341
	speed: 0.2086s/iter; left time: 1272.7966s
Epoch  51/100 [####################] 124/124 | used 00:14 | left 00:00 | total 17:24 | ETA 16:43
Epoch: 51 cost time: 14.888460636138916
Epoch: 51, Steps: 124 | Train Loss: 0.0104550 Vali Loss: 0.0014735 StockMixer Select Loss: 0.0014748 Test Loss: 0.0006363
Val Financial | IC: -0.016364 RIC: -0.095725 RankIC: -0.001607 Precision@10: 0.512253 SR(top5): 0.838150
Test Financial | IC: -0.000561 RIC: -0.003554 RankIC: -0.000012 Precision@10: 0.506250 SR(top5): 0.449925
Train components | MSE: 0.00038446 Rank: 0.00000670 weighted Rank: 0.00006703 MoE: 2.00070378 weighted MoE: 0.01000352
Updating learning rate to 4.8429462046093585e-05
	iters: 100, epoch: 52 | loss: 0.0105183
	speed: 0.2136s/iter; left time: 1276.4287s
Epoch  52/100 [####################] 124/124 | used 00:15 | left 00:00 | total 17:45 | ETA 16:23
Epoch: 52 cost time: 15.008295059204102
Epoch: 52, Steps: 124 | Train Loss: 0.0104188 Vali Loss: 0.0012823 StockMixer Select Loss: 0.0012836 Test Loss: 0.0004733
Val Financial | IC: -0.020367 RIC: -0.121631 RankIC: -0.010240 Precision@10: 0.490119 SR(top5): 1.026951
Test Financial | IC: 0.006492 RIC: 0.053098 RankIC: 0.006298 Precision@10: 0.521307 SR(top5): 1.276821
Train components | MSE: 0.00035311 Rank: 0.00000622 weighted Rank: 0.00006222 MoE: 2.00070357 weighted MoE: 0.01000352
Updating learning rate to 4.6860474023534335e-05
	iters: 100, epoch: 53 | loss: 0.0102900
	speed: 0.2095s/iter; left time: 1226.2068s
Epoch  53/100 [####################] 124/124 | used 00:15 | left 00:00 | total 18:06 | ETA 16:03
Epoch: 53 cost time: 15.140443086624146
Epoch: 53, Steps: 124 | Train Loss: 0.0103805 Vali Loss: 0.0012670 StockMixer Select Loss: 0.0012681 Test Loss: 0.0004694
Val Financial | IC: -0.016332 RIC: -0.105676 RankIC: 0.002037 Precision@10: 0.512648 SR(top5): 0.678038
Test Financial | IC: 0.002416 RIC: 0.021260 RankIC: 0.007383 Precision@10: 0.521023 SR(top5): 0.670221
Train components | MSE: 0.00032020 Rank: 0.00000568 weighted Rank: 0.00005683 MoE: 2.00070353 weighted MoE: 0.01000352
Updating learning rate to 4.529458433407429e-05
	iters: 100, epoch: 54 | loss: 0.0103779
	speed: 0.2114s/iter; left time: 1211.1631s
Epoch  54/100 [####################] 124/124 | used 00:15 | left 00:00 | total 18:27 | ETA 15:43
Epoch: 54 cost time: 15.339342832565308
Epoch: 54, Steps: 124 | Train Loss: 0.0103943 Vali Loss: 0.0012401 StockMixer Select Loss: 0.0012412 Test Loss: 0.0004319
Val Financial | IC: 0.007033 RIC: 0.046346 RankIC: 0.008777 Precision@10: 0.511067 SR(top5): 1.477150
Test Financial | IC: 0.007669 RIC: 0.063760 RankIC: 0.003619 Precision@10: 0.522727 SR(top5): 0.708481
Train components | MSE: 0.00033337 Rank: 0.00000574 weighted Rank: 0.00005736 MoE: 2.00070383 weighted MoE: 0.01000352
Updating learning rate to 4.373333832178478e-05
	iters: 100, epoch: 55 | loss: 0.0104864
	speed: 0.2084s/iter; left time: 1168.1544s
Epoch  55/100 [####################] 124/124 | used 00:15 | left 00:00 | total 18:48 | ETA 15:23
Epoch: 55 cost time: 15.415172576904297
Epoch: 55, Steps: 124 | Train Loss: 0.0104265 Vali Loss: 0.0012884 StockMixer Select Loss: 0.0012902 Test Loss: 0.0004712
Val Financial | IC: 0.006926 RIC: 0.037795 RankIC: -0.001809 Precision@10: 0.514229 SR(top5): 1.686816
Test Financial | IC: 0.000980 RIC: 0.005833 RankIC: 0.000445 Precision@10: 0.509943 SR(top5): 0.815273
Train components | MSE: 0.00036605 Rank: 0.00000570 weighted Rank: 0.00005697 MoE: 2.00070361 weighted MoE: 0.01000352
Updating learning rate to 4.2178276747988446e-05
	iters: 100, epoch: 56 | loss: 0.0103327
	speed: 0.2107s/iter; left time: 1154.6419s
Epoch  56/100 [####################] 124/124 | used 00:15 | left 00:00 | total 19:09 | ETA 15:03
Epoch: 56 cost time: 15.058475255966187
Epoch: 56, Steps: 124 | Train Loss: 0.0103550 Vali Loss: 0.0012149 StockMixer Select Loss: 0.0012162 Test Loss: 0.0004062
Val Financial | IC: 0.007285 RIC: 0.042278 RankIC: 0.001217 Precision@10: 0.507905 SR(top5): 1.388693
Test Financial | IC: 0.002494 RIC: 0.020766 RankIC: 0.006677 Precision@10: 0.522159 SR(top5): 0.823767
Train components | MSE: 0.00029948 Rank: 0.00000520 weighted Rank: 0.00005204 MoE: 2.00070376 weighted MoE: 0.01000352
Updating learning rate to 4.063093427071376e-05
	iters: 100, epoch: 57 | loss: 0.0103058
	speed: 0.2118s/iter; left time: 1134.8558s
Epoch  57/100 [####################] 124/124 | used 00:15 | left 00:00 | total 19:31 | ETA 14:43
Epoch: 57 cost time: 15.38793158531189
Epoch: 57, Steps: 124 | Train Loss: 0.0103685 Vali Loss: 0.0012850 StockMixer Select Loss: 0.0012861 Test Loss: 0.0004428
Val Financial | IC: -0.016243 RIC: -0.106655 RankIC: -0.011338 Precision@10: 0.513834 SR(top5): 0.958678
Test Financial | IC: 0.004751 RIC: 0.040171 RankIC: 0.010015 Precision@10: 0.513920 SR(top5): 0.381062
Train components | MSE: 0.00031023 Rank: 0.00000548 weighted Rank: 0.00005480 MoE: 2.00070367 weighted MoE: 0.01000352
Updating learning rate to 3.9092837930172884e-05
	iters: 100, epoch: 58 | loss: 0.0102379
	speed: 0.2081s/iter; left time: 1089.0492s
Epoch  58/100 [####################] 124/124 | used 00:14 | left 00:00 | total 19:51 | ETA 14:23
Epoch: 58 cost time: 14.765098810195923
Epoch: 58, Steps: 124 | Train Loss: 0.0103520 Vali Loss: 0.0013261 StockMixer Select Loss: 0.0013272 Test Loss: 0.0005307
Val Financial | IC: 0.014452 RIC: 0.082614 RankIC: 0.011139 Precision@10: 0.512648 SR(top5): 1.827385
Test Financial | IC: 0.009567 RIC: 0.077621 RankIC: 0.009691 Precision@10: 0.516193 SR(top5): 0.544914
Train components | MSE: 0.00029918 Rank: 0.00000493 weighted Rank: 0.00004927 MoE: 2.00070347 weighted MoE: 0.01000352
Updating learning rate to 3.756550564175727e-05
	iters: 100, epoch: 59 | loss: 0.0103226
	speed: 0.2091s/iter; left time: 1068.4277s
Epoch  59/100 [####################] 124/124 | used 00:14 | left 00:00 | total 20:12 | ETA 14:02
Epoch: 59 cost time: 14.947779417037964
Epoch: 59, Steps: 124 | Train Loss: 0.0103514 Vali Loss: 0.0012413 StockMixer Select Loss: 0.0012424 Test Loss: 0.0004287
Val Financial | IC: -0.011076 RIC: -0.067964 RankIC: 0.005249 Precision@10: 0.522925 SR(top5): 0.844713
Test Financial | IC: 0.000798 RIC: 0.006637 RankIC: 0.004163 Precision@10: 0.515909 SR(top5): 0.545341
Train components | MSE: 0.00029849 Rank: 0.00000494 weighted Rank: 0.00004937 MoE: 2.00070349 weighted MoE: 0.01000352
Updating learning rate to 3.605044469803854e-05
	iters: 100, epoch: 60 | loss: 0.0103827
	speed: 0.2077s/iter; left time: 1035.3385s
Epoch  60/100 [####################] 124/124 | used 00:14 | left 00:00 | total 20:33 | ETA 13:42
Epoch: 60 cost time: 14.696881294250488
Epoch: 60, Steps: 124 | Train Loss: 0.0103613 Vali Loss: 0.0012258 StockMixer Select Loss: 0.0012270 Test Loss: 0.0004128
Val Financial | IC: 0.024433 RIC: 0.142106 RankIC: 0.026355 Precision@10: 0.516206 SR(top5): 1.767529
Test Financial | IC: 0.005824 RIC: 0.047474 RankIC: 0.014926 Precision@10: 0.517330 SR(top5): 0.362084
Train components | MSE: 0.00030648 Rank: 0.00000513 weighted Rank: 0.00005132 MoE: 2.00070354 weighted MoE: 0.01000352
Updating learning rate to 3.4549150281252636e-05
	iters: 100, epoch: 61 | loss: 0.0103276
	speed: 0.2111s/iter; left time: 1025.9265s
Epoch  61/100 [####################] 124/124 | used 00:14 | left 00:00 | total 20:54 | ETA 13:21
Epoch: 61 cost time: 14.91488528251648
Epoch: 61, Steps: 124 | Train Loss: 0.0103420 Vali Loss: 0.0012501 StockMixer Select Loss: 0.0012512 Test Loss: 0.0004308
Val Financial | IC: 0.001574 RIC: 0.009155 RankIC: -0.013558 Precision@10: 0.513439 SR(top5): 1.215490
Test Financial | IC: -0.001174 RIC: -0.009956 RankIC: -0.004181 Precision@10: 0.505682 SR(top5): 0.519354
Train components | MSE: 0.00029356 Rank: 0.00000449 weighted Rank: 0.00004491 MoE: 2.00070348 weighted MoE: 0.01000352
Updating learning rate to 3.3063103987735433e-05
	iters: 100, epoch: 62 | loss: 0.0102613
	speed: 0.2090s/iter; left time: 989.8906s
Epoch  62/100 [####################] 124/124 | used 00:15 | left 00:00 | total 21:15 | ETA 13:01
Epoch: 62 cost time: 15.197602272033691
Epoch: 62, Steps: 124 | Train Loss: 0.0103508 Vali Loss: 0.0012855 StockMixer Select Loss: 0.0012870 Test Loss: 0.0004746
Val Financial | IC: 0.004923 RIC: 0.026359 RankIC: -0.007552 Precision@10: 0.518972 SR(top5): 1.475682
Test Financial | IC: -0.001183 RIC: -0.007065 RankIC: -0.001141 Precision@10: 0.511648 SR(top5): 0.756216
Train components | MSE: 0.00030114 Rank: 0.00000462 weighted Rank: 0.00004618 MoE: 2.00070342 weighted MoE: 0.01000352
Updating learning rate to 3.1593772365766105e-05
	iters: 100, epoch: 63 | loss: 0.0103673
	speed: 0.2162s/iter; left time: 997.2360s
Epoch  63/100 [####################] 124/124 | used 00:15 | left 00:00 | total 21:37 | ETA 12:41
Epoch: 63 cost time: 15.566966533660889
Epoch: 63, Steps: 124 | Train Loss: 0.0103554 Vali Loss: 0.0012474 StockMixer Select Loss: 0.0012489 Test Loss: 0.0004253
Val Financial | IC: 0.003557 RIC: 0.019494 RankIC: -0.022270 Precision@10: 0.510672 SR(top5): 1.867820
Test Financial | IC: 0.007106 RIC: 0.065025 RankIC: 0.013159 Precision@10: 0.510511 SR(top5): 0.557273
Train components | MSE: 0.00030499 Rank: 0.00000469 weighted Rank: 0.00004692 MoE: 2.00070341 weighted MoE: 0.01000352
Updating learning rate to 3.0142605468260978e-05
	iters: 100, epoch: 64 | loss: 0.0103505
	speed: 0.2093s/iter; left time: 939.6406s
Epoch  64/100 [####################] 124/124 | used 00:15 | left 00:00 | total 21:58 | ETA 12:21
Epoch: 64 cost time: 15.459577322006226
Epoch: 64, Steps: 124 | Train Loss: 0.0103647 Vali Loss: 0.0012296 StockMixer Select Loss: 0.0012305 Test Loss: 0.0004117
Val Financial | IC: -0.001676 RIC: -0.010210 RankIC: -0.010251 Precision@10: 0.515020 SR(top5): 1.328370
Test Financial | IC: 0.007414 RIC: 0.054507 RankIC: 0.000892 Precision@10: 0.524716 SR(top5): 1.377761
Train components | MSE: 0.00031585 Rank: 0.00000454 weighted Rank: 0.00004537 MoE: 2.00070349 weighted MoE: 0.01000352
Updating learning rate to 2.8711035421746367e-05
	iters: 100, epoch: 65 | loss: 0.0104424
	speed: 0.2065s/iter; left time: 901.5569s
Epoch  65/100 [####################] 124/124 | used 00:14 | left 00:00 | total 22:18 | ETA 12:00
Epoch: 65 cost time: 14.790097713470459
Epoch: 65, Steps: 124 | Train Loss: 0.0103501 Vali Loss: 0.0016040 StockMixer Select Loss: 0.0016054 Test Loss: 0.0007853
Val Financial | IC: -0.003512 RIC: -0.019717 RankIC: 0.024858 Precision@10: 0.518972 SR(top5): 1.250487
Test Financial | IC: -0.000061 RIC: -0.000517 RankIC: 0.005655 Precision@10: 0.523011 SR(top5): 0.517374
Train components | MSE: 0.00030431 Rank: 0.00000422 weighted Rank: 0.00004225 MoE: 2.00070343 weighted MoE: 0.01000352
Updating learning rate to 2.7300475013022663e-05
	iters: 100, epoch: 66 | loss: 0.0103276
	speed: 0.2083s/iter; left time: 883.4931s
Epoch  66/100 [####################] 124/124 | used 00:14 | left 00:00 | total 22:39 | ETA 11:40
Epoch: 66 cost time: 14.789942502975464
Epoch: 66, Steps: 124 | Train Loss: 0.0103466 Vali Loss: 0.0013839 StockMixer Select Loss: 0.0013849 Test Loss: 0.0005670
Val Financial | IC: -0.015422 RIC: -0.086483 RankIC: -0.000635 Precision@10: 0.504743 SR(top5): 0.883047
Test Financial | IC: 0.004804 RIC: 0.030221 RankIC: 0.007490 Precision@10: 0.523011 SR(top5): 1.219240
Train components | MSE: 0.00030068 Rank: 0.00000424 weighted Rank: 0.00004236 MoE: 2.00070340 weighted MoE: 0.01000352
Updating learning rate to 2.591231629491423e-05
	iters: 100, epoch: 67 | loss: 0.0104954
	speed: 0.2072s/iter; left time: 852.9639s
Epoch  67/100 [####################] 124/124 | used 00:14 | left 00:00 | total 23:00 | ETA 11:19
Epoch: 67 cost time: 14.760768413543701
Epoch: 67, Steps: 124 | Train Loss: 0.0103337 Vali Loss: 0.0012267 StockMixer Select Loss: 0.0012275 Test Loss: 0.0004131
Val Financial | IC: -0.007115 RIC: -0.041930 RankIC: -0.000145 Precision@10: 0.509486 SR(top5): 1.368150
Test Financial | IC: 0.010818 RIC: 0.074352 RankIC: 0.008831 Precision@10: 0.517045 SR(top5): 1.476264
Train components | MSE: 0.00028780 Rank: 0.00000423 weighted Rank: 0.00004235 MoE: 2.00070338 weighted MoE: 0.01000352
Updating learning rate to 2.4547929212481435e-05
	iters: 100, epoch: 68 | loss: 0.0102948
	speed: 0.2109s/iter; left time: 842.2326s
Epoch  68/100 [####################] 124/124 | used 00:15 | left 00:00 | total 23:21 | ETA 10:59
Epoch: 68 cost time: 15.0533447265625
Epoch: 68, Steps: 124 | Train Loss: 0.0103293 Vali Loss: 0.0012207 StockMixer Select Loss: 0.0012218 Test Loss: 0.0004064
Val Financial | IC: 0.015971 RIC: 0.081877 RankIC: 0.010635 Precision@10: 0.516601 SR(top5): 1.495756
Test Financial | IC: 0.001367 RIC: 0.007624 RankIC: 0.000829 Precision@10: 0.516477 SR(top5): 0.757866
Train components | MSE: 0.00028523 Rank: 0.00000406 weighted Rank: 0.00004060 MoE: 2.00070339 weighted MoE: 0.01000352
Updating learning rate to 2.3208660251050158e-05
	iters: 100, epoch: 69 | loss: 0.0102734
	speed: 0.2149s/iter; left time: 831.3998s
Epoch  69/100 [####################] 124/124 | used 00:14 | left 00:00 | total 23:42 | ETA 10:39
Epoch: 69 cost time: 14.911128282546997
Epoch: 69, Steps: 124 | Train Loss: 0.0103257 Vali Loss: 0.0012631 StockMixer Select Loss: 0.0012639 Test Loss: 0.0004374
Val Financial | IC: -0.021088 RIC: -0.128641 RankIC: -0.010148 Precision@10: 0.494862 SR(top5): 0.562740
Test Financial | IC: 0.001614 RIC: 0.010894 RankIC: -0.000650 Precision@10: 0.511932 SR(top5): 0.901972
Train components | MSE: 0.00028391 Rank: 0.00000382 weighted Rank: 0.00003823 MoE: 2.00070339 weighted MoE: 0.01000352
Updating learning rate to 2.1895831107393484e-05
	iters: 100, epoch: 70 | loss: 0.0103638
	speed: 0.2091s/iter; left time: 782.9530s
Epoch  70/100 [####################] 124/124 | used 00:15 | left 00:00 | total 24:03 | ETA 10:18
Epoch: 70 cost time: 15.05247950553894
Epoch: 70, Steps: 124 | Train Loss: 0.0103372 Vali Loss: 0.0012247 StockMixer Select Loss: 0.0012256 Test Loss: 0.0004056
Val Financial | IC: -0.023331 RIC: -0.136111 RankIC: -0.014073 Precision@10: 0.497628 SR(top5): 0.034092
Test Financial | IC: -0.002217 RIC: -0.015821 RankIC: 0.000152 Precision@10: 0.515341 SR(top5): 0.841545
Train components | MSE: 0.00029664 Rank: 0.00000370 weighted Rank: 0.00003702 MoE: 2.00070344 weighted MoE: 0.01000352
Updating learning rate to 2.061073738537635e-05
	iters: 100, epoch: 71 | loss: 0.0104071
	speed: 0.2081s/iter; left time: 753.3697s
Epoch  71/100 [####################] 124/124 | used 00:15 | left 00:00 | total 24:24 | ETA 09:58
Epoch: 71 cost time: 15.436662912368774
Epoch: 71, Steps: 124 | Train Loss: 0.0103139 Vali Loss: 0.0012632 StockMixer Select Loss: 0.0012641 Test Loss: 0.0004438
Val Financial | IC: 0.008263 RIC: 0.044163 RankIC: 0.010062 Precision@10: 0.513439 SR(top5): 1.503408
Test Financial | IC: 0.000177 RIC: 0.001220 RankIC: 0.003002 Precision@10: 0.512216 SR(top5): 0.048635
Train components | MSE: 0.00027438 Rank: 0.00000360 weighted Rank: 0.00003596 MoE: 2.00070340 weighted MoE: 0.01000352
Updating learning rate to 1.9354647317351188e-05
	iters: 100, epoch: 72 | loss: 0.0102808
	speed: 0.2079s/iter; left time: 727.0659s
Epoch  72/100 [####################] 124/124 | used 00:15 | left 00:00 | total 24:45 | ETA 09:37
Epoch: 72 cost time: 15.287048101425171
Epoch: 72, Steps: 124 | Train Loss: 0.0103357 Vali Loss: 0.0012906 StockMixer Select Loss: 0.0012914 Test Loss: 0.0004701
Val Financial | IC: -0.016878 RIC: -0.103361 RankIC: -0.008459 Precision@10: 0.507905 SR(top5): 0.444983
Test Financial | IC: 0.007158 RIC: 0.057111 RankIC: 0.009593 Precision@10: 0.509375 SR(top5): 1.068050
Train components | MSE: 0.00029525 Rank: 0.00000369 weighted Rank: 0.00003694 MoE: 2.00070336 weighted MoE: 0.01000352
Updating learning rate to 1.8128800512565513e-05
	iters: 100, epoch: 73 | loss: 0.0102867
	speed: 0.2112s/iter; left time: 712.2788s
Epoch  73/100 [####################] 124/124 | used 00:15 | left 00:00 | total 25:06 | ETA 09:17
Epoch: 73 cost time: 15.391531229019165
Epoch: 73, Steps: 124 | Train Loss: 0.0103286 Vali Loss: 0.0012193 StockMixer Select Loss: 0.0012202 Test Loss: 0.0004053
Val Financial | IC: 0.011710 RIC: 0.067071 RankIC: 0.008373 Precision@10: 0.511858 SR(top5): 1.863895
Test Financial | IC: 0.002559 RIC: 0.019462 RankIC: 0.003306 Precision@10: 0.513352 SR(top5): 0.027725
Train components | MSE: 0.00029023 Rank: 0.00000349 weighted Rank: 0.00003486 MoE: 2.00070337 weighted MoE: 0.01000352
Updating learning rate to 1.6934406733817414e-05
	iters: 100, epoch: 74 | loss: 0.0103559
	speed: 0.2152s/iter; left time: 699.2077s
Epoch  74/100 [####################] 124/124 | used 00:15 | left 00:00 | total 25:28 | ETA 08:56
Epoch: 74 cost time: 15.298022031784058
Epoch: 74, Steps: 124 | Train Loss: 0.0103288 Vali Loss: 0.0012194 StockMixer Select Loss: 0.0012203 Test Loss: 0.0004056
Val Financial | IC: -0.000619 RIC: -0.003647 RankIC: -0.013552 Precision@10: 0.518577 SR(top5): 1.306491
Test Financial | IC: 0.002152 RIC: 0.015340 RankIC: 0.003429 Precision@10: 0.510227 SR(top5): 0.527270
Train components | MSE: 0.00029010 Rank: 0.00000352 weighted Rank: 0.00003518 MoE: 2.00070339 weighted MoE: 0.01000352
Updating learning rate to 1.5772644703565565e-05
	iters: 100, epoch: 75 | loss: 0.0102973
	speed: 0.2099s/iter; left time: 655.8708s
Epoch  75/100 [####################] 124/124 | used 00:15 | left 00:00 | total 25:49 | ETA 08:36
Epoch: 75 cost time: 15.0687735080719
Epoch: 75, Steps: 124 | Train Loss: 0.0103250 Vali Loss: 0.0012451 StockMixer Select Loss: 0.0012460 Test Loss: 0.0004298
Val Financial | IC: 0.007590 RIC: 0.044814 RankIC: 0.004407 Precision@10: 0.516996 SR(top5): 1.691340
Test Financial | IC: 0.008451 RIC: 0.072452 RankIC: 0.009256 Precision@10: 0.508807 SR(top5): 0.180267
Train components | MSE: 0.00028676 Rank: 0.00000347 weighted Rank: 0.00003474 MoE: 2.00070337 weighted MoE: 0.01000352
Updating learning rate to 1.4644660940672627e-05
	iters: 100, epoch: 76 | loss: 0.0104404
	speed: 0.2090s/iter; left time: 627.0790s
Epoch  76/100 [####################] 124/124 | used 00:14 | left 00:00 | total 26:09 | ETA 08:15
Epoch: 76 cost time: 14.878724813461304
Epoch: 76, Steps: 124 | Train Loss: 0.0103273 Vali Loss: 0.0012201 StockMixer Select Loss: 0.0012210 Test Loss: 0.0004060
Val Financial | IC: -0.016673 RIC: -0.094618 RankIC: -0.003377 Precision@10: 0.508300 SR(top5): 0.934904
Test Financial | IC: -0.001767 RIC: -0.011845 RankIC: 0.000796 Precision@10: 0.513352 SR(top5): 0.306025
Train components | MSE: 0.00029038 Rank: 0.00000334 weighted Rank: 0.00003344 MoE: 2.00070341 weighted MoE: 0.01000352
Updating learning rate to 1.3551568628929434e-05
	iters: 100, epoch: 77 | loss: 0.0103646
	speed: 0.2096s/iter; left time: 602.9314s
Epoch  77/100 [####################] 124/124 | used 00:14 | left 00:00 | total 26:30 | ETA 07:55
Epoch: 77 cost time: 14.946946859359741
Epoch: 77, Steps: 124 | Train Loss: 0.0103195 Vali Loss: 0.0012173 StockMixer Select Loss: 0.0012181 Test Loss: 0.0004091
Val Financial | IC: 0.008023 RIC: 0.047389 RankIC: -0.006501 Precision@10: 0.521344 SR(top5): 1.670215
Test Financial | IC: 0.008012 RIC: 0.074134 RankIC: 0.008462 Precision@10: 0.518466 SR(top5): 0.918253
Train components | MSE: 0.00028299 Rank: 0.00000330 weighted Rank: 0.00003296 MoE: 2.00070337 weighted MoE: 0.01000352
Updating learning rate to 1.2494446518477027e-05
	iters: 100, epoch: 78 | loss: 0.0102899
	speed: 0.2141s/iter; left time: 589.5171s
Epoch  78/100 [####################] 124/124 | used 00:14 | left 00:00 | total 26:51 | ETA 07:34
Epoch: 78 cost time: 14.89896273612976
Epoch: 78, Steps: 124 | Train Loss: 0.0103068 Vali Loss: 0.0012215 StockMixer Select Loss: 0.0012222 Test Loss: 0.0004094
Val Financial | IC: -0.014207 RIC: -0.085656 RankIC: 0.002620 Precision@10: 0.508696 SR(top5): 0.382526
Test Financial | IC: 0.009845 RIC: 0.087258 RankIC: 0.017980 Precision@10: 0.526420 SR(top5): 1.285604
Train components | MSE: 0.00027184 Rank: 0.00000314 weighted Rank: 0.00003140 MoE: 2.00070338 weighted MoE: 0.01000352
Updating learning rate to 1.1474337861210543e-05
	iters: 100, epoch: 79 | loss: 0.0103459
	speed: 0.2098s/iter; left time: 551.6015s
Epoch  79/100 [####################] 124/124 | used 00:15 | left 00:00 | total 27:13 | ETA 07:14
Epoch: 79 cost time: 15.16503095626831
Epoch: 79, Steps: 124 | Train Loss: 0.0103105 Vali Loss: 0.0012417 StockMixer Select Loss: 0.0012425 Test Loss: 0.0004200
Val Financial | IC: 0.004948 RIC: 0.029383 RankIC: -0.004671 Precision@10: 0.509881 SR(top5): 1.760495
Test Financial | IC: 0.009542 RIC: 0.079580 RankIC: 0.009125 Precision@10: 0.512784 SR(top5): 1.159051
Train components | MSE: 0.00027466 Rank: 0.00000323 weighted Rank: 0.00003230 MoE: 2.00070336 weighted MoE: 0.01000352
Updating learning rate to 1.049224938121548e-05
	iters: 100, epoch: 80 | loss: 0.0102228
	speed: 0.2093s/iter; left time: 524.2647s
Epoch  80/100 [####################] 124/124 | used 00:15 | left 00:00 | total 27:34 | ETA 06:53
Epoch: 80 cost time: 15.487283945083618
Epoch: 80, Steps: 124 | Train Loss: 0.0103049 Vali Loss: 0.0012228 StockMixer Select Loss: 0.0012235 Test Loss: 0.0004060
Val Financial | IC: -0.004751 RIC: -0.029639 RankIC: -0.005163 Precision@10: 0.506324 SR(top5): 1.467920
Test Financial | IC: 0.005487 RIC: 0.046892 RankIC: 0.010511 Precision@10: 0.508807 SR(top5): 0.512201
Train components | MSE: 0.00027119 Rank: 0.00000302 weighted Rank: 0.00003019 MoE: 2.00070336 weighted MoE: 0.01000352
Updating learning rate to 9.549150281252633e-06
	iters: 100, epoch: 81 | loss: 0.0103427
	speed: 0.2130s/iter; left time: 507.1225s
Epoch  81/100 [####################] 124/124 | used 00:15 | left 00:00 | total 27:55 | ETA 06:33
Epoch: 81 cost time: 15.641353130340576
Epoch: 81, Steps: 124 | Train Loss: 0.0103110 Vali Loss: 0.0012455 StockMixer Select Loss: 0.0012463 Test Loss: 0.0004323
Val Financial | IC: -0.013732 RIC: -0.080774 RankIC: 0.001132 Precision@10: 0.506324 SR(top5): 0.406767
Test Financial | IC: 0.003069 RIC: 0.025138 RankIC: 0.010182 Precision@10: 0.517330 SR(top5): 0.637485
Train components | MSE: 0.00027787 Rank: 0.00000296 weighted Rank: 0.00002960 MoE: 2.00070337 weighted MoE: 0.01000352
Updating learning rate to 8.645971286271904e-06
	iters: 100, epoch: 82 | loss: 0.0102318
	speed: 0.2205s/iter; left time: 497.5951s
Epoch  82/100 [####################] 124/124 | used 00:15 | left 00:00 | total 28:17 | ETA 06:12
Epoch: 82 cost time: 15.574335813522339
Epoch: 82, Steps: 124 | Train Loss: 0.0103052 Vali Loss: 0.0012227 StockMixer Select Loss: 0.0012233 Test Loss: 0.0004138
Val Financial | IC: 0.000136 RIC: 0.000831 RankIC: 0.005329 Precision@10: 0.523320 SR(top5): 1.533041
Test Financial | IC: 0.001364 RIC: 0.010908 RankIC: 0.006403 Precision@10: 0.517045 SR(top5): 0.559148
Train components | MSE: 0.00027376 Rank: 0.00000279 weighted Rank: 0.00002790 MoE: 2.00070337 weighted MoE: 0.01000352
Updating learning rate to 7.783603724899257e-06
	iters: 100, epoch: 83 | loss: 0.0104530
	speed: 0.2104s/iter; left time: 448.8209s
Epoch  83/100 [####################] 124/124 | used 00:15 | left 00:00 | total 28:38 | ETA 05:51
Epoch: 83 cost time: 15.304966449737549
Epoch: 83, Steps: 124 | Train Loss: 0.0103039 Vali Loss: 0.0012146 StockMixer Select Loss: 0.0012154 Test Loss: 0.0004062
Val Financial | IC: 0.006761 RIC: 0.040821 RankIC: -0.002524 Precision@10: 0.518182 SR(top5): 1.275531
Test Financial | IC: 0.003153 RIC: 0.030265 RankIC: 0.007104 Precision@10: 0.515625 SR(top5): 0.522727
Train components | MSE: 0.00027135 Rank: 0.00000290 weighted Rank: 0.00002901 MoE: 2.00070336 weighted MoE: 0.01000352
New Best | epoch 83 | validation stockmixer_val_loss=0.00121539 | saved best.pth
Updating learning rate to 6.962898649802823e-06
	iters: 100, epoch: 84 | loss: 0.0101954
	speed: 0.2090s/iter; left time: 419.7899s
Epoch  84/100 [####################] 124/124 | used 00:14 | left 00:00 | total 28:59 | ETA 05:31
Epoch: 84 cost time: 14.885829448699951
Epoch: 84, Steps: 124 | Train Loss: 0.0103031 Vali Loss: 0.0012289 StockMixer Select Loss: 0.0012297 Test Loss: 0.0004210
Val Financial | IC: 0.004799 RIC: 0.027523 RankIC: -0.011748 Precision@10: 0.519763 SR(top5): 1.318373
Test Financial | IC: 0.006751 RIC: 0.062982 RankIC: 0.009263 Precision@10: 0.511932 SR(top5): 0.843984
Train components | MSE: 0.00027169 Rank: 0.00000279 weighted Rank: 0.00002789 MoE: 2.00070335 weighted MoE: 0.01000352
Updating learning rate to 6.1846659978068265e-06
	iters: 100, epoch: 85 | loss: 0.0102553
	speed: 0.2091s/iter; left time: 394.2184s
Epoch  85/100 [####################] 124/124 | used 00:14 | left 00:00 | total 29:20 | ETA 05:10
Epoch: 85 cost time: 14.936261177062988
Epoch: 85, Steps: 124 | Train Loss: 0.0103041 Vali Loss: 0.0012184 StockMixer Select Loss: 0.0012190 Test Loss: 0.0004058
Val Financial | IC: -0.019543 RIC: -0.119514 RankIC: -0.007022 Precision@10: 0.485375 SR(top5): 1.012567
Test Financial | IC: 0.003474 RIC: 0.028608 RankIC: 0.006559 Precision@10: 0.519034 SR(top5): 0.454054
Train components | MSE: 0.00027329 Rank: 0.00000273 weighted Rank: 0.00002726 MoE: 2.00070336 weighted MoE: 0.01000352
Updating learning rate to 5.449673790581611e-06
	iters: 100, epoch: 86 | loss: 0.0104038
	speed: 0.2103s/iter; left time: 370.2623s
Epoch  86/100 [####################] 124/124 | used 00:15 | left 00:00 | total 29:41 | ETA 04:49
Epoch: 86 cost time: 15.013951063156128
Epoch: 86, Steps: 124 | Train Loss: 0.0102985 Vali Loss: 0.0012251 StockMixer Select Loss: 0.0012257 Test Loss: 0.0004102
Val Financial | IC: -0.018504 RIC: -0.112781 RankIC: -0.013105 Precision@10: 0.503953 SR(top5): 0.629639
Test Financial | IC: 0.002375 RIC: 0.019817 RankIC: 0.007949 Precision@10: 0.516193 SR(top5): 0.213208
Train components | MSE: 0.00026807 Rank: 0.00000269 weighted Rank: 0.00002691 MoE: 2.00070335 weighted MoE: 0.01000352
Updating learning rate to 4.758647376699032e-06
	iters: 100, epoch: 87 | loss: 0.0102852
	speed: 0.2145s/iter; left time: 351.1513s
Epoch  87/100 [####################] 124/124 | used 00:14 | left 00:00 | total 30:02 | ETA 04:29
Epoch: 87 cost time: 14.97880506515503
Epoch: 87, Steps: 124 | Train Loss: 0.0102971 Vali Loss: 0.0012292 StockMixer Select Loss: 0.0012298 Test Loss: 0.0004163
Val Financial | IC: -0.009220 RIC: -0.058184 RankIC: 0.004604 Precision@10: 0.518577 SR(top5): 0.954043
Test Financial | IC: 0.010382 RIC: 0.089560 RankIC: 0.014087 Precision@10: 0.526136 SR(top5): 0.882194
Train components | MSE: 0.00026792 Rank: 0.00000256 weighted Rank: 0.00002564 MoE: 2.00070336 weighted MoE: 0.01000352
Updating learning rate to 4.112268715800943e-06
	iters: 100, epoch: 88 | loss: 0.0102732
	speed: 0.2096s/iter; left time: 317.0815s
Epoch  88/100 [####################] 124/124 | used 00:15 | left 00:00 | total 30:23 | ETA 04:08
Epoch: 88 cost time: 15.345833778381348
Epoch: 88, Steps: 124 | Train Loss: 0.0102994 Vali Loss: 0.0012228 StockMixer Select Loss: 0.0012234 Test Loss: 0.0004095
Val Financial | IC: -0.001776 RIC: -0.010594 RankIC: 0.000401 Precision@10: 0.515810 SR(top5): 1.359897
Test Financial | IC: 0.007676 RIC: 0.061940 RankIC: 0.010241 Precision@10: 0.520739 SR(top5): 0.685645
Train components | MSE: 0.00026988 Rank: 0.00000260 weighted Rank: 0.00002600 MoE: 2.00070335 weighted MoE: 0.01000352
Updating learning rate to 3.511175705587433e-06
	iters: 100, epoch: 89 | loss: 0.0102850
	speed: 0.2117s/iter; left time: 293.9859s
Epoch  89/100 [####################] 124/124 | used 00:15 | left 00:00 | total 30:44 | ETA 03:47
Epoch: 89 cost time: 15.34707522392273
Epoch: 89, Steps: 124 | Train Loss: 0.0102928 Vali Loss: 0.0012210 StockMixer Select Loss: 0.0012216 Test Loss: 0.0004073
Val Financial | IC: -0.007555 RIC: -0.048903 RankIC: -0.000266 Precision@10: 0.513834 SR(top5): 0.676944
Test Financial | IC: 0.007408 RIC: 0.064335 RankIC: 0.014295 Precision@10: 0.521591 SR(top5): 0.760201
Train components | MSE: 0.00026471 Rank: 0.00000246 weighted Rank: 0.00002460 MoE: 2.00070336 weighted MoE: 0.01000352
Updating learning rate to 2.9559615522887273e-06
	iters: 100, epoch: 90 | loss: 0.0102731
	speed: 0.2069s/iter; left time: 261.7741s
Epoch  90/100 [####################] 124/124 | used 00:15 | left 00:00 | total 31:05 | ETA 03:27
Epoch: 90 cost time: 15.490468502044678
Epoch: 90, Steps: 124 | Train Loss: 0.0102947 Vali Loss: 0.0012293 StockMixer Select Loss: 0.0012298 Test Loss: 0.0004139
Val Financial | IC: -0.000801 RIC: -0.005049 RankIC: 0.001523 Precision@10: 0.511462 SR(top5): 1.141349
Test Financial | IC: 0.010201 RIC: 0.086054 RankIC: 0.014248 Precision@10: 0.513068 SR(top5): 0.818431
Train components | MSE: 0.00026641 Rank: 0.00000247 weighted Rank: 0.00002474 MoE: 2.00070337 weighted MoE: 0.01000352
Updating learning rate to 2.4471741852423237e-06
	iters: 100, epoch: 91 | loss: 0.0103422
	speed: 0.2165s/iter; left time: 247.0705s
Epoch  91/100 [####################] 124/124 | used 00:15 | left 00:00 | total 31:27 | ETA 03:06
Epoch: 91 cost time: 15.504401206970215
Epoch: 91, Steps: 124 | Train Loss: 0.0102932 Vali Loss: 0.0012192 StockMixer Select Loss: 0.0012198 Test Loss: 0.0004060
Val Financial | IC: 0.004469 RIC: 0.026655 RankIC: 0.002012 Precision@10: 0.508696 SR(top5): 1.476158
Test Financial | IC: 0.007375 RIC: 0.063433 RankIC: 0.008181 Precision@10: 0.515625 SR(top5): 0.862385
Train components | MSE: 0.00026542 Rank: 0.00000242 weighted Rank: 0.00002423 MoE: 2.00070335 weighted MoE: 0.01000352
Updating learning rate to 1.985315716152847e-06
	iters: 100, epoch: 92 | loss: 0.0103179
	speed: 0.2129s/iter; left time: 216.4737s
Epoch  92/100 [####################] 124/124 | used 00:15 | left 00:00 | total 31:48 | ETA 02:45
Epoch: 92 cost time: 15.33013653755188
Epoch: 92, Steps: 124 | Train Loss: 0.0102906 Vali Loss: 0.0012204 StockMixer Select Loss: 0.0012210 Test Loss: 0.0004062
Val Financial | IC: -0.013850 RIC: -0.088589 RankIC: -0.005287 Precision@10: 0.502767 SR(top5): 0.918602
Test Financial | IC: 0.006516 RIC: 0.054797 RankIC: 0.009690 Precision@10: 0.523295 SR(top5): 0.764660
Train components | MSE: 0.00026267 Rank: 0.00000244 weighted Rank: 0.00002444 MoE: 2.00070335 weighted MoE: 0.01000352
Updating learning rate to 1.5708419435684462e-06
	iters: 100, epoch: 93 | loss: 0.0102638
	speed: 0.2131s/iter; left time: 190.3019s
Epoch  93/100 [####################] 124/124 | used 00:14 | left 00:00 | total 32:09 | ETA 02:25
Epoch: 93 cost time: 14.926823616027832
Epoch: 93, Steps: 124 | Train Loss: 0.0102909 Vali Loss: 0.0012196 StockMixer Select Loss: 0.0012202 Test Loss: 0.0004055
Val Financial | IC: -0.011552 RIC: -0.074289 RankIC: -0.005310 Precision@10: 0.510277 SR(top5): 0.649235
Test Financial | IC: 0.005348 RIC: 0.046242 RankIC: 0.010602 Precision@10: 0.520170 SR(top5): 0.504192
Train components | MSE: 0.00026353 Rank: 0.00000238 weighted Rank: 0.00002384 MoE: 2.00070336 weighted MoE: 0.01000352
Updating learning rate to 1.2041619030626284e-06
	iters: 100, epoch: 94 | loss: 0.0102716
	speed: 0.2074s/iter; left time: 159.5280s
Epoch  94/100 [####################] 124/124 | used 00:15 | left 00:00 | total 32:30 | ETA 02:04
Epoch: 94 cost time: 15.050402641296387
Epoch: 94, Steps: 124 | Train Loss: 0.0102920 Vali Loss: 0.0012229 StockMixer Select Loss: 0.0012235 Test Loss: 0.0004075
Val Financial | IC: -0.013181 RIC: -0.084057 RankIC: -0.007646 Precision@10: 0.511462 SR(top5): 0.774261
Test Financial | IC: 0.006739 RIC: 0.058078 RankIC: 0.009532 Precision@10: 0.513920 SR(top5): 0.174106
Train components | MSE: 0.00026444 Rank: 0.00000240 weighted Rank: 0.00002400 MoE: 2.00070335 weighted MoE: 0.01000352
Updating learning rate to 8.856374635655695e-07
	iters: 100, epoch: 95 | loss: 0.0102339
	speed: 0.2102s/iter; left time: 135.5642s
Epoch  95/100 [####################] 124/124 | used 00:15 | left 00:00 | total 32:51 | ETA 01:43
Epoch: 95 cost time: 15.063033819198608
Epoch: 95, Steps: 124 | Train Loss: 0.0102904 Vali Loss: 0.0012205 StockMixer Select Loss: 0.0012211 Test Loss: 0.0004072
Val Financial | IC: -0.009607 RIC: -0.061083 RankIC: -0.003663 Precision@10: 0.515810 SR(top5): 0.869295
Test Financial | IC: 0.008860 RIC: 0.074695 RankIC: 0.013236 Precision@10: 0.514205 SR(top5): 0.650015
Train components | MSE: 0.00026332 Rank: 0.00000235 weighted Rank: 0.00002352 MoE: 2.00070335 weighted MoE: 0.01000352
Updating learning rate to 6.15582970243117e-07
	iters: 100, epoch: 96 | loss: 0.0102986
	speed: 0.2131s/iter; left time: 111.0242s
Epoch  96/100 [####################] 124/124 | used 00:14 | left 00:00 | total 33:12 | ETA 01:23
Epoch: 96 cost time: 14.888124227523804
Epoch: 96, Steps: 124 | Train Loss: 0.0102887 Vali Loss: 0.0012193 StockMixer Select Loss: 0.0012199 Test Loss: 0.0004055
Val Financial | IC: -0.008879 RIC: -0.056772 RankIC: -0.003097 Precision@10: 0.515810 SR(top5): 0.997996
Test Financial | IC: 0.007517 RIC: 0.065217 RankIC: 0.011086 Precision@10: 0.520455 SR(top5): 0.611295
Train components | MSE: 0.00026178 Rank: 0.00000234 weighted Rank: 0.00002337 MoE: 2.00070335 weighted MoE: 0.01000352
Updating learning rate to 3.9426493427611177e-07
	iters: 100, epoch: 97 | loss: 0.0102358
	speed: 0.2091s/iter; left time: 82.9965s
Epoch  97/100 [####################] 124/124 | used 00:15 | left 00:00 | total 33:33 | ETA 01:02
Epoch: 97 cost time: 15.229179620742798
Epoch: 97, Steps: 124 | Train Loss: 0.0102883 Vali Loss: 0.0012205 StockMixer Select Loss: 0.0012211 Test Loss: 0.0004075
Val Financial | IC: -0.008366 RIC: -0.052499 RankIC: -0.004825 Precision@10: 0.511462 SR(top5): 1.025784
Test Financial | IC: 0.008491 RIC: 0.072907 RankIC: 0.012290 Precision@10: 0.519318 SR(top5): 0.624794
Train components | MSE: 0.00026176 Rank: 0.00000231 weighted Rank: 0.00002305 MoE: 2.00070336 weighted MoE: 0.01000352
Updating learning rate to 2.219017698460002e-07
	iters: 100, epoch: 98 | loss: 0.0103097
	speed: 0.2100s/iter; left time: 57.3391s
Epoch  98/100 [####################] 124/124 | used 00:15 | left 00:00 | total 33:54 | ETA 00:41
Epoch: 98 cost time: 15.326246976852417
Epoch: 98, Steps: 124 | Train Loss: 0.0102884 Vali Loss: 0.0012200 StockMixer Select Loss: 0.0012206 Test Loss: 0.0004057
Val Financial | IC: -0.007889 RIC: -0.049611 RankIC: -0.004025 Precision@10: 0.511858 SR(top5): 1.026920
Test Financial | IC: 0.007872 RIC: 0.066544 RankIC: 0.011598 Precision@10: 0.520170 SR(top5): 0.783802
Train components | MSE: 0.00026164 Rank: 0.00000233 weighted Rank: 0.00002326 MoE: 2.00070335 weighted MoE: 0.01000352
Updating learning rate to 9.866357858642205e-08
	iters: 100, epoch: 99 | loss: 0.0102407
	speed: 0.2094s/iter; left time: 31.1980s
Epoch  99/100 [####################] 124/124 | used 00:15 | left 00:00 | total 34:15 | ETA 00:20
Epoch: 99 cost time: 15.666500568389893
Epoch: 99, Steps: 124 | Train Loss: 0.0102880 Vali Loss: 0.0012196 StockMixer Select Loss: 0.0012202 Test Loss: 0.0004054
Val Financial | IC: -0.008813 RIC: -0.056005 RankIC: -0.003516 Precision@10: 0.512253 SR(top5): 1.078557
Test Financial | IC: 0.007250 RIC: 0.062570 RankIC: 0.010725 Precision@10: 0.516761 SR(top5): 0.633700
Train components | MSE: 0.00026139 Rank: 0.00000231 weighted Rank: 0.00002313 MoE: 2.00070335 weighted MoE: 0.01000352
Updating learning rate to 2.467198171342e-08
	iters: 100, epoch: 100 | loss: 0.0102065
	speed: 0.2203s/iter; left time: 5.5083s
Epoch 100/100 [####################] 124/124 | used 00:15 | left 00:00 | total 34:37 | ETA 00:00
Epoch: 100 cost time: 15.576162815093994
Epoch: 100, Steps: 124 | Train Loss: 0.0102879 Vali Loss: 0.0012200 StockMixer Select Loss: 0.0012205 Test Loss: 0.0004057
Val Financial | IC: -0.009319 RIC: -0.059273 RankIC: -0.003648 Precision@10: 0.511067 SR(top5): 1.013654
Test Financial | IC: 0.007226 RIC: 0.062316 RankIC: 0.010734 Precision@10: 0.518750 SR(top5): 0.724066
Train components | MSE: 0.00026136 Rank: 0.00000230 weighted Rank: 0.00002297 MoE: 2.00070335 weighted MoE: 0.01000352
Updating learning rate to 0.0
>>>>>>>testing : long_term_forecast_SP500_eod5_16_1_TimeFilter_SP500_ftM_sl16_ll0_pl1_dm256_nh4_el1_dl1_df1024_fc1_ebtimeF_dtTrue_test_0<<<<<<<<<<<<<<<<<<<<<<<<<<<<<<<<<
test 352
mse:0.00040619546780362725, mae:0.014310725033283234
Final Test | best.pth from epoch 83
Final Test Financial | IC: 0.003153 RIC: 0.030265 RankIC: 0.007104 Precision@10: 0.515625 SR(top5): 0.522727
Financial results saved: D:\finance\model\Timefilter\TimeFilter\outputs\SP500_2026_10_08_02_10\results\long_term_forecast_SP500_eod5_16_1_TimeFilter_SP500_ftM_sl16_ll0_pl1_dm256_nh4_el1_dl1_df1024_fc1_ebtimeF_dtTrue_test_0\financial
