Run directory: D:\finance\model\Timefilter\TimeFilter\outputs\SP500_2026_10_05_15_49
Args in experiment:
Basic Config
  Task Name:          long_term_forecast  Is Training:        1                   
  Model ID:           SP500_eod5_16_1     Model:              TimeFilter          

Data Loader
  Data:               SP500               Root Path:          D:\finance\model\Timefilter\TimeFilter\stockmixer_dataset\SP500
  Data Path:          SP500.npy           Features:           M                   
  Target:             OT                  Freq:               d                   
  Checkpoints:        ./checkpoints/      

Forecasting Task
  Seq Len:            16                  Label Len:          0                   
  Pred Len:           1                   Seasonal Patterns:  Monthly             
  Inverse:            0                   

Model Parameters
  Top k:              5                   Num Kernels:        6                   
  Enc In:             474                 Dec In:             474                 
  C Out:              474                 d model:            512                 
  n heads:            4                   e layers:           2                   
  d layers:           1                   d FF:               2048                
  Moving Avg:         25                  Factor:             1                   
  Distil:             1                   Dropout:            0.1                 
  Embed:              timeF               Activation:         gelu                
  Output Attention:   0                   

Run Parameters
  Num Workers:        0                   Itr:                1                   
  Train Epochs:       100                 Batch Size:         32                  
  Patience:           3                   Learning Rate:      0.0001              
  Des:                test                Loss:               MSE                 
  Lradj:              cosine              Use Amp:            0                   

GPU
  Use GPU:            1                   GPU:                0                   
  Use Multi GPU:      0                   Devices:            0,1,2,3             

De-stationary Projector Params
  P Hidden Dims:      128, 128            P Hidden Layers:    2                   

Financial protocol | seed=2021 patch_len=8 input=eod5 norm=False rank_weight=5.0 alpha=0.2 moe_aux_weight=0.005 selection=validation:stockmixer_val_loss selection_rank_weight=0.1 optimizer=adamw weight_decay=0.0001 grad_clip_norm=1.0 test_each_epoch=True validation_only=False
Finance adaptation | {"enabled": true, "graph": {"strict_masked_softmax": true}, "input_adapter": {"enabled": true, "indicator_mixer": {"enabled": true, "hidden_dim": 16}, "input_layernorm": true, "temporal_mixer": {"enabled": true, "hidden_dim": 16}}, "loss": {"ic_weight": 0.0}, "positional_encoding": {"mode": "patch_only"}}
Use GPU: cuda:0
>>>>>>>start training : long_term_forecast_SP500_eod5_16_1_TimeFilter_SP500_ftM_sl16_ll0_pl1_dm512_nh4_el2_dl1_df2048_fc1_ebtimeF_dtTrue_test_0>>>>>>>>>>>>>>>>>>>>>>>>>>
train 990
val 253
test 352
Financial reports: D:\finance\model\Timefilter\TimeFilter\outputs\SP500_2026_10_05_15_49\results\long_term_forecast_SP500_eod5_16_1_TimeFilter_SP500_ftM_sl16_ll0_pl1_dm512_nh4_el2_dl1_df2048_fc1_ebtimeF_dtTrue_test_0\financial
[Gradient Diagnostic] stage=pretrain epoch=0 batch_size=8 train_indices=0|141|282|423|565|706|847|989
  MSE: raw=0.045934748 weight=1 weighted=0.045934748
    all: grad_norm=13.2173 ratio_to_mse=1 active_tensors=46/50
    patch_embed: grad_norm=1.54902 ratio_to_mse=1 active_tensors=2/2
    backbone: grad_norm=6.65062 ratio_to_mse=1 active_tensors=28/28
    moe_gate: grad_norm=0 ratio_to_mse=n/a active_tensors=0/4
    head: grad_norm=11.2952 ratio_to_mse=1 active_tensors=2/2
    finance_adapter: grad_norm=0.696177 ratio_to_mse=1 active_tensors=14/14
  Rank: raw=0.00092878751 weight=5 weighted=0.0046439376
    all: grad_norm=0.0516618 ratio_to_mse=0.003909 active_tensors=46/50
    patch_embed: grad_norm=0.0094878 ratio_to_mse=0.006125 active_tensors=2/2
    backbone: grad_norm=0.0346837 ratio_to_mse=0.005215 active_tensors=28/28
    moe_gate: grad_norm=0 ratio_to_mse=n/a active_tensors=0/4
    head: grad_norm=0.0365027 ratio_to_mse=0.003232 active_tensors=2/2
    finance_adapter: grad_norm=0.00659704 ratio_to_mse=0.009476 active_tensors=14/14
  MoE: raw=30.374012 weight=0.005 weighted=0.15187006
    all: grad_norm=0.246851 ratio_to_mse=0.01868 active_tensors=40/50
    patch_embed: grad_norm=0.0790816 ratio_to_mse=0.05105 active_tensors=2/2
    backbone: grad_norm=0.200329 ratio_to_mse=0.03012 active_tensors=20/28
    moe_gate: grad_norm=0.113387 ratio_to_mse=n/a active_tensors=4/4
    head: grad_norm=0 ratio_to_mse=0 active_tensors=0/2
    finance_adapter: grad_norm=0.0411515 ratio_to_mse=0.05911 active_tensors=14/14
  Saved: D:\finance\model\Timefilter\TimeFilter\outputs\SP500_2026_10_05_15_49\results\long_term_forecast_SP500_eod5_16_1_TimeFilter_SP500_ftM_sl16_ll0_pl1_dm512_nh4_el2_dl1_df2048_fc1_ebtimeF_dtTrue_test_0\financial\gradient_diagnostics.csv
Epoch   1/100 [####################]  31/31  | used 03:31 | left 00:00 | total 03:31 | ETA 5:49:17
Epoch: 1 cost time: 211.69064140319824
Epoch: 1, Steps: 31 | Train Loss: 0.6787222 Vali Loss: 0.0153757 StockMixer Select Loss: 0.0154563 Test Loss: 0.0086350
Val Financial | IC: 0.003815 RIC: 0.025191 RankIC: 0.003334 Precision@10: 0.511462 SR(top5): 1.226710
Test Financial | IC: 0.006942 RIC: 0.049730 RankIC: 0.004773 Precision@10: 0.522159 SR(top5): 1.264239
Train components | MSE: 0.59743504 Rank: 0.00087867 weighted Rank: 0.00439336 MoE: 15.37875949 weighted MoE: 0.07689380
New Best | epoch 1 | validation stockmixer_val_loss=0.01545628 | saved best.pth
Updating learning rate to 9.997532801828658e-05
[Gradient Diagnostic] stage=post_epoch epoch=1 batch_size=8 train_indices=0|141|282|423|565|706|847|989
  MSE: raw=0.013274246 weight=1 weighted=0.013274246
    all: grad_norm=6.65265 ratio_to_mse=1 active_tensors=46/50
    patch_embed: grad_norm=0.613651 ratio_to_mse=1 active_tensors=2/2
    backbone: grad_norm=2.6761 ratio_to_mse=1 active_tensors=28/28
    moe_gate: grad_norm=0 ratio_to_mse=n/a active_tensors=0/4
    head: grad_norm=6.05301 ratio_to_mse=1 active_tensors=2/2
    finance_adapter: grad_norm=0.284095 ratio_to_mse=1 active_tensors=14/14
  Rank: raw=0.0005623239 weight=5 weighted=0.0028116195
    all: grad_norm=0.0895559 ratio_to_mse=0.01346 active_tensors=46/50
    patch_embed: grad_norm=0.0114332 ratio_to_mse=0.01863 active_tensors=2/2
    backbone: grad_norm=0.0499544 ratio_to_mse=0.01867 active_tensors=28/28
    moe_gate: grad_norm=0 ratio_to_mse=n/a active_tensors=0/4
    head: grad_norm=0.0733119 ratio_to_mse=0.01211 active_tensors=2/2
    finance_adapter: grad_norm=0.00441216 ratio_to_mse=0.01553 active_tensors=14/14
  MoE: raw=7.7267575 weight=0.005 weighted=0.038633788
    all: grad_norm=0.148488 ratio_to_mse=0.02232 active_tensors=40/50
    patch_embed: grad_norm=0.0176447 ratio_to_mse=0.02875 active_tensors=2/2
    backbone: grad_norm=0.0813252 ratio_to_mse=0.03039 active_tensors=20/28
    moe_gate: grad_norm=0.122633 ratio_to_mse=n/a active_tensors=4/4
    head: grad_norm=0 ratio_to_mse=0 active_tensors=0/2
    finance_adapter: grad_norm=0.00920449 ratio_to_mse=0.0324 active_tensors=14/14
  Saved: D:\finance\model\Timefilter\TimeFilter\outputs\SP500_2026_10_05_15_49\results\long_term_forecast_SP500_eod5_16_1_TimeFilter_SP500_ftM_sl16_ll0_pl1_dm512_nh4_el2_dl1_df2048_fc1_ebtimeF_dtTrue_test_0\financial\gradient_diagnostics.csv
Epoch   2/100 [####################]  31/31  | used 03:33 | left 00:00 | total 07:13 | ETA 5:54:08
Epoch: 2 cost time: 215.64358472824097
Epoch: 2, Steps: 31 | Train Loss: 0.0667926 Vali Loss: 0.0705124 StockMixer Select Loss: 0.0705956 Test Loss: 0.0752153
Val Financial | IC: 0.016703 RIC: 0.100250 RankIC: 0.007517 Precision@10: 0.514229 SR(top5): 1.300975
Test Financial | IC: 0.006056 RIC: 0.051841 RankIC: 0.001227 Precision@10: 0.528977 SR(top5): 1.632170
Train components | MSE: 0.03641010 Rank: 0.00053757 weighted Rank: 0.00268784 MoE: 5.53894149 weighted MoE: 0.02769471
Updating learning rate to 9.990133642141359e-05
Epoch   3/100 [####################]  31/31  | used 03:34 | left 00:00 | total 10:56 | ETA 5:53:41
Epoch: 3 cost time: 214.36114025115967
Epoch: 3, Steps: 31 | Train Loss: 0.0688751 Vali Loss: 0.0038576 StockMixer Select Loss: 0.0039001 Test Loss: 0.0077476
Val Financial | IC: -0.007530 RIC: -0.048673 RankIC: -0.000912 Precision@10: 0.485771 SR(top5): 0.481272
Test Financial | IC: 0.006715 RIC: 0.053916 RankIC: 0.005050 Precision@10: 0.516761 SR(top5): 1.424779
Train components | MSE: 0.05671993 Rank: 0.00040531 weighted Rank: 0.00202654 MoE: 2.02572190 weighted MoE: 0.01012861
New Best | epoch 3 | validation stockmixer_val_loss=0.00390006 | saved best.pth
Updating learning rate to 9.977809823015401e-05
Epoch   4/100 [####################]  31/31  | used 03:34 | left 00:00 | total 14:39 | ETA 5:51:39
Epoch: 4 cost time: 214.36970925331116
Epoch: 4, Steps: 31 | Train Loss: 0.0291788 Vali Loss: 0.0046920 StockMixer Select Loss: 0.0047237 Test Loss: 0.0070539
Val Financial | IC: 0.001303 RIC: 0.008734 RankIC: 0.005573 Precision@10: 0.493676 SR(top5): 0.155443
Test Financial | IC: 0.007188 RIC: 0.056004 RankIC: 0.005985 Precision@10: 0.519602 SR(top5): 1.091303
Train components | MSE: 0.01759546 Rank: 0.00030309 weighted Rank: 0.00151545 MoE: 2.01357053 weighted MoE: 0.01006785
Updating learning rate to 9.96057350657239e-05
Epoch   5/100 [####################]  31/31  | used 03:34 | left 00:00 | total 18:21 | ETA 5:48:53
Epoch: 5 cost time: 214.3419406414032
Epoch: 5, Steps: 31 | Train Loss: 0.0788609 Vali Loss: 0.0041723 StockMixer Select Loss: 0.0042015 Test Loss: 0.0019876
Val Financial | IC: -0.004177 RIC: -0.026361 RankIC: -0.003680 Precision@10: 0.496047 SR(top5): 0.336027
Test Financial | IC: 0.006710 RIC: 0.050430 RankIC: 0.004236 Precision@10: 0.525000 SR(top5): 1.206061
Train components | MSE: 0.06743654 Rank: 0.00027799 weighted Rank: 0.00138993 MoE: 2.00688898 weighted MoE: 0.01003444
Updating learning rate to 9.938441702975689e-05
[Gradient Diagnostic] stage=post_epoch epoch=5 batch_size=8 train_indices=0|141|282|423|565|706|847|989
  MSE: raw=0.0033908819 weight=1 weighted=0.0033908819
    all: grad_norm=2.88323 ratio_to_mse=1 active_tensors=46/50
    patch_embed: grad_norm=0.210789 ratio_to_mse=1 active_tensors=2/2
    backbone: grad_norm=0.963646 ratio_to_mse=1 active_tensors=28/28
    moe_gate: grad_norm=0 ratio_to_mse=n/a active_tensors=0/4
    head: grad_norm=2.70845 ratio_to_mse=1 active_tensors=2/2
    finance_adapter: grad_norm=0.0654644 ratio_to_mse=1 active_tensors=14/14
  Rank: raw=0.00021532696 weight=5 weighted=0.0010766348
    all: grad_norm=0.0630771 ratio_to_mse=0.02188 active_tensors=46/50
    patch_embed: grad_norm=0.00715795 ratio_to_mse=0.03396 active_tensors=2/2
    backbone: grad_norm=0.0236076 ratio_to_mse=0.0245 active_tensors=28/28
    moe_gate: grad_norm=0 ratio_to_mse=n/a active_tensors=0/4
    head: grad_norm=0.0580215 ratio_to_mse=0.02142 active_tensors=2/2
    finance_adapter: grad_norm=0.00191686 ratio_to_mse=0.02928 active_tensors=14/14
  MoE: raw=2.0045571 weight=0.005 weighted=0.010022786
    all: grad_norm=0.000368538 ratio_to_mse=0.0001278 active_tensors=40/50
    patch_embed: grad_norm=0.000140764 ratio_to_mse=0.0006678 active_tensors=2/2
    backbone: grad_norm=0.000322099 ratio_to_mse=0.0003343 active_tensors=20/28
    moe_gate: grad_norm=7.3349e-05 ratio_to_mse=n/a active_tensors=4/4
    head: grad_norm=0 ratio_to_mse=0 active_tensors=0/2
    finance_adapter: grad_norm=8.29361e-05 ratio_to_mse=0.001267 active_tensors=14/14
  Saved: D:\finance\model\Timefilter\TimeFilter\outputs\SP500_2026_10_05_15_49\results\long_term_forecast_SP500_eod5_16_1_TimeFilter_SP500_ftM_sl16_ll0_pl1_dm512_nh4_el2_dl1_df2048_fc1_ebtimeF_dtTrue_test_0\financial\gradient_diagnostics.csv
Epoch   6/100 [####################]  31/31  | used 03:34 | left 00:00 | total 22:04 | ETA 5:45:53
Epoch: 6 cost time: 214.30732417106628
Epoch: 6, Steps: 31 | Train Loss: 0.0195685 Vali Loss: 0.0020646 StockMixer Select Loss: 0.0020875 Test Loss: 0.0020647
Val Financial | IC: 0.000343 RIC: 0.002325 RankIC: -0.002489 Precision@10: 0.505534 SR(top5): 0.653846
Test Financial | IC: 0.005973 RIC: 0.045715 RankIC: 0.004074 Precision@10: 0.528693 SR(top5): 1.582506
Train components | MSE: 0.00844491 Rank: 0.00022044 weighted Rank: 0.00110222 MoE: 2.00427644 weighted MoE: 0.01002138
New Best | epoch 6 | validation stockmixer_val_loss=0.00208747 | saved best.pth
Updating learning rate to 9.911436253643445e-05
Epoch   7/100 [####################]  31/31  | used 03:34 | left 00:00 | total 25:47 | ETA 5:42:40
Epoch: 7 cost time: 214.34912657737732
Epoch: 7, Steps: 31 | Train Loss: 0.0289543 Vali Loss: 0.0017829 StockMixer Select Loss: 0.0018042 Test Loss: 0.0011239
Val Financial | IC: 0.013120 RIC: 0.087754 RankIC: 0.005242 Precision@10: 0.514229 SR(top5): 1.587453
Test Financial | IC: 0.000801 RIC: 0.006782 RankIC: 0.000435 Precision@10: 0.511080 SR(top5): 0.934676
Train components | MSE: 0.01794033 Rank: 0.00020024 weighted Rank: 0.00100119 MoE: 2.00256411 weighted MoE: 0.01001282
New Best | epoch 7 | validation stockmixer_val_loss=0.00180423 | saved best.pth
Updating learning rate to 9.879583809693738e-05
Epoch   8/100 [####################]  31/31  | used 03:34 | left 00:00 | total 29:30 | ETA 5:39:20
Epoch: 8 cost time: 214.43838763237
Epoch: 8, Steps: 31 | Train Loss: 0.0575245 Vali Loss: 0.0405449 StockMixer Select Loss: 0.0405727 Test Loss: 0.0416738
Val Financial | IC: 0.008730 RIC: 0.052382 RankIC: -0.004777 Precision@10: 0.512648 SR(top5): 1.221538
Test Financial | IC: 0.006456 RIC: 0.060856 RankIC: 0.007145 Precision@10: 0.517045 SR(top5): 0.858616
Train components | MSE: 0.04648583 Rank: 0.00020608 weighted Rank: 0.00103039 MoE: 2.00165819 weighted MoE: 0.01000829
Updating learning rate to 9.842915805643155e-05
Epoch   9/100 [####################]  31/31  | used 03:34 | left 00:00 | total 33:13 | ETA 5:35:53
Epoch: 9 cost time: 214.3602306842804
Epoch: 9, Steps: 31 | Train Loss: 0.0244708 Vali Loss: 0.0050546 StockMixer Select Loss: 0.0050766 Test Loss: 0.0060772
Val Financial | IC: 0.010227 RIC: 0.061287 RankIC: -0.001136 Precision@10: 0.508696 SR(top5): 1.610388
Test Financial | IC: 0.005098 RIC: 0.041002 RankIC: 0.003545 Precision@10: 0.511364 SR(top5): 1.199827
Train components | MSE: 0.01352858 Rank: 0.00018708 weighted Rank: 0.00093540 MoE: 2.00135519 weighted MoE: 0.01000678
Updating learning rate to 9.801468428384716e-05
Epoch  10/100 [####################]  31/31  | used 03:34 | left 00:00 | total 36:55 | ETA 5:32:22
Epoch: 10 cost time: 214.44112634658813
Epoch: 10, Steps: 31 | Train Loss: 0.0199326 Vali Loss: 0.0090065 StockMixer Select Loss: 0.0090231 Test Loss: 0.0062745
Val Financial | IC: 0.001831 RIC: 0.013848 RankIC: -0.007256 Precision@10: 0.500395 SR(top5): 1.261116
Test Financial | IC: 0.003586 RIC: 0.027553 RankIC: 0.003912 Precision@10: 0.518466 SR(top5): 0.889283
Train components | MSE: 0.00906708 Rank: 0.00017188 weighted Rank: 0.00085940 MoE: 2.00121503 weighted MoE: 0.01000608
Updating learning rate to 9.755282581475769e-05
Epoch  11/100 [####################]  31/31  | used 03:34 | left 00:00 | total 40:38 | ETA 5:28:48
Epoch: 11 cost time: 214.43565130233765
Epoch: 11, Steps: 31 | Train Loss: 0.0187187 Vali Loss: 0.0028559 StockMixer Select Loss: 0.0028758 Test Loss: 0.0018035
Val Financial | IC: 0.017398 RIC: 0.100264 RankIC: 0.006650 Precision@10: 0.524901 SR(top5): 1.929882
Test Financial | IC: 0.006636 RIC: 0.046666 RankIC: 0.004063 Precision@10: 0.533239 SR(top5): 1.565825
Train components | MSE: 0.00789220 Rank: 0.00016412 weighted Rank: 0.00082062 MoE: 2.00117736 weighted MoE: 0.01000589
Updating learning rate to 9.704403844771128e-05
Epoch  12/100 [####################]  31/31  | used 03:34 | left 00:00 | total 44:20 | ETA 5:25:13
Epoch: 12 cost time: 214.31017231941223
Epoch: 12, Steps: 31 | Train Loss: 0.0173030 Vali Loss: 0.0060567 StockMixer Select Loss: 0.0060749 Test Loss: 0.0059081
Val Financial | IC: 0.000874 RIC: 0.005738 RankIC: 0.004512 Precision@10: 0.496047 SR(top5): 0.974542
Test Financial | IC: -0.000912 RIC: -0.006693 RankIC: -0.001480 Precision@10: 0.509943 SR(top5): 1.246192
Train components | MSE: 0.00650603 Rank: 0.00015831 weighted Rank: 0.00079155 MoE: 2.00108538 weighted MoE: 0.01000543
Updating learning rate to 9.648882429441257e-05
Epoch  13/100 [####################]  31/31  | used 03:34 | left 00:00 | total 48:03 | ETA 5:21:36
Epoch: 13 cost time: 214.25683665275574
Epoch: 13, Steps: 31 | Train Loss: 0.0164587 Vali Loss: 0.0091459 StockMixer Select Loss: 0.0091642 Test Loss: 0.0067226
Val Financial | IC: -0.007901 RIC: -0.049142 RankIC: -0.001621 Precision@10: 0.501976 SR(top5): 0.906034
Test Financial | IC: 0.003143 RIC: 0.026448 RankIC: 0.003019 Precision@10: 0.525852 SR(top5): 1.187890
Train components | MSE: 0.00569474 Rank: 0.00015176 weighted Rank: 0.00075879 MoE: 2.00102770 weighted MoE: 0.01000514
Updating learning rate to 9.588773128419906e-05
Epoch  14/100 [####################]  31/31  | used 03:34 | left 00:00 | total 51:45 | ETA 5:17:59
Epoch: 14 cost time: 214.27570605278015
Epoch: 14, Steps: 31 | Train Loss: 0.0158825 Vali Loss: 0.0033015 StockMixer Select Loss: 0.0033194 Test Loss: 0.0035084
Val Financial | IC: -0.004702 RIC: -0.029965 RankIC: -0.005230 Precision@10: 0.511067 SR(top5): 1.397079
Test Financial | IC: 0.003425 RIC: 0.023967 RankIC: 0.003574 Precision@10: 0.530398 SR(top5): 1.238656
Train components | MSE: 0.00514353 Rank: 0.00014684 weighted Rank: 0.00073419 MoE: 2.00095341 weighted MoE: 0.01000477
Updating learning rate to 9.524135262330098e-05
Epoch  15/100 [####################]  31/31  | used 03:34 | left 00:00 | total 55:28 | ETA 5:14:21
Epoch: 15 cost time: 214.34401988983154
Epoch: 15, Steps: 31 | Train Loss: 0.0153506 Vali Loss: 0.0046839 StockMixer Select Loss: 0.0047030 Test Loss: 0.0032250
Val Financial | IC: 0.011537 RIC: 0.070109 RankIC: 0.003425 Precision@10: 0.503557 SR(top5): 1.657465
Test Financial | IC: 0.010116 RIC: 0.075533 RankIC: 0.006391 Precision@10: 0.517330 SR(top5): 1.748998
Train components | MSE: 0.00459971 Rank: 0.00014927 weighted Rank: 0.00074637 MoE: 2.00091210 weighted MoE: 0.01000456
Updating learning rate to 9.45503262094184e-05
Epoch  16/100 [####################]  31/31  | used 03:34 | left 00:00 | total 59:11 | ETA 5:10:42
Epoch: 16 cost time: 214.21868538856506
Epoch: 16, Steps: 31 | Train Loss: 0.0149421 Vali Loss: 0.0082404 StockMixer Select Loss: 0.0082555 Test Loss: 0.0061381
Val Financial | IC: 0.008794 RIC: 0.061508 RankIC: -0.000338 Precision@10: 0.521344 SR(top5): 1.747621
Test Financial | IC: 0.008303 RIC: 0.063082 RankIC: 0.008515 Precision@10: 0.523295 SR(top5): 0.614248
Train components | MSE: 0.00420843 Rank: 0.00014576 weighted Rank: 0.00072879 MoE: 2.00097465 weighted MoE: 0.01000487
Updating learning rate to 9.381533400219318e-05
Epoch  17/100 [####################]  31/31  | used 03:34 | left 00:00 | total 1:02:53 | ETA 5:07:03
Epoch: 17 cost time: 214.32148671150208
Epoch: 17, Steps: 31 | Train Loss: 0.0144099 Vali Loss: 0.0033026 StockMixer Select Loss: 0.0033177 Test Loss: 0.0018193
Val Financial | IC: -0.008156 RIC: -0.058015 RankIC: -0.017808 Precision@10: 0.510672 SR(top5): 1.397613
Test Financial | IC: 0.003714 RIC: 0.031931 RankIC: 0.003078 Precision@10: 0.522727 SR(top5): 1.314021
Train components | MSE: 0.00372613 Rank: 0.00013580 weighted Rank: 0.00067902 MoE: 2.00094345 weighted MoE: 0.01000472
Updating learning rate to 9.30371013501972e-05
Epoch  18/100 [####################]  31/31  | used 03:34 | left 00:00 | total 1:06:36 | ETA 5:03:24
Epoch: 18 cost time: 214.20255947113037
Epoch: 18, Steps: 31 | Train Loss: 0.0141373 Vali Loss: 0.0032591 StockMixer Select Loss: 0.0032758 Test Loss: 0.0032994
Val Financial | IC: 0.009307 RIC: 0.061920 RankIC: 0.000842 Precision@10: 0.511858 SR(top5): 0.983211
Test Financial | IC: 0.001555 RIC: 0.013264 RankIC: -0.003079 Precision@10: 0.522159 SR(top5): 1.129431
Train components | MSE: 0.00342122 Rank: 0.00014216 weighted Rank: 0.00071081 MoE: 2.00105031 weighted MoE: 0.01000525
Updating learning rate to 9.221639627510076e-05
Epoch  19/100 [####################]  31/31  | used 03:34 | left 00:00 | total 1:10:18 | ETA 4:59:44
Epoch: 19 cost time: 214.32508516311646
Epoch: 19, Steps: 31 | Train Loss: 0.0137128 Vali Loss: 0.0049010 StockMixer Select Loss: 0.0049186 Test Loss: 0.0035014
Val Financial | IC: 0.004159 RIC: 0.024989 RankIC: 0.001028 Precision@10: 0.500395 SR(top5): 0.862098
Test Financial | IC: 0.003758 RIC: 0.022920 RankIC: 0.000129 Precision@10: 0.525568 SR(top5): 1.904993
Train components | MSE: 0.00301076 Rank: 0.00013949 weighted Rank: 0.00069744 MoE: 2.00091898 weighted MoE: 0.01000459
Updating learning rate to 9.135402871372808e-05
Epoch  20/100 [####################]  31/31  | used 03:34 | left 00:00 | total 1:14:01 | ETA 4:56:04
Epoch: 20 cost time: 214.28678846359253
Epoch: 20, Steps: 31 | Train Loss: 0.0132561 Vali Loss: 0.0021962 StockMixer Select Loss: 0.0022134 Test Loss: 0.0012614
Val Financial | IC: -0.010051 RIC: -0.063005 RankIC: -0.008129 Precision@10: 0.495257 SR(top5): 0.269957
Test Financial | IC: -0.003384 RIC: -0.026492 RankIC: -0.002166 Precision@10: 0.503977 SR(top5): 0.155799
Train components | MSE: 0.00260438 Rank: 0.00012936 weighted Rank: 0.00064680 MoE: 2.00098355 weighted MoE: 0.01000492
Updating learning rate to 9.045084971874738e-05
Epoch  21/100 [####################]  31/31  | used 03:34 | left 00:00 | total 1:17:43 | ETA 4:52:24
Epoch: 21 cost time: 214.37917566299438
Epoch: 21, Steps: 31 | Train Loss: 0.0130818 Vali Loss: 0.0034520 StockMixer Select Loss: 0.0034710 Test Loss: 0.0014348
Val Financial | IC: -0.015658 RIC: -0.077670 RankIC: -0.010148 Precision@10: 0.507905 SR(top5): 0.779638
Test Financial | IC: 0.002656 RIC: 0.016168 RankIC: 0.001404 Precision@10: 0.511364 SR(top5): 0.334080
Train components | MSE: 0.00243260 Rank: 0.00012894 weighted Rank: 0.00064470 MoE: 2.00089386 weighted MoE: 0.01000447
Updating learning rate to 8.950775061878453e-05
Epoch  22/100 [####################]  31/31  | used 03:34 | left 00:00 | total 1:21:26 | ETA 4:48:44
Epoch: 22 cost time: 214.3338520526886
Epoch: 22, Steps: 31 | Train Loss: 0.0129744 Vali Loss: 0.0029545 StockMixer Select Loss: 0.0029692 Test Loss: 0.0015338
Val Financial | IC: 0.000551 RIC: 0.003620 RankIC: -0.001683 Precision@10: 0.501186 SR(top5): 1.012664
Test Financial | IC: 0.008103 RIC: 0.059963 RankIC: 0.004210 Precision@10: 0.534375 SR(top5): 2.200087
Train components | MSE: 0.00229367 Rank: 0.00013531 weighted Rank: 0.00067653 MoE: 2.00084875 weighted MoE: 0.01000424
Updating learning rate to 8.852566213878947e-05
Epoch  23/100 [####################]  31/31  | used 03:34 | left 00:00 | total 1:25:09 | ETA 4:45:04
Epoch: 23 cost time: 214.4285328388214
Epoch: 23, Steps: 31 | Train Loss: 0.0115593 Vali Loss: 0.0018029 StockMixer Select Loss: 0.0018147 Test Loss: 0.0007598
Val Financial | IC: -0.003840 RIC: -0.025332 RankIC: -0.003129 Precision@10: 0.514625 SR(top5): 1.342351
Test Financial | IC: 0.006121 RIC: 0.049151 RankIC: 0.004930 Precision@10: 0.524432 SR(top5): 1.279861
Train components | MSE: 0.00094546 Rank: 0.00012195 weighted Rank: 0.00060973 MoE: 2.00082112 weighted MoE: 0.01000411
Updating learning rate to 8.750555348152298e-05
Epoch  24/100 [####################]  31/31  | used 03:34 | left 00:00 | total 1:28:51 | ETA 4:41:23
Epoch: 24 cost time: 214.25205636024475
Epoch: 24, Steps: 31 | Train Loss: 0.0110910 Vali Loss: 0.0014697 StockMixer Select Loss: 0.0014810 Test Loss: 0.0006901
Val Financial | IC: -0.003863 RIC: -0.025149 RankIC: -0.001076 Precision@10: 0.499605 SR(top5): 0.978370
Test Financial | IC: 0.005723 RIC: 0.047114 RankIC: 0.004528 Precision@10: 0.528693 SR(top5): 1.832284
Train components | MSE: 0.00059381 Rank: 0.00009866 weighted Rank: 0.00049330 MoE: 2.00077292 weighted MoE: 0.01000386
New Best | epoch 24 | validation stockmixer_val_loss=0.00148096 | saved best.pth
Updating learning rate to 8.644843137107059e-05
Epoch  25/100 [####################]  31/31  | used 03:34 | left 00:00 | total 1:32:34 | ETA 4:37:42
Epoch: 25 cost time: 214.2537727355957
Epoch: 25, Steps: 31 | Train Loss: 0.0109805 Vali Loss: 0.0014266 StockMixer Select Loss: 0.0014399 Test Loss: 0.0005229
Val Financial | IC: -0.011588 RIC: -0.066150 RankIC: -0.006374 Precision@10: 0.492490 SR(top5): 0.640318
Test Financial | IC: 0.006399 RIC: 0.052197 RankIC: 0.008018 Precision@10: 0.528409 SR(top5): 1.026386
Train components | MSE: 0.00050629 Rank: 0.00009406 weighted Rank: 0.00047032 MoE: 2.00077202 weighted MoE: 0.01000386
New Best | epoch 25 | validation stockmixer_val_loss=0.00143991 | saved best.pth
Updating learning rate to 8.535533905932738e-05
Epoch  26/100 [####################]  31/31  | used 03:34 | left 00:00 | total 1:36:16 | ETA 4:34:01
Epoch: 26 cost time: 214.33586645126343
Epoch: 26, Steps: 31 | Train Loss: 0.0108633 Vali Loss: 0.0013969 StockMixer Select Loss: 0.0014066 Test Loss: 0.0006338
Val Financial | IC: -0.008230 RIC: -0.049667 RankIC: -0.005204 Precision@10: 0.499605 SR(top5): 1.037008
Test Financial | IC: 0.011004 RIC: 0.090674 RankIC: 0.009062 Precision@10: 0.529261 SR(top5): 1.190816
Train components | MSE: 0.00042859 Rank: 0.00008617 weighted Rank: 0.00043087 MoE: 2.00075969 weighted MoE: 0.01000380
New Best | epoch 26 | validation stockmixer_val_loss=0.00140655 | saved best.pth
Updating learning rate to 8.422735529643444e-05
Epoch  27/100 [####################]  31/31  | used 03:34 | left 00:00 | total 1:39:59 | ETA 4:30:20
Epoch: 27 cost time: 214.27925729751587
Epoch: 27, Steps: 31 | Train Loss: 0.0108726 Vali Loss: 0.0014088 StockMixer Select Loss: 0.0014180 Test Loss: 0.0005317
Val Financial | IC: -0.005197 RIC: -0.036649 RankIC: -0.007584 Precision@10: 0.498024 SR(top5): 1.295425
Test Financial | IC: 0.008439 RIC: 0.067829 RankIC: 0.007077 Precision@10: 0.524432 SR(top5): 1.119922
Train components | MSE: 0.00046289 Rank: 0.00008118 weighted Rank: 0.00040591 MoE: 2.00075493 weighted MoE: 0.01000377
Updating learning rate to 8.306559326618259e-05
Epoch  28/100 [####################]  31/31  | used 03:34 | left 00:00 | total 1:43:42 | ETA 4:26:39
Epoch: 28 cost time: 214.43996691703796
Epoch: 28, Steps: 31 | Train Loss: 0.0108700 Vali Loss: 0.0013380 StockMixer Select Loss: 0.0013470 Test Loss: 0.0004841
Val Financial | IC: 0.002944 RIC: 0.020625 RankIC: -0.011036 Precision@10: 0.505138 SR(top5): 1.278230
Test Financial | IC: 0.013528 RIC: 0.116882 RankIC: 0.010066 Precision@10: 0.526136 SR(top5): 2.785957
Train components | MSE: 0.00047700 Rank: 0.00007785 weighted Rank: 0.00038927 MoE: 2.00073999 weighted MoE: 0.01000370
New Best | epoch 28 | validation stockmixer_val_loss=0.00134705 | saved best.pth
Updating learning rate to 8.18711994874345e-05
Epoch  29/100 [####################]  31/31  | used 03:34 | left 00:00 | total 1:47:24 | ETA 4:22:58
Epoch: 29 cost time: 214.2804594039917
Epoch: 29, Steps: 31 | Train Loss: 0.0107997 Vali Loss: 0.0012941 StockMixer Select Loss: 0.0013029 Test Loss: 0.0004685
Val Financial | IC: 0.008683 RIC: 0.057591 RankIC: 0.006259 Precision@10: 0.498419 SR(top5): 0.770771
Test Financial | IC: 0.013469 RIC: 0.091740 RankIC: 0.011549 Precision@10: 0.546023 SR(top5): 1.881663
Train components | MSE: 0.00041978 Rank: 0.00007524 weighted Rank: 0.00037620 MoE: 2.00074314 weighted MoE: 0.01000372
New Best | epoch 29 | validation stockmixer_val_loss=0.00130287 | saved best.pth
Updating learning rate to 8.064535268264883e-05
Epoch  30/100 [####################]  31/31  | used 03:34 | left 00:00 | total 1:51:07 | ETA 4:19:17
Epoch: 30 cost time: 214.40735960006714
Epoch: 30, Steps: 31 | Train Loss: 0.0107815 Vali Loss: 0.0012802 StockMixer Select Loss: 0.0012881 Test Loss: 0.0004718
Val Financial | IC: 0.002332 RIC: 0.015698 RankIC: -0.006580 Precision@10: 0.499605 SR(top5): 1.050136
Test Financial | IC: 0.012700 RIC: 0.099007 RankIC: 0.011111 Precision@10: 0.537784 SR(top5): 2.170918
Train components | MSE: 0.00041418 Rank: 0.00007273 weighted Rank: 0.00036366 MoE: 2.00073808 weighted MoE: 0.01000369
New Best | epoch 30 | validation stockmixer_val_loss=0.00128813 | saved best.pth
Updating learning rate to 7.938926261462366e-05
Epoch  31/100 [####################]  31/31  | used 03:34 | left 00:00 | total 1:54:50 | ETA 4:15:36
Epoch: 31 cost time: 214.3091697692871
Epoch: 31, Steps: 31 | Train Loss: 0.0107874 Vali Loss: 0.0013163 StockMixer Select Loss: 0.0013246 Test Loss: 0.0005012
Val Financial | IC: -0.006573 RIC: -0.043769 RankIC: -0.013092 Precision@10: 0.491700 SR(top5): 1.347650
Test Financial | IC: 0.010760 RIC: 0.086569 RankIC: 0.008866 Precision@10: 0.517045 SR(top5): 1.464236
Train components | MSE: 0.00043006 Rank: 0.00007074 weighted Rank: 0.00035372 MoE: 2.00073301 weighted MoE: 0.01000367
Updating learning rate to 7.810416889260653e-05
Epoch  32/100 [####################]  31/31  | used 03:34 | left 00:00 | total 1:58:33 | ETA 4:11:55
Epoch: 32 cost time: 214.27688121795654
Epoch: 32, Steps: 31 | Train Loss: 0.0107763 Vali Loss: 0.0012919 StockMixer Select Loss: 0.0013007 Test Loss: 0.0004962
Val Financial | IC: -0.000501 RIC: -0.002902 RankIC: 0.000749 Precision@10: 0.514229 SR(top5): 1.646593
Test Financial | IC: 0.013693 RIC: 0.100249 RankIC: 0.015064 Precision@10: 0.539773 SR(top5): 1.472301
Train components | MSE: 0.00042882 Rank: 0.00006877 weighted Rank: 0.00034386 MoE: 2.00072610 weighted MoE: 0.01000363
Updating learning rate to 7.679133974894983e-05
Epoch  33/100 [####################]  31/31  | used 03:34 | left 00:00 | total 2:02:15 | ETA 4:08:13
Epoch: 33 cost time: 214.19752597808838
Epoch: 33, Steps: 31 | Train Loss: 0.0107718 Vali Loss: 0.0013816 StockMixer Select Loss: 0.0013905 Test Loss: 0.0005273
Val Financial | IC: 0.014587 RIC: 0.089989 RankIC: 0.003728 Precision@10: 0.507905 SR(top5): 1.188491
Test Financial | IC: 0.009956 RIC: 0.065488 RankIC: 0.005080 Precision@10: 0.526705 SR(top5): 1.731102
Train components | MSE: 0.00042801 Rank: 0.00006803 weighted Rank: 0.00034017 MoE: 2.00072847 weighted MoE: 0.01000364
Updating learning rate to 7.545207078751857e-05
Epoch  34/100 [####################]  31/31  | used 03:34 | left 00:00 | total 2:05:58 | ETA 4:04:31
Epoch: 34 cost time: 214.25504565238953
Epoch: 34, Steps: 31 | Train Loss: 0.0107799 Vali Loss: 0.0016559 StockMixer Select Loss: 0.0016634 Test Loss: 0.0008082
Val Financial | IC: -0.000579 RIC: -0.004388 RankIC: -0.007762 Precision@10: 0.503953 SR(top5): 0.745440
Test Financial | IC: 0.012724 RIC: 0.108996 RankIC: 0.012611 Precision@10: 0.519318 SR(top5): 1.674490
Train components | MSE: 0.00044147 Rank: 0.00006697 weighted Rank: 0.00033483 MoE: 2.00072389 weighted MoE: 0.01000362
Updating learning rate to 7.408768370508576e-05
Epoch  35/100 [####################]  31/31  | used 03:34 | left 00:00 | total 2:09:40 | ETA 4:00:49
Epoch: 35 cost time: 214.37262105941772
Epoch: 35, Steps: 31 | Train Loss: 0.0109889 Vali Loss: 0.0016773 StockMixer Select Loss: 0.0016857 Test Loss: 0.0007287
Val Financial | IC: 0.001580 RIC: 0.009801 RankIC: -0.008791 Precision@10: 0.505929 SR(top5): 0.931046
Test Financial | IC: 0.007397 RIC: 0.048932 RankIC: 0.003122 Precision@10: 0.532102 SR(top5): 1.692940
Train components | MSE: 0.00065392 Rank: 0.00006627 weighted Rank: 0.00033136 MoE: 2.00072312 weighted MoE: 0.01000362
Updating learning rate to 7.269952498697734e-05
Epoch  36/100 [####################]  31/31  | used 03:34 | left 00:00 | total 2:13:23 | ETA 3:57:08
Epoch: 36 cost time: 214.373929977417
Epoch: 36, Steps: 31 | Train Loss: 0.0107201 Vali Loss: 0.0012794 StockMixer Select Loss: 0.0012863 Test Loss: 0.0004521
Val Financial | IC: 0.012586 RIC: 0.085358 RankIC: 0.004688 Precision@10: 0.493676 SR(top5): 1.372488
Test Financial | IC: 0.006319 RIC: 0.052373 RankIC: 0.002544 Precision@10: 0.528409 SR(top5): 1.585463
Train components | MSE: 0.00038287 Rank: 0.00006672 weighted Rank: 0.00033360 MoE: 2.00072148 weighted MoE: 0.01000361
New Best | epoch 36 | validation stockmixer_val_loss=0.00128626 | saved best.pth
Updating learning rate to 7.128896457825364e-05
Epoch  37/100 [####################]  31/31  | used 03:34 | left 00:00 | total 2:17:06 | ETA 3:53:26
Epoch: 37 cost time: 214.3058500289917
Epoch: 37, Steps: 31 | Train Loss: 0.0106612 Vali Loss: 0.0013155 StockMixer Select Loss: 0.0013224 Test Loss: 0.0005178
Val Financial | IC: 0.012835 RIC: 0.084297 RankIC: 0.005867 Precision@10: 0.514229 SR(top5): 1.239670
Test Financial | IC: 0.006303 RIC: 0.049085 RankIC: 0.004571 Precision@10: 0.527841 SR(top5): 1.656866
Train components | MSE: 0.00034718 Rank: 0.00006208 weighted Rank: 0.00031041 MoE: 2.00072269 weighted MoE: 0.01000361
Updating learning rate to 6.985739453173903e-05
Epoch  38/100 [####################]  31/31  | used 03:34 | left 00:00 | total 2:20:48 | ETA 3:49:44
Epoch: 38 cost time: 214.38054251670837
Epoch: 38, Steps: 31 | Train Loss: 0.0106997 Vali Loss: 0.0012703 StockMixer Select Loss: 0.0012773 Test Loss: 0.0004576
Val Financial | IC: 0.007126 RIC: 0.049318 RankIC: -0.001770 Precision@10: 0.507905 SR(top5): 0.743371
Test Financial | IC: 0.005818 RIC: 0.046672 RankIC: 0.000023 Precision@10: 0.525568 SR(top5): 2.219758
Train components | MSE: 0.00039577 Rank: 0.00006008 weighted Rank: 0.00030038 MoE: 2.00072017 weighted MoE: 0.01000360
New Best | epoch 38 | validation stockmixer_val_loss=0.00127735 | saved best.pth
Updating learning rate to 6.840622763423391e-05
Epoch  39/100 [####################]  31/31  | used 03:30 | left 00:00 | total 2:24:27 | ETA 3:45:56
Epoch: 39 cost time: 210.11856031417847
Epoch: 39, Steps: 31 | Train Loss: 0.0106787 Vali Loss: 0.0013127 StockMixer Select Loss: 0.0013204 Test Loss: 0.0004635
Val Financial | IC: 0.012414 RIC: 0.079871 RankIC: -0.003423 Precision@10: 0.505929 SR(top5): 1.326517
Test Financial | IC: 0.008486 RIC: 0.078289 RankIC: 0.008264 Precision@10: 0.524716 SR(top5): 1.533178
Train components | MSE: 0.00037773 Rank: 0.00005948 weighted Rank: 0.00029740 MoE: 2.00072258 weighted MoE: 0.01000361
Updating learning rate to 6.693689601226458e-05
Epoch  40/100 [####################]  31/31  | used 03:29 | left 00:00 | total 2:28:05 | ETA 3:42:08
Epoch: 40 cost time: 209.67900395393372
Epoch: 40, Steps: 31 | Train Loss: 0.0107029 Vali Loss: 0.0012900 StockMixer Select Loss: 0.0012968 Test Loss: 0.0004531
Val Financial | IC: 0.003379 RIC: 0.021498 RankIC: 0.000440 Precision@10: 0.503162 SR(top5): 0.844573
Test Financial | IC: 0.012422 RIC: 0.100866 RankIC: 0.011705 Precision@10: 0.527841 SR(top5): 0.896310
Train components | MSE: 0.00040649 Rank: 0.00005857 weighted Rank: 0.00029284 MoE: 2.00072052 weighted MoE: 0.01000360
Updating learning rate to 6.545084971874738e-05
Epoch  41/100 [####################]  31/31  | used 03:30 | left 00:00 | total 2:31:44 | ETA 3:38:21
Epoch: 41 cost time: 210.83506441116333
Epoch: 41, Steps: 31 | Train Loss: 0.0106583 Vali Loss: 0.0013211 StockMixer Select Loss: 0.0013285 Test Loss: 0.0005012
Val Financial | IC: 0.004417 RIC: 0.028673 RankIC: -0.006931 Precision@10: 0.500395 SR(top5): 1.036782
Test Financial | IC: 0.010660 RIC: 0.069070 RankIC: 0.007483 Precision@10: 0.537216 SR(top5): 2.142785
Train components | MSE: 0.00037077 Rank: 0.00005677 weighted Rank: 0.00028385 MoE: 2.00073023 weighted MoE: 0.01000365
Updating learning rate to 6.394955530196147e-05
Epoch  42/100 [####################]  31/31  | used 03:33 | left 00:00 | total 2:35:25 | ETA 3:34:37
Epoch: 42 cost time: 213.03844475746155
Epoch: 42, Steps: 31 | Train Loss: 0.0106923 Vali Loss: 0.0013692 StockMixer Select Loss: 0.0013762 Test Loss: 0.0006277
Val Financial | IC: 0.004951 RIC: 0.033429 RankIC: -0.003492 Precision@10: 0.498814 SR(top5): 1.188013
Test Financial | IC: 0.005192 RIC: 0.042322 RankIC: 0.001749 Precision@10: 0.511364 SR(top5): 1.312817
Train components | MSE: 0.00041014 Rank: 0.00005571 weighted Rank: 0.00027853 MoE: 2.00071748 weighted MoE: 0.01000359
Updating learning rate to 6.243449435824276e-05
Epoch  43/100 [####################]  31/31  | used 03:32 | left 00:00 | total 2:39:06 | ETA 3:30:54
Epoch: 43 cost time: 212.9978506565094
Epoch: 43, Steps: 31 | Train Loss: 0.0107030 Vali Loss: 0.0012944 StockMixer Select Loss: 0.0013023 Test Loss: 0.0004673
Val Financial | IC: -0.015985 RIC: -0.092699 RankIC: -0.012927 Precision@10: 0.487747 SR(top5): 0.404955
Test Financial | IC: 0.004106 RIC: 0.032208 RankIC: 0.000886 Precision@10: 0.515341 SR(top5): 0.348463
Train components | MSE: 0.00040843 Rank: 0.00005820 weighted Rank: 0.00029099 MoE: 2.00071793 weighted MoE: 0.01000359
Updating learning rate to 6.090716206982714e-05
Epoch  44/100 [####################]  31/31  | used 03:35 | left 00:00 | total 2:42:49 | ETA 3:27:14
Epoch: 44 cost time: 215.41747951507568
Epoch: 44, Steps: 31 | Train Loss: 0.0106324 Vali Loss: 0.0014028 StockMixer Select Loss: 0.0014097 Test Loss: 0.0005663
Val Financial | IC: 0.001168 RIC: 0.006709 RankIC: 0.000336 Precision@10: 0.493676 SR(top5): 1.273017
Test Financial | IC: 0.006712 RIC: 0.050622 RankIC: 0.005757 Precision@10: 0.521591 SR(top5): 0.986624
Train components | MSE: 0.00035716 Rank: 0.00005433 weighted Rank: 0.00027165 MoE: 2.00071504 weighted MoE: 0.01000358
Updating learning rate to 5.9369065729286245e-05
Epoch  45/100 [####################]  31/31  | used 03:35 | left 00:00 | total 2:46:32 | ETA 3:23:33
Epoch: 45 cost time: 215.35397171974182
Epoch: 45, Steps: 31 | Train Loss: 0.0106595 Vali Loss: 0.0013248 StockMixer Select Loss: 0.0013322 Test Loss: 0.0004440
Val Financial | IC: 0.015979 RIC: 0.096159 RankIC: 0.003505 Precision@10: 0.503557 SR(top5): 1.433739
Test Financial | IC: 0.005779 RIC: 0.045248 RankIC: 0.000321 Precision@10: 0.525284 SR(top5): 1.883891
Train components | MSE: 0.00038917 Rank: 0.00005335 weighted Rank: 0.00026677 MoE: 2.00071589 weighted MoE: 0.01000358
Updating learning rate to 5.782172325201155e-05
Epoch  46/100 [####################]  31/31  | used 03:35 | left 00:00 | total 2:50:16 | ETA 3:19:53
Epoch: 46 cost time: 215.42941904067993
Epoch: 46, Steps: 31 | Train Loss: 0.0106315 Vali Loss: 0.0013423 StockMixer Select Loss: 0.0013492 Test Loss: 0.0005317
Val Financial | IC: 0.007554 RIC: 0.046178 RankIC: 0.002231 Precision@10: 0.500000 SR(top5): 0.519973
Test Financial | IC: 0.003091 RIC: 0.020040 RankIC: 0.001260 Precision@10: 0.534091 SR(top5): 1.798986
Train components | MSE: 0.00035884 Rank: 0.00005382 weighted Rank: 0.00026912 MoE: 2.00071229 weighted MoE: 0.01000356
Updating learning rate to 5.6266661678215216e-05
Epoch  47/100 [####################]  31/31  | used 03:32 | left 00:00 | total 2:53:57 | ETA 3:16:09
Epoch: 47 cost time: 212.84114265441895
Epoch: 47, Steps: 31 | Train Loss: 0.0106402 Vali Loss: 0.0015756 StockMixer Select Loss: 0.0015824 Test Loss: 0.0006442
Val Financial | IC: -0.007009 RIC: -0.046394 RankIC: -0.004153 Precision@10: 0.503162 SR(top5): 0.939957
Test Financial | IC: 0.001439 RIC: 0.010996 RankIC: -0.000097 Precision@10: 0.519886 SR(top5): 1.201515
Train components | MSE: 0.00037211 Rank: 0.00005290 weighted Rank: 0.00026451 MoE: 2.00071839 weighted MoE: 0.01000359
Updating learning rate to 5.470541566592573e-05
Epoch  48/100 [####################]  31/31  | used 03:35 | left 00:00 | total 2:57:41 | ETA 3:12:29
Epoch: 48 cost time: 215.928564786911
Epoch: 48, Steps: 31 | Train Loss: 0.0106354 Vali Loss: 0.0012871 StockMixer Select Loss: 0.0012930 Test Loss: 0.0004363
Val Financial | IC: 0.005647 RIC: 0.040349 RankIC: -0.007544 Precision@10: 0.513043 SR(top5): 1.382795
Test Financial | IC: 0.008403 RIC: 0.073763 RankIC: 0.005805 Precision@10: 0.531818 SR(top5): 1.123359
Train components | MSE: 0.00037488 Rank: 0.00005139 weighted Rank: 0.00025695 MoE: 2.00071348 weighted MoE: 0.01000357
Updating learning rate to 5.313952597646568e-05
Epoch  49/100 [####################]  31/31  | used 03:34 | left 00:00 | total 3:01:23 | ETA 3:08:47
Epoch: 49 cost time: 214.5729820728302
Epoch: 49, Steps: 31 | Train Loss: 0.0105654 Vali Loss: 0.0013257 StockMixer Select Loss: 0.0013314 Test Loss: 0.0005249
Val Financial | IC: -0.000959 RIC: -0.006361 RankIC: -0.002717 Precision@10: 0.506719 SR(top5): 0.337610
Test Financial | IC: 0.001257 RIC: 0.010944 RankIC: 0.000945 Precision@10: 0.514205 SR(top5): 1.404114
Train components | MSE: 0.00031561 Rank: 0.00004924 weighted Rank: 0.00024621 MoE: 2.00071136 weighted MoE: 0.01000356
Updating learning rate to 5.157053795390642e-05
Epoch  50/100 [####################]  31/31  | used 03:35 | left 00:00 | total 3:05:07 | ETA 3:05:07
Epoch: 50 cost time: 215.53455877304077
Epoch: 50, Steps: 31 | Train Loss: 0.0105785 Vali Loss: 0.0013842 StockMixer Select Loss: 0.0013896 Test Loss: 0.0006315
Val Financial | IC: -0.003304 RIC: -0.024292 RankIC: -0.010281 Precision@10: 0.494466 SR(top5): 0.848686
Test Financial | IC: 0.006064 RIC: 0.051128 RankIC: 0.004073 Precision@10: 0.513352 SR(top5): 1.380798
Train components | MSE: 0.00033278 Rank: 0.00004843 weighted Rank: 0.00024214 MoE: 2.00071455 weighted MoE: 0.01000357
Updating learning rate to 5e-05
Epoch  51/100 [####################]  31/31  | used 03:35 | left 00:00 | total 3:08:50 | ETA 3:01:26
Epoch: 51 cost time: 215.48573803901672
Epoch: 51, Steps: 31 | Train Loss: 0.0106190 Vali Loss: 0.0013146 StockMixer Select Loss: 0.0013201 Test Loss: 0.0005381
Val Financial | IC: 0.016336 RIC: 0.112217 RankIC: 0.004367 Precision@10: 0.508696 SR(top5): 1.568667
Test Financial | IC: 0.007870 RIC: 0.069034 RankIC: 0.005358 Precision@10: 0.522727 SR(top5): 1.542055
Train components | MSE: 0.00037670 Rank: 0.00004775 weighted Rank: 0.00023875 MoE: 2.00071298 weighted MoE: 0.01000356
Updating learning rate to 4.8429462046093585e-05
Epoch  52/100 [####################]  31/31  | used 03:35 | left 00:00 | total 3:12:34 | ETA 2:57:45
Epoch: 52 cost time: 215.54383540153503
Epoch: 52, Steps: 31 | Train Loss: 0.0105892 Vali Loss: 0.0012833 StockMixer Select Loss: 0.0012890 Test Loss: 0.0004412
Val Financial | IC: -0.003650 RIC: -0.023527 RankIC: -0.005689 Precision@10: 0.509486 SR(top5): 0.982317
Test Financial | IC: 0.007947 RIC: 0.062320 RankIC: 0.007641 Precision@10: 0.524716 SR(top5): 1.642486
Train components | MSE: 0.00034265 Rank: 0.00004859 weighted Rank: 0.00024297 MoE: 2.00071553 weighted MoE: 0.01000358
Updating learning rate to 4.6860474023534335e-05
Epoch  53/100 [####################]  31/31  | used 03:33 | left 00:00 | total 3:16:15 | ETA 2:54:02
Epoch: 53 cost time: 213.11991000175476
Epoch: 53, Steps: 31 | Train Loss: 0.0105929 Vali Loss: 0.0016657 StockMixer Select Loss: 0.0016717 Test Loss: 0.0008920
Val Financial | IC: -0.011777 RIC: -0.071478 RankIC: -0.008138 Precision@10: 0.498814 SR(top5): 0.658070
Test Financial | IC: 0.002504 RIC: 0.020260 RankIC: 0.002425 Precision@10: 0.521875 SR(top5): 1.069238
Train components | MSE: 0.00035171 Rank: 0.00004753 weighted Rank: 0.00023764 MoE: 2.00071503 weighted MoE: 0.01000358
Updating learning rate to 4.529458433407429e-05
Epoch  54/100 [####################]  31/31  | used 03:30 | left 00:00 | total 3:19:50 | ETA 2:50:14
Epoch: 54 cost time: 210.05450463294983
Epoch: 54, Steps: 31 | Train Loss: 0.0106364 Vali Loss: 0.0012951 StockMixer Select Loss: 0.0013002 Test Loss: 0.0004541
Val Financial | IC: 0.008990 RIC: 0.069113 RankIC: 0.000114 Precision@10: 0.508300 SR(top5): 1.115259
Test Financial | IC: 0.002830 RIC: 0.021895 RankIC: -0.001010 Precision@10: 0.536364 SR(top5): 2.188361
Train components | MSE: 0.00040116 Rank: 0.00004634 weighted Rank: 0.00023172 MoE: 2.00071085 weighted MoE: 0.01000355
Updating learning rate to 4.373333832178478e-05
Epoch  55/100 [####################]  31/31  | used 03:40 | left 00:00 | total 3:23:36 | ETA 2:46:34
Epoch: 55 cost time: 220.02631282806396
Epoch: 55, Steps: 31 | Train Loss: 0.0105422 Vali Loss: 0.0013226 StockMixer Select Loss: 0.0013292 Test Loss: 0.0005175
Val Financial | IC: -0.001688 RIC: -0.008935 RankIC: -0.004230 Precision@10: 0.500791 SR(top5): 1.505525
Test Financial | IC: 0.000703 RIC: 0.004727 RankIC: -0.001070 Precision@10: 0.509375 SR(top5): 0.352568
Train components | MSE: 0.00031180 Rank: 0.00004537 weighted Rank: 0.00022685 MoE: 2.00071196 weighted MoE: 0.01000356
Updating learning rate to 4.2178276747988446e-05
Epoch  56/100 [####################]  31/31  | used 02:59 | left 00:00 | total 3:26:40 | ETA 2:42:23
Epoch: 56 cost time: 178.9979076385498
Epoch: 56, Steps: 31 | Train Loss: 0.0105627 Vali Loss: 0.0012669 StockMixer Select Loss: 0.0012720 Test Loss: 0.0004282
Val Financial | IC: 0.014421 RIC: 0.095881 RankIC: 0.008292 Precision@10: 0.501186 SR(top5): 0.815000
Test Financial | IC: 0.010560 RIC: 0.075971 RankIC: 0.005927 Precision@10: 0.535227 SR(top5): 1.915844
Train components | MSE: 0.00033412 Rank: 0.00004500 weighted Rank: 0.00022502 MoE: 2.00071434 weighted MoE: 0.01000357
New Best | epoch 56 | validation stockmixer_val_loss=0.00127198 | saved best.pth
Updating learning rate to 4.063093427071376e-05
Epoch  57/100 [####################]  31/31  | used 03:07 | left 00:00 | total 3:29:53 | ETA 2:38:20
Epoch: 57 cost time: 187.6685347557068
Epoch: 57, Steps: 31 | Train Loss: 0.0105430 Vali Loss: 0.0012606 StockMixer Select Loss: 0.0012656 Test Loss: 0.0004291
Val Financial | IC: 0.004277 RIC: 0.027590 RankIC: -0.002111 Precision@10: 0.501581 SR(top5): 0.981676
Test Financial | IC: 0.006439 RIC: 0.056389 RankIC: 0.004705 Precision@10: 0.519886 SR(top5): 1.572176
Train components | MSE: 0.00031526 Rank: 0.00004482 weighted Rank: 0.00022411 MoE: 2.00071761 weighted MoE: 0.01000359
New Best | epoch 57 | validation stockmixer_val_loss=0.00126560 | saved best.pth
Updating learning rate to 3.9092837930172884e-05
Epoch  58/100 [####################]  31/31  | used 03:37 | left 00:00 | total 3:33:36 | ETA 2:34:41
Epoch: 58 cost time: 217.79599928855896
Epoch: 58, Steps: 31 | Train Loss: 0.0105666 Vali Loss: 0.0012704 StockMixer Select Loss: 0.0012753 Test Loss: 0.0004350
Val Financial | IC: 0.003534 RIC: 0.025762 RankIC: -0.003447 Precision@10: 0.498419 SR(top5): 1.616919
Test Financial | IC: 0.006347 RIC: 0.055945 RankIC: 0.007282 Precision@10: 0.528125 SR(top5): 1.695860
Train components | MSE: 0.00034242 Rank: 0.00004413 weighted Rank: 0.00022065 MoE: 2.00071232 weighted MoE: 0.01000356
Updating learning rate to 3.756550564175727e-05
Epoch  59/100 [####################]  31/31  | used 03:37 | left 00:00 | total 3:37:19 | ETA 2:31:01
Epoch: 59 cost time: 217.81097674369812
Epoch: 59, Steps: 31 | Train Loss: 0.0105733 Vali Loss: 0.0012800 StockMixer Select Loss: 0.0012851 Test Loss: 0.0004237
Val Financial | IC: -0.002287 RIC: -0.014973 RankIC: -0.004431 Precision@10: 0.496443 SR(top5): 0.593208
Test Financial | IC: 0.009204 RIC: 0.084504 RankIC: 0.007179 Precision@10: 0.523011 SR(top5): 1.079915
Train components | MSE: 0.00035448 Rank: 0.00004306 weighted Rank: 0.00021530 MoE: 2.00071172 weighted MoE: 0.01000356
Updating learning rate to 3.605044469803854e-05
Epoch  60/100 [####################]  31/31  | used 03:37 | left 00:00 | total 3:41:02 | ETA 2:27:21
Epoch: 60 cost time: 217.74965810775757
Epoch: 60, Steps: 31 | Train Loss: 0.0105292 Vali Loss: 0.0013276 StockMixer Select Loss: 0.0013324 Test Loss: 0.0004632
Val Financial | IC: 0.007803 RIC: 0.050640 RankIC: 0.006644 Precision@10: 0.507115 SR(top5): 0.900885
Test Financial | IC: 0.002494 RIC: 0.020257 RankIC: 0.001843 Precision@10: 0.522443 SR(top5): 1.536953
Train components | MSE: 0.00031144 Rank: 0.00004284 weighted Rank: 0.00021419 MoE: 2.00071163 weighted MoE: 0.01000356
Updating learning rate to 3.4549150281252636e-05
Epoch  61/100 [####################]  31/31  | used 03:37 | left 00:00 | total 3:44:46 | ETA 2:23:42
Epoch: 61 cost time: 217.83527731895447
Epoch: 61, Steps: 31 | Train Loss: 0.0105328 Vali Loss: 0.0012757 StockMixer Select Loss: 0.0012805 Test Loss: 0.0004474
Val Financial | IC: 0.005263 RIC: 0.040592 RankIC: -0.002076 Precision@10: 0.500791 SR(top5): 1.144912
Test Financial | IC: 0.010033 RIC: 0.096851 RankIC: 0.008582 Precision@10: 0.530114 SR(top5): 1.503944
Train components | MSE: 0.00031914 Rank: 0.00004203 weighted Rank: 0.00021013 MoE: 2.00070977 weighted MoE: 0.01000355
Updating learning rate to 3.3063103987735433e-05
Epoch  62/100 [####################]  31/31  | used 03:37 | left 00:00 | total 3:48:29 | ETA 2:20:02
Epoch: 62 cost time: 217.8128969669342
Epoch: 62, Steps: 31 | Train Loss: 0.0105537 Vali Loss: 0.0013207 StockMixer Select Loss: 0.0013258 Test Loss: 0.0005267
Val Financial | IC: 0.023060 RIC: 0.149645 RankIC: 0.017928 Precision@10: 0.512648 SR(top5): 1.354051
Test Financial | IC: 0.005414 RIC: 0.038703 RankIC: 0.001967 Precision@10: 0.527557 SR(top5): 1.440314
Train components | MSE: 0.00034102 Rank: 0.00004182 weighted Rank: 0.00020912 MoE: 2.00071248 weighted MoE: 0.01000356
Updating learning rate to 3.1593772365766105e-05
Epoch  63/100 [####################]  31/31  | used 03:37 | left 00:00 | total 3:52:12 | ETA 2:16:22
Epoch: 63 cost time: 217.80589818954468
Epoch: 63, Steps: 31 | Train Loss: 0.0105239 Vali Loss: 0.0012843 StockMixer Select Loss: 0.0012888 Test Loss: 0.0004714
Val Financial | IC: 0.006370 RIC: 0.046399 RankIC: 0.003815 Precision@10: 0.501186 SR(top5): 0.901334
Test Financial | IC: 0.008842 RIC: 0.076861 RankIC: 0.010274 Precision@10: 0.534091 SR(top5): 1.414334
Train components | MSE: 0.00031481 Rank: 0.00004111 weighted Rank: 0.00020553 MoE: 2.00071168 weighted MoE: 0.01000356
Updating learning rate to 3.0142605468260978e-05
Epoch  64/100 [####################]  31/31  | used 03:37 | left 00:00 | total 3:55:55 | ETA 2:12:42
Epoch: 64 cost time: 217.83786416053772
Epoch: 64, Steps: 31 | Train Loss: 0.0105259 Vali Loss: 0.0012660 StockMixer Select Loss: 0.0012706 Test Loss: 0.0004374
Val Financial | IC: 0.004623 RIC: 0.035769 RankIC: -0.003572 Precision@10: 0.495652 SR(top5): 1.025961
Test Financial | IC: 0.007501 RIC: 0.066377 RankIC: 0.003866 Precision@10: 0.529261 SR(top5): 1.825902
Train components | MSE: 0.00032118 Rank: 0.00004024 weighted Rank: 0.00020120 MoE: 2.00070865 weighted MoE: 0.01000354
Updating learning rate to 2.8711035421746367e-05
Epoch  65/100 [####################]  31/31  | used 03:37 | left 00:00 | total 3:59:38 | ETA 2:09:02
Epoch: 65 cost time: 217.74246382713318
Epoch: 65, Steps: 31 | Train Loss: 0.0105644 Vali Loss: 0.0012955 StockMixer Select Loss: 0.0013006 Test Loss: 0.0004830
Val Financial | IC: 0.013267 RIC: 0.082668 RankIC: 0.007908 Precision@10: 0.507510 SR(top5): 1.170711
Test Financial | IC: 0.008083 RIC: 0.051667 RankIC: 0.007684 Precision@10: 0.528977 SR(top5): 1.244264
Train components | MSE: 0.00035827 Rank: 0.00004052 weighted Rank: 0.00020261 MoE: 2.00070976 weighted MoE: 0.01000355
Updating learning rate to 2.7300475013022663e-05
Epoch  66/100 [####################]  31/31  | used 03:37 | left 00:00 | total 4:03:21 | ETA 2:05:21
Epoch: 66 cost time: 217.7165081501007
Epoch: 66, Steps: 31 | Train Loss: 0.0105384 Vali Loss: 0.0012671 StockMixer Select Loss: 0.0012722 Test Loss: 0.0004530
Val Financial | IC: 0.007915 RIC: 0.055104 RankIC: -0.001583 Precision@10: 0.505534 SR(top5): 1.003475
Test Financial | IC: 0.005171 RIC: 0.033074 RankIC: 0.004158 Precision@10: 0.514773 SR(top5): 1.858754
Train components | MSE: 0.00033273 Rank: 0.00004042 weighted Rank: 0.00020209 MoE: 2.00071536 weighted MoE: 0.01000358
Updating learning rate to 2.591231629491423e-05
Epoch  67/100 [####################]  31/31  | used 03:33 | left 00:00 | total 4:07:00 | ETA 2:01:39
Epoch: 67 cost time: 213.51057744026184
Epoch: 67, Steps: 31 | Train Loss: 0.0105000 Vali Loss: 0.0012937 StockMixer Select Loss: 0.0012984 Test Loss: 0.0004756
Val Financial | IC: 0.002111 RIC: 0.013931 RankIC: -0.000982 Precision@10: 0.507510 SR(top5): 0.798771
Test Financial | IC: 0.008640 RIC: 0.073889 RankIC: 0.006180 Precision@10: 0.529545 SR(top5): 1.188159
Train components | MSE: 0.00029846 Rank: 0.00003960 weighted Rank: 0.00019801 MoE: 2.00071395 weighted MoE: 0.01000357
Updating learning rate to 2.4547929212481435e-05
Epoch  68/100 [####################]  31/31  | used 03:44 | left 00:00 | total 4:10:50 | ETA 1:58:02
Epoch: 68 cost time: 224.80826354026794
Epoch: 68, Steps: 31 | Train Loss: 0.0104939 Vali Loss: 0.0012600 StockMixer Select Loss: 0.0012646 Test Loss: 0.0004239
Val Financial | IC: 0.013380 RIC: 0.092002 RankIC: 0.003180 Precision@10: 0.503953 SR(top5): 1.190642
Test Financial | IC: 0.001326 RIC: 0.009890 RankIC: -0.003752 Precision@10: 0.514489 SR(top5): 1.865659
Train components | MSE: 0.00029419 Rank: 0.00003922 weighted Rank: 0.00019612 MoE: 2.00071020 weighted MoE: 0.01000355
New Best | epoch 68 | validation stockmixer_val_loss=0.00126457 | saved best.pth
Updating learning rate to 2.3208660251050158e-05
Epoch  69/100 [####################]  31/31  | used 03:34 | left 00:00 | total 4:14:30 | ETA 1:54:20
Epoch: 69 cost time: 214.3968620300293
Epoch: 69, Steps: 31 | Train Loss: 0.0105007 Vali Loss: 0.0012832 StockMixer Select Loss: 0.0012884 Test Loss: 0.0004385
Val Financial | IC: -0.000942 RIC: -0.005648 RankIC: -0.006236 Precision@10: 0.500000 SR(top5): 1.077087
Test Financial | IC: 0.002140 RIC: 0.015399 RankIC: 0.001968 Precision@10: 0.501420 SR(top5): 0.382561
Train components | MSE: 0.00030051 Rank: 0.00003933 weighted Rank: 0.00019667 MoE: 2.00070895 weighted MoE: 0.01000354
Updating learning rate to 2.1895831107393484e-05
Epoch  70/100 [####################]  31/31  | used 03:34 | left 00:00 | total 4:18:09 | ETA 1:50:38
Epoch: 70 cost time: 214.04452562332153
Epoch: 70, Steps: 31 | Train Loss: 0.0105062 Vali Loss: 0.0013411 StockMixer Select Loss: 0.0013455 Test Loss: 0.0004898
Val Financial | IC: 0.008519 RIC: 0.062385 RankIC: -0.001177 Precision@10: 0.499209 SR(top5): 0.899450
Test Financial | IC: 0.005994 RIC: 0.050526 RankIC: 0.004771 Precision@10: 0.530966 SR(top5): 1.407620
Train components | MSE: 0.00031055 Rank: 0.00003843 weighted Rank: 0.00019214 MoE: 2.00071157 weighted MoE: 0.01000356
Updating learning rate to 2.061073738537635e-05
Epoch  71/100 [####################]  31/31  | used 03:35 | left 00:00 | total 4:21:50 | ETA 1:46:56
Epoch: 71 cost time: 215.62015438079834
Epoch: 71, Steps: 31 | Train Loss: 0.0104887 Vali Loss: 0.0012799 StockMixer Select Loss: 0.0012845 Test Loss: 0.0004518
Val Financial | IC: 0.012037 RIC: 0.086016 RankIC: 0.001193 Precision@10: 0.509091 SR(top5): 0.939005
Test Financial | IC: 0.009914 RIC: 0.085696 RankIC: 0.007829 Precision@10: 0.531534 SR(top5): 1.764319
Train components | MSE: 0.00029463 Rank: 0.00003810 weighted Rank: 0.00019052 MoE: 2.00071314 weighted MoE: 0.01000357
Updating learning rate to 1.9354647317351188e-05
Epoch  72/100 [####################]  31/31  | used 03:33 | left 00:00 | total 4:25:29 | ETA 1:43:14
Epoch: 72 cost time: 213.06276202201843
Epoch: 72, Steps: 31 | Train Loss: 0.0104968 Vali Loss: 0.0012621 StockMixer Select Loss: 0.0012666 Test Loss: 0.0004257
Val Financial | IC: 0.008455 RIC: 0.062292 RankIC: -0.002771 Precision@10: 0.513043 SR(top5): 1.125856
Test Financial | IC: 0.007307 RIC: 0.061180 RankIC: 0.006724 Precision@10: 0.535795 SR(top5): 1.691622
Train components | MSE: 0.00030364 Rank: 0.00003791 weighted Rank: 0.00018957 MoE: 2.00071033 weighted MoE: 0.01000355
Updating learning rate to 1.8128800512565513e-05
Epoch  73/100 [####################]  31/31  | used 03:35 | left 00:00 | total 4:29:10 | ETA 1:39:33
Epoch: 73 cost time: 215.12317395210266
Epoch: 73, Steps: 31 | Train Loss: 0.0104784 Vali Loss: 0.0012645 StockMixer Select Loss: 0.0012688 Test Loss: 0.0004208
Val Financial | IC: -0.001236 RIC: -0.008691 RankIC: -0.008368 Precision@10: 0.499209 SR(top5): 0.876576
Test Financial | IC: 0.007432 RIC: 0.067221 RankIC: 0.004647 Precision@10: 0.529261 SR(top5): 2.131427
Train components | MSE: 0.00028773 Rank: 0.00003742 weighted Rank: 0.00018709 MoE: 2.00071030 weighted MoE: 0.01000355
Updating learning rate to 1.6934406733817414e-05
Epoch  74/100 [####################]  31/31  | used 03:35 | left 00:00 | total 4:32:52 | ETA 1:35:52
Epoch: 74 cost time: 215.72105598449707
Epoch: 74, Steps: 31 | Train Loss: 0.0104811 Vali Loss: 0.0012609 StockMixer Select Loss: 0.0012654 Test Loss: 0.0004300
Val Financial | IC: 0.008033 RIC: 0.053869 RankIC: -0.004835 Precision@10: 0.509881 SR(top5): 1.205408
Test Financial | IC: 0.009685 RIC: 0.088367 RankIC: 0.006730 Precision@10: 0.525852 SR(top5): 1.407668
Train components | MSE: 0.00029264 Rank: 0.00003697 weighted Rank: 0.00018487 MoE: 2.00070977 weighted MoE: 0.01000355
Updating learning rate to 1.5772644703565565e-05
Epoch  75/100 [####################]  31/31  | used 03:36 | left 00:00 | total 4:36:35 | ETA 1:32:11
Epoch: 75 cost time: 216.44693279266357
Epoch: 75, Steps: 31 | Train Loss: 0.0104771 Vali Loss: 0.0012621 StockMixer Select Loss: 0.0012664 Test Loss: 0.0004205
Val Financial | IC: 0.003114 RIC: 0.022960 RankIC: -0.001154 Precision@10: 0.498419 SR(top5): 1.164214
Test Financial | IC: 0.002845 RIC: 0.024191 RankIC: -0.000218 Precision@10: 0.523580 SR(top5): 2.002429
Train components | MSE: 0.00028963 Rank: 0.00003678 weighted Rank: 0.00018390 MoE: 2.00071150 weighted MoE: 0.01000356
Updating learning rate to 1.4644660940672627e-05
Epoch  76/100 [####################]  31/31  | used 03:35 | left 00:00 | total 4:40:16 | ETA 1:28:30
Epoch: 76 cost time: 215.26913332939148
Epoch: 76, Steps: 31 | Train Loss: 0.0104711 Vali Loss: 0.0012632 StockMixer Select Loss: 0.0012675 Test Loss: 0.0004286
Val Financial | IC: 0.005129 RIC: 0.035255 RankIC: 0.000062 Precision@10: 0.501581 SR(top5): 0.897987
Test Financial | IC: 0.006073 RIC: 0.055421 RankIC: 0.003879 Precision@10: 0.529261 SR(top5): 1.201462
Train components | MSE: 0.00028543 Rank: 0.00003643 weighted Rank: 0.00018213 MoE: 2.00071372 weighted MoE: 0.01000357
Updating learning rate to 1.3551568628929434e-05
Epoch  77/100 [####################]  31/31  | used 03:35 | left 00:00 | total 4:43:57 | ETA 1:24:49
Epoch: 77 cost time: 215.3744022846222
Epoch: 77, Steps: 31 | Train Loss: 0.0104679 Vali Loss: 0.0012523 StockMixer Select Loss: 0.0012564 Test Loss: 0.0004218
Val Financial | IC: 0.009924 RIC: 0.065703 RankIC: 0.005242 Precision@10: 0.500000 SR(top5): 1.032137
Test Financial | IC: 0.006003 RIC: 0.052317 RankIC: 0.002131 Precision@10: 0.532102 SR(top5): 1.904330
Train components | MSE: 0.00028389 Rank: 0.00003609 weighted Rank: 0.00018047 MoE: 2.00070946 weighted MoE: 0.01000355
New Best | epoch 77 | validation stockmixer_val_loss=0.00125641 | saved best.pth
Updating learning rate to 1.2494446518477027e-05
Epoch  78/100 [####################]  31/31  | used 03:35 | left 00:00 | total 4:47:38 | ETA 1:21:07
Epoch: 78 cost time: 215.31081175804138
Epoch: 78, Steps: 31 | Train Loss: 0.0104665 Vali Loss: 0.0012781 StockMixer Select Loss: 0.0012821 Test Loss: 0.0004518
Val Financial | IC: 0.008784 RIC: 0.061479 RankIC: 0.002657 Precision@10: 0.503162 SR(top5): 1.272495
Test Financial | IC: 0.007505 RIC: 0.061892 RankIC: 0.004558 Precision@10: 0.530966 SR(top5): 1.877580
Train components | MSE: 0.00028411 Rank: 0.00003577 weighted Rank: 0.00017886 MoE: 2.00071110 weighted MoE: 0.01000356
Updating learning rate to 1.1474337861210543e-05
Epoch  79/100 [####################]  31/31  | used 03:35 | left 00:00 | total 4:51:20 | ETA 1:17:26
Epoch: 79 cost time: 215.39285898208618
Epoch: 79, Steps: 31 | Train Loss: 0.0104850 Vali Loss: 0.0012572 StockMixer Select Loss: 0.0012613 Test Loss: 0.0004196
Val Financial | IC: 0.003411 RIC: 0.025146 RankIC: -0.002188 Precision@10: 0.503557 SR(top5): 0.790549
Test Financial | IC: 0.006089 RIC: 0.048097 RankIC: 0.004667 Precision@10: 0.526420 SR(top5): 1.710386
Train components | MSE: 0.00030285 Rank: 0.00003572 weighted Rank: 0.00017862 MoE: 2.00070984 weighted MoE: 0.01000355
Updating learning rate to 1.049224938121548e-05
Epoch  80/100 [####################]  31/31  | used 03:35 | left 00:00 | total 4:55:01 | ETA 1:13:45
Epoch: 80 cost time: 215.36926698684692
Epoch: 80, Steps: 31 | Train Loss: 0.0104706 Vali Loss: 0.0012625 StockMixer Select Loss: 0.0012666 Test Loss: 0.0004304
Val Financial | IC: 0.003826 RIC: 0.027779 RankIC: -0.000584 Precision@10: 0.501581 SR(top5): 1.084889
Test Financial | IC: 0.006147 RIC: 0.056255 RankIC: 0.005751 Precision@10: 0.523580 SR(top5): 1.073271
Train components | MSE: 0.00028971 Rank: 0.00003547 weighted Rank: 0.00017734 MoE: 2.00071369 weighted MoE: 0.01000357
Updating learning rate to 9.549150281252633e-06
Epoch  81/100 [####################]  31/31  | used 03:35 | left 00:00 | total 4:58:42 | ETA 1:10:04
Epoch: 81 cost time: 215.35868740081787
Epoch: 81, Steps: 31 | Train Loss: 0.0104620 Vali Loss: 0.0012923 StockMixer Select Loss: 0.0012964 Test Loss: 0.0004674
Val Financial | IC: 0.004392 RIC: 0.029506 RankIC: 0.005056 Precision@10: 0.493281 SR(top5): 1.100183
Test Financial | IC: 0.004090 RIC: 0.035281 RankIC: 0.001623 Precision@10: 0.528409 SR(top5): 1.863982
Train components | MSE: 0.00028148 Rank: 0.00003539 weighted Rank: 0.00017696 MoE: 2.00070950 weighted MoE: 0.01000355
Updating learning rate to 8.645971286271904e-06
Epoch  82/100 [####################]  31/31  | used 03:35 | left 00:00 | total 5:02:24 | ETA 1:06:22
Epoch: 82 cost time: 215.30781507492065
Epoch: 82, Steps: 31 | Train Loss: 0.0104655 Vali Loss: 0.0012548 StockMixer Select Loss: 0.0012588 Test Loss: 0.0004187
Val Financial | IC: 0.006051 RIC: 0.044361 RankIC: -0.002978 Precision@10: 0.501186 SR(top5): 0.695365
Test Financial | IC: 0.003670 RIC: 0.036183 RankIC: 0.001861 Precision@10: 0.521023 SR(top5): 1.398005
Train components | MSE: 0.00028667 Rank: 0.00003505 weighted Rank: 0.00017527 MoE: 2.00070925 weighted MoE: 0.01000355
Updating learning rate to 7.783603724899257e-06
Epoch  83/100 [####################]  31/31  | used 03:35 | left 00:00 | total 5:06:05 | ETA 1:02:41
Epoch: 83 cost time: 215.32808256149292
Epoch: 83, Steps: 31 | Train Loss: 0.0104611 Vali Loss: 0.0012556 StockMixer Select Loss: 0.0012597 Test Loss: 0.0004203
Val Financial | IC: 0.015762 RIC: 0.110221 RankIC: 0.011810 Precision@10: 0.510277 SR(top5): 1.006995
Test Financial | IC: 0.004055 RIC: 0.030243 RankIC: 0.002189 Precision@10: 0.528977 SR(top5): 1.861919
Train components | MSE: 0.00028284 Rank: 0.00003494 weighted Rank: 0.00017470 MoE: 2.00070906 weighted MoE: 0.01000355
Updating learning rate to 6.962898649802823e-06
Epoch  84/100 [####################]  31/31  | used 03:35 | left 00:00 | total 5:09:46 | ETA 59:00
Epoch: 84 cost time: 215.37709641456604
Epoch: 84, Steps: 31 | Train Loss: 0.0104727 Vali Loss: 0.0012687 StockMixer Select Loss: 0.0012728 Test Loss: 0.0004307
Val Financial | IC: 0.006443 RIC: 0.046651 RankIC: -0.000212 Precision@10: 0.497233 SR(top5): 0.725476
Test Financial | IC: 0.004030 RIC: 0.029408 RankIC: 0.001135 Precision@10: 0.523580 SR(top5): 1.920755
Train components | MSE: 0.00029400 Rank: 0.00003502 weighted Rank: 0.00017511 MoE: 2.00071087 weighted MoE: 0.01000355
Updating learning rate to 6.1846659978068265e-06
Epoch  85/100 [####################]  31/31  | used 03:35 | left 00:00 | total 5:13:28 | ETA 55:19
Epoch: 85 cost time: 215.39942145347595
Epoch: 85, Steps: 31 | Train Loss: 0.0104704 Vali Loss: 0.0012624 StockMixer Select Loss: 0.0012665 Test Loss: 0.0004213
Val Financial | IC: 0.002602 RIC: 0.017825 RankIC: -0.002201 Precision@10: 0.498814 SR(top5): 0.845276
Test Financial | IC: 0.004912 RIC: 0.045813 RankIC: 0.002904 Precision@10: 0.523011 SR(top5): 0.850468
Train components | MSE: 0.00029213 Rank: 0.00003494 weighted Rank: 0.00017471 MoE: 2.00071080 weighted MoE: 0.01000355
Updating learning rate to 5.449673790581611e-06
Epoch  86/100 [####################]  31/31  | used 03:35 | left 00:00 | total 5:17:09 | ETA 51:37
Epoch: 86 cost time: 215.292405128479
Epoch: 86, Steps: 31 | Train Loss: 0.0104568 Vali Loss: 0.0012623 StockMixer Select Loss: 0.0012663 Test Loss: 0.0004291
Val Financial | IC: 0.006185 RIC: 0.044429 RankIC: 0.001988 Precision@10: 0.500000 SR(top5): 1.039991
Test Financial | IC: 0.005222 RIC: 0.047117 RankIC: 0.003509 Precision@10: 0.525568 SR(top5): 1.967122
Train components | MSE: 0.00027940 Rank: 0.00003477 weighted Rank: 0.00017386 MoE: 2.00071148 weighted MoE: 0.01000356
Updating learning rate to 4.758647376699032e-06
Epoch  87/100 [####################]  31/31  | used 03:35 | left 00:00 | total 5:20:50 | ETA 47:56
Epoch: 87 cost time: 215.29703092575073
Epoch: 87, Steps: 31 | Train Loss: 0.0104564 Vali Loss: 0.0012625 StockMixer Select Loss: 0.0012664 Test Loss: 0.0004206
Val Financial | IC: 0.004083 RIC: 0.029347 RankIC: 0.000455 Precision@10: 0.498024 SR(top5): 0.993374
Test Financial | IC: 0.004010 RIC: 0.038592 RankIC: 0.002654 Precision@10: 0.527841 SR(top5): 1.387685
Train components | MSE: 0.00027949 Rank: 0.00003468 weighted Rank: 0.00017339 MoE: 2.00070874 weighted MoE: 0.01000354
Updating learning rate to 4.112268715800943e-06
Epoch  88/100 [####################]  31/31  | used 03:35 | left 00:00 | total 5:24:31 | ETA 44:15
Epoch: 88 cost time: 215.30052876472473
Epoch: 88, Steps: 31 | Train Loss: 0.0104554 Vali Loss: 0.0012591 StockMixer Select Loss: 0.0012630 Test Loss: 0.0004204
Val Financial | IC: 0.008092 RIC: 0.055687 RankIC: 0.002022 Precision@10: 0.506324 SR(top5): 0.975011
Test Financial | IC: 0.004316 RIC: 0.042337 RankIC: 0.002204 Precision@10: 0.528125 SR(top5): 1.301451
Train components | MSE: 0.00028067 Rank: 0.00003423 weighted Rank: 0.00017114 MoE: 2.00071052 weighted MoE: 0.01000355
Updating learning rate to 3.511175705587433e-06
Epoch  89/100 [####################]  31/31  | used 03:35 | left 00:00 | total 5:28:13 | ETA 40:33
Epoch: 89 cost time: 215.2943890094757
Epoch: 89, Steps: 31 | Train Loss: 0.0104537 Vali Loss: 0.0012567 StockMixer Select Loss: 0.0012607 Test Loss: 0.0004253
Val Financial | IC: 0.004129 RIC: 0.028216 RankIC: -0.000818 Precision@10: 0.501186 SR(top5): 1.047454
Test Financial | IC: 0.005981 RIC: 0.058203 RankIC: 0.004950 Precision@10: 0.525852 SR(top5): 1.038832
Train components | MSE: 0.00027958 Rank: 0.00003412 weighted Rank: 0.00017062 MoE: 2.00070930 weighted MoE: 0.01000355
Updating learning rate to 2.9559615522887273e-06
Epoch  90/100 [####################]  31/31  | used 03:35 | left 00:00 | total 5:31:54 | ETA 36:52
Epoch: 90 cost time: 215.304758310318
Epoch: 90, Steps: 31 | Train Loss: 0.0104535 Vali Loss: 0.0012576 StockMixer Select Loss: 0.0012615 Test Loss: 0.0004237
Val Financial | IC: 0.007051 RIC: 0.050974 RankIC: -0.000060 Precision@10: 0.504348 SR(top5): 0.632634
Test Financial | IC: 0.006883 RIC: 0.064525 RankIC: 0.004223 Precision@10: 0.521875 SR(top5): 2.062217
Train components | MSE: 0.00027862 Rank: 0.00003427 weighted Rank: 0.00017136 MoE: 2.00070949 weighted MoE: 0.01000355
Updating learning rate to 2.4471741852423237e-06
Epoch  91/100 [####################]  31/31  | used 03:35 | left 00:00 | total 5:35:35 | ETA 33:11
Epoch: 91 cost time: 215.40274810791016
Epoch: 91, Steps: 31 | Train Loss: 0.0104498 Vali Loss: 0.0012578 StockMixer Select Loss: 0.0012618 Test Loss: 0.0004204
Val Financial | IC: 0.009638 RIC: 0.068407 RankIC: 0.000748 Precision@10: 0.508300 SR(top5): 1.265005
Test Financial | IC: 0.005022 RIC: 0.049592 RankIC: 0.002928 Precision@10: 0.522159 SR(top5): 1.398160
Train components | MSE: 0.00027718 Rank: 0.00003381 weighted Rank: 0.00016903 MoE: 2.00071243 weighted MoE: 0.01000356
Updating learning rate to 1.985315716152847e-06
Epoch  92/100 [####################]  31/31  | used 03:35 | left 00:00 | total 5:39:17 | ETA 29:30
Epoch: 92 cost time: 215.36525344848633
Epoch: 92, Steps: 31 | Train Loss: 0.0104504 Vali Loss: 0.0012558 StockMixer Select Loss: 0.0012597 Test Loss: 0.0004211
Val Financial | IC: 0.006869 RIC: 0.049388 RankIC: 0.002636 Precision@10: 0.500395 SR(top5): 0.931073
Test Financial | IC: 0.004986 RIC: 0.046943 RankIC: 0.003314 Precision@10: 0.527273 SR(top5): 1.393370
Train components | MSE: 0.00027623 Rank: 0.00003411 weighted Rank: 0.00017057 MoE: 2.00071101 weighted MoE: 0.01000356
Updating learning rate to 1.5708419435684462e-06
Epoch  93/100 [####################]  31/31  | used 03:35 | left 00:00 | total 5:42:58 | ETA 25:48
Epoch: 93 cost time: 215.40366458892822
Epoch: 93, Steps: 31 | Train Loss: 0.0104503 Vali Loss: 0.0012560 StockMixer Select Loss: 0.0012599 Test Loss: 0.0004197
Val Financial | IC: 0.005070 RIC: 0.035906 RankIC: 0.001462 Precision@10: 0.498419 SR(top5): 0.968766
Test Financial | IC: 0.006269 RIC: 0.060099 RankIC: 0.004491 Precision@10: 0.526420 SR(top5): 1.410164
Train components | MSE: 0.00027676 Rank: 0.00003400 weighted Rank: 0.00017002 MoE: 2.00070896 weighted MoE: 0.01000354
Updating learning rate to 1.2041619030626284e-06
Epoch  94/100 [####################]  31/31  | used 03:35 | left 00:00 | total 5:46:39 | ETA 22:07
Epoch: 94 cost time: 215.32461667060852
Epoch: 94, Steps: 31 | Train Loss: 0.0104482 Vali Loss: 0.0012543 StockMixer Select Loss: 0.0012581 Test Loss: 0.0004197
Val Financial | IC: 0.008560 RIC: 0.062056 RankIC: 0.002248 Precision@10: 0.501186 SR(top5): 0.843211
Test Financial | IC: 0.005281 RIC: 0.050206 RankIC: 0.002986 Precision@10: 0.526705 SR(top5): 1.788075
Train components | MSE: 0.00027501 Rank: 0.00003393 weighted Rank: 0.00016963 MoE: 2.00071000 weighted MoE: 0.01000355
Updating learning rate to 8.856374635655695e-07
Epoch  95/100 [####################]  31/31  | used 03:35 | left 00:00 | total 5:50:21 | ETA 18:26
Epoch: 95 cost time: 215.3586447238922
Epoch: 95, Steps: 31 | Train Loss: 0.0104479 Vali Loss: 0.0012552 StockMixer Select Loss: 0.0012590 Test Loss: 0.0004189
Val Financial | IC: 0.010181 RIC: 0.074432 RankIC: 0.001897 Precision@10: 0.500395 SR(top5): 0.974082
Test Financial | IC: 0.005979 RIC: 0.056603 RankIC: 0.003413 Precision@10: 0.522443 SR(top5): 1.619861
Train components | MSE: 0.00027508 Rank: 0.00003385 weighted Rank: 0.00016924 MoE: 2.00071068 weighted MoE: 0.01000355
Updating learning rate to 6.15582970243117e-07
Epoch  96/100 [####################]  31/31  | used 03:35 | left 00:00 | total 5:54:02 | ETA 14:45
Epoch: 96 cost time: 215.35140132904053
Epoch: 96, Steps: 31 | Train Loss: 0.0104495 Vali Loss: 0.0012542 StockMixer Select Loss: 0.0012580 Test Loss: 0.0004190
Val Financial | IC: 0.009592 RIC: 0.070669 RankIC: 0.003099 Precision@10: 0.501976 SR(top5): 0.956231
Test Financial | IC: 0.005420 RIC: 0.050565 RankIC: 0.003270 Precision@10: 0.526989 SR(top5): 1.885538
Train components | MSE: 0.00027575 Rank: 0.00003403 weighted Rank: 0.00017015 MoE: 2.00071078 weighted MoE: 0.01000355
Updating learning rate to 3.9426493427611177e-07
Epoch  97/100 [####################]  31/31  | used 03:35 | left 00:00 | total 5:57:43 | ETA 11:03
Epoch: 97 cost time: 215.13362431526184
Epoch: 97, Steps: 31 | Train Loss: 0.0104495 Vali Loss: 0.0012547 StockMixer Select Loss: 0.0012585 Test Loss: 0.0004199
Val Financial | IC: 0.007925 RIC: 0.057662 RankIC: 0.003235 Precision@10: 0.499209 SR(top5): 0.955693
Test Financial | IC: 0.005643 RIC: 0.053333 RankIC: 0.003556 Precision@10: 0.527841 SR(top5): 1.795070
Train components | MSE: 0.00027601 Rank: 0.00003398 weighted Rank: 0.00016989 MoE: 2.00070930 weighted MoE: 0.01000355
Updating learning rate to 2.219017698460002e-07
Epoch  98/100 [####################]  31/31  | used 03:35 | left 00:00 | total 6:01:24 | ETA 07:22
Epoch: 98 cost time: 215.36658835411072
Epoch: 98, Steps: 31 | Train Loss: 0.0104467 Vali Loss: 0.0012540 StockMixer Select Loss: 0.0012579 Test Loss: 0.0004191
Val Financial | IC: 0.009245 RIC: 0.067538 RankIC: 0.002824 Precision@10: 0.502372 SR(top5): 1.014505
Test Financial | IC: 0.005795 RIC: 0.054822 RankIC: 0.003645 Precision@10: 0.525852 SR(top5): 1.673352
Train components | MSE: 0.00027474 Rank: 0.00003368 weighted Rank: 0.00016840 MoE: 2.00071016 weighted MoE: 0.01000355
Updating learning rate to 9.866357858642205e-08
Epoch  99/100 [####################]  31/31  | used 03:35 | left 00:00 | total 6:05:06 | ETA 03:41
Epoch: 99 cost time: 215.36958527565002
Epoch: 99, Steps: 31 | Train Loss: 0.0104471 Vali Loss: 0.0012545 StockMixer Select Loss: 0.0012584 Test Loss: 0.0004199
Val Financial | IC: 0.008585 RIC: 0.062582 RankIC: 0.002656 Precision@10: 0.502372 SR(top5): 1.039611
Test Financial | IC: 0.005671 RIC: 0.054013 RankIC: 0.003548 Precision@10: 0.527841 SR(top5): 1.817046
Train components | MSE: 0.00027475 Rank: 0.00003375 weighted Rank: 0.00016877 MoE: 2.00071124 weighted MoE: 0.01000356
Updating learning rate to 2.467198171342e-08
Epoch 100/100 [####################]  31/31  | used 03:35 | left 00:00 | total 6:08:47 | ETA 00:00
Epoch: 100 cost time: 215.42848467826843
Epoch: 100, Steps: 31 | Train Loss: 0.0104472 Vali Loss: 0.0012545 StockMixer Select Loss: 0.0012583 Test Loss: 0.0004196
Val Financial | IC: 0.008598 RIC: 0.062664 RankIC: 0.002727 Precision@10: 0.501976 SR(top5): 1.039051
Test Financial | IC: 0.005671 RIC: 0.053982 RankIC: 0.003557 Precision@10: 0.527557 SR(top5): 1.796450
Train components | MSE: 0.00027494 Rank: 0.00003374 weighted Rank: 0.00016868 MoE: 2.00070989 weighted MoE: 0.01000355
Updating learning rate to 0.0
>>>>>>>testing : long_term_forecast_SP500_eod5_16_1_TimeFilter_SP500_ftM_sl16_ll0_pl1_dm512_nh4_el2_dl1_df2048_fc1_ebtimeF_dtTrue_test_0<<<<<<<<<<<<<<<<<<<<<<<<<<<<<<<<<
test 352
mse:0.00042184581980109215, mae:0.014719368889927864
Final Test | best.pth from epoch 77
Final Test Financial | IC: 0.006003 RIC: 0.052317 RankIC: 0.002131 Precision@10: 0.532102 SR(top5): 1.904330
Financial results saved: D:\finance\model\Timefilter\TimeFilter\outputs\SP500_2026_10_05_15_49\results\long_term_forecast_SP500_eod5_16_1_TimeFilter_SP500_ftM_sl16_ll0_pl1_dm512_nh4_el2_dl1_df2048_fc1_ebtimeF_dtTrue_test_0\financial
